
> snippetbox@0.1.0 test
> jest --no-coverage

node.exe : PASS tests/integration/ModelDownload.test.ts (6.263 s)
At line:1 char:1
+ & "D:\node/node.exe" "D:\node/node_modules/npm/bin/npm-cli.js" test - ...
+ ~~~~~~~~~~~~~~~~~~~~~~~~~~~~~~~~~~~~~~~~~~~~~~~~~~~~~~~~~~~~~~~~~~~~~
    + CategoryInfo          : NotSpecified: (PASS tests/inte...st.ts (6.263 s):String) [], RemoteException
    + FullyQualifiedErrorId : NativeCommandError
 
PASS tests/unit/SettingsManager.test.ts (6.359 s)
PASS tests/unit/ModelDownloader.test.ts (6.47 s)
  ● Console

    console.log
      [ModelDownloader] Skipping hash verification

      at ModelDownloader.verifyModel (src/main/services/ModelDownloader.ts:224:15)

PASS tests/unit/LocalEmbeddingService.test.ts (6.533 s)
  ● Console

    console.log
      Loading tokenizer...

      at LocalEmbeddingService._doInitialize (src/main/services/LocalEmbeddingService.ts:67:15)

    console.log
      Loading ONNX model...

      at LocalEmbeddingService._doInitialize (src/main/services/LocalEmbeddingService.ts:73:15)

    console.log
      LocalEmbeddingService initialized successfully

      at LocalEmbeddingService._doInitialize (src/main/services/LocalEmbeddingService.ts:79:15)

    console.log
      Loading tokenizer...

      at LocalEmbeddingService._doInitialize (src/main/services/LocalEmbeddingService.ts:67:15)

    console.log
      Loading ONNX model...

      at LocalEmbeddingService._doInitialize (src/main/services/LocalEmbeddingService.ts:73:15)

    console.log
      LocalEmbeddingService initialized successfully

      at LocalEmbeddingService._doInitialize (src/main/services/LocalEmbeddingService.ts:79:15)

    console.error
      Failed to initialize LocalEmbeddingService: Error: Model file not found at \mock\user\data\models\all-MiniLM-L6-v2\model.onnx. Ple
ase download the model first.
          at LocalEmbeddingService._doInitialize (D:\OpenSource\SnippetBox\frontend\src\main\services\LocalEmbeddingService.ts:63:15)
          at processTicksAndRejections (node:internal/process/task_queues:105:5)
          at LocalEmbeddingService.initialize (D:\OpenSource\SnippetBox\frontend\src\main\services\LocalEmbeddingService.ts:42:7)
          at Object.<anonymous> (D:\OpenSource\SnippetBox\frontend\tests\unit\LocalEmbeddingService.test.ts:87:7)

    [0m [90m 79 |[39m       console[33m.[39mlog([32m'LocalEmbeddingService initialized successfully'[39m)[33m;[39m
     [90m 80 |[39m     } [36mcatch[39m (error) {
    [31m[1m>[22m[39m[90m 81 |[39m       console[33m.[39merror([32m'Failed to initialize LocalEmbeddingService:'[39m[33m,[39m
 error)[33m;[39m
     [90m    |[39m               [31m[1m^[22m[39m
     [90m 82 |[39m       [36mthrow[39m error[33m;[39m
     [90m 83 |[39m     }
     [90m 84 |[39m   }[0m

      at LocalEmbeddingService._doInitialize (src/main/services/LocalEmbeddingService.ts:81:15)
      at LocalEmbeddingService.initialize (src/main/services/LocalEmbeddingService.ts:42:7)
      at Object.<anonymous> (tests/unit/LocalEmbeddingService.test.ts:87:7)

    console.log
      Loading tokenizer...

      at LocalEmbeddingService._doInitialize (src/main/services/LocalEmbeddingService.ts:67:15)

    console.log
      Loading ONNX model...

      at LocalEmbeddingService._doInitialize (src/main/services/LocalEmbeddingService.ts:73:15)

    console.log
      LocalEmbeddingService initialized successfully

      at LocalEmbeddingService._doInitialize (src/main/services/LocalEmbeddingService.ts:79:15)

    console.log
      Loading tokenizer...

      at LocalEmbeddingService._doInitialize (src/main/services/LocalEmbeddingService.ts:67:15)

    console.log
      Loading ONNX model...

      at LocalEmbeddingService._doInitialize (src/main/services/LocalEmbeddingService.ts:73:15)

    console.log
      LocalEmbeddingService initialized successfully

      at LocalEmbeddingService._doInitialize (src/main/services/LocalEmbeddingService.ts:79:15)

    console.log
      Loading tokenizer...

      at LocalEmbeddingService._doInitialize (src/main/services/LocalEmbeddingService.ts:67:15)

    console.log
      Loading ONNX model...

      at LocalEmbeddingService._doInitialize (src/main/services/LocalEmbeddingService.ts:73:15)

    console.log
      LocalEmbeddingService initialized successfully

      at LocalEmbeddingService._doInitialize (src/main/services/LocalEmbeddingService.ts:79:15)

    console.log
      LocalEmbeddingService unloaded successfully

      at LocalEmbeddingService.unload (src/main/services/LocalEmbeddingService.ts:246:15)

    console.log
      Loading tokenizer...

      at LocalEmbeddingService._doInitialize (src/main/services/LocalEmbeddingService.ts:67:15)

    console.log
      Loading ONNX model...

      at LocalEmbeddingService._doInitialize (src/main/services/LocalEmbeddingService.ts:73:15)

    console.log
      LocalEmbeddingService initialized successfully

      at LocalEmbeddingService._doInitialize (src/main/services/LocalEmbeddingService.ts:79:15)

    console.log
      Batch embedding completed: 1 texts in 1ms (1.00ms per text)

      at LocalEmbeddingService.batchEmbed (src/main/services/LocalEmbeddingService.ts:169:15)

    console.log
      Loading tokenizer...

      at LocalEmbeddingService._doInitialize (src/main/services/LocalEmbeddingService.ts:67:15)

    console.log
      Loading ONNX model...

      at LocalEmbeddingService._doInitialize (src/main/services/LocalEmbeddingService.ts:73:15)

    console.log
      LocalEmbeddingService initialized successfully

      at LocalEmbeddingService._doInitialize (src/main/services/LocalEmbeddingService.ts:79:15)

    console.log
      Batch embedding completed: 1 texts in 1ms (1.00ms per text)

      at LocalEmbeddingService.batchEmbed (src/main/services/LocalEmbeddingService.ts:169:15)

    console.log
      Loading tokenizer...

      at LocalEmbeddingService._doInitialize (src/main/services/LocalEmbeddingService.ts:67:15)

    console.log
      Loading ONNX model...

      at LocalEmbeddingService._doInitialize (src/main/services/LocalEmbeddingService.ts:73:15)

    console.log
      LocalEmbeddingService initialized successfully

      at LocalEmbeddingService._doInitialize (src/main/services/LocalEmbeddingService.ts:79:15)

    console.log
      Batch embedding completed: 1 texts in 0ms (0.00ms per text)

      at LocalEmbeddingService.batchEmbed (src/main/services/LocalEmbeddingService.ts:169:15)

    console.log
      Loading tokenizer...

      at LocalEmbeddingService._doInitialize (src/main/services/LocalEmbeddingService.ts:67:15)

    console.log
      Loading ONNX model...

      at LocalEmbeddingService._doInitialize (src/main/services/LocalEmbeddingService.ts:73:15)

    console.log
      LocalEmbeddingService initialized successfully

      at LocalEmbeddingService._doInitialize (src/main/services/LocalEmbeddingService.ts:79:15)

    console.log
      Batch embedding completed: 3 texts in 1ms (0.33ms per text)

      at LocalEmbeddingService.batchEmbed (src/main/services/LocalEmbeddingService.ts:169:15)

    console.log
      Loading tokenizer...

      at LocalEmbeddingService._doInitialize (src/main/services/LocalEmbeddingService.ts:67:15)

    console.log
      Loading ONNX model...

      at LocalEmbeddingService._doInitialize (src/main/services/LocalEmbeddingService.ts:73:15)

    console.log
      LocalEmbeddingService initialized successfully

      at LocalEmbeddingService._doInitialize (src/main/services/LocalEmbeddingService.ts:79:15)

    console.log
      Loading tokenizer...

      at LocalEmbeddingService._doInitialize (src/main/services/LocalEmbeddingService.ts:67:15)

    console.log
      Loading ONNX model...

      at LocalEmbeddingService._doInitialize (src/main/services/LocalEmbeddingService.ts:73:15)

    console.log
      LocalEmbeddingService initialized successfully

      at LocalEmbeddingService._doInitialize (src/main/services/LocalEmbeddingService.ts:79:15)

    console.log
      Batch embedding completed: 1 texts in 0ms (0.00ms per text)

      at LocalEmbeddingService.batchEmbed (src/main/services/LocalEmbeddingService.ts:169:15)

    console.log
      Loading tokenizer...

      at LocalEmbeddingService._doInitialize (src/main/services/LocalEmbeddingService.ts:67:15)

    console.log
      Loading ONNX model...

      at LocalEmbeddingService._doInitialize (src/main/services/LocalEmbeddingService.ts:73:15)

    console.log
      LocalEmbeddingService initialized successfully

      at LocalEmbeddingService._doInitialize (src/main/services/LocalEmbeddingService.ts:79:15)

    console.log
      Batch embedding completed: 10 texts in 3ms (0.30ms per text)

      at LocalEmbeddingService.batchEmbed (src/main/services/LocalEmbeddingService.ts:169:15)

    console.log
      Loading tokenizer...

      at LocalEmbeddingService._doInitialize (src/main/services/LocalEmbeddingService.ts:67:15)

    console.log
      Loading ONNX model...

      at LocalEmbeddingService._doInitialize (src/main/services/LocalEmbeddingService.ts:73:15)

    console.log
      LocalEmbeddingService initialized successfully

      at LocalEmbeddingService._doInitialize (src/main/services/LocalEmbeddingService.ts:79:15)

    console.log
      LocalEmbeddingService unloaded successfully

      at LocalEmbeddingService.unload (src/main/services/LocalEmbeddingService.ts:246:15)

    console.log
      Loading tokenizer...

      at LocalEmbeddingService._doInitialize (src/main/services/LocalEmbeddingService.ts:67:15)

    console.log
      Loading ONNX model...

      at LocalEmbeddingService._doInitialize (src/main/services/LocalEmbeddingService.ts:73:15)

    console.log
      LocalEmbeddingService initialized successfully

      at LocalEmbeddingService._doInitialize (src/main/services/LocalEmbeddingService.ts:79:15)

    console.log
      LocalEmbeddingService unloaded successfully

      at LocalEmbeddingService.unload (src/main/services/LocalEmbeddingService.ts:246:15)

    console.log
      Loading tokenizer...

      at LocalEmbeddingService._doInitialize (src/main/services/LocalEmbeddingService.ts:67:15)

    console.log
      Loading ONNX model...

      at LocalEmbeddingService._doInitialize (src/main/services/LocalEmbeddingService.ts:73:15)

    console.log
      LocalEmbeddingService initialized successfully

      at LocalEmbeddingService._doInitialize (src/main/services/LocalEmbeddingService.ts:79:15)

    console.log
      LocalEmbeddingService unloaded successfully

      at LocalEmbeddingService.unload (src/main/services/LocalEmbeddingService.ts:246:15)

    console.log
      Loading tokenizer...

      at LocalEmbeddingService._doInitialize (src/main/services/LocalEmbeddingService.ts:67:15)

    console.log
      Loading ONNX model...

      at LocalEmbeddingService._doInitialize (src/main/services/LocalEmbeddingService.ts:73:15)

    console.log
      LocalEmbeddingService initialized successfully

      at LocalEmbeddingService._doInitialize (src/main/services/LocalEmbeddingService.ts:79:15)

    console.log
      LocalEmbeddingService unloaded successfully

      at LocalEmbeddingService.unload (src/main/services/LocalEmbeddingService.ts:246:15)

PASS tests/property/SnippetProperty.test.ts (7.124 s)
  ● Console

    console.error
      Failed to generate vector for snippet test-snippet-id: TypeError: dbManager.getDb is not a function
          at VectorStore.initialize (D:\OpenSource\SnippetBox\frontend\src\main\services\VectorStore.ts:21:26)
          at VectorStore.addVector (D:\OpenSource\SnippetBox\frontend\src\main\services\VectorStore.ts:27:10)
          at SnippetManager.processVectorGenerationQueue (D:\OpenSource\SnippetBox\frontend\src\main\services\SnippetManager.ts:406:34)
          at SnippetManager.generateVectorForSnippet (D:\OpenSource\SnippetBox\frontend\src\main\services\SnippetManager.ts:388:10)
          at SnippetManager.createSnippet (D:\OpenSource\SnippetBox\frontend\src\main\services\SnippetManager.ts:72:12)
          at processTicksAndRejections (node:internal/process/task_queues:105:5)
          at D:\OpenSource\SnippetBox\frontend\tests\property\SnippetProperty.test.ts:92:36
          at AsyncProperty.run (D:\OpenSource\SnippetBox\frontend\node_modules\fast-check\lib\cjs\fast-check.js:1208:19)
          at asyncRunIt (D:\OpenSource\SnippetBox\frontend\node_modules\fast-check\lib\cjs\fast-check.js:2503:15)
          at Object.<anonymous> (D:\OpenSource\SnippetBox\frontend\tests\property\SnippetProperty.test.ts:58:7)

    [0m [90m 407 |[39m           console[33m.[39mlog([32m`Generated vector for snippet: ${snippetId}`[39m)[33m;[39m
     [90m 408 |[39m         } [36mcatch[39m (error) {
    [31m[1m>[22m[39m[90m 409 |[39m           console[33m.[39merror([32m`Failed to generate vector for snippet ${snippetId}:`[3
9m[33m,[39m error)[33m;[39m
     [90m     |[39m                   [31m[1m^[22m[39m
     [90m 410 |[39m         }
     [90m 411 |[39m       }
     [90m 412 |[39m     } [36mfinally[39m {[0m

      at SnippetManager.processVectorGenerationQueue (src/main/services/SnippetManager.ts:409:19)

    console.error
      Failed to generate vector for snippet test-snippet-id: TypeError: dbManager.getDb is not a function
          at VectorStore.initialize (D:\OpenSource\SnippetBox\frontend\src\main\services\VectorStore.ts:21:26)
          at VectorStore.addVector (D:\OpenSource\SnippetBox\frontend\src\main\services\VectorStore.ts:27:10)
          at SnippetManager.processVectorGenerationQueue (D:\OpenSource\SnippetBox\frontend\src\main\services\SnippetManager.ts:406:34)
          at SnippetManager.generateVectorForSnippet (D:\OpenSource\SnippetBox\frontend\src\main\services\SnippetManager.ts:388:10)
          at SnippetManager.createSnippet (D:\OpenSource\SnippetBox\frontend\src\main\services\SnippetManager.ts:72:12)
          at processTicksAndRejections (node:internal/process/task_queues:105:5)
          at D:\OpenSource\SnippetBox\frontend\tests\property\SnippetProperty.test.ts:92:36
          at AsyncProperty.run (D:\OpenSource\SnippetBox\frontend\node_modules\fast-check\lib\cjs\fast-check.js:1208:19)
          at asyncRunIt (D:\OpenSource\SnippetBox\frontend\node_modules\fast-check\lib\cjs\fast-check.js:2503:15)
          at Object.<anonymous> (D:\OpenSource\SnippetBox\frontend\tests\property\SnippetProperty.test.ts:58:7)

    [0m [90m 407 |[39m           console[33m.[39mlog([32m`Generated vector for snippet: ${snippetId}`[39m)[33m;[39m
     [90m 408 |[39m         } [36mcatch[39m (error) {
    [31m[1m>[22m[39m[90m 409 |[39m           console[33m.[39merror([32m`Failed to generate vector for snippet ${snippetId}:`[3
9m[33m,[39m error)[33m;[39m
     [90m     |[39m                   [31m[1m^[22m[39m
     [90m 410 |[39m         }
     [90m 411 |[39m       }
     [90m 412 |[39m     } [36mfinally[39m {[0m

      at SnippetManager.processVectorGenerationQueue (src/main/services/SnippetManager.ts:409:19)

    console.error
      Failed to generate vector for snippet test-snippet-id: TypeError: dbManager.getDb is not a function
          at VectorStore.initialize (D:\OpenSource\SnippetBox\frontend\src\main\services\VectorStore.ts:21:26)
          at VectorStore.addVector (D:\OpenSource\SnippetBox\frontend\src\main\services\VectorStore.ts:27:10)
          at SnippetManager.processVectorGenerationQueue (D:\OpenSource\SnippetBox\frontend\src\main\services\SnippetManager.ts:406:34)
          at SnippetManager.generateVectorForSnippet (D:\OpenSource\SnippetBox\frontend\src\main\services\SnippetManager.ts:388:10)
          at SnippetManager.createSnippet (D:\OpenSource\SnippetBox\frontend\src\main\services\SnippetManager.ts:72:12)
          at processTicksAndRejections (node:internal/process/task_queues:105:5)
          at D:\OpenSource\SnippetBox\frontend\tests\property\SnippetProperty.test.ts:92:36
          at AsyncProperty.run (D:\OpenSource\SnippetBox\frontend\node_modules\fast-check\lib\cjs\fast-check.js:1208:19)
          at asyncRunIt (D:\OpenSource\SnippetBox\frontend\node_modules\fast-check\lib\cjs\fast-check.js:2503:15)
          at Object.<anonymous> (D:\OpenSource\SnippetBox\frontend\tests\property\SnippetProperty.test.ts:58:7)

    [0m [90m 407 |[39m           console[33m.[39mlog([32m`Generated vector for snippet: ${snippetId}`[39m)[33m;[39m
     [90m 408 |[39m         } [36mcatch[39m (error) {
    [31m[1m>[22m[39m[90m 409 |[39m           console[33m.[39merror([32m`Failed to generate vector for snippet ${snippetId}:`[3
9m[33m,[39m error)[33m;[39m
     [90m     |[39m                   [31m[1m^[22m[39m
     [90m 410 |[39m         }
     [90m 411 |[39m       }
     [90m 412 |[39m     } [36mfinally[39m {[0m

      at SnippetManager.processVectorGenerationQueue (src/main/services/SnippetManager.ts:409:19)

    console.error
      Failed to generate vector for snippet test-snippet-id: TypeError: dbManager.getDb is not a function
          at VectorStore.initialize (D:\OpenSource\SnippetBox\frontend\src\main\services\VectorStore.ts:21:26)
          at VectorStore.addVector (D:\OpenSource\SnippetBox\frontend\src\main\services\VectorStore.ts:27:10)
          at SnippetManager.processVectorGenerationQueue (D:\OpenSource\SnippetBox\frontend\src\main\services\SnippetManager.ts:406:34)
          at SnippetManager.generateVectorForSnippet (D:\OpenSource\SnippetBox\frontend\src\main\services\SnippetManager.ts:388:10)
          at SnippetManager.createSnippet (D:\OpenSource\SnippetBox\frontend\src\main\services\SnippetManager.ts:72:12)
          at processTicksAndRejections (node:internal/process/task_queues:105:5)
          at D:\OpenSource\SnippetBox\frontend\tests\property\SnippetProperty.test.ts:92:36
          at AsyncProperty.run (D:\OpenSource\SnippetBox\frontend\node_modules\fast-check\lib\cjs\fast-check.js:1208:19)
          at asyncRunIt (D:\OpenSource\SnippetBox\frontend\node_modules\fast-check\lib\cjs\fast-check.js:2503:15)
          at Object.<anonymous> (D:\OpenSource\SnippetBox\frontend\tests\property\SnippetProperty.test.ts:58:7)

    [0m [90m 407 |[39m           console[33m.[39mlog([32m`Generated vector for snippet: ${snippetId}`[39m)[33m;[39m
     [90m 408 |[39m         } [36mcatch[39m (error) {
    [31m[1m>[22m[39m[90m 409 |[39m           console[33m.[39merror([32m`Failed to generate vector for snippet ${snippetId}:`[3
9m[33m,[39m error)[33m;[39m
     [90m     |[39m                   [31m[1m^[22m[39m
     [90m 410 |[39m         }
     [90m 411 |[39m       }
     [90m 412 |[39m     } [36mfinally[39m {[0m

      at SnippetManager.processVectorGenerationQueue (src/main/services/SnippetManager.ts:409:19)

    console.error
      Failed to generate vector for snippet test-snippet-id: TypeError: dbManager.getDb is not a function
          at VectorStore.initialize (D:\OpenSource\SnippetBox\frontend\src\main\services\VectorStore.ts:21:26)
          at VectorStore.addVector (D:\OpenSource\SnippetBox\frontend\src\main\services\VectorStore.ts:27:10)
          at SnippetManager.processVectorGenerationQueue (D:\OpenSource\SnippetBox\frontend\src\main\services\SnippetManager.ts:406:34)
          at SnippetManager.generateVectorForSnippet (D:\OpenSource\SnippetBox\frontend\src\main\services\SnippetManager.ts:388:10)
          at SnippetManager.createSnippet (D:\OpenSource\SnippetBox\frontend\src\main\services\SnippetManager.ts:72:12)
          at processTicksAndRejections (node:internal/process/task_queues:105:5)
          at D:\OpenSource\SnippetBox\frontend\tests\property\SnippetProperty.test.ts:92:36
          at AsyncProperty.run (D:\OpenSource\SnippetBox\frontend\node_modules\fast-check\lib\cjs\fast-check.js:1208:19)
          at asyncRunIt (D:\OpenSource\SnippetBox\frontend\node_modules\fast-check\lib\cjs\fast-check.js:2503:15)
          at Object.<anonymous> (D:\OpenSource\SnippetBox\frontend\tests\property\SnippetProperty.test.ts:58:7)

    [0m [90m 407 |[39m           console[33m.[39mlog([32m`Generated vector for snippet: ${snippetId}`[39m)[33m;[39m
     [90m 408 |[39m         } [36mcatch[39m (error) {
    [31m[1m>[22m[39m[90m 409 |[39m           console[33m.[39merror([32m`Failed to generate vector for snippet ${snippetId}:`[3
9m[33m,[39m error)[33m;[39m
     [90m     |[39m                   [31m[1m^[22m[39m
     [90m 410 |[39m         }
     [90m 411 |[39m       }
     [90m 412 |[39m     } [36mfinally[39m {[0m

      at SnippetManager.processVectorGenerationQueue (src/main/services/SnippetManager.ts:409:19)

    console.error
      Failed to generate vector for snippet test-snippet-id: TypeError: dbManager.getDb is not a function
          at VectorStore.initialize (D:\OpenSource\SnippetBox\frontend\src\main\services\VectorStore.ts:21:26)
          at VectorStore.addVector (D:\OpenSource\SnippetBox\frontend\src\main\services\VectorStore.ts:27:10)
          at SnippetManager.processVectorGenerationQueue (D:\OpenSource\SnippetBox\frontend\src\main\services\SnippetManager.ts:406:34)
          at SnippetManager.generateVectorForSnippet (D:\OpenSource\SnippetBox\frontend\src\main\services\SnippetManager.ts:388:10)
          at SnippetManager.createSnippet (D:\OpenSource\SnippetBox\frontend\src\main\services\SnippetManager.ts:72:12)
          at processTicksAndRejections (node:internal/process/task_queues:105:5)
          at D:\OpenSource\SnippetBox\frontend\tests\property\SnippetProperty.test.ts:92:36
          at AsyncProperty.run (D:\OpenSource\SnippetBox\frontend\node_modules\fast-check\lib\cjs\fast-check.js:1208:19)
          at asyncRunIt (D:\OpenSource\SnippetBox\frontend\node_modules\fast-check\lib\cjs\fast-check.js:2503:15)
          at Object.<anonymous> (D:\OpenSource\SnippetBox\frontend\tests\property\SnippetProperty.test.ts:58:7)

    [0m [90m 407 |[39m           console[33m.[39mlog([32m`Generated vector for snippet: ${snippetId}`[39m)[33m;[39m
     [90m 408 |[39m         } [36mcatch[39m (error) {
    [31m[1m>[22m[39m[90m 409 |[39m           console[33m.[39merror([32m`Failed to generate vector for snippet ${snippetId}:`[3
9m[33m,[39m error)[33m;[39m
     [90m     |[39m                   [31m[1m^[22m[39m
     [90m 410 |[39m         }
     [90m 411 |[39m       }
     [90m 412 |[39m     } [36mfinally[39m {[0m

      at SnippetManager.processVectorGenerationQueue (src/main/services/SnippetManager.ts:409:19)

    console.error
      Failed to generate vector for snippet test-snippet-id: TypeError: dbManager.getDb is not a function
          at VectorStore.initialize (D:\OpenSource\SnippetBox\frontend\src\main\services\VectorStore.ts:21:26)
          at VectorStore.addVector (D:\OpenSource\SnippetBox\frontend\src\main\services\VectorStore.ts:27:10)
          at SnippetManager.processVectorGenerationQueue (D:\OpenSource\SnippetBox\frontend\src\main\services\SnippetManager.ts:406:34)
          at SnippetManager.generateVectorForSnippet (D:\OpenSource\SnippetBox\frontend\src\main\services\SnippetManager.ts:388:10)
          at SnippetManager.createSnippet (D:\OpenSource\SnippetBox\frontend\src\main\services\SnippetManager.ts:72:12)
          at processTicksAndRejections (node:internal/process/task_queues:105:5)
          at D:\OpenSource\SnippetBox\frontend\tests\property\SnippetProperty.test.ts:92:36
          at AsyncProperty.run (D:\OpenSource\SnippetBox\frontend\node_modules\fast-check\lib\cjs\fast-check.js:1208:19)
          at asyncRunIt (D:\OpenSource\SnippetBox\frontend\node_modules\fast-check\lib\cjs\fast-check.js:2503:15)
          at Object.<anonymous> (D:\OpenSource\SnippetBox\frontend\tests\property\SnippetProperty.test.ts:58:7)

    [0m [90m 407 |[39m           console[33m.[39mlog([32m`Generated vector for snippet: ${snippetId}`[39m)[33m;[39m
     [90m 408 |[39m         } [36mcatch[39m (error) {
    [31m[1m>[22m[39m[90m 409 |[39m           console[33m.[39merror([32m`Failed to generate vector for snippet ${snippetId}:`[3
9m[33m,[39m error)[33m;[39m
     [90m     |[39m                   [31m[1m^[22m[39m
     [90m 410 |[39m         }
     [90m 411 |[39m       }
     [90m 412 |[39m     } [36mfinally[39m {[0m

      at SnippetManager.processVectorGenerationQueue (src/main/services/SnippetManager.ts:409:19)

    console.error
      Failed to generate vector for snippet test-snippet-id: TypeError: dbManager.getDb is not a function
          at VectorStore.initialize (D:\OpenSource\SnippetBox\frontend\src\main\services\VectorStore.ts:21:26)
          at VectorStore.addVector (D:\OpenSource\SnippetBox\frontend\src\main\services\VectorStore.ts:27:10)
          at SnippetManager.processVectorGenerationQueue (D:\OpenSource\SnippetBox\frontend\src\main\services\SnippetManager.ts:406:34)
          at SnippetManager.generateVectorForSnippet (D:\OpenSource\SnippetBox\frontend\src\main\services\SnippetManager.ts:388:10)
          at SnippetManager.createSnippet (D:\OpenSource\SnippetBox\frontend\src\main\services\SnippetManager.ts:72:12)
          at processTicksAndRejections (node:internal/process/task_queues:105:5)
          at D:\OpenSource\SnippetBox\frontend\tests\property\SnippetProperty.test.ts:92:36
          at AsyncProperty.run (D:\OpenSource\SnippetBox\frontend\node_modules\fast-check\lib\cjs\fast-check.js:1208:19)
          at asyncRunIt (D:\OpenSource\SnippetBox\frontend\node_modules\fast-check\lib\cjs\fast-check.js:2503:15)
          at Object.<anonymous> (D:\OpenSource\SnippetBox\frontend\tests\property\SnippetProperty.test.ts:58:7)

    [0m [90m 407 |[39m           console[33m.[39mlog([32m`Generated vector for snippet: ${snippetId}`[39m)[33m;[39m
     [90m 408 |[39m         } [36mcatch[39m (error) {
    [31m[1m>[22m[39m[90m 409 |[39m           console[33m.[39merror([32m`Failed to generate vector for snippet ${snippetId}:`[3
9m[33m,[39m error)[33m;[39m
     [90m     |[39m                   [31m[1m^[22m[39m
     [90m 410 |[39m         }
     [90m 411 |[39m       }
     [90m 412 |[39m     } [36mfinally[39m {[0m

      at SnippetManager.processVectorGenerationQueue (src/main/services/SnippetManager.ts:409:19)

    console.error
      Failed to generate vector for snippet test-snippet-id: TypeError: dbManager.getDb is not a function
          at VectorStore.initialize (D:\OpenSource\SnippetBox\frontend\src\main\services\VectorStore.ts:21:26)
          at VectorStore.addVector (D:\OpenSource\SnippetBox\frontend\src\main\services\VectorStore.ts:27:10)
          at SnippetManager.processVectorGenerationQueue (D:\OpenSource\SnippetBox\frontend\src\main\services\SnippetManager.ts:406:34)
          at SnippetManager.generateVectorForSnippet (D:\OpenSource\SnippetBox\frontend\src\main\services\SnippetManager.ts:388:10)
          at SnippetManager.createSnippet (D:\OpenSource\SnippetBox\frontend\src\main\services\SnippetManager.ts:72:12)
          at processTicksAndRejections (node:internal/process/task_queues:105:5)
          at D:\OpenSource\SnippetBox\frontend\tests\property\SnippetProperty.test.ts:92:36
          at AsyncProperty.run (D:\OpenSource\SnippetBox\frontend\node_modules\fast-check\lib\cjs\fast-check.js:1208:19)
          at asyncRunIt (D:\OpenSource\SnippetBox\frontend\node_modules\fast-check\lib\cjs\fast-check.js:2503:15)
          at Object.<anonymous> (D:\OpenSource\SnippetBox\frontend\tests\property\SnippetProperty.test.ts:58:7)

    [0m [90m 407 |[39m           console[33m.[39mlog([32m`Generated vector for snippet: ${snippetId}`[39m)[33m;[39m
     [90m 408 |[39m         } [36mcatch[39m (error) {
    [31m[1m>[22m[39m[90m 409 |[39m           console[33m.[39merror([32m`Failed to generate vector for snippet ${snippetId}:`[3
9m[33m,[39m error)[33m;[39m
     [90m     |[39m                   [31m[1m^[22m[39m
     [90m 410 |[39m         }
     [90m 411 |[39m       }
     [90m 412 |[39m     } [36mfinally[39m {[0m

      at SnippetManager.processVectorGenerationQueue (src/main/services/SnippetManager.ts:409:19)

    console.error
      Failed to generate vector for snippet test-snippet-id: TypeError: dbManager.getDb is not a function
          at VectorStore.initialize (D:\OpenSource\SnippetBox\frontend\src\main\services\VectorStore.ts:21:26)
          at VectorStore.addVector (D:\OpenSource\SnippetBox\frontend\src\main\services\VectorStore.ts:27:10)
          at SnippetManager.processVectorGenerationQueue (D:\OpenSource\SnippetBox\frontend\src\main\services\SnippetManager.ts:406:34)
          at SnippetManager.generateVectorForSnippet (D:\OpenSource\SnippetBox\frontend\src\main\services\SnippetManager.ts:388:10)
          at SnippetManager.createSnippet (D:\OpenSource\SnippetBox\frontend\src\main\services\SnippetManager.ts:72:12)
          at processTicksAndRejections (node:internal/process/task_queues:105:5)
          at D:\OpenSource\SnippetBox\frontend\tests\property\SnippetProperty.test.ts:92:36
          at AsyncProperty.run (D:\OpenSource\SnippetBox\frontend\node_modules\fast-check\lib\cjs\fast-check.js:1208:19)
          at asyncRunIt (D:\OpenSource\SnippetBox\frontend\node_modules\fast-check\lib\cjs\fast-check.js:2503:15)
          at Object.<anonymous> (D:\OpenSource\SnippetBox\frontend\tests\property\SnippetProperty.test.ts:58:7)

    [0m [90m 407 |[39m           console[33m.[39mlog([32m`Generated vector for snippet: ${snippetId}`[39m)[33m;[39m
     [90m 408 |[39m         } [36mcatch[39m (error) {
    [31m[1m>[22m[39m[90m 409 |[39m           console[33m.[39merror([32m`Failed to generate vector for snippet ${snippetId}:`[3
9m[33m,[39m error)[33m;[39m
     [90m     |[39m                   [31m[1m^[22m[39m
     [90m 410 |[39m         }
     [90m 411 |[39m       }
     [90m 412 |[39m     } [36mfinally[39m {[0m

      at SnippetManager.processVectorGenerationQueue (src/main/services/SnippetManager.ts:409:19)

    console.error
      Failed to generate vector for snippet test-snippet-id: TypeError: dbManager.getDb is not a function
          at VectorStore.initialize (D:\OpenSource\SnippetBox\frontend\src\main\services\VectorStore.ts:21:26)
          at VectorStore.addVector (D:\OpenSource\SnippetBox\frontend\src\main\services\VectorStore.ts:27:10)
          at SnippetManager.processVectorGenerationQueue (D:\OpenSource\SnippetBox\frontend\src\main\services\SnippetManager.ts:406:34)
          at SnippetManager.generateVectorForSnippet (D:\OpenSource\SnippetBox\frontend\src\main\services\SnippetManager.ts:388:10)
          at SnippetManager.createSnippet (D:\OpenSource\SnippetBox\frontend\src\main\services\SnippetManager.ts:72:12)
          at processTicksAndRejections (node:internal/process/task_queues:105:5)
          at D:\OpenSource\SnippetBox\frontend\tests\property\SnippetProperty.test.ts:92:36
          at AsyncProperty.run (D:\OpenSource\SnippetBox\frontend\node_modules\fast-check\lib\cjs\fast-check.js:1208:19)
          at asyncRunIt (D:\OpenSource\SnippetBox\frontend\node_modules\fast-check\lib\cjs\fast-check.js:2503:15)
          at Object.<anonymous> (D:\OpenSource\SnippetBox\frontend\tests\property\SnippetProperty.test.ts:58:7)

    [0m [90m 407 |[39m           console[33m.[39mlog([32m`Generated vector for snippet: ${snippetId}`[39m)[33m;[39m
     [90m 408 |[39m         } [36mcatch[39m (error) {
    [31m[1m>[22m[39m[90m 409 |[39m           console[33m.[39merror([32m`Failed to generate vector for snippet ${snippetId}:`[3
9m[33m,[39m error)[33m;[39m
     [90m     |[39m                   [31m[1m^[22m[39m
     [90m 410 |[39m         }
     [90m 411 |[39m       }
     [90m 412 |[39m     } [36mfinally[39m {[0m

      at SnippetManager.processVectorGenerationQueue (src/main/services/SnippetManager.ts:409:19)

    console.error
      Failed to generate vector for snippet test-snippet-id: TypeError: dbManager.getDb is not a function
          at VectorStore.initialize (D:\OpenSource\SnippetBox\frontend\src\main\services\VectorStore.ts:21:26)
          at VectorStore.addVector (D:\OpenSource\SnippetBox\frontend\src\main\services\VectorStore.ts:27:10)
          at SnippetManager.processVectorGenerationQueue (D:\OpenSource\SnippetBox\frontend\src\main\services\SnippetManager.ts:406:34)
          at SnippetManager.generateVectorForSnippet (D:\OpenSource\SnippetBox\frontend\src\main\services\SnippetManager.ts:388:10)
          at SnippetManager.createSnippet (D:\OpenSource\SnippetBox\frontend\src\main\services\SnippetManager.ts:72:12)
          at processTicksAndRejections (node:internal/process/task_queues:105:5)
          at D:\OpenSource\SnippetBox\frontend\tests\property\SnippetProperty.test.ts:92:36
          at AsyncProperty.run (D:\OpenSource\SnippetBox\frontend\node_modules\fast-check\lib\cjs\fast-check.js:1208:19)
          at asyncRunIt (D:\OpenSource\SnippetBox\frontend\node_modules\fast-check\lib\cjs\fast-check.js:2503:15)
          at Object.<anonymous> (D:\OpenSource\SnippetBox\frontend\tests\property\SnippetProperty.test.ts:58:7)

    [0m [90m 407 |[39m           console[33m.[39mlog([32m`Generated vector for snippet: ${snippetId}`[39m)[33m;[39m
     [90m 408 |[39m         } [36mcatch[39m (error) {
    [31m[1m>[22m[39m[90m 409 |[39m           console[33m.[39merror([32m`Failed to generate vector for snippet ${snippetId}:`[3
9m[33m,[39m error)[33m;[39m
     [90m     |[39m                   [31m[1m^[22m[39m
     [90m 410 |[39m         }
     [90m 411 |[39m       }
     [90m 412 |[39m     } [36mfinally[39m {[0m

      at SnippetManager.processVectorGenerationQueue (src/main/services/SnippetManager.ts:409:19)

    console.error
      Failed to generate vector for snippet test-snippet-id: TypeError: dbManager.getDb is not a function
          at VectorStore.initialize (D:\OpenSource\SnippetBox\frontend\src\main\services\VectorStore.ts:21:26)
          at VectorStore.addVector (D:\OpenSource\SnippetBox\frontend\src\main\services\VectorStore.ts:27:10)
          at SnippetManager.processVectorGenerationQueue (D:\OpenSource\SnippetBox\frontend\src\main\services\SnippetManager.ts:406:34)
          at SnippetManager.generateVectorForSnippet (D:\OpenSource\SnippetBox\frontend\src\main\services\SnippetManager.ts:388:10)
          at SnippetManager.createSnippet (D:\OpenSource\SnippetBox\frontend\src\main\services\SnippetManager.ts:72:12)
          at processTicksAndRejections (node:internal/process/task_queues:105:5)
          at D:\OpenSource\SnippetBox\frontend\tests\property\SnippetProperty.test.ts:92:36
          at AsyncProperty.run (D:\OpenSource\SnippetBox\frontend\node_modules\fast-check\lib\cjs\fast-check.js:1208:19)
          at asyncRunIt (D:\OpenSource\SnippetBox\frontend\node_modules\fast-check\lib\cjs\fast-check.js:2503:15)
          at Object.<anonymous> (D:\OpenSource\SnippetBox\frontend\tests\property\SnippetProperty.test.ts:58:7)

    [0m [90m 407 |[39m           console[33m.[39mlog([32m`Generated vector for snippet: ${snippetId}`[39m)[33m;[39m
     [90m 408 |[39m         } [36mcatch[39m (error) {
    [31m[1m>[22m[39m[90m 409 |[39m           console[33m.[39merror([32m`Failed to generate vector for snippet ${snippetId}:`[3
9m[33m,[39m error)[33m;[39m
     [90m     |[39m                   [31m[1m^[22m[39m
     [90m 410 |[39m         }
     [90m 411 |[39m       }
     [90m 412 |[39m     } [36mfinally[39m {[0m

      at SnippetManager.processVectorGenerationQueue (src/main/services/SnippetManager.ts:409:19)

    console.error
      Failed to generate vector for snippet test-snippet-id: TypeError: dbManager.getDb is not a function
          at VectorStore.initialize (D:\OpenSource\SnippetBox\frontend\src\main\services\VectorStore.ts:21:26)
          at VectorStore.addVector (D:\OpenSource\SnippetBox\frontend\src\main\services\VectorStore.ts:27:10)
          at SnippetManager.processVectorGenerationQueue (D:\OpenSource\SnippetBox\frontend\src\main\services\SnippetManager.ts:406:34)
          at SnippetManager.generateVectorForSnippet (D:\OpenSource\SnippetBox\frontend\src\main\services\SnippetManager.ts:388:10)
          at SnippetManager.createSnippet (D:\OpenSource\SnippetBox\frontend\src\main\services\SnippetManager.ts:72:12)
          at processTicksAndRejections (node:internal/process/task_queues:105:5)
          at D:\OpenSource\SnippetBox\frontend\tests\property\SnippetProperty.test.ts:92:36
          at AsyncProperty.run (D:\OpenSource\SnippetBox\frontend\node_modules\fast-check\lib\cjs\fast-check.js:1208:19)
          at asyncRunIt (D:\OpenSource\SnippetBox\frontend\node_modules\fast-check\lib\cjs\fast-check.js:2503:15)
          at Object.<anonymous> (D:\OpenSource\SnippetBox\frontend\tests\property\SnippetProperty.test.ts:58:7)

    [0m [90m 407 |[39m           console[33m.[39mlog([32m`Generated vector for snippet: ${snippetId}`[39m)[33m;[39m
     [90m 408 |[39m         } [36mcatch[39m (error) {
    [31m[1m>[22m[39m[90m 409 |[39m           console[33m.[39merror([32m`Failed to generate vector for snippet ${snippetId}:`[3
9m[33m,[39m error)[33m;[39m
     [90m     |[39m                   [31m[1m^[22m[39m
     [90m 410 |[39m         }
     [90m 411 |[39m       }
     [90m 412 |[39m     } [36mfinally[39m {[0m

      at SnippetManager.processVectorGenerationQueue (src/main/services/SnippetManager.ts:409:19)

    console.error
      Failed to generate vector for snippet test-snippet-id: TypeError: dbManager.getDb is not a function
          at VectorStore.initialize (D:\OpenSource\SnippetBox\frontend\src\main\services\VectorStore.ts:21:26)
          at VectorStore.addVector (D:\OpenSource\SnippetBox\frontend\src\main\services\VectorStore.ts:27:10)
          at SnippetManager.processVectorGenerationQueue (D:\OpenSource\SnippetBox\frontend\src\main\services\SnippetManager.ts:406:34)
          at SnippetManager.generateVectorForSnippet (D:\OpenSource\SnippetBox\frontend\src\main\services\SnippetManager.ts:388:10)
          at SnippetManager.createSnippet (D:\OpenSource\SnippetBox\frontend\src\main\services\SnippetManager.ts:72:12)
          at processTicksAndRejections (node:internal/process/task_queues:105:5)
          at D:\OpenSource\SnippetBox\frontend\tests\property\SnippetProperty.test.ts:92:36
          at AsyncProperty.run (D:\OpenSource\SnippetBox\frontend\node_modules\fast-check\lib\cjs\fast-check.js:1208:19)
          at asyncRunIt (D:\OpenSource\SnippetBox\frontend\node_modules\fast-check\lib\cjs\fast-check.js:2503:15)
          at Object.<anonymous> (D:\OpenSource\SnippetBox\frontend\tests\property\SnippetProperty.test.ts:58:7)

    [0m [90m 407 |[39m           console[33m.[39mlog([32m`Generated vector for snippet: ${snippetId}`[39m)[33m;[39m
     [90m 408 |[39m         } [36mcatch[39m (error) {
    [31m[1m>[22m[39m[90m 409 |[39m           console[33m.[39merror([32m`Failed to generate vector for snippet ${snippetId}:`[3
9m[33m,[39m error)[33m;[39m
     [90m     |[39m                   [31m[1m^[22m[39m
     [90m 410 |[39m         }
     [90m 411 |[39m       }
     [90m 412 |[39m     } [36mfinally[39m {[0m

      at SnippetManager.processVectorGenerationQueue (src/main/services/SnippetManager.ts:409:19)

    console.error
      Failed to generate vector for snippet test-snippet-id: TypeError: dbManager.getDb is not a function
          at VectorStore.initialize (D:\OpenSource\SnippetBox\frontend\src\main\services\VectorStore.ts:21:26)
          at VectorStore.addVector (D:\OpenSource\SnippetBox\frontend\src\main\services\VectorStore.ts:27:10)
          at SnippetManager.processVectorGenerationQueue (D:\OpenSource\SnippetBox\frontend\src\main\services\SnippetManager.ts:406:34)
          at SnippetManager.generateVectorForSnippet (D:\OpenSource\SnippetBox\frontend\src\main\services\SnippetManager.ts:388:10)
          at SnippetManager.createSnippet (D:\OpenSource\SnippetBox\frontend\src\main\services\SnippetManager.ts:72:12)
          at processTicksAndRejections (node:internal/process/task_queues:105:5)
          at D:\OpenSource\SnippetBox\frontend\tests\property\SnippetProperty.test.ts:92:36
          at AsyncProperty.run (D:\OpenSource\SnippetBox\frontend\node_modules\fast-check\lib\cjs\fast-check.js:1208:19)
          at asyncRunIt (D:\OpenSource\SnippetBox\frontend\node_modules\fast-check\lib\cjs\fast-check.js:2503:15)
          at Object.<anonymous> (D:\OpenSource\SnippetBox\frontend\tests\property\SnippetProperty.test.ts:58:7)

    [0m [90m 407 |[39m           console[33m.[39mlog([32m`Generated vector for snippet: ${snippetId}`[39m)[33m;[39m
     [90m 408 |[39m         } [36mcatch[39m (error) {
    [31m[1m>[22m[39m[90m 409 |[39m           console[33m.[39merror([32m`Failed to generate vector for snippet ${snippetId}:`[3
9m[33m,[39m error)[33m;[39m
     [90m     |[39m                   [31m[1m^[22m[39m
     [90m 410 |[39m         }
     [90m 411 |[39m       }
     [90m 412 |[39m     } [36mfinally[39m {[0m

      at SnippetManager.processVectorGenerationQueue (src/main/services/SnippetManager.ts:409:19)

    console.error
      Failed to generate vector for snippet test-snippet-id: TypeError: dbManager.getDb is not a function
          at VectorStore.initialize (D:\OpenSource\SnippetBox\frontend\src\main\services\VectorStore.ts:21:26)
          at VectorStore.addVector (D:\OpenSource\SnippetBox\frontend\src\main\services\VectorStore.ts:27:10)
          at SnippetManager.processVectorGenerationQueue (D:\OpenSource\SnippetBox\frontend\src\main\services\SnippetManager.ts:406:34)
          at SnippetManager.generateVectorForSnippet (D:\OpenSource\SnippetBox\frontend\src\main\services\SnippetManager.ts:388:10)
          at SnippetManager.createSnippet (D:\OpenSource\SnippetBox\frontend\src\main\services\SnippetManager.ts:72:12)
          at processTicksAndRejections (node:internal/process/task_queues:105:5)
          at D:\OpenSource\SnippetBox\frontend\tests\property\SnippetProperty.test.ts:92:36
          at AsyncProperty.run (D:\OpenSource\SnippetBox\frontend\node_modules\fast-check\lib\cjs\fast-check.js:1208:19)
          at asyncRunIt (D:\OpenSource\SnippetBox\frontend\node_modules\fast-check\lib\cjs\fast-check.js:2503:15)
          at Object.<anonymous> (D:\OpenSource\SnippetBox\frontend\tests\property\SnippetProperty.test.ts:58:7)

    [0m [90m 407 |[39m           console[33m.[39mlog([32m`Generated vector for snippet: ${snippetId}`[39m)[33m;[39m
     [90m 408 |[39m         } [36mcatch[39m (error) {
    [31m[1m>[22m[39m[90m 409 |[39m           console[33m.[39merror([32m`Failed to generate vector for snippet ${snippetId}:`[3
9m[33m,[39m error)[33m;[39m
     [90m     |[39m                   [31m[1m^[22m[39m
     [90m 410 |[39m         }
     [90m 411 |[39m       }
     [90m 412 |[39m     } [36mfinally[39m {[0m

      at SnippetManager.processVectorGenerationQueue (src/main/services/SnippetManager.ts:409:19)

    console.error
      Failed to generate vector for snippet test-snippet-id: TypeError: dbManager.getDb is not a function
          at VectorStore.initialize (D:\OpenSource\SnippetBox\frontend\src\main\services\VectorStore.ts:21:26)
          at VectorStore.addVector (D:\OpenSource\SnippetBox\frontend\src\main\services\VectorStore.ts:27:10)
          at SnippetManager.processVectorGenerationQueue (D:\OpenSource\SnippetBox\frontend\src\main\services\SnippetManager.ts:406:34)
          at SnippetManager.generateVectorForSnippet (D:\OpenSource\SnippetBox\frontend\src\main\services\SnippetManager.ts:388:10)
          at SnippetManager.createSnippet (D:\OpenSource\SnippetBox\frontend\src\main\services\SnippetManager.ts:72:12)
          at processTicksAndRejections (node:internal/process/task_queues:105:5)
          at D:\OpenSource\SnippetBox\frontend\tests\property\SnippetProperty.test.ts:92:36
          at AsyncProperty.run (D:\OpenSource\SnippetBox\frontend\node_modules\fast-check\lib\cjs\fast-check.js:1208:19)
          at asyncRunIt (D:\OpenSource\SnippetBox\frontend\node_modules\fast-check\lib\cjs\fast-check.js:2503:15)
          at Object.<anonymous> (D:\OpenSource\SnippetBox\frontend\tests\property\SnippetProperty.test.ts:58:7)

    [0m [90m 407 |[39m           console[33m.[39mlog([32m`Generated vector for snippet: ${snippetId}`[39m)[33m;[39m
     [90m 408 |[39m         } [36mcatch[39m (error) {
    [31m[1m>[22m[39m[90m 409 |[39m           console[33m.[39merror([32m`Failed to generate vector for snippet ${snippetId}:`[3
9m[33m,[39m error)[33m;[39m
     [90m     |[39m                   [31m[1m^[22m[39m
     [90m 410 |[39m         }
     [90m 411 |[39m       }
     [90m 412 |[39m     } [36mfinally[39m {[0m

      at SnippetManager.processVectorGenerationQueue (src/main/services/SnippetManager.ts:409:19)

    console.error
      Failed to generate vector for snippet test-snippet-id: TypeError: dbManager.getDb is not a function
          at VectorStore.initialize (D:\OpenSource\SnippetBox\frontend\src\main\services\VectorStore.ts:21:26)
          at VectorStore.addVector (D:\OpenSource\SnippetBox\frontend\src\main\services\VectorStore.ts:27:10)
          at SnippetManager.processVectorGenerationQueue (D:\OpenSource\SnippetBox\frontend\src\main\services\SnippetManager.ts:406:34)
          at SnippetManager.generateVectorForSnippet (D:\OpenSource\SnippetBox\frontend\src\main\services\SnippetManager.ts:388:10)
          at SnippetManager.createSnippet (D:\OpenSource\SnippetBox\frontend\src\main\services\SnippetManager.ts:72:12)
          at processTicksAndRejections (node:internal/process/task_queues:105:5)
          at D:\OpenSource\SnippetBox\frontend\tests\property\SnippetProperty.test.ts:92:36
          at AsyncProperty.run (D:\OpenSource\SnippetBox\frontend\node_modules\fast-check\lib\cjs\fast-check.js:1208:19)
          at asyncRunIt (D:\OpenSource\SnippetBox\frontend\node_modules\fast-check\lib\cjs\fast-check.js:2503:15)
          at Object.<anonymous> (D:\OpenSource\SnippetBox\frontend\tests\property\SnippetProperty.test.ts:58:7)

    [0m [90m 407 |[39m           console[33m.[39mlog([32m`Generated vector for snippet: ${snippetId}`[39m)[33m;[39m
     [90m 408 |[39m         } [36mcatch[39m (error) {
    [31m[1m>[22m[39m[90m 409 |[39m           console[33m.[39merror([32m`Failed to generate vector for snippet ${snippetId}:`[3
9m[33m,[39m error)[33m;[39m
     [90m     |[39m                   [31m[1m^[22m[39m
     [90m 410 |[39m         }
     [90m 411 |[39m       }
     [90m 412 |[39m     } [36mfinally[39m {[0m

      at SnippetManager.processVectorGenerationQueue (src/main/services/SnippetManager.ts:409:19)

    console.error
      Failed to generate vector for snippet test-snippet-id: TypeError: dbManager.getDb is not a function
          at VectorStore.initialize (D:\OpenSource\SnippetBox\frontend\src\main\services\VectorStore.ts:21:26)
          at VectorStore.addVector (D:\OpenSource\SnippetBox\frontend\src\main\services\VectorStore.ts:27:10)
          at SnippetManager.processVectorGenerationQueue (D:\OpenSource\SnippetBox\frontend\src\main\services\SnippetManager.ts:406:34)
          at SnippetManager.generateVectorForSnippet (D:\OpenSource\SnippetBox\frontend\src\main\services\SnippetManager.ts:388:10)
          at SnippetManager.createSnippet (D:\OpenSource\SnippetBox\frontend\src\main\services\SnippetManager.ts:72:12)
          at processTicksAndRejections (node:internal/process/task_queues:105:5)
          at D:\OpenSource\SnippetBox\frontend\tests\property\SnippetProperty.test.ts:92:36
          at AsyncProperty.run (D:\OpenSource\SnippetBox\frontend\node_modules\fast-check\lib\cjs\fast-check.js:1208:19)
          at asyncRunIt (D:\OpenSource\SnippetBox\frontend\node_modules\fast-check\lib\cjs\fast-check.js:2503:15)
          at Object.<anonymous> (D:\OpenSource\SnippetBox\frontend\tests\property\SnippetProperty.test.ts:58:7)

    [0m [90m 407 |[39m           console[33m.[39mlog([32m`Generated vector for snippet: ${snippetId}`[39m)[33m;[39m
     [90m 408 |[39m         } [36mcatch[39m (error) {
    [31m[1m>[22m[39m[90m 409 |[39m           console[33m.[39merror([32m`Failed to generate vector for snippet ${snippetId}:`[3
9m[33m,[39m error)[33m;[39m
     [90m     |[39m                   [31m[1m^[22m[39m
     [90m 410 |[39m         }
     [90m 411 |[39m       }
     [90m 412 |[39m     } [36mfinally[39m {[0m

      at SnippetManager.processVectorGenerationQueue (src/main/services/SnippetManager.ts:409:19)

    console.error
      Failed to generate vector for snippet test-snippet-id: TypeError: dbManager.getDb is not a function
          at VectorStore.initialize (D:\OpenSource\SnippetBox\frontend\src\main\services\VectorStore.ts:21:26)
          at VectorStore.addVector (D:\OpenSource\SnippetBox\frontend\src\main\services\VectorStore.ts:27:10)
          at SnippetManager.processVectorGenerationQueue (D:\OpenSource\SnippetBox\frontend\src\main\services\SnippetManager.ts:406:34)
          at SnippetManager.generateVectorForSnippet (D:\OpenSource\SnippetBox\frontend\src\main\services\SnippetManager.ts:388:10)
          at SnippetManager.createSnippet (D:\OpenSource\SnippetBox\frontend\src\main\services\SnippetManager.ts:72:12)
          at processTicksAndRejections (node:internal/process/task_queues:105:5)
          at D:\OpenSource\SnippetBox\frontend\tests\property\SnippetProperty.test.ts:92:36
          at AsyncProperty.run (D:\OpenSource\SnippetBox\frontend\node_modules\fast-check\lib\cjs\fast-check.js:1208:19)
          at asyncRunIt (D:\OpenSource\SnippetBox\frontend\node_modules\fast-check\lib\cjs\fast-check.js:2503:15)
          at Object.<anonymous> (D:\OpenSource\SnippetBox\frontend\tests\property\SnippetProperty.test.ts:58:7)

    [0m [90m 407 |[39m           console[33m.[39mlog([32m`Generated vector for snippet: ${snippetId}`[39m)[33m;[39m
     [90m 408 |[39m         } [36mcatch[39m (error) {
    [31m[1m>[22m[39m[90m 409 |[39m           console[33m.[39merror([32m`Failed to generate vector for snippet ${snippetId}:`[3
9m[33m,[39m error)[33m;[39m
     [90m     |[39m                   [31m[1m^[22m[39m
     [90m 410 |[39m         }
     [90m 411 |[39m       }
     [90m 412 |[39m     } [36mfinally[39m {[0m

      at SnippetManager.processVectorGenerationQueue (src/main/services/SnippetManager.ts:409:19)

    console.error
      Failed to generate vector for snippet test-snippet-id: TypeError: dbManager.getDb is not a function
          at VectorStore.initialize (D:\OpenSource\SnippetBox\frontend\src\main\services\VectorStore.ts:21:26)
          at VectorStore.addVector (D:\OpenSource\SnippetBox\frontend\src\main\services\VectorStore.ts:27:10)
          at SnippetManager.processVectorGenerationQueue (D:\OpenSource\SnippetBox\frontend\src\main\services\SnippetManager.ts:406:34)
          at SnippetManager.generateVectorForSnippet (D:\OpenSource\SnippetBox\frontend\src\main\services\SnippetManager.ts:388:10)
          at SnippetManager.createSnippet (D:\OpenSource\SnippetBox\frontend\src\main\services\SnippetManager.ts:72:12)
          at processTicksAndRejections (node:internal/process/task_queues:105:5)
          at D:\OpenSource\SnippetBox\frontend\tests\property\SnippetProperty.test.ts:92:36
          at AsyncProperty.run (D:\OpenSource\SnippetBox\frontend\node_modules\fast-check\lib\cjs\fast-check.js:1208:19)
          at asyncRunIt (D:\OpenSource\SnippetBox\frontend\node_modules\fast-check\lib\cjs\fast-check.js:2503:15)
          at Object.<anonymous> (D:\OpenSource\SnippetBox\frontend\tests\property\SnippetProperty.test.ts:58:7)

    [0m [90m 407 |[39m           console[33m.[39mlog([32m`Generated vector for snippet: ${snippetId}`[39m)[33m;[39m
     [90m 408 |[39m         } [36mcatch[39m (error) {
    [31m[1m>[22m[39m[90m 409 |[39m           console[33m.[39merror([32m`Failed to generate vector for snippet ${snippetId}:`[3
9m[33m,[39m error)[33m;[39m
     [90m     |[39m                   [31m[1m^[22m[39m
     [90m 410 |[39m         }
     [90m 411 |[39m       }
     [90m 412 |[39m     } [36mfinally[39m {[0m

      at SnippetManager.processVectorGenerationQueue (src/main/services/SnippetManager.ts:409:19)

    console.error
      Failed to generate vector for snippet test-snippet-id: TypeError: dbManager.getDb is not a function
          at VectorStore.initialize (D:\OpenSource\SnippetBox\frontend\src\main\services\VectorStore.ts:21:26)
          at VectorStore.addVector (D:\OpenSource\SnippetBox\frontend\src\main\services\VectorStore.ts:27:10)
          at SnippetManager.processVectorGenerationQueue (D:\OpenSource\SnippetBox\frontend\src\main\services\SnippetManager.ts:406:34)
          at SnippetManager.generateVectorForSnippet (D:\OpenSource\SnippetBox\frontend\src\main\services\SnippetManager.ts:388:10)
          at SnippetManager.createSnippet (D:\OpenSource\SnippetBox\frontend\src\main\services\SnippetManager.ts:72:12)
          at processTicksAndRejections (node:internal/process/task_queues:105:5)
          at D:\OpenSource\SnippetBox\frontend\tests\property\SnippetProperty.test.ts:92:36
          at AsyncProperty.run (D:\OpenSource\SnippetBox\frontend\node_modules\fast-check\lib\cjs\fast-check.js:1208:19)
          at asyncRunIt (D:\OpenSource\SnippetBox\frontend\node_modules\fast-check\lib\cjs\fast-check.js:2503:15)
          at Object.<anonymous> (D:\OpenSource\SnippetBox\frontend\tests\property\SnippetProperty.test.ts:58:7)

    [0m [90m 407 |[39m           console[33m.[39mlog([32m`Generated vector for snippet: ${snippetId}`[39m)[33m;[39m
     [90m 408 |[39m         } [36mcatch[39m (error) {
    [31m[1m>[22m[39m[90m 409 |[39m           console[33m.[39merror([32m`Failed to generate vector for snippet ${snippetId}:`[3
9m[33m,[39m error)[33m;[39m
     [90m     |[39m                   [31m[1m^[22m[39m
     [90m 410 |[39m         }
     [90m 411 |[39m       }
     [90m 412 |[39m     } [36mfinally[39m {[0m

      at SnippetManager.processVectorGenerationQueue (src/main/services/SnippetManager.ts:409:19)

    console.error
      Failed to generate vector for snippet test-snippet-id: TypeError: dbManager.getDb is not a function
          at VectorStore.initialize (D:\OpenSource\SnippetBox\frontend\src\main\services\VectorStore.ts:21:26)
          at VectorStore.addVector (D:\OpenSource\SnippetBox\frontend\src\main\services\VectorStore.ts:27:10)
          at SnippetManager.processVectorGenerationQueue (D:\OpenSource\SnippetBox\frontend\src\main\services\SnippetManager.ts:406:34)
          at SnippetManager.generateVectorForSnippet (D:\OpenSource\SnippetBox\frontend\src\main\services\SnippetManager.ts:388:10)
          at SnippetManager.createSnippet (D:\OpenSource\SnippetBox\frontend\src\main\services\SnippetManager.ts:72:12)
          at processTicksAndRejections (node:internal/process/task_queues:105:5)
          at D:\OpenSource\SnippetBox\frontend\tests\property\SnippetProperty.test.ts:92:36
          at AsyncProperty.run (D:\OpenSource\SnippetBox\frontend\node_modules\fast-check\lib\cjs\fast-check.js:1208:19)
          at asyncRunIt (D:\OpenSource\SnippetBox\frontend\node_modules\fast-check\lib\cjs\fast-check.js:2503:15)
          at Object.<anonymous> (D:\OpenSource\SnippetBox\frontend\tests\property\SnippetProperty.test.ts:58:7)

    [0m [90m 407 |[39m           console[33m.[39mlog([32m`Generated vector for snippet: ${snippetId}`[39m)[33m;[39m
     [90m 408 |[39m         } [36mcatch[39m (error) {
    [31m[1m>[22m[39m[90m 409 |[39m           console[33m.[39merror([32m`Failed to generate vector for snippet ${snippetId}:`[3
9m[33m,[39m error)[33m;[39m
     [90m     |[39m                   [31m[1m^[22m[39m
     [90m 410 |[39m         }
     [90m 411 |[39m       }
     [90m 412 |[39m     } [36mfinally[39m {[0m

      at SnippetManager.processVectorGenerationQueue (src/main/services/SnippetManager.ts:409:19)

    console.error
      Failed to generate vector for snippet test-snippet-id: TypeError: dbManager.getDb is not a function
          at VectorStore.initialize (D:\OpenSource\SnippetBox\frontend\src\main\services\VectorStore.ts:21:26)
          at VectorStore.addVector (D:\OpenSource\SnippetBox\frontend\src\main\services\VectorStore.ts:27:10)
          at SnippetManager.processVectorGenerationQueue (D:\OpenSource\SnippetBox\frontend\src\main\services\SnippetManager.ts:406:34)
          at SnippetManager.generateVectorForSnippet (D:\OpenSource\SnippetBox\frontend\src\main\services\SnippetManager.ts:388:10)
          at SnippetManager.createSnippet (D:\OpenSource\SnippetBox\frontend\src\main\services\SnippetManager.ts:72:12)
          at processTicksAndRejections (node:internal/process/task_queues:105:5)
          at D:\OpenSource\SnippetBox\frontend\tests\property\SnippetProperty.test.ts:92:36
          at AsyncProperty.run (D:\OpenSource\SnippetBox\frontend\node_modules\fast-check\lib\cjs\fast-check.js:1208:19)
          at asyncRunIt (D:\OpenSource\SnippetBox\frontend\node_modules\fast-check\lib\cjs\fast-check.js:2503:15)
          at Object.<anonymous> (D:\OpenSource\SnippetBox\frontend\tests\property\SnippetProperty.test.ts:58:7)

    [0m [90m 407 |[39m           console[33m.[39mlog([32m`Generated vector for snippet: ${snippetId}`[39m)[33m;[39m
     [90m 408 |[39m         } [36mcatch[39m (error) {
    [31m[1m>[22m[39m[90m 409 |[39m           console[33m.[39merror([32m`Failed to generate vector for snippet ${snippetId}:`[3
9m[33m,[39m error)[33m;[39m
     [90m     |[39m                   [31m[1m^[22m[39m
     [90m 410 |[39m         }
     [90m 411 |[39m       }
     [90m 412 |[39m     } [36mfinally[39m {[0m

      at SnippetManager.processVectorGenerationQueue (src/main/services/SnippetManager.ts:409:19)

    console.error
      Failed to generate vector for snippet test-snippet-id: TypeError: dbManager.getDb is not a function
          at VectorStore.initialize (D:\OpenSource\SnippetBox\frontend\src\main\services\VectorStore.ts:21:26)
          at VectorStore.addVector (D:\OpenSource\SnippetBox\frontend\src\main\services\VectorStore.ts:27:10)
          at SnippetManager.processVectorGenerationQueue (D:\OpenSource\SnippetBox\frontend\src\main\services\SnippetManager.ts:406:34)
          at SnippetManager.generateVectorForSnippet (D:\OpenSource\SnippetBox\frontend\src\main\services\SnippetManager.ts:388:10)
          at SnippetManager.createSnippet (D:\OpenSource\SnippetBox\frontend\src\main\services\SnippetManager.ts:72:12)
          at processTicksAndRejections (node:internal/process/task_queues:105:5)
          at D:\OpenSource\SnippetBox\frontend\tests\property\SnippetProperty.test.ts:92:36
          at AsyncProperty.run (D:\OpenSource\SnippetBox\frontend\node_modules\fast-check\lib\cjs\fast-check.js:1208:19)
          at asyncRunIt (D:\OpenSource\SnippetBox\frontend\node_modules\fast-check\lib\cjs\fast-check.js:2503:15)
          at Object.<anonymous> (D:\OpenSource\SnippetBox\frontend\tests\property\SnippetProperty.test.ts:58:7)

    [0m [90m 407 |[39m           console[33m.[39mlog([32m`Generated vector for snippet: ${snippetId}`[39m)[33m;[39m
     [90m 408 |[39m         } [36mcatch[39m (error) {
    [31m[1m>[22m[39m[90m 409 |[39m           console[33m.[39merror([32m`Failed to generate vector for snippet ${snippetId}:`[3
9m[33m,[39m error)[33m;[39m
     [90m     |[39m                   [31m[1m^[22m[39m
     [90m 410 |[39m         }
     [90m 411 |[39m       }
     [90m 412 |[39m     } [36mfinally[39m {[0m

      at SnippetManager.processVectorGenerationQueue (src/main/services/SnippetManager.ts:409:19)

    console.error
      Failed to generate vector for snippet test-snippet-id: TypeError: dbManager.getDb is not a function
          at VectorStore.initialize (D:\OpenSource\SnippetBox\frontend\src\main\services\VectorStore.ts:21:26)
          at VectorStore.addVector (D:\OpenSource\SnippetBox\frontend\src\main\services\VectorStore.ts:27:10)
          at SnippetManager.processVectorGenerationQueue (D:\OpenSource\SnippetBox\frontend\src\main\services\SnippetManager.ts:406:34)
          at SnippetManager.generateVectorForSnippet (D:\OpenSource\SnippetBox\frontend\src\main\services\SnippetManager.ts:388:10)
          at SnippetManager.createSnippet (D:\OpenSource\SnippetBox\frontend\src\main\services\SnippetManager.ts:72:12)
          at processTicksAndRejections (node:internal/process/task_queues:105:5)
          at D:\OpenSource\SnippetBox\frontend\tests\property\SnippetProperty.test.ts:92:36
          at AsyncProperty.run (D:\OpenSource\SnippetBox\frontend\node_modules\fast-check\lib\cjs\fast-check.js:1208:19)
          at asyncRunIt (D:\OpenSource\SnippetBox\frontend\node_modules\fast-check\lib\cjs\fast-check.js:2503:15)
          at Object.<anonymous> (D:\OpenSource\SnippetBox\frontend\tests\property\SnippetProperty.test.ts:58:7)

    [0m [90m 407 |[39m           console[33m.[39mlog([32m`Generated vector for snippet: ${snippetId}`[39m)[33m;[39m
     [90m 408 |[39m         } [36mcatch[39m (error) {
    [31m[1m>[22m[39m[90m 409 |[39m           console[33m.[39merror([32m`Failed to generate vector for snippet ${snippetId}:`[3
9m[33m,[39m error)[33m;[39m
     [90m     |[39m                   [31m[1m^[22m[39m
     [90m 410 |[39m         }
     [90m 411 |[39m       }
     [90m 412 |[39m     } [36mfinally[39m {[0m

      at SnippetManager.processVectorGenerationQueue (src/main/services/SnippetManager.ts:409:19)

    console.error
      Failed to generate vector for snippet test-snippet-id: TypeError: dbManager.getDb is not a function
          at VectorStore.initialize (D:\OpenSource\SnippetBox\frontend\src\main\services\VectorStore.ts:21:26)
          at VectorStore.addVector (D:\OpenSource\SnippetBox\frontend\src\main\services\VectorStore.ts:27:10)
          at SnippetManager.processVectorGenerationQueue (D:\OpenSource\SnippetBox\frontend\src\main\services\SnippetManager.ts:406:34)
          at SnippetManager.generateVectorForSnippet (D:\OpenSource\SnippetBox\frontend\src\main\services\SnippetManager.ts:388:10)
          at SnippetManager.createSnippet (D:\OpenSource\SnippetBox\frontend\src\main\services\SnippetManager.ts:72:12)
          at processTicksAndRejections (node:internal/process/task_queues:105:5)
          at D:\OpenSource\SnippetBox\frontend\tests\property\SnippetProperty.test.ts:92:36
          at AsyncProperty.run (D:\OpenSource\SnippetBox\frontend\node_modules\fast-check\lib\cjs\fast-check.js:1208:19)
          at asyncRunIt (D:\OpenSource\SnippetBox\frontend\node_modules\fast-check\lib\cjs\fast-check.js:2503:15)
          at Object.<anonymous> (D:\OpenSource\SnippetBox\frontend\tests\property\SnippetProperty.test.ts:58:7)

    [0m [90m 407 |[39m           console[33m.[39mlog([32m`Generated vector for snippet: ${snippetId}`[39m)[33m;[39m
     [90m 408 |[39m         } [36mcatch[39m (error) {
    [31m[1m>[22m[39m[90m 409 |[39m           console[33m.[39merror([32m`Failed to generate vector for snippet ${snippetId}:`[3
9m[33m,[39m error)[33m;[39m
     [90m     |[39m                   [31m[1m^[22m[39m
     [90m 410 |[39m         }
     [90m 411 |[39m       }
     [90m 412 |[39m     } [36mfinally[39m {[0m

      at SnippetManager.processVectorGenerationQueue (src/main/services/SnippetManager.ts:409:19)

    console.error
      Failed to generate vector for snippet test-snippet-id: TypeError: dbManager.getDb is not a function
          at VectorStore.initialize (D:\OpenSource\SnippetBox\frontend\src\main\services\VectorStore.ts:21:26)
          at VectorStore.addVector (D:\OpenSource\SnippetBox\frontend\src\main\services\VectorStore.ts:27:10)
          at SnippetManager.processVectorGenerationQueue (D:\OpenSource\SnippetBox\frontend\src\main\services\SnippetManager.ts:406:34)
          at SnippetManager.generateVectorForSnippet (D:\OpenSource\SnippetBox\frontend\src\main\services\SnippetManager.ts:388:10)
          at SnippetManager.createSnippet (D:\OpenSource\SnippetBox\frontend\src\main\services\SnippetManager.ts:72:12)
          at processTicksAndRejections (node:internal/process/task_queues:105:5)
          at D:\OpenSource\SnippetBox\frontend\tests\property\SnippetProperty.test.ts:92:36
          at AsyncProperty.run (D:\OpenSource\SnippetBox\frontend\node_modules\fast-check\lib\cjs\fast-check.js:1208:19)
          at asyncRunIt (D:\OpenSource\SnippetBox\frontend\node_modules\fast-check\lib\cjs\fast-check.js:2503:15)
          at Object.<anonymous> (D:\OpenSource\SnippetBox\frontend\tests\property\SnippetProperty.test.ts:58:7)

    [0m [90m 407 |[39m           console[33m.[39mlog([32m`Generated vector for snippet: ${snippetId}`[39m)[33m;[39m
     [90m 408 |[39m         } [36mcatch[39m (error) {
    [31m[1m>[22m[39m[90m 409 |[39m           console[33m.[39merror([32m`Failed to generate vector for snippet ${snippetId}:`[3
9m[33m,[39m error)[33m;[39m
     [90m     |[39m                   [31m[1m^[22m[39m
     [90m 410 |[39m         }
     [90m 411 |[39m       }
     [90m 412 |[39m     } [36mfinally[39m {[0m

      at SnippetManager.processVectorGenerationQueue (src/main/services/SnippetManager.ts:409:19)

    console.error
      Failed to generate vector for snippet test-snippet-id: TypeError: dbManager.getDb is not a function
          at VectorStore.initialize (D:\OpenSource\SnippetBox\frontend\src\main\services\VectorStore.ts:21:26)
          at VectorStore.addVector (D:\OpenSource\SnippetBox\frontend\src\main\services\VectorStore.ts:27:10)
          at SnippetManager.processVectorGenerationQueue (D:\OpenSource\SnippetBox\frontend\src\main\services\SnippetManager.ts:406:34)
          at SnippetManager.generateVectorForSnippet (D:\OpenSource\SnippetBox\frontend\src\main\services\SnippetManager.ts:388:10)
          at SnippetManager.createSnippet (D:\OpenSource\SnippetBox\frontend\src\main\services\SnippetManager.ts:72:12)
          at processTicksAndRejections (node:internal/process/task_queues:105:5)
          at D:\OpenSource\SnippetBox\frontend\tests\property\SnippetProperty.test.ts:92:36
          at AsyncProperty.run (D:\OpenSource\SnippetBox\frontend\node_modules\fast-check\lib\cjs\fast-check.js:1208:19)
          at asyncRunIt (D:\OpenSource\SnippetBox\frontend\node_modules\fast-check\lib\cjs\fast-check.js:2503:15)
          at Object.<anonymous> (D:\OpenSource\SnippetBox\frontend\tests\property\SnippetProperty.test.ts:58:7)

    [0m [90m 407 |[39m           console[33m.[39mlog([32m`Generated vector for snippet: ${snippetId}`[39m)[33m;[39m
     [90m 408 |[39m         } [36mcatch[39m (error) {
    [31m[1m>[22m[39m[90m 409 |[39m           console[33m.[39merror([32m`Failed to generate vector for snippet ${snippetId}:`[3
9m[33m,[39m error)[33m;[39m
     [90m     |[39m                   [31m[1m^[22m[39m
     [90m 410 |[39m         }
     [90m 411 |[39m       }
     [90m 412 |[39m     } [36mfinally[39m {[0m

      at SnippetManager.processVectorGenerationQueue (src/main/services/SnippetManager.ts:409:19)

    console.error
      Failed to generate vector for snippet test-snippet-id: TypeError: dbManager.getDb is not a function
          at VectorStore.initialize (D:\OpenSource\SnippetBox\frontend\src\main\services\VectorStore.ts:21:26)
          at VectorStore.addVector (D:\OpenSource\SnippetBox\frontend\src\main\services\VectorStore.ts:27:10)
          at SnippetManager.processVectorGenerationQueue (D:\OpenSource\SnippetBox\frontend\src\main\services\SnippetManager.ts:406:34)
          at SnippetManager.generateVectorForSnippet (D:\OpenSource\SnippetBox\frontend\src\main\services\SnippetManager.ts:388:10)
          at SnippetManager.createSnippet (D:\OpenSource\SnippetBox\frontend\src\main\services\SnippetManager.ts:72:12)
          at processTicksAndRejections (node:internal/process/task_queues:105:5)
          at D:\OpenSource\SnippetBox\frontend\tests\property\SnippetProperty.test.ts:92:36
          at AsyncProperty.run (D:\OpenSource\SnippetBox\frontend\node_modules\fast-check\lib\cjs\fast-check.js:1208:19)
          at asyncRunIt (D:\OpenSource\SnippetBox\frontend\node_modules\fast-check\lib\cjs\fast-check.js:2503:15)
          at Object.<anonymous> (D:\OpenSource\SnippetBox\frontend\tests\property\SnippetProperty.test.ts:58:7)

    [0m [90m 407 |[39m           console[33m.[39mlog([32m`Generated vector for snippet: ${snippetId}`[39m)[33m;[39m
     [90m 408 |[39m         } [36mcatch[39m (error) {
    [31m[1m>[22m[39m[90m 409 |[39m           console[33m.[39merror([32m`Failed to generate vector for snippet ${snippetId}:`[3
9m[33m,[39m error)[33m;[39m
     [90m     |[39m                   [31m[1m^[22m[39m
     [90m 410 |[39m         }
     [90m 411 |[39m       }
     [90m 412 |[39m     } [36mfinally[39m {[0m

      at SnippetManager.processVectorGenerationQueue (src/main/services/SnippetManager.ts:409:19)

    console.error
      Failed to generate vector for snippet test-snippet-id: TypeError: dbManager.getDb is not a function
          at VectorStore.initialize (D:\OpenSource\SnippetBox\frontend\src\main\services\VectorStore.ts:21:26)
          at VectorStore.addVector (D:\OpenSource\SnippetBox\frontend\src\main\services\VectorStore.ts:27:10)
          at SnippetManager.processVectorGenerationQueue (D:\OpenSource\SnippetBox\frontend\src\main\services\SnippetManager.ts:406:34)
          at SnippetManager.generateVectorForSnippet (D:\OpenSource\SnippetBox\frontend\src\main\services\SnippetManager.ts:388:10)
          at SnippetManager.createSnippet (D:\OpenSource\SnippetBox\frontend\src\main\services\SnippetManager.ts:72:12)
          at processTicksAndRejections (node:internal/process/task_queues:105:5)
          at D:\OpenSource\SnippetBox\frontend\tests\property\SnippetProperty.test.ts:92:36
          at AsyncProperty.run (D:\OpenSource\SnippetBox\frontend\node_modules\fast-check\lib\cjs\fast-check.js:1208:19)
          at asyncRunIt (D:\OpenSource\SnippetBox\frontend\node_modules\fast-check\lib\cjs\fast-check.js:2503:15)
          at Object.<anonymous> (D:\OpenSource\SnippetBox\frontend\tests\property\SnippetProperty.test.ts:58:7)

    [0m [90m 407 |[39m           console[33m.[39mlog([32m`Generated vector for snippet: ${snippetId}`[39m)[33m;[39m
     [90m 408 |[39m         } [36mcatch[39m (error) {
    [31m[1m>[22m[39m[90m 409 |[39m           console[33m.[39merror([32m`Failed to generate vector for snippet ${snippetId}:`[3
9m[33m,[39m error)[33m;[39m
     [90m     |[39m                   [31m[1m^[22m[39m
     [90m 410 |[39m         }
     [90m 411 |[39m       }
     [90m 412 |[39m     } [36mfinally[39m {[0m

      at SnippetManager.processVectorGenerationQueue (src/main/services/SnippetManager.ts:409:19)

    console.error
      Failed to generate vector for snippet test-snippet-id: TypeError: dbManager.getDb is not a function
          at VectorStore.initialize (D:\OpenSource\SnippetBox\frontend\src\main\services\VectorStore.ts:21:26)
          at VectorStore.addVector (D:\OpenSource\SnippetBox\frontend\src\main\services\VectorStore.ts:27:10)
          at SnippetManager.processVectorGenerationQueue (D:\OpenSource\SnippetBox\frontend\src\main\services\SnippetManager.ts:406:34)
          at SnippetManager.generateVectorForSnippet (D:\OpenSource\SnippetBox\frontend\src\main\services\SnippetManager.ts:388:10)
          at SnippetManager.createSnippet (D:\OpenSource\SnippetBox\frontend\src\main\services\SnippetManager.ts:72:12)
          at processTicksAndRejections (node:internal/process/task_queues:105:5)
          at D:\OpenSource\SnippetBox\frontend\tests\property\SnippetProperty.test.ts:92:36
          at AsyncProperty.run (D:\OpenSource\SnippetBox\frontend\node_modules\fast-check\lib\cjs\fast-check.js:1208:19)
          at asyncRunIt (D:\OpenSource\SnippetBox\frontend\node_modules\fast-check\lib\cjs\fast-check.js:2503:15)
          at Object.<anonymous> (D:\OpenSource\SnippetBox\frontend\tests\property\SnippetProperty.test.ts:58:7)

    [0m [90m 407 |[39m           console[33m.[39mlog([32m`Generated vector for snippet: ${snippetId}`[39m)[33m;[39m
     [90m 408 |[39m         } [36mcatch[39m (error) {
    [31m[1m>[22m[39m[90m 409 |[39m           console[33m.[39merror([32m`Failed to generate vector for snippet ${snippetId}:`[3
9m[33m,[39m error)[33m;[39m
     [90m     |[39m                   [31m[1m^[22m[39m
     [90m 410 |[39m         }
     [90m 411 |[39m       }
     [90m 412 |[39m     } [36mfinally[39m {[0m

      at SnippetManager.processVectorGenerationQueue (src/main/services/SnippetManager.ts:409:19)

    console.error
      Failed to generate vector for snippet test-snippet-id: TypeError: dbManager.getDb is not a function
          at VectorStore.initialize (D:\OpenSource\SnippetBox\frontend\src\main\services\VectorStore.ts:21:26)
          at VectorStore.addVector (D:\OpenSource\SnippetBox\frontend\src\main\services\VectorStore.ts:27:10)
          at SnippetManager.processVectorGenerationQueue (D:\OpenSource\SnippetBox\frontend\src\main\services\SnippetManager.ts:406:34)
          at SnippetManager.generateVectorForSnippet (D:\OpenSource\SnippetBox\frontend\src\main\services\SnippetManager.ts:388:10)
          at SnippetManager.createSnippet (D:\OpenSource\SnippetBox\frontend\src\main\services\SnippetManager.ts:72:12)
          at processTicksAndRejections (node:internal/process/task_queues:105:5)
          at D:\OpenSource\SnippetBox\frontend\tests\property\SnippetProperty.test.ts:92:36
          at AsyncProperty.run (D:\OpenSource\SnippetBox\frontend\node_modules\fast-check\lib\cjs\fast-check.js:1208:19)
          at asyncRunIt (D:\OpenSource\SnippetBox\frontend\node_modules\fast-check\lib\cjs\fast-check.js:2503:15)
          at Object.<anonymous> (D:\OpenSource\SnippetBox\frontend\tests\property\SnippetProperty.test.ts:58:7)

    [0m [90m 407 |[39m           console[33m.[39mlog([32m`Generated vector for snippet: ${snippetId}`[39m)[33m;[39m
     [90m 408 |[39m         } [36mcatch[39m (error) {
    [31m[1m>[22m[39m[90m 409 |[39m           console[33m.[39merror([32m`Failed to generate vector for snippet ${snippetId}:`[3
9m[33m,[39m error)[33m;[39m
     [90m     |[39m                   [31m[1m^[22m[39m
     [90m 410 |[39m         }
     [90m 411 |[39m       }
     [90m 412 |[39m     } [36mfinally[39m {[0m

      at SnippetManager.processVectorGenerationQueue (src/main/services/SnippetManager.ts:409:19)

    console.error
      Failed to generate vector for snippet test-snippet-id: TypeError: dbManager.getDb is not a function
          at VectorStore.initialize (D:\OpenSource\SnippetBox\frontend\src\main\services\VectorStore.ts:21:26)
          at VectorStore.addVector (D:\OpenSource\SnippetBox\frontend\src\main\services\VectorStore.ts:27:10)
          at SnippetManager.processVectorGenerationQueue (D:\OpenSource\SnippetBox\frontend\src\main\services\SnippetManager.ts:406:34)
          at SnippetManager.generateVectorForSnippet (D:\OpenSource\SnippetBox\frontend\src\main\services\SnippetManager.ts:388:10)
          at SnippetManager.createSnippet (D:\OpenSource\SnippetBox\frontend\src\main\services\SnippetManager.ts:72:12)
          at processTicksAndRejections (node:internal/process/task_queues:105:5)
          at D:\OpenSource\SnippetBox\frontend\tests\property\SnippetProperty.test.ts:92:36
          at AsyncProperty.run (D:\OpenSource\SnippetBox\frontend\node_modules\fast-check\lib\cjs\fast-check.js:1208:19)
          at asyncRunIt (D:\OpenSource\SnippetBox\frontend\node_modules\fast-check\lib\cjs\fast-check.js:2503:15)
          at Object.<anonymous> (D:\OpenSource\SnippetBox\frontend\tests\property\SnippetProperty.test.ts:58:7)

    [0m [90m 407 |[39m           console[33m.[39mlog([32m`Generated vector for snippet: ${snippetId}`[39m)[33m;[39m
     [90m 408 |[39m         } [36mcatch[39m (error) {
    [31m[1m>[22m[39m[90m 409 |[39m           console[33m.[39merror([32m`Failed to generate vector for snippet ${snippetId}:`[3
9m[33m,[39m error)[33m;[39m
     [90m     |[39m                   [31m[1m^[22m[39m
     [90m 410 |[39m         }
     [90m 411 |[39m       }
     [90m 412 |[39m     } [36mfinally[39m {[0m

      at SnippetManager.processVectorGenerationQueue (src/main/services/SnippetManager.ts:409:19)

    console.error
      Failed to generate vector for snippet test-snippet-id: TypeError: dbManager.getDb is not a function
          at VectorStore.initialize (D:\OpenSource\SnippetBox\frontend\src\main\services\VectorStore.ts:21:26)
          at VectorStore.addVector (D:\OpenSource\SnippetBox\frontend\src\main\services\VectorStore.ts:27:10)
          at SnippetManager.processVectorGenerationQueue (D:\OpenSource\SnippetBox\frontend\src\main\services\SnippetManager.ts:406:34)
          at SnippetManager.generateVectorForSnippet (D:\OpenSource\SnippetBox\frontend\src\main\services\SnippetManager.ts:388:10)
          at SnippetManager.createSnippet (D:\OpenSource\SnippetBox\frontend\src\main\services\SnippetManager.ts:72:12)
          at processTicksAndRejections (node:internal/process/task_queues:105:5)
          at D:\OpenSource\SnippetBox\frontend\tests\property\SnippetProperty.test.ts:92:36
          at AsyncProperty.run (D:\OpenSource\SnippetBox\frontend\node_modules\fast-check\lib\cjs\fast-check.js:1208:19)
          at asyncRunIt (D:\OpenSource\SnippetBox\frontend\node_modules\fast-check\lib\cjs\fast-check.js:2503:15)
          at Object.<anonymous> (D:\OpenSource\SnippetBox\frontend\tests\property\SnippetProperty.test.ts:58:7)

    [0m [90m 407 |[39m           console[33m.[39mlog([32m`Generated vector for snippet: ${snippetId}`[39m)[33m;[39m
     [90m 408 |[39m         } [36mcatch[39m (error) {
    [31m[1m>[22m[39m[90m 409 |[39m           console[33m.[39merror([32m`Failed to generate vector for snippet ${snippetId}:`[3
9m[33m,[39m error)[33m;[39m
     [90m     |[39m                   [31m[1m^[22m[39m
     [90m 410 |[39m         }
     [90m 411 |[39m       }
     [90m 412 |[39m     } [36mfinally[39m {[0m

      at SnippetManager.processVectorGenerationQueue (src/main/services/SnippetManager.ts:409:19)

    console.error
      Failed to generate vector for snippet test-snippet-id: TypeError: dbManager.getDb is not a function
          at VectorStore.initialize (D:\OpenSource\SnippetBox\frontend\src\main\services\VectorStore.ts:21:26)
          at VectorStore.addVector (D:\OpenSource\SnippetBox\frontend\src\main\services\VectorStore.ts:27:10)
          at SnippetManager.processVectorGenerationQueue (D:\OpenSource\SnippetBox\frontend\src\main\services\SnippetManager.ts:406:34)
          at SnippetManager.generateVectorForSnippet (D:\OpenSource\SnippetBox\frontend\src\main\services\SnippetManager.ts:388:10)
          at SnippetManager.createSnippet (D:\OpenSource\SnippetBox\frontend\src\main\services\SnippetManager.ts:72:12)
          at processTicksAndRejections (node:internal/process/task_queues:105:5)
          at D:\OpenSource\SnippetBox\frontend\tests\property\SnippetProperty.test.ts:92:36
          at AsyncProperty.run (D:\OpenSource\SnippetBox\frontend\node_modules\fast-check\lib\cjs\fast-check.js:1208:19)
          at asyncRunIt (D:\OpenSource\SnippetBox\frontend\node_modules\fast-check\lib\cjs\fast-check.js:2503:15)
          at Object.<anonymous> (D:\OpenSource\SnippetBox\frontend\tests\property\SnippetProperty.test.ts:58:7)

    [0m [90m 407 |[39m           console[33m.[39mlog([32m`Generated vector for snippet: ${snippetId}`[39m)[33m;[39m
     [90m 408 |[39m         } [36mcatch[39m (error) {
    [31m[1m>[22m[39m[90m 409 |[39m           console[33m.[39merror([32m`Failed to generate vector for snippet ${snippetId}:`[3
9m[33m,[39m error)[33m;[39m
     [90m     |[39m                   [31m[1m^[22m[39m
     [90m 410 |[39m         }
     [90m 411 |[39m       }
     [90m 412 |[39m     } [36mfinally[39m {[0m

      at SnippetManager.processVectorGenerationQueue (src/main/services/SnippetManager.ts:409:19)

    console.error
      Failed to generate vector for snippet test-snippet-id: TypeError: dbManager.getDb is not a function
          at VectorStore.initialize (D:\OpenSource\SnippetBox\frontend\src\main\services\VectorStore.ts:21:26)
          at VectorStore.addVector (D:\OpenSource\SnippetBox\frontend\src\main\services\VectorStore.ts:27:10)
          at SnippetManager.processVectorGenerationQueue (D:\OpenSource\SnippetBox\frontend\src\main\services\SnippetManager.ts:406:34)
          at SnippetManager.generateVectorForSnippet (D:\OpenSource\SnippetBox\frontend\src\main\services\SnippetManager.ts:388:10)
          at SnippetManager.createSnippet (D:\OpenSource\SnippetBox\frontend\src\main\services\SnippetManager.ts:72:12)
          at processTicksAndRejections (node:internal/process/task_queues:105:5)
          at D:\OpenSource\SnippetBox\frontend\tests\property\SnippetProperty.test.ts:92:36
          at AsyncProperty.run (D:\OpenSource\SnippetBox\frontend\node_modules\fast-check\lib\cjs\fast-check.js:1208:19)
          at asyncRunIt (D:\OpenSource\SnippetBox\frontend\node_modules\fast-check\lib\cjs\fast-check.js:2503:15)
          at Object.<anonymous> (D:\OpenSource\SnippetBox\frontend\tests\property\SnippetProperty.test.ts:58:7)

    [0m [90m 407 |[39m           console[33m.[39mlog([32m`Generated vector for snippet: ${snippetId}`[39m)[33m;[39m
     [90m 408 |[39m         } [36mcatch[39m (error) {
    [31m[1m>[22m[39m[90m 409 |[39m           console[33m.[39merror([32m`Failed to generate vector for snippet ${snippetId}:`[3
9m[33m,[39m error)[33m;[39m
     [90m     |[39m                   [31m[1m^[22m[39m
     [90m 410 |[39m         }
     [90m 411 |[39m       }
     [90m 412 |[39m     } [36mfinally[39m {[0m

      at SnippetManager.processVectorGenerationQueue (src/main/services/SnippetManager.ts:409:19)

    console.error
      Failed to generate vector for snippet test-snippet-id: TypeError: dbManager.getDb is not a function
          at VectorStore.initialize (D:\OpenSource\SnippetBox\frontend\src\main\services\VectorStore.ts:21:26)
          at VectorStore.addVector (D:\OpenSource\SnippetBox\frontend\src\main\services\VectorStore.ts:27:10)
          at SnippetManager.processVectorGenerationQueue (D:\OpenSource\SnippetBox\frontend\src\main\services\SnippetManager.ts:406:34)
          at SnippetManager.generateVectorForSnippet (D:\OpenSource\SnippetBox\frontend\src\main\services\SnippetManager.ts:388:10)
          at SnippetManager.createSnippet (D:\OpenSource\SnippetBox\frontend\src\main\services\SnippetManager.ts:72:12)
          at processTicksAndRejections (node:internal/process/task_queues:105:5)
          at D:\OpenSource\SnippetBox\frontend\tests\property\SnippetProperty.test.ts:92:36
          at AsyncProperty.run (D:\OpenSource\SnippetBox\frontend\node_modules\fast-check\lib\cjs\fast-check.js:1208:19)
          at asyncRunIt (D:\OpenSource\SnippetBox\frontend\node_modules\fast-check\lib\cjs\fast-check.js:2503:15)
          at Object.<anonymous> (D:\OpenSource\SnippetBox\frontend\tests\property\SnippetProperty.test.ts:58:7)

    [0m [90m 407 |[39m           console[33m.[39mlog([32m`Generated vector for snippet: ${snippetId}`[39m)[33m;[39m
     [90m 408 |[39m         } [36mcatch[39m (error) {
    [31m[1m>[22m[39m[90m 409 |[39m           console[33m.[39merror([32m`Failed to generate vector for snippet ${snippetId}:`[3
9m[33m,[39m error)[33m;[39m
     [90m     |[39m                   [31m[1m^[22m[39m
     [90m 410 |[39m         }
     [90m 411 |[39m       }
     [90m 412 |[39m     } [36mfinally[39m {[0m

      at SnippetManager.processVectorGenerationQueue (src/main/services/SnippetManager.ts:409:19)

    console.error
      Failed to generate vector for snippet test-snippet-id: TypeError: dbManager.getDb is not a function
          at VectorStore.initialize (D:\OpenSource\SnippetBox\frontend\src\main\services\VectorStore.ts:21:26)
          at VectorStore.addVector (D:\OpenSource\SnippetBox\frontend\src\main\services\VectorStore.ts:27:10)
          at SnippetManager.processVectorGenerationQueue (D:\OpenSource\SnippetBox\frontend\src\main\services\SnippetManager.ts:406:34)
          at SnippetManager.generateVectorForSnippet (D:\OpenSource\SnippetBox\frontend\src\main\services\SnippetManager.ts:388:10)
          at SnippetManager.createSnippet (D:\OpenSource\SnippetBox\frontend\src\main\services\SnippetManager.ts:72:12)
          at processTicksAndRejections (node:internal/process/task_queues:105:5)
          at D:\OpenSource\SnippetBox\frontend\tests\property\SnippetProperty.test.ts:92:36
          at AsyncProperty.run (D:\OpenSource\SnippetBox\frontend\node_modules\fast-check\lib\cjs\fast-check.js:1208:19)
          at asyncRunIt (D:\OpenSource\SnippetBox\frontend\node_modules\fast-check\lib\cjs\fast-check.js:2503:15)
          at Object.<anonymous> (D:\OpenSource\SnippetBox\frontend\tests\property\SnippetProperty.test.ts:58:7)

    [0m [90m 407 |[39m           console[33m.[39mlog([32m`Generated vector for snippet: ${snippetId}`[39m)[33m;[39m
     [90m 408 |[39m         } [36mcatch[39m (error) {
    [31m[1m>[22m[39m[90m 409 |[39m           console[33m.[39merror([32m`Failed to generate vector for snippet ${snippetId}:`[3
9m[33m,[39m error)[33m;[39m
     [90m     |[39m                   [31m[1m^[22m[39m
     [90m 410 |[39m         }
     [90m 411 |[39m       }
     [90m 412 |[39m     } [36mfinally[39m {[0m

      at SnippetManager.processVectorGenerationQueue (src/main/services/SnippetManager.ts:409:19)

    console.error
      Failed to generate vector for snippet test-snippet-id: TypeError: dbManager.getDb is not a function
          at VectorStore.initialize (D:\OpenSource\SnippetBox\frontend\src\main\services\VectorStore.ts:21:26)
          at VectorStore.addVector (D:\OpenSource\SnippetBox\frontend\src\main\services\VectorStore.ts:27:10)
          at SnippetManager.processVectorGenerationQueue (D:\OpenSource\SnippetBox\frontend\src\main\services\SnippetManager.ts:406:34)
          at SnippetManager.generateVectorForSnippet (D:\OpenSource\SnippetBox\frontend\src\main\services\SnippetManager.ts:388:10)
          at SnippetManager.createSnippet (D:\OpenSource\SnippetBox\frontend\src\main\services\SnippetManager.ts:72:12)
          at processTicksAndRejections (node:internal/process/task_queues:105:5)
          at D:\OpenSource\SnippetBox\frontend\tests\property\SnippetProperty.test.ts:92:36
          at AsyncProperty.run (D:\OpenSource\SnippetBox\frontend\node_modules\fast-check\lib\cjs\fast-check.js:1208:19)
          at asyncRunIt (D:\OpenSource\SnippetBox\frontend\node_modules\fast-check\lib\cjs\fast-check.js:2503:15)
          at Object.<anonymous> (D:\OpenSource\SnippetBox\frontend\tests\property\SnippetProperty.test.ts:58:7)

    [0m [90m 407 |[39m           console[33m.[39mlog([32m`Generated vector for snippet: ${snippetId}`[39m)[33m;[39m
     [90m 408 |[39m         } [36mcatch[39m (error) {
    [31m[1m>[22m[39m[90m 409 |[39m           console[33m.[39merror([32m`Failed to generate vector for snippet ${snippetId}:`[3
9m[33m,[39m error)[33m;[39m
     [90m     |[39m                   [31m[1m^[22m[39m
     [90m 410 |[39m         }
     [90m 411 |[39m       }
     [90m 412 |[39m     } [36mfinally[39m {[0m

      at SnippetManager.processVectorGenerationQueue (src/main/services/SnippetManager.ts:409:19)

    console.error
      Failed to generate vector for snippet test-snippet-id: TypeError: dbManager.getDb is not a function
          at VectorStore.initialize (D:\OpenSource\SnippetBox\frontend\src\main\services\VectorStore.ts:21:26)
          at VectorStore.addVector (D:\OpenSource\SnippetBox\frontend\src\main\services\VectorStore.ts:27:10)
          at SnippetManager.processVectorGenerationQueue (D:\OpenSource\SnippetBox\frontend\src\main\services\SnippetManager.ts:406:34)
          at SnippetManager.generateVectorForSnippet (D:\OpenSource\SnippetBox\frontend\src\main\services\SnippetManager.ts:388:10)
          at SnippetManager.createSnippet (D:\OpenSource\SnippetBox\frontend\src\main\services\SnippetManager.ts:72:12)
          at processTicksAndRejections (node:internal/process/task_queues:105:5)
          at D:\OpenSource\SnippetBox\frontend\tests\property\SnippetProperty.test.ts:92:36
          at AsyncProperty.run (D:\OpenSource\SnippetBox\frontend\node_modules\fast-check\lib\cjs\fast-check.js:1208:19)
          at asyncRunIt (D:\OpenSource\SnippetBox\frontend\node_modules\fast-check\lib\cjs\fast-check.js:2503:15)
          at Object.<anonymous> (D:\OpenSource\SnippetBox\frontend\tests\property\SnippetProperty.test.ts:58:7)

    [0m [90m 407 |[39m           console[33m.[39mlog([32m`Generated vector for snippet: ${snippetId}`[39m)[33m;[39m
     [90m 408 |[39m         } [36mcatch[39m (error) {
    [31m[1m>[22m[39m[90m 409 |[39m           console[33m.[39merror([32m`Failed to generate vector for snippet ${snippetId}:`[3
9m[33m,[39m error)[33m;[39m
     [90m     |[39m                   [31m[1m^[22m[39m
     [90m 410 |[39m         }
     [90m 411 |[39m       }
     [90m 412 |[39m     } [36mfinally[39m {[0m

      at SnippetManager.processVectorGenerationQueue (src/main/services/SnippetManager.ts:409:19)

    console.error
      Failed to generate vector for snippet test-snippet-id: TypeError: dbManager.getDb is not a function
          at VectorStore.initialize (D:\OpenSource\SnippetBox\frontend\src\main\services\VectorStore.ts:21:26)
          at VectorStore.addVector (D:\OpenSource\SnippetBox\frontend\src\main\services\VectorStore.ts:27:10)
          at SnippetManager.processVectorGenerationQueue (D:\OpenSource\SnippetBox\frontend\src\main\services\SnippetManager.ts:406:34)
          at SnippetManager.generateVectorForSnippet (D:\OpenSource\SnippetBox\frontend\src\main\services\SnippetManager.ts:388:10)
          at SnippetManager.createSnippet (D:\OpenSource\SnippetBox\frontend\src\main\services\SnippetManager.ts:72:12)
          at processTicksAndRejections (node:internal/process/task_queues:105:5)
          at D:\OpenSource\SnippetBox\frontend\tests\property\SnippetProperty.test.ts:92:36
          at AsyncProperty.run (D:\OpenSource\SnippetBox\frontend\node_modules\fast-check\lib\cjs\fast-check.js:1208:19)
          at asyncRunIt (D:\OpenSource\SnippetBox\frontend\node_modules\fast-check\lib\cjs\fast-check.js:2503:15)
          at Object.<anonymous> (D:\OpenSource\SnippetBox\frontend\tests\property\SnippetProperty.test.ts:58:7)

    [0m [90m 407 |[39m           console[33m.[39mlog([32m`Generated vector for snippet: ${snippetId}`[39m)[33m;[39m
     [90m 408 |[39m         } [36mcatch[39m (error) {
    [31m[1m>[22m[39m[90m 409 |[39m           console[33m.[39merror([32m`Failed to generate vector for snippet ${snippetId}:`[3
9m[33m,[39m error)[33m;[39m
     [90m     |[39m                   [31m[1m^[22m[39m
     [90m 410 |[39m         }
     [90m 411 |[39m       }
     [90m 412 |[39m     } [36mfinally[39m {[0m

      at SnippetManager.processVectorGenerationQueue (src/main/services/SnippetManager.ts:409:19)

    console.error
      Failed to generate vector for snippet test-snippet-id: TypeError: dbManager.getDb is not a function
          at VectorStore.initialize (D:\OpenSource\SnippetBox\frontend\src\main\services\VectorStore.ts:21:26)
          at VectorStore.addVector (D:\OpenSource\SnippetBox\frontend\src\main\services\VectorStore.ts:27:10)
          at SnippetManager.processVectorGenerationQueue (D:\OpenSource\SnippetBox\frontend\src\main\services\SnippetManager.ts:406:34)
          at SnippetManager.generateVectorForSnippet (D:\OpenSource\SnippetBox\frontend\src\main\services\SnippetManager.ts:388:10)
          at SnippetManager.createSnippet (D:\OpenSource\SnippetBox\frontend\src\main\services\SnippetManager.ts:72:12)
          at processTicksAndRejections (node:internal/process/task_queues:105:5)
          at D:\OpenSource\SnippetBox\frontend\tests\property\SnippetProperty.test.ts:92:36
          at AsyncProperty.run (D:\OpenSource\SnippetBox\frontend\node_modules\fast-check\lib\cjs\fast-check.js:1208:19)
          at asyncRunIt (D:\OpenSource\SnippetBox\frontend\node_modules\fast-check\lib\cjs\fast-check.js:2503:15)
          at Object.<anonymous> (D:\OpenSource\SnippetBox\frontend\tests\property\SnippetProperty.test.ts:58:7)

    [0m [90m 407 |[39m           console[33m.[39mlog([32m`Generated vector for snippet: ${snippetId}`[39m)[33m;[39m
     [90m 408 |[39m         } [36mcatch[39m (error) {
    [31m[1m>[22m[39m[90m 409 |[39m           console[33m.[39merror([32m`Failed to generate vector for snippet ${snippetId}:`[3
9m[33m,[39m error)[33m;[39m
     [90m     |[39m                   [31m[1m^[22m[39m
     [90m 410 |[39m         }
     [90m 411 |[39m       }
     [90m 412 |[39m     } [36mfinally[39m {[0m

      at SnippetManager.processVectorGenerationQueue (src/main/services/SnippetManager.ts:409:19)

    console.error
      Failed to generate vector for snippet test-snippet-id: TypeError: dbManager.getDb is not a function
          at VectorStore.initialize (D:\OpenSource\SnippetBox\frontend\src\main\services\VectorStore.ts:21:26)
          at VectorStore.addVector (D:\OpenSource\SnippetBox\frontend\src\main\services\VectorStore.ts:27:10)
          at SnippetManager.processVectorGenerationQueue (D:\OpenSource\SnippetBox\frontend\src\main\services\SnippetManager.ts:406:34)
          at SnippetManager.generateVectorForSnippet (D:\OpenSource\SnippetBox\frontend\src\main\services\SnippetManager.ts:388:10)
          at SnippetManager.createSnippet (D:\OpenSource\SnippetBox\frontend\src\main\services\SnippetManager.ts:72:12)
          at processTicksAndRejections (node:internal/process/task_queues:105:5)
          at D:\OpenSource\SnippetBox\frontend\tests\property\SnippetProperty.test.ts:92:36
          at AsyncProperty.run (D:\OpenSource\SnippetBox\frontend\node_modules\fast-check\lib\cjs\fast-check.js:1208:19)
          at asyncRunIt (D:\OpenSource\SnippetBox\frontend\node_modules\fast-check\lib\cjs\fast-check.js:2503:15)
          at Object.<anonymous> (D:\OpenSource\SnippetBox\frontend\tests\property\SnippetProperty.test.ts:58:7)

    [0m [90m 407 |[39m           console[33m.[39mlog([32m`Generated vector for snippet: ${snippetId}`[39m)[33m;[39m
     [90m 408 |[39m         } [36mcatch[39m (error) {
    [31m[1m>[22m[39m[90m 409 |[39m           console[33m.[39merror([32m`Failed to generate vector for snippet ${snippetId}:`[3
9m[33m,[39m error)[33m;[39m
     [90m     |[39m                   [31m[1m^[22m[39m
     [90m 410 |[39m         }
     [90m 411 |[39m       }
     [90m 412 |[39m     } [36mfinally[39m {[0m

      at SnippetManager.processVectorGenerationQueue (src/main/services/SnippetManager.ts:409:19)

    console.error
      Failed to generate vector for snippet test-snippet-id: TypeError: dbManager.getDb is not a function
          at VectorStore.initialize (D:\OpenSource\SnippetBox\frontend\src\main\services\VectorStore.ts:21:26)
          at VectorStore.addVector (D:\OpenSource\SnippetBox\frontend\src\main\services\VectorStore.ts:27:10)
          at SnippetManager.processVectorGenerationQueue (D:\OpenSource\SnippetBox\frontend\src\main\services\SnippetManager.ts:406:34)
          at SnippetManager.generateVectorForSnippet (D:\OpenSource\SnippetBox\frontend\src\main\services\SnippetManager.ts:388:10)
          at SnippetManager.createSnippet (D:\OpenSource\SnippetBox\frontend\src\main\services\SnippetManager.ts:72:12)
          at processTicksAndRejections (node:internal/process/task_queues:105:5)
          at D:\OpenSource\SnippetBox\frontend\tests\property\SnippetProperty.test.ts:92:36
          at AsyncProperty.run (D:\OpenSource\SnippetBox\frontend\node_modules\fast-check\lib\cjs\fast-check.js:1208:19)
          at asyncRunIt (D:\OpenSource\SnippetBox\frontend\node_modules\fast-check\lib\cjs\fast-check.js:2503:15)
          at Object.<anonymous> (D:\OpenSource\SnippetBox\frontend\tests\property\SnippetProperty.test.ts:58:7)

    [0m [90m 407 |[39m           console[33m.[39mlog([32m`Generated vector for snippet: ${snippetId}`[39m)[33m;[39m
     [90m 408 |[39m         } [36mcatch[39m (error) {
    [31m[1m>[22m[39m[90m 409 |[39m           console[33m.[39merror([32m`Failed to generate vector for snippet ${snippetId}:`[3
9m[33m,[39m error)[33m;[39m
     [90m     |[39m                   [31m[1m^[22m[39m
     [90m 410 |[39m         }
     [90m 411 |[39m       }
     [90m 412 |[39m     } [36mfinally[39m {[0m

      at SnippetManager.processVectorGenerationQueue (src/main/services/SnippetManager.ts:409:19)

    console.error
      Failed to generate vector for snippet test-snippet-id: TypeError: dbManager.getDb is not a function
          at VectorStore.initialize (D:\OpenSource\SnippetBox\frontend\src\main\services\VectorStore.ts:21:26)
          at VectorStore.addVector (D:\OpenSource\SnippetBox\frontend\src\main\services\VectorStore.ts:27:10)
          at SnippetManager.processVectorGenerationQueue (D:\OpenSource\SnippetBox\frontend\src\main\services\SnippetManager.ts:406:34)
          at SnippetManager.generateVectorForSnippet (D:\OpenSource\SnippetBox\frontend\src\main\services\SnippetManager.ts:388:10)
          at SnippetManager.createSnippet (D:\OpenSource\SnippetBox\frontend\src\main\services\SnippetManager.ts:72:12)
          at processTicksAndRejections (node:internal/process/task_queues:105:5)
          at D:\OpenSource\SnippetBox\frontend\tests\property\SnippetProperty.test.ts:92:36
          at AsyncProperty.run (D:\OpenSource\SnippetBox\frontend\node_modules\fast-check\lib\cjs\fast-check.js:1208:19)
          at asyncRunIt (D:\OpenSource\SnippetBox\frontend\node_modules\fast-check\lib\cjs\fast-check.js:2503:15)
          at Object.<anonymous> (D:\OpenSource\SnippetBox\frontend\tests\property\SnippetProperty.test.ts:58:7)

    [0m [90m 407 |[39m           console[33m.[39mlog([32m`Generated vector for snippet: ${snippetId}`[39m)[33m;[39m
     [90m 408 |[39m         } [36mcatch[39m (error) {
    [31m[1m>[22m[39m[90m 409 |[39m           console[33m.[39merror([32m`Failed to generate vector for snippet ${snippetId}:`[3
9m[33m,[39m error)[33m;[39m
     [90m     |[39m                   [31m[1m^[22m[39m
     [90m 410 |[39m         }
     [90m 411 |[39m       }
     [90m 412 |[39m     } [36mfinally[39m {[0m

      at SnippetManager.processVectorGenerationQueue (src/main/services/SnippetManager.ts:409:19)

    console.error
      Failed to generate vector for snippet test-snippet-id: TypeError: dbManager.getDb is not a function
          at VectorStore.initialize (D:\OpenSource\SnippetBox\frontend\src\main\services\VectorStore.ts:21:26)
          at VectorStore.addVector (D:\OpenSource\SnippetBox\frontend\src\main\services\VectorStore.ts:27:10)
          at SnippetManager.processVectorGenerationQueue (D:\OpenSource\SnippetBox\frontend\src\main\services\SnippetManager.ts:406:34)
          at SnippetManager.generateVectorForSnippet (D:\OpenSource\SnippetBox\frontend\src\main\services\SnippetManager.ts:388:10)
          at SnippetManager.createSnippet (D:\OpenSource\SnippetBox\frontend\src\main\services\SnippetManager.ts:72:12)
          at processTicksAndRejections (node:internal/process/task_queues:105:5)
          at D:\OpenSource\SnippetBox\frontend\tests\property\SnippetProperty.test.ts:92:36
          at AsyncProperty.run (D:\OpenSource\SnippetBox\frontend\node_modules\fast-check\lib\cjs\fast-check.js:1208:19)
          at asyncRunIt (D:\OpenSource\SnippetBox\frontend\node_modules\fast-check\lib\cjs\fast-check.js:2503:15)
          at Object.<anonymous> (D:\OpenSource\SnippetBox\frontend\tests\property\SnippetProperty.test.ts:58:7)

    [0m [90m 407 |[39m           console[33m.[39mlog([32m`Generated vector for snippet: ${snippetId}`[39m)[33m;[39m
     [90m 408 |[39m         } [36mcatch[39m (error) {
    [31m[1m>[22m[39m[90m 409 |[39m           console[33m.[39merror([32m`Failed to generate vector for snippet ${snippetId}:`[3
9m[33m,[39m error)[33m;[39m
     [90m     |[39m                   [31m[1m^[22m[39m
     [90m 410 |[39m         }
     [90m 411 |[39m       }
     [90m 412 |[39m     } [36mfinally[39m {[0m

      at SnippetManager.processVectorGenerationQueue (src/main/services/SnippetManager.ts:409:19)

    console.error
      Failed to generate vector for snippet test-snippet-id: TypeError: dbManager.getDb is not a function
          at VectorStore.initialize (D:\OpenSource\SnippetBox\frontend\src\main\services\VectorStore.ts:21:26)
          at VectorStore.addVector (D:\OpenSource\SnippetBox\frontend\src\main\services\VectorStore.ts:27:10)
          at SnippetManager.processVectorGenerationQueue (D:\OpenSource\SnippetBox\frontend\src\main\services\SnippetManager.ts:406:34)
          at SnippetManager.generateVectorForSnippet (D:\OpenSource\SnippetBox\frontend\src\main\services\SnippetManager.ts:388:10)
          at SnippetManager.createSnippet (D:\OpenSource\SnippetBox\frontend\src\main\services\SnippetManager.ts:72:12)
          at processTicksAndRejections (node:internal/process/task_queues:105:5)
          at D:\OpenSource\SnippetBox\frontend\tests\property\SnippetProperty.test.ts:92:36
          at AsyncProperty.run (D:\OpenSource\SnippetBox\frontend\node_modules\fast-check\lib\cjs\fast-check.js:1208:19)
          at asyncRunIt (D:\OpenSource\SnippetBox\frontend\node_modules\fast-check\lib\cjs\fast-check.js:2503:15)
          at Object.<anonymous> (D:\OpenSource\SnippetBox\frontend\tests\property\SnippetProperty.test.ts:58:7)

    [0m [90m 407 |[39m           console[33m.[39mlog([32m`Generated vector for snippet: ${snippetId}`[39m)[33m;[39m
     [90m 408 |[39m         } [36mcatch[39m (error) {
    [31m[1m>[22m[39m[90m 409 |[39m           console[33m.[39merror([32m`Failed to generate vector for snippet ${snippetId}:`[3
9m[33m,[39m error)[33m;[39m
     [90m     |[39m                   [31m[1m^[22m[39m
     [90m 410 |[39m         }
     [90m 411 |[39m       }
     [90m 412 |[39m     } [36mfinally[39m {[0m

      at SnippetManager.processVectorGenerationQueue (src/main/services/SnippetManager.ts:409:19)

    console.error
      Failed to generate vector for snippet test-snippet-id: TypeError: dbManager.getDb is not a function
          at VectorStore.initialize (D:\OpenSource\SnippetBox\frontend\src\main\services\VectorStore.ts:21:26)
          at VectorStore.addVector (D:\OpenSource\SnippetBox\frontend\src\main\services\VectorStore.ts:27:10)
          at SnippetManager.processVectorGenerationQueue (D:\OpenSource\SnippetBox\frontend\src\main\services\SnippetManager.ts:406:34)
          at SnippetManager.generateVectorForSnippet (D:\OpenSource\SnippetBox\frontend\src\main\services\SnippetManager.ts:388:10)
          at SnippetManager.createSnippet (D:\OpenSource\SnippetBox\frontend\src\main\services\SnippetManager.ts:72:12)
          at processTicksAndRejections (node:internal/process/task_queues:105:5)
          at D:\OpenSource\SnippetBox\frontend\tests\property\SnippetProperty.test.ts:92:36
          at AsyncProperty.run (D:\OpenSource\SnippetBox\frontend\node_modules\fast-check\lib\cjs\fast-check.js:1208:19)
          at asyncRunIt (D:\OpenSource\SnippetBox\frontend\node_modules\fast-check\lib\cjs\fast-check.js:2503:15)
          at Object.<anonymous> (D:\OpenSource\SnippetBox\frontend\tests\property\SnippetProperty.test.ts:58:7)

    [0m [90m 407 |[39m           console[33m.[39mlog([32m`Generated vector for snippet: ${snippetId}`[39m)[33m;[39m
     [90m 408 |[39m         } [36mcatch[39m (error) {
    [31m[1m>[22m[39m[90m 409 |[39m           console[33m.[39merror([32m`Failed to generate vector for snippet ${snippetId}:`[3
9m[33m,[39m error)[33m;[39m
     [90m     |[39m                   [31m[1m^[22m[39m
     [90m 410 |[39m         }
     [90m 411 |[39m       }
     [90m 412 |[39m     } [36mfinally[39m {[0m

      at SnippetManager.processVectorGenerationQueue (src/main/services/SnippetManager.ts:409:19)

    console.error
      Failed to generate vector for snippet test-snippet-id: TypeError: dbManager.getDb is not a function
          at VectorStore.initialize (D:\OpenSource\SnippetBox\frontend\src\main\services\VectorStore.ts:21:26)
          at VectorStore.addVector (D:\OpenSource\SnippetBox\frontend\src\main\services\VectorStore.ts:27:10)
          at SnippetManager.processVectorGenerationQueue (D:\OpenSource\SnippetBox\frontend\src\main\services\SnippetManager.ts:406:34)
          at SnippetManager.generateVectorForSnippet (D:\OpenSource\SnippetBox\frontend\src\main\services\SnippetManager.ts:388:10)
          at SnippetManager.createSnippet (D:\OpenSource\SnippetBox\frontend\src\main\services\SnippetManager.ts:72:12)
          at processTicksAndRejections (node:internal/process/task_queues:105:5)
          at D:\OpenSource\SnippetBox\frontend\tests\property\SnippetProperty.test.ts:92:36
          at AsyncProperty.run (D:\OpenSource\SnippetBox\frontend\node_modules\fast-check\lib\cjs\fast-check.js:1208:19)
          at asyncRunIt (D:\OpenSource\SnippetBox\frontend\node_modules\fast-check\lib\cjs\fast-check.js:2503:15)
          at Object.<anonymous> (D:\OpenSource\SnippetBox\frontend\tests\property\SnippetProperty.test.ts:58:7)

    [0m [90m 407 |[39m           console[33m.[39mlog([32m`Generated vector for snippet: ${snippetId}`[39m)[33m;[39m
     [90m 408 |[39m         } [36mcatch[39m (error) {
    [31m[1m>[22m[39m[90m 409 |[39m           console[33m.[39merror([32m`Failed to generate vector for snippet ${snippetId}:`[3
9m[33m,[39m error)[33m;[39m
     [90m     |[39m                   [31m[1m^[22m[39m
     [90m 410 |[39m         }
     [90m 411 |[39m       }
     [90m 412 |[39m     } [36mfinally[39m {[0m

      at SnippetManager.processVectorGenerationQueue (src/main/services/SnippetManager.ts:409:19)

    console.error
      Failed to generate vector for snippet test-snippet-id: TypeError: dbManager.getDb is not a function
          at VectorStore.initialize (D:\OpenSource\SnippetBox\frontend\src\main\services\VectorStore.ts:21:26)
          at VectorStore.addVector (D:\OpenSource\SnippetBox\frontend\src\main\services\VectorStore.ts:27:10)
          at SnippetManager.processVectorGenerationQueue (D:\OpenSource\SnippetBox\frontend\src\main\services\SnippetManager.ts:406:34)
          at SnippetManager.generateVectorForSnippet (D:\OpenSource\SnippetBox\frontend\src\main\services\SnippetManager.ts:388:10)
          at SnippetManager.createSnippet (D:\OpenSource\SnippetBox\frontend\src\main\services\SnippetManager.ts:72:12)
          at processTicksAndRejections (node:internal/process/task_queues:105:5)
          at D:\OpenSource\SnippetBox\frontend\tests\property\SnippetProperty.test.ts:92:36
          at AsyncProperty.run (D:\OpenSource\SnippetBox\frontend\node_modules\fast-check\lib\cjs\fast-check.js:1208:19)
          at asyncRunIt (D:\OpenSource\SnippetBox\frontend\node_modules\fast-check\lib\cjs\fast-check.js:2503:15)
          at Object.<anonymous> (D:\OpenSource\SnippetBox\frontend\tests\property\SnippetProperty.test.ts:58:7)

    [0m [90m 407 |[39m           console[33m.[39mlog([32m`Generated vector for snippet: ${snippetId}`[39m)[33m;[39m
     [90m 408 |[39m         } [36mcatch[39m (error) {
    [31m[1m>[22m[39m[90m 409 |[39m           console[33m.[39merror([32m`Failed to generate vector for snippet ${snippetId}:`[3
9m[33m,[39m error)[33m;[39m
     [90m     |[39m                   [31m[1m^[22m[39m
     [90m 410 |[39m         }
     [90m 411 |[39m       }
     [90m 412 |[39m     } [36mfinally[39m {[0m

      at SnippetManager.processVectorGenerationQueue (src/main/services/SnippetManager.ts:409:19)

    console.error
      Failed to generate vector for snippet test-snippet-id: TypeError: dbManager.getDb is not a function
          at VectorStore.initialize (D:\OpenSource\SnippetBox\frontend\src\main\services\VectorStore.ts:21:26)
          at VectorStore.addVector (D:\OpenSource\SnippetBox\frontend\src\main\services\VectorStore.ts:27:10)
          at SnippetManager.processVectorGenerationQueue (D:\OpenSource\SnippetBox\frontend\src\main\services\SnippetManager.ts:406:34)
          at SnippetManager.generateVectorForSnippet (D:\OpenSource\SnippetBox\frontend\src\main\services\SnippetManager.ts:388:10)
          at SnippetManager.createSnippet (D:\OpenSource\SnippetBox\frontend\src\main\services\SnippetManager.ts:72:12)
          at processTicksAndRejections (node:internal/process/task_queues:105:5)
          at D:\OpenSource\SnippetBox\frontend\tests\property\SnippetProperty.test.ts:92:36
          at AsyncProperty.run (D:\OpenSource\SnippetBox\frontend\node_modules\fast-check\lib\cjs\fast-check.js:1208:19)
          at asyncRunIt (D:\OpenSource\SnippetBox\frontend\node_modules\fast-check\lib\cjs\fast-check.js:2503:15)
          at Object.<anonymous> (D:\OpenSource\SnippetBox\frontend\tests\property\SnippetProperty.test.ts:58:7)

    [0m [90m 407 |[39m           console[33m.[39mlog([32m`Generated vector for snippet: ${snippetId}`[39m)[33m;[39m
     [90m 408 |[39m         } [36mcatch[39m (error) {
    [31m[1m>[22m[39m[90m 409 |[39m           console[33m.[39merror([32m`Failed to generate vector for snippet ${snippetId}:`[3
9m[33m,[39m error)[33m;[39m
     [90m     |[39m                   [31m[1m^[22m[39m
     [90m 410 |[39m         }
     [90m 411 |[39m       }
     [90m 412 |[39m     } [36mfinally[39m {[0m

      at SnippetManager.processVectorGenerationQueue (src/main/services/SnippetManager.ts:409:19)

    console.error
      Failed to generate vector for snippet test-snippet-id: TypeError: dbManager.getDb is not a function
          at VectorStore.initialize (D:\OpenSource\SnippetBox\frontend\src\main\services\VectorStore.ts:21:26)
          at VectorStore.addVector (D:\OpenSource\SnippetBox\frontend\src\main\services\VectorStore.ts:27:10)
          at SnippetManager.processVectorGenerationQueue (D:\OpenSource\SnippetBox\frontend\src\main\services\SnippetManager.ts:406:34)
          at SnippetManager.generateVectorForSnippet (D:\OpenSource\SnippetBox\frontend\src\main\services\SnippetManager.ts:388:10)
          at SnippetManager.createSnippet (D:\OpenSource\SnippetBox\frontend\src\main\services\SnippetManager.ts:72:12)
          at processTicksAndRejections (node:internal/process/task_queues:105:5)
          at D:\OpenSource\SnippetBox\frontend\tests\property\SnippetProperty.test.ts:92:36
          at AsyncProperty.run (D:\OpenSource\SnippetBox\frontend\node_modules\fast-check\lib\cjs\fast-check.js:1208:19)
          at asyncRunIt (D:\OpenSource\SnippetBox\frontend\node_modules\fast-check\lib\cjs\fast-check.js:2503:15)
          at Object.<anonymous> (D:\OpenSource\SnippetBox\frontend\tests\property\SnippetProperty.test.ts:58:7)

    [0m [90m 407 |[39m           console[33m.[39mlog([32m`Generated vector for snippet: ${snippetId}`[39m)[33m;[39m
     [90m 408 |[39m         } [36mcatch[39m (error) {
    [31m[1m>[22m[39m[90m 409 |[39m           console[33m.[39merror([32m`Failed to generate vector for snippet ${snippetId}:`[3
9m[33m,[39m error)[33m;[39m
     [90m     |[39m                   [31m[1m^[22m[39m
     [90m 410 |[39m         }
     [90m 411 |[39m       }
     [90m 412 |[39m     } [36mfinally[39m {[0m

      at SnippetManager.processVectorGenerationQueue (src/main/services/SnippetManager.ts:409:19)

    console.error
      Failed to generate vector for snippet test-snippet-id: TypeError: dbManager.getDb is not a function
          at VectorStore.initialize (D:\OpenSource\SnippetBox\frontend\src\main\services\VectorStore.ts:21:26)
          at VectorStore.addVector (D:\OpenSource\SnippetBox\frontend\src\main\services\VectorStore.ts:27:10)
          at SnippetManager.processVectorGenerationQueue (D:\OpenSource\SnippetBox\frontend\src\main\services\SnippetManager.ts:406:34)
          at SnippetManager.generateVectorForSnippet (D:\OpenSource\SnippetBox\frontend\src\main\services\SnippetManager.ts:388:10)
          at SnippetManager.createSnippet (D:\OpenSource\SnippetBox\frontend\src\main\services\SnippetManager.ts:72:12)
          at processTicksAndRejections (node:internal/process/task_queues:105:5)
          at D:\OpenSource\SnippetBox\frontend\tests\property\SnippetProperty.test.ts:92:36
          at AsyncProperty.run (D:\OpenSource\SnippetBox\frontend\node_modules\fast-check\lib\cjs\fast-check.js:1208:19)
          at asyncRunIt (D:\OpenSource\SnippetBox\frontend\node_modules\fast-check\lib\cjs\fast-check.js:2503:15)
          at Object.<anonymous> (D:\OpenSource\SnippetBox\frontend\tests\property\SnippetProperty.test.ts:58:7)

    [0m [90m 407 |[39m           console[33m.[39mlog([32m`Generated vector for snippet: ${snippetId}`[39m)[33m;[39m
     [90m 408 |[39m         } [36mcatch[39m (error) {
    [31m[1m>[22m[39m[90m 409 |[39m           console[33m.[39merror([32m`Failed to generate vector for snippet ${snippetId}:`[3
9m[33m,[39m error)[33m;[39m
     [90m     |[39m                   [31m[1m^[22m[39m
     [90m 410 |[39m         }
     [90m 411 |[39m       }
     [90m 412 |[39m     } [36mfinally[39m {[0m

      at SnippetManager.processVectorGenerationQueue (src/main/services/SnippetManager.ts:409:19)

    console.error
      Failed to generate vector for snippet test-snippet-id: TypeError: dbManager.getDb is not a function
          at VectorStore.initialize (D:\OpenSource\SnippetBox\frontend\src\main\services\VectorStore.ts:21:26)
          at VectorStore.addVector (D:\OpenSource\SnippetBox\frontend\src\main\services\VectorStore.ts:27:10)
          at SnippetManager.processVectorGenerationQueue (D:\OpenSource\SnippetBox\frontend\src\main\services\SnippetManager.ts:406:34)
          at SnippetManager.generateVectorForSnippet (D:\OpenSource\SnippetBox\frontend\src\main\services\SnippetManager.ts:388:10)
          at SnippetManager.createSnippet (D:\OpenSource\SnippetBox\frontend\src\main\services\SnippetManager.ts:72:12)
          at processTicksAndRejections (node:internal/process/task_queues:105:5)
          at D:\OpenSource\SnippetBox\frontend\tests\property\SnippetProperty.test.ts:92:36
          at AsyncProperty.run (D:\OpenSource\SnippetBox\frontend\node_modules\fast-check\lib\cjs\fast-check.js:1208:19)
          at asyncRunIt (D:\OpenSource\SnippetBox\frontend\node_modules\fast-check\lib\cjs\fast-check.js:2503:15)
          at Object.<anonymous> (D:\OpenSource\SnippetBox\frontend\tests\property\SnippetProperty.test.ts:58:7)

    [0m [90m 407 |[39m           console[33m.[39mlog([32m`Generated vector for snippet: ${snippetId}`[39m)[33m;[39m
     [90m 408 |[39m         } [36mcatch[39m (error) {
    [31m[1m>[22m[39m[90m 409 |[39m           console[33m.[39merror([32m`Failed to generate vector for snippet ${snippetId}:`[3
9m[33m,[39m error)[33m;[39m
     [90m     |[39m                   [31m[1m^[22m[39m
     [90m 410 |[39m         }
     [90m 411 |[39m       }
     [90m 412 |[39m     } [36mfinally[39m {[0m

      at SnippetManager.processVectorGenerationQueue (src/main/services/SnippetManager.ts:409:19)

    console.error
      Failed to generate vector for snippet test-snippet-id: TypeError: dbManager.getDb is not a function
          at VectorStore.initialize (D:\OpenSource\SnippetBox\frontend\src\main\services\VectorStore.ts:21:26)
          at VectorStore.addVector (D:\OpenSource\SnippetBox\frontend\src\main\services\VectorStore.ts:27:10)
          at SnippetManager.processVectorGenerationQueue (D:\OpenSource\SnippetBox\frontend\src\main\services\SnippetManager.ts:406:34)
          at SnippetManager.generateVectorForSnippet (D:\OpenSource\SnippetBox\frontend\src\main\services\SnippetManager.ts:388:10)
          at SnippetManager.createSnippet (D:\OpenSource\SnippetBox\frontend\src\main\services\SnippetManager.ts:72:12)
          at processTicksAndRejections (node:internal/process/task_queues:105:5)
          at D:\OpenSource\SnippetBox\frontend\tests\property\SnippetProperty.test.ts:92:36
          at AsyncProperty.run (D:\OpenSource\SnippetBox\frontend\node_modules\fast-check\lib\cjs\fast-check.js:1208:19)
          at asyncRunIt (D:\OpenSource\SnippetBox\frontend\node_modules\fast-check\lib\cjs\fast-check.js:2503:15)
          at Object.<anonymous> (D:\OpenSource\SnippetBox\frontend\tests\property\SnippetProperty.test.ts:58:7)

    [0m [90m 407 |[39m           console[33m.[39mlog([32m`Generated vector for snippet: ${snippetId}`[39m)[33m;[39m
     [90m 408 |[39m         } [36mcatch[39m (error) {
    [31m[1m>[22m[39m[90m 409 |[39m           console[33m.[39merror([32m`Failed to generate vector for snippet ${snippetId}:`[3
9m[33m,[39m error)[33m;[39m
     [90m     |[39m                   [31m[1m^[22m[39m
     [90m 410 |[39m         }
     [90m 411 |[39m       }
     [90m 412 |[39m     } [36mfinally[39m {[0m

      at SnippetManager.processVectorGenerationQueue (src/main/services/SnippetManager.ts:409:19)

    console.error
      Failed to generate vector for snippet test-snippet-id: TypeError: dbManager.getDb is not a function
          at VectorStore.initialize (D:\OpenSource\SnippetBox\frontend\src\main\services\VectorStore.ts:21:26)
          at VectorStore.addVector (D:\OpenSource\SnippetBox\frontend\src\main\services\VectorStore.ts:27:10)
          at SnippetManager.processVectorGenerationQueue (D:\OpenSource\SnippetBox\frontend\src\main\services\SnippetManager.ts:406:34)
          at SnippetManager.generateVectorForSnippet (D:\OpenSource\SnippetBox\frontend\src\main\services\SnippetManager.ts:388:10)
          at SnippetManager.createSnippet (D:\OpenSource\SnippetBox\frontend\src\main\services\SnippetManager.ts:72:12)
          at processTicksAndRejections (node:internal/process/task_queues:105:5)
          at D:\OpenSource\SnippetBox\frontend\tests\property\SnippetProperty.test.ts:92:36
          at AsyncProperty.run (D:\OpenSource\SnippetBox\frontend\node_modules\fast-check\lib\cjs\fast-check.js:1208:19)
          at asyncRunIt (D:\OpenSource\SnippetBox\frontend\node_modules\fast-check\lib\cjs\fast-check.js:2503:15)
          at Object.<anonymous> (D:\OpenSource\SnippetBox\frontend\tests\property\SnippetProperty.test.ts:58:7)

    [0m [90m 407 |[39m           console[33m.[39mlog([32m`Generated vector for snippet: ${snippetId}`[39m)[33m;[39m
     [90m 408 |[39m         } [36mcatch[39m (error) {
    [31m[1m>[22m[39m[90m 409 |[39m           console[33m.[39merror([32m`Failed to generate vector for snippet ${snippetId}:`[3
9m[33m,[39m error)[33m;[39m
     [90m     |[39m                   [31m[1m^[22m[39m
     [90m 410 |[39m         }
     [90m 411 |[39m       }
     [90m 412 |[39m     } [36mfinally[39m {[0m

      at SnippetManager.processVectorGenerationQueue (src/main/services/SnippetManager.ts:409:19)

    console.error
      Failed to generate vector for snippet test-snippet-id: TypeError: dbManager.getDb is not a function
          at VectorStore.initialize (D:\OpenSource\SnippetBox\frontend\src\main\services\VectorStore.ts:21:26)
          at VectorStore.addVector (D:\OpenSource\SnippetBox\frontend\src\main\services\VectorStore.ts:27:10)
          at SnippetManager.processVectorGenerationQueue (D:\OpenSource\SnippetBox\frontend\src\main\services\SnippetManager.ts:406:34)
          at SnippetManager.generateVectorForSnippet (D:\OpenSource\SnippetBox\frontend\src\main\services\SnippetManager.ts:388:10)
          at SnippetManager.createSnippet (D:\OpenSource\SnippetBox\frontend\src\main\services\SnippetManager.ts:72:12)
          at processTicksAndRejections (node:internal/process/task_queues:105:5)
          at D:\OpenSource\SnippetBox\frontend\tests\property\SnippetProperty.test.ts:92:36
          at AsyncProperty.run (D:\OpenSource\SnippetBox\frontend\node_modules\fast-check\lib\cjs\fast-check.js:1208:19)
          at asyncRunIt (D:\OpenSource\SnippetBox\frontend\node_modules\fast-check\lib\cjs\fast-check.js:2503:15)
          at Object.<anonymous> (D:\OpenSource\SnippetBox\frontend\tests\property\SnippetProperty.test.ts:58:7)

    [0m [90m 407 |[39m           console[33m.[39mlog([32m`Generated vector for snippet: ${snippetId}`[39m)[33m;[39m
     [90m 408 |[39m         } [36mcatch[39m (error) {
    [31m[1m>[22m[39m[90m 409 |[39m           console[33m.[39merror([32m`Failed to generate vector for snippet ${snippetId}:`[3
9m[33m,[39m error)[33m;[39m
     [90m     |[39m                   [31m[1m^[22m[39m
     [90m 410 |[39m         }
     [90m 411 |[39m       }
     [90m 412 |[39m     } [36mfinally[39m {[0m

      at SnippetManager.processVectorGenerationQueue (src/main/services/SnippetManager.ts:409:19)

    console.error
      Failed to generate vector for snippet test-snippet-id: TypeError: dbManager.getDb is not a function
          at VectorStore.initialize (D:\OpenSource\SnippetBox\frontend\src\main\services\VectorStore.ts:21:26)
          at VectorStore.addVector (D:\OpenSource\SnippetBox\frontend\src\main\services\VectorStore.ts:27:10)
          at SnippetManager.processVectorGenerationQueue (D:\OpenSource\SnippetBox\frontend\src\main\services\SnippetManager.ts:406:34)
          at SnippetManager.generateVectorForSnippet (D:\OpenSource\SnippetBox\frontend\src\main\services\SnippetManager.ts:388:10)
          at SnippetManager.createSnippet (D:\OpenSource\SnippetBox\frontend\src\main\services\SnippetManager.ts:72:12)
          at processTicksAndRejections (node:internal/process/task_queues:105:5)
          at D:\OpenSource\SnippetBox\frontend\tests\property\SnippetProperty.test.ts:92:36
          at AsyncProperty.run (D:\OpenSource\SnippetBox\frontend\node_modules\fast-check\lib\cjs\fast-check.js:1208:19)
          at asyncRunIt (D:\OpenSource\SnippetBox\frontend\node_modules\fast-check\lib\cjs\fast-check.js:2503:15)
          at Object.<anonymous> (D:\OpenSource\SnippetBox\frontend\tests\property\SnippetProperty.test.ts:58:7)

    [0m [90m 407 |[39m           console[33m.[39mlog([32m`Generated vector for snippet: ${snippetId}`[39m)[33m;[39m
     [90m 408 |[39m         } [36mcatch[39m (error) {
    [31m[1m>[22m[39m[90m 409 |[39m           console[33m.[39merror([32m`Failed to generate vector for snippet ${snippetId}:`[3
9m[33m,[39m error)[33m;[39m
     [90m     |[39m                   [31m[1m^[22m[39m
     [90m 410 |[39m         }
     [90m 411 |[39m       }
     [90m 412 |[39m     } [36mfinally[39m {[0m

      at SnippetManager.processVectorGenerationQueue (src/main/services/SnippetManager.ts:409:19)

    console.error
      Failed to generate vector for snippet test-snippet-id: TypeError: dbManager.getDb is not a function
          at VectorStore.initialize (D:\OpenSource\SnippetBox\frontend\src\main\services\VectorStore.ts:21:26)
          at VectorStore.addVector (D:\OpenSource\SnippetBox\frontend\src\main\services\VectorStore.ts:27:10)
          at SnippetManager.processVectorGenerationQueue (D:\OpenSource\SnippetBox\frontend\src\main\services\SnippetManager.ts:406:34)
          at SnippetManager.generateVectorForSnippet (D:\OpenSource\SnippetBox\frontend\src\main\services\SnippetManager.ts:388:10)
          at SnippetManager.createSnippet (D:\OpenSource\SnippetBox\frontend\src\main\services\SnippetManager.ts:72:12)
          at processTicksAndRejections (node:internal/process/task_queues:105:5)
          at D:\OpenSource\SnippetBox\frontend\tests\property\SnippetProperty.test.ts:92:36
          at AsyncProperty.run (D:\OpenSource\SnippetBox\frontend\node_modules\fast-check\lib\cjs\fast-check.js:1208:19)
          at asyncRunIt (D:\OpenSource\SnippetBox\frontend\node_modules\fast-check\lib\cjs\fast-check.js:2503:15)
          at Object.<anonymous> (D:\OpenSource\SnippetBox\frontend\tests\property\SnippetProperty.test.ts:58:7)

    [0m [90m 407 |[39m           console[33m.[39mlog([32m`Generated vector for snippet: ${snippetId}`[39m)[33m;[39m
     [90m 408 |[39m         } [36mcatch[39m (error) {
    [31m[1m>[22m[39m[90m 409 |[39m           console[33m.[39merror([32m`Failed to generate vector for snippet ${snippetId}:`[3
9m[33m,[39m error)[33m;[39m
     [90m     |[39m                   [31m[1m^[22m[39m
     [90m 410 |[39m         }
     [90m 411 |[39m       }
     [90m 412 |[39m     } [36mfinally[39m {[0m

      at SnippetManager.processVectorGenerationQueue (src/main/services/SnippetManager.ts:409:19)

    console.error
      Failed to generate vector for snippet test-snippet-id: TypeError: dbManager.getDb is not a function
          at VectorStore.initialize (D:\OpenSource\SnippetBox\frontend\src\main\services\VectorStore.ts:21:26)
          at VectorStore.addVector (D:\OpenSource\SnippetBox\frontend\src\main\services\VectorStore.ts:27:10)
          at SnippetManager.processVectorGenerationQueue (D:\OpenSource\SnippetBox\frontend\src\main\services\SnippetManager.ts:406:34)
          at SnippetManager.generateVectorForSnippet (D:\OpenSource\SnippetBox\frontend\src\main\services\SnippetManager.ts:388:10)
          at SnippetManager.createSnippet (D:\OpenSource\SnippetBox\frontend\src\main\services\SnippetManager.ts:72:12)
          at processTicksAndRejections (node:internal/process/task_queues:105:5)
          at D:\OpenSource\SnippetBox\frontend\tests\property\SnippetProperty.test.ts:92:36
          at AsyncProperty.run (D:\OpenSource\SnippetBox\frontend\node_modules\fast-check\lib\cjs\fast-check.js:1208:19)
          at asyncRunIt (D:\OpenSource\SnippetBox\frontend\node_modules\fast-check\lib\cjs\fast-check.js:2503:15)
          at Object.<anonymous> (D:\OpenSource\SnippetBox\frontend\tests\property\SnippetProperty.test.ts:58:7)

    [0m [90m 407 |[39m           console[33m.[39mlog([32m`Generated vector for snippet: ${snippetId}`[39m)[33m;[39m
     [90m 408 |[39m         } [36mcatch[39m (error) {
    [31m[1m>[22m[39m[90m 409 |[39m           console[33m.[39merror([32m`Failed to generate vector for snippet ${snippetId}:`[3
9m[33m,[39m error)[33m;[39m
     [90m     |[39m                   [31m[1m^[22m[39m
     [90m 410 |[39m         }
     [90m 411 |[39m       }
     [90m 412 |[39m     } [36mfinally[39m {[0m

      at SnippetManager.processVectorGenerationQueue (src/main/services/SnippetManager.ts:409:19)

    console.error
      Failed to generate vector for snippet test-snippet-id: TypeError: dbManager.getDb is not a function
          at VectorStore.initialize (D:\OpenSource\SnippetBox\frontend\src\main\services\VectorStore.ts:21:26)
          at VectorStore.addVector (D:\OpenSource\SnippetBox\frontend\src\main\services\VectorStore.ts:27:10)
          at SnippetManager.processVectorGenerationQueue (D:\OpenSource\SnippetBox\frontend\src\main\services\SnippetManager.ts:406:34)
          at SnippetManager.generateVectorForSnippet (D:\OpenSource\SnippetBox\frontend\src\main\services\SnippetManager.ts:388:10)
          at SnippetManager.createSnippet (D:\OpenSource\SnippetBox\frontend\src\main\services\SnippetManager.ts:72:12)
          at processTicksAndRejections (node:internal/process/task_queues:105:5)
          at D:\OpenSource\SnippetBox\frontend\tests\property\SnippetProperty.test.ts:92:36
          at AsyncProperty.run (D:\OpenSource\SnippetBox\frontend\node_modules\fast-check\lib\cjs\fast-check.js:1208:19)
          at asyncRunIt (D:\OpenSource\SnippetBox\frontend\node_modules\fast-check\lib\cjs\fast-check.js:2503:15)
          at Object.<anonymous> (D:\OpenSource\SnippetBox\frontend\tests\property\SnippetProperty.test.ts:58:7)

    [0m [90m 407 |[39m           console[33m.[39mlog([32m`Generated vector for snippet: ${snippetId}`[39m)[33m;[39m
     [90m 408 |[39m         } [36mcatch[39m (error) {
    [31m[1m>[22m[39m[90m 409 |[39m           console[33m.[39merror([32m`Failed to generate vector for snippet ${snippetId}:`[3
9m[33m,[39m error)[33m;[39m
     [90m     |[39m                   [31m[1m^[22m[39m
     [90m 410 |[39m         }
     [90m 411 |[39m       }
     [90m 412 |[39m     } [36mfinally[39m {[0m

      at SnippetManager.processVectorGenerationQueue (src/main/services/SnippetManager.ts:409:19)

    console.error
      Failed to generate vector for snippet test-snippet-id: TypeError: dbManager.getDb is not a function
          at VectorStore.initialize (D:\OpenSource\SnippetBox\frontend\src\main\services\VectorStore.ts:21:26)
          at VectorStore.addVector (D:\OpenSource\SnippetBox\frontend\src\main\services\VectorStore.ts:27:10)
          at SnippetManager.processVectorGenerationQueue (D:\OpenSource\SnippetBox\frontend\src\main\services\SnippetManager.ts:406:34)
          at SnippetManager.generateVectorForSnippet (D:\OpenSource\SnippetBox\frontend\src\main\services\SnippetManager.ts:388:10)
          at SnippetManager.createSnippet (D:\OpenSource\SnippetBox\frontend\src\main\services\SnippetManager.ts:72:12)
          at processTicksAndRejections (node:internal/process/task_queues:105:5)
          at D:\OpenSource\SnippetBox\frontend\tests\property\SnippetProperty.test.ts:92:36
          at AsyncProperty.run (D:\OpenSource\SnippetBox\frontend\node_modules\fast-check\lib\cjs\fast-check.js:1208:19)
          at asyncRunIt (D:\OpenSource\SnippetBox\frontend\node_modules\fast-check\lib\cjs\fast-check.js:2503:15)
          at Object.<anonymous> (D:\OpenSource\SnippetBox\frontend\tests\property\SnippetProperty.test.ts:58:7)

    [0m [90m 407 |[39m           console[33m.[39mlog([32m`Generated vector for snippet: ${snippetId}`[39m)[33m;[39m
     [90m 408 |[39m         } [36mcatch[39m (error) {
    [31m[1m>[22m[39m[90m 409 |[39m           console[33m.[39merror([32m`Failed to generate vector for snippet ${snippetId}:`[3
9m[33m,[39m error)[33m;[39m
     [90m     |[39m                   [31m[1m^[22m[39m
     [90m 410 |[39m         }
     [90m 411 |[39m       }
     [90m 412 |[39m     } [36mfinally[39m {[0m

      at SnippetManager.processVectorGenerationQueue (src/main/services/SnippetManager.ts:409:19)

    console.error
      Failed to generate vector for snippet test-snippet-id: TypeError: dbManager.getDb is not a function
          at VectorStore.initialize (D:\OpenSource\SnippetBox\frontend\src\main\services\VectorStore.ts:21:26)
          at VectorStore.addVector (D:\OpenSource\SnippetBox\frontend\src\main\services\VectorStore.ts:27:10)
          at SnippetManager.processVectorGenerationQueue (D:\OpenSource\SnippetBox\frontend\src\main\services\SnippetManager.ts:406:34)
          at SnippetManager.generateVectorForSnippet (D:\OpenSource\SnippetBox\frontend\src\main\services\SnippetManager.ts:388:10)
          at SnippetManager.createSnippet (D:\OpenSource\SnippetBox\frontend\src\main\services\SnippetManager.ts:72:12)
          at processTicksAndRejections (node:internal/process/task_queues:105:5)
          at D:\OpenSource\SnippetBox\frontend\tests\property\SnippetProperty.test.ts:92:36
          at AsyncProperty.run (D:\OpenSource\SnippetBox\frontend\node_modules\fast-check\lib\cjs\fast-check.js:1208:19)
          at asyncRunIt (D:\OpenSource\SnippetBox\frontend\node_modules\fast-check\lib\cjs\fast-check.js:2503:15)
          at Object.<anonymous> (D:\OpenSource\SnippetBox\frontend\tests\property\SnippetProperty.test.ts:58:7)

    [0m [90m 407 |[39m           console[33m.[39mlog([32m`Generated vector for snippet: ${snippetId}`[39m)[33m;[39m
     [90m 408 |[39m         } [36mcatch[39m (error) {
    [31m[1m>[22m[39m[90m 409 |[39m           console[33m.[39merror([32m`Failed to generate vector for snippet ${snippetId}:`[3
9m[33m,[39m error)[33m;[39m
     [90m     |[39m                   [31m[1m^[22m[39m
     [90m 410 |[39m         }
     [90m 411 |[39m       }
     [90m 412 |[39m     } [36mfinally[39m {[0m

      at SnippetManager.processVectorGenerationQueue (src/main/services/SnippetManager.ts:409:19)

    console.error
      Failed to generate vector for snippet test-snippet-id: TypeError: dbManager.getDb is not a function
          at VectorStore.initialize (D:\OpenSource\SnippetBox\frontend\src\main\services\VectorStore.ts:21:26)
          at VectorStore.addVector (D:\OpenSource\SnippetBox\frontend\src\main\services\VectorStore.ts:27:10)
          at SnippetManager.processVectorGenerationQueue (D:\OpenSource\SnippetBox\frontend\src\main\services\SnippetManager.ts:406:34)
          at SnippetManager.generateVectorForSnippet (D:\OpenSource\SnippetBox\frontend\src\main\services\SnippetManager.ts:388:10)
          at SnippetManager.createSnippet (D:\OpenSource\SnippetBox\frontend\src\main\services\SnippetManager.ts:72:12)
          at processTicksAndRejections (node:internal/process/task_queues:105:5)
          at D:\OpenSource\SnippetBox\frontend\tests\property\SnippetProperty.test.ts:92:36
          at AsyncProperty.run (D:\OpenSource\SnippetBox\frontend\node_modules\fast-check\lib\cjs\fast-check.js:1208:19)
          at asyncRunIt (D:\OpenSource\SnippetBox\frontend\node_modules\fast-check\lib\cjs\fast-check.js:2503:15)
          at Object.<anonymous> (D:\OpenSource\SnippetBox\frontend\tests\property\SnippetProperty.test.ts:58:7)

    [0m [90m 407 |[39m           console[33m.[39mlog([32m`Generated vector for snippet: ${snippetId}`[39m)[33m;[39m
     [90m 408 |[39m         } [36mcatch[39m (error) {
    [31m[1m>[22m[39m[90m 409 |[39m           console[33m.[39merror([32m`Failed to generate vector for snippet ${snippetId}:`[3
9m[33m,[39m error)[33m;[39m
     [90m     |[39m                   [31m[1m^[22m[39m
     [90m 410 |[39m         }
     [90m 411 |[39m       }
     [90m 412 |[39m     } [36mfinally[39m {[0m

      at SnippetManager.processVectorGenerationQueue (src/main/services/SnippetManager.ts:409:19)

    console.error
      Failed to generate vector for snippet test-snippet-id: TypeError: dbManager.getDb is not a function
          at VectorStore.initialize (D:\OpenSource\SnippetBox\frontend\src\main\services\VectorStore.ts:21:26)
          at VectorStore.addVector (D:\OpenSource\SnippetBox\frontend\src\main\services\VectorStore.ts:27:10)
          at SnippetManager.processVectorGenerationQueue (D:\OpenSource\SnippetBox\frontend\src\main\services\SnippetManager.ts:406:34)
          at SnippetManager.generateVectorForSnippet (D:\OpenSource\SnippetBox\frontend\src\main\services\SnippetManager.ts:388:10)
          at SnippetManager.createSnippet (D:\OpenSource\SnippetBox\frontend\src\main\services\SnippetManager.ts:72:12)
          at processTicksAndRejections (node:internal/process/task_queues:105:5)
          at D:\OpenSource\SnippetBox\frontend\tests\property\SnippetProperty.test.ts:92:36
          at AsyncProperty.run (D:\OpenSource\SnippetBox\frontend\node_modules\fast-check\lib\cjs\fast-check.js:1208:19)
          at asyncRunIt (D:\OpenSource\SnippetBox\frontend\node_modules\fast-check\lib\cjs\fast-check.js:2503:15)
          at Object.<anonymous> (D:\OpenSource\SnippetBox\frontend\tests\property\SnippetProperty.test.ts:58:7)

    [0m [90m 407 |[39m           console[33m.[39mlog([32m`Generated vector for snippet: ${snippetId}`[39m)[33m;[39m
     [90m 408 |[39m         } [36mcatch[39m (error) {
    [31m[1m>[22m[39m[90m 409 |[39m           console[33m.[39merror([32m`Failed to generate vector for snippet ${snippetId}:`[3
9m[33m,[39m error)[33m;[39m
     [90m     |[39m                   [31m[1m^[22m[39m
     [90m 410 |[39m         }
     [90m 411 |[39m       }
     [90m 412 |[39m     } [36mfinally[39m {[0m

      at SnippetManager.processVectorGenerationQueue (src/main/services/SnippetManager.ts:409:19)

    console.error
      Failed to generate vector for snippet test-snippet-id: TypeError: dbManager.getDb is not a function
          at VectorStore.initialize (D:\OpenSource\SnippetBox\frontend\src\main\services\VectorStore.ts:21:26)
          at VectorStore.addVector (D:\OpenSource\SnippetBox\frontend\src\main\services\VectorStore.ts:27:10)
          at SnippetManager.processVectorGenerationQueue (D:\OpenSource\SnippetBox\frontend\src\main\services\SnippetManager.ts:406:34)
          at SnippetManager.generateVectorForSnippet (D:\OpenSource\SnippetBox\frontend\src\main\services\SnippetManager.ts:388:10)
          at SnippetManager.createSnippet (D:\OpenSource\SnippetBox\frontend\src\main\services\SnippetManager.ts:72:12)
          at processTicksAndRejections (node:internal/process/task_queues:105:5)
          at D:\OpenSource\SnippetBox\frontend\tests\property\SnippetProperty.test.ts:92:36
          at AsyncProperty.run (D:\OpenSource\SnippetBox\frontend\node_modules\fast-check\lib\cjs\fast-check.js:1208:19)
          at asyncRunIt (D:\OpenSource\SnippetBox\frontend\node_modules\fast-check\lib\cjs\fast-check.js:2503:15)
          at Object.<anonymous> (D:\OpenSource\SnippetBox\frontend\tests\property\SnippetProperty.test.ts:58:7)

    [0m [90m 407 |[39m           console[33m.[39mlog([32m`Generated vector for snippet: ${snippetId}`[39m)[33m;[39m
     [90m 408 |[39m         } [36mcatch[39m (error) {
    [31m[1m>[22m[39m[90m 409 |[39m           console[33m.[39merror([32m`Failed to generate vector for snippet ${snippetId}:`[3
9m[33m,[39m error)[33m;[39m
     [90m     |[39m                   [31m[1m^[22m[39m
     [90m 410 |[39m         }
     [90m 411 |[39m       }
     [90m 412 |[39m     } [36mfinally[39m {[0m

      at SnippetManager.processVectorGenerationQueue (src/main/services/SnippetManager.ts:409:19)

    console.error
      Failed to generate vector for snippet test-snippet-id: TypeError: dbManager.getDb is not a function
          at VectorStore.initialize (D:\OpenSource\SnippetBox\frontend\src\main\services\VectorStore.ts:21:26)
          at VectorStore.addVector (D:\OpenSource\SnippetBox\frontend\src\main\services\VectorStore.ts:27:10)
          at SnippetManager.processVectorGenerationQueue (D:\OpenSource\SnippetBox\frontend\src\main\services\SnippetManager.ts:406:34)
          at SnippetManager.generateVectorForSnippet (D:\OpenSource\SnippetBox\frontend\src\main\services\SnippetManager.ts:388:10)
          at SnippetManager.createSnippet (D:\OpenSource\SnippetBox\frontend\src\main\services\SnippetManager.ts:72:12)
          at processTicksAndRejections (node:internal/process/task_queues:105:5)
          at D:\OpenSource\SnippetBox\frontend\tests\property\SnippetProperty.test.ts:92:36
          at AsyncProperty.run (D:\OpenSource\SnippetBox\frontend\node_modules\fast-check\lib\cjs\fast-check.js:1208:19)
          at asyncRunIt (D:\OpenSource\SnippetBox\frontend\node_modules\fast-check\lib\cjs\fast-check.js:2503:15)
          at Object.<anonymous> (D:\OpenSource\SnippetBox\frontend\tests\property\SnippetProperty.test.ts:58:7)

    [0m [90m 407 |[39m           console[33m.[39mlog([32m`Generated vector for snippet: ${snippetId}`[39m)[33m;[39m
     [90m 408 |[39m         } [36mcatch[39m (error) {
    [31m[1m>[22m[39m[90m 409 |[39m           console[33m.[39merror([32m`Failed to generate vector for snippet ${snippetId}:`[3
9m[33m,[39m error)[33m;[39m
     [90m     |[39m                   [31m[1m^[22m[39m
     [90m 410 |[39m         }
     [90m 411 |[39m       }
     [90m 412 |[39m     } [36mfinally[39m {[0m

      at SnippetManager.processVectorGenerationQueue (src/main/services/SnippetManager.ts:409:19)

    console.error
      Failed to generate vector for snippet test-snippet-id: TypeError: dbManager.getDb is not a function
          at VectorStore.initialize (D:\OpenSource\SnippetBox\frontend\src\main\services\VectorStore.ts:21:26)
          at VectorStore.addVector (D:\OpenSource\SnippetBox\frontend\src\main\services\VectorStore.ts:27:10)
          at SnippetManager.processVectorGenerationQueue (D:\OpenSource\SnippetBox\frontend\src\main\services\SnippetManager.ts:406:34)
          at SnippetManager.generateVectorForSnippet (D:\OpenSource\SnippetBox\frontend\src\main\services\SnippetManager.ts:388:10)
          at SnippetManager.createSnippet (D:\OpenSource\SnippetBox\frontend\src\main\services\SnippetManager.ts:72:12)
          at processTicksAndRejections (node:internal/process/task_queues:105:5)
          at D:\OpenSource\SnippetBox\frontend\tests\property\SnippetProperty.test.ts:92:36
          at AsyncProperty.run (D:\OpenSource\SnippetBox\frontend\node_modules\fast-check\lib\cjs\fast-check.js:1208:19)
          at asyncRunIt (D:\OpenSource\SnippetBox\frontend\node_modules\fast-check\lib\cjs\fast-check.js:2503:15)
          at Object.<anonymous> (D:\OpenSource\SnippetBox\frontend\tests\property\SnippetProperty.test.ts:58:7)

    [0m [90m 407 |[39m           console[33m.[39mlog([32m`Generated vector for snippet: ${snippetId}`[39m)[33m;[39m
     [90m 408 |[39m         } [36mcatch[39m (error) {
    [31m[1m>[22m[39m[90m 409 |[39m           console[33m.[39merror([32m`Failed to generate vector for snippet ${snippetId}:`[3
9m[33m,[39m error)[33m;[39m
     [90m     |[39m                   [31m[1m^[22m[39m
     [90m 410 |[39m         }
     [90m 411 |[39m       }
     [90m 412 |[39m     } [36mfinally[39m {[0m

      at SnippetManager.processVectorGenerationQueue (src/main/services/SnippetManager.ts:409:19)

    console.error
      Failed to generate vector for snippet test-snippet-id: TypeError: dbManager.getDb is not a function
          at VectorStore.initialize (D:\OpenSource\SnippetBox\frontend\src\main\services\VectorStore.ts:21:26)
          at VectorStore.addVector (D:\OpenSource\SnippetBox\frontend\src\main\services\VectorStore.ts:27:10)
          at SnippetManager.processVectorGenerationQueue (D:\OpenSource\SnippetBox\frontend\src\main\services\SnippetManager.ts:406:34)
          at SnippetManager.generateVectorForSnippet (D:\OpenSource\SnippetBox\frontend\src\main\services\SnippetManager.ts:388:10)
          at SnippetManager.createSnippet (D:\OpenSource\SnippetBox\frontend\src\main\services\SnippetManager.ts:72:12)
          at processTicksAndRejections (node:internal/process/task_queues:105:5)
          at D:\OpenSource\SnippetBox\frontend\tests\property\SnippetProperty.test.ts:92:36
          at AsyncProperty.run (D:\OpenSource\SnippetBox\frontend\node_modules\fast-check\lib\cjs\fast-check.js:1208:19)
          at asyncRunIt (D:\OpenSource\SnippetBox\frontend\node_modules\fast-check\lib\cjs\fast-check.js:2503:15)
          at Object.<anonymous> (D:\OpenSource\SnippetBox\frontend\tests\property\SnippetProperty.test.ts:58:7)

    [0m [90m 407 |[39m           console[33m.[39mlog([32m`Generated vector for snippet: ${snippetId}`[39m)[33m;[39m
     [90m 408 |[39m         } [36mcatch[39m (error) {
    [31m[1m>[22m[39m[90m 409 |[39m           console[33m.[39merror([32m`Failed to generate vector for snippet ${snippetId}:`[3
9m[33m,[39m error)[33m;[39m
     [90m     |[39m                   [31m[1m^[22m[39m
     [90m 410 |[39m         }
     [90m 411 |[39m       }
     [90m 412 |[39m     } [36mfinally[39m {[0m

      at SnippetManager.processVectorGenerationQueue (src/main/services/SnippetManager.ts:409:19)

    console.error
      Failed to generate vector for snippet test-snippet-id: TypeError: dbManager.getDb is not a function
          at VectorStore.initialize (D:\OpenSource\SnippetBox\frontend\src\main\services\VectorStore.ts:21:26)
          at VectorStore.addVector (D:\OpenSource\SnippetBox\frontend\src\main\services\VectorStore.ts:27:10)
          at SnippetManager.processVectorGenerationQueue (D:\OpenSource\SnippetBox\frontend\src\main\services\SnippetManager.ts:406:34)
          at SnippetManager.generateVectorForSnippet (D:\OpenSource\SnippetBox\frontend\src\main\services\SnippetManager.ts:388:10)
          at SnippetManager.createSnippet (D:\OpenSource\SnippetBox\frontend\src\main\services\SnippetManager.ts:72:12)
          at processTicksAndRejections (node:internal/process/task_queues:105:5)
          at D:\OpenSource\SnippetBox\frontend\tests\property\SnippetProperty.test.ts:92:36
          at AsyncProperty.run (D:\OpenSource\SnippetBox\frontend\node_modules\fast-check\lib\cjs\fast-check.js:1208:19)
          at asyncRunIt (D:\OpenSource\SnippetBox\frontend\node_modules\fast-check\lib\cjs\fast-check.js:2503:15)
          at Object.<anonymous> (D:\OpenSource\SnippetBox\frontend\tests\property\SnippetProperty.test.ts:58:7)

    [0m [90m 407 |[39m           console[33m.[39mlog([32m`Generated vector for snippet: ${snippetId}`[39m)[33m;[39m
     [90m 408 |[39m         } [36mcatch[39m (error) {
    [31m[1m>[22m[39m[90m 409 |[39m           console[33m.[39merror([32m`Failed to generate vector for snippet ${snippetId}:`[3
9m[33m,[39m error)[33m;[39m
     [90m     |[39m                   [31m[1m^[22m[39m
     [90m 410 |[39m         }
     [90m 411 |[39m       }
     [90m 412 |[39m     } [36mfinally[39m {[0m

      at SnippetManager.processVectorGenerationQueue (src/main/services/SnippetManager.ts:409:19)

    console.error
      Failed to generate vector for snippet test-snippet-id: TypeError: dbManager.getDb is not a function
          at VectorStore.initialize (D:\OpenSource\SnippetBox\frontend\src\main\services\VectorStore.ts:21:26)
          at VectorStore.addVector (D:\OpenSource\SnippetBox\frontend\src\main\services\VectorStore.ts:27:10)
          at SnippetManager.processVectorGenerationQueue (D:\OpenSource\SnippetBox\frontend\src\main\services\SnippetManager.ts:406:34)
          at SnippetManager.generateVectorForSnippet (D:\OpenSource\SnippetBox\frontend\src\main\services\SnippetManager.ts:388:10)
          at SnippetManager.createSnippet (D:\OpenSource\SnippetBox\frontend\src\main\services\SnippetManager.ts:72:12)
          at processTicksAndRejections (node:internal/process/task_queues:105:5)
          at D:\OpenSource\SnippetBox\frontend\tests\property\SnippetProperty.test.ts:92:36
          at AsyncProperty.run (D:\OpenSource\SnippetBox\frontend\node_modules\fast-check\lib\cjs\fast-check.js:1208:19)
          at asyncRunIt (D:\OpenSource\SnippetBox\frontend\node_modules\fast-check\lib\cjs\fast-check.js:2503:15)
          at Object.<anonymous> (D:\OpenSource\SnippetBox\frontend\tests\property\SnippetProperty.test.ts:58:7)

    [0m [90m 407 |[39m           console[33m.[39mlog([32m`Generated vector for snippet: ${snippetId}`[39m)[33m;[39m
     [90m 408 |[39m         } [36mcatch[39m (error) {
    [31m[1m>[22m[39m[90m 409 |[39m           console[33m.[39merror([32m`Failed to generate vector for snippet ${snippetId}:`[3
9m[33m,[39m error)[33m;[39m
     [90m     |[39m                   [31m[1m^[22m[39m
     [90m 410 |[39m         }
     [90m 411 |[39m       }
     [90m 412 |[39m     } [36mfinally[39m {[0m

      at SnippetManager.processVectorGenerationQueue (src/main/services/SnippetManager.ts:409:19)

    console.error
      Failed to generate vector for snippet test-snippet-id: TypeError: dbManager.getDb is not a function
          at VectorStore.initialize (D:\OpenSource\SnippetBox\frontend\src\main\services\VectorStore.ts:21:26)
          at VectorStore.addVector (D:\OpenSource\SnippetBox\frontend\src\main\services\VectorStore.ts:27:10)
          at SnippetManager.processVectorGenerationQueue (D:\OpenSource\SnippetBox\frontend\src\main\services\SnippetManager.ts:406:34)
          at SnippetManager.generateVectorForSnippet (D:\OpenSource\SnippetBox\frontend\src\main\services\SnippetManager.ts:388:10)
          at SnippetManager.createSnippet (D:\OpenSource\SnippetBox\frontend\src\main\services\SnippetManager.ts:72:12)
          at processTicksAndRejections (node:internal/process/task_queues:105:5)
          at D:\OpenSource\SnippetBox\frontend\tests\property\SnippetProperty.test.ts:92:36
          at AsyncProperty.run (D:\OpenSource\SnippetBox\frontend\node_modules\fast-check\lib\cjs\fast-check.js:1208:19)
          at asyncRunIt (D:\OpenSource\SnippetBox\frontend\node_modules\fast-check\lib\cjs\fast-check.js:2503:15)
          at Object.<anonymous> (D:\OpenSource\SnippetBox\frontend\tests\property\SnippetProperty.test.ts:58:7)

    [0m [90m 407 |[39m           console[33m.[39mlog([32m`Generated vector for snippet: ${snippetId}`[39m)[33m;[39m
     [90m 408 |[39m         } [36mcatch[39m (error) {
    [31m[1m>[22m[39m[90m 409 |[39m           console[33m.[39merror([32m`Failed to generate vector for snippet ${snippetId}:`[3
9m[33m,[39m error)[33m;[39m
     [90m     |[39m                   [31m[1m^[22m[39m
     [90m 410 |[39m         }
     [90m 411 |[39m       }
     [90m 412 |[39m     } [36mfinally[39m {[0m

      at SnippetManager.processVectorGenerationQueue (src/main/services/SnippetManager.ts:409:19)

    console.error
      Failed to generate vector for snippet test-snippet-id: TypeError: dbManager.getDb is not a function
          at VectorStore.initialize (D:\OpenSource\SnippetBox\frontend\src\main\services\VectorStore.ts:21:26)
          at VectorStore.addVector (D:\OpenSource\SnippetBox\frontend\src\main\services\VectorStore.ts:27:10)
          at SnippetManager.processVectorGenerationQueue (D:\OpenSource\SnippetBox\frontend\src\main\services\SnippetManager.ts:406:34)
          at SnippetManager.generateVectorForSnippet (D:\OpenSource\SnippetBox\frontend\src\main\services\SnippetManager.ts:388:10)
          at SnippetManager.createSnippet (D:\OpenSource\SnippetBox\frontend\src\main\services\SnippetManager.ts:72:12)
          at processTicksAndRejections (node:internal/process/task_queues:105:5)
          at D:\OpenSource\SnippetBox\frontend\tests\property\SnippetProperty.test.ts:92:36
          at AsyncProperty.run (D:\OpenSource\SnippetBox\frontend\node_modules\fast-check\lib\cjs\fast-check.js:1208:19)
          at asyncRunIt (D:\OpenSource\SnippetBox\frontend\node_modules\fast-check\lib\cjs\fast-check.js:2503:15)
          at Object.<anonymous> (D:\OpenSource\SnippetBox\frontend\tests\property\SnippetProperty.test.ts:58:7)

    [0m [90m 407 |[39m           console[33m.[39mlog([32m`Generated vector for snippet: ${snippetId}`[39m)[33m;[39m
     [90m 408 |[39m         } [36mcatch[39m (error) {
    [31m[1m>[22m[39m[90m 409 |[39m           console[33m.[39merror([32m`Failed to generate vector for snippet ${snippetId}:`[3
9m[33m,[39m error)[33m;[39m
     [90m     |[39m                   [31m[1m^[22m[39m
     [90m 410 |[39m         }
     [90m 411 |[39m       }
     [90m 412 |[39m     } [36mfinally[39m {[0m

      at SnippetManager.processVectorGenerationQueue (src/main/services/SnippetManager.ts:409:19)

    console.error
      Failed to generate vector for snippet test-snippet-id: TypeError: dbManager.getDb is not a function
          at VectorStore.initialize (D:\OpenSource\SnippetBox\frontend\src\main\services\VectorStore.ts:21:26)
          at VectorStore.addVector (D:\OpenSource\SnippetBox\frontend\src\main\services\VectorStore.ts:27:10)
          at SnippetManager.processVectorGenerationQueue (D:\OpenSource\SnippetBox\frontend\src\main\services\SnippetManager.ts:406:34)
          at SnippetManager.generateVectorForSnippet (D:\OpenSource\SnippetBox\frontend\src\main\services\SnippetManager.ts:388:10)
          at SnippetManager.createSnippet (D:\OpenSource\SnippetBox\frontend\src\main\services\SnippetManager.ts:72:12)
          at processTicksAndRejections (node:internal/process/task_queues:105:5)
          at D:\OpenSource\SnippetBox\frontend\tests\property\SnippetProperty.test.ts:92:36
          at AsyncProperty.run (D:\OpenSource\SnippetBox\frontend\node_modules\fast-check\lib\cjs\fast-check.js:1208:19)
          at asyncRunIt (D:\OpenSource\SnippetBox\frontend\node_modules\fast-check\lib\cjs\fast-check.js:2503:15)
          at Object.<anonymous> (D:\OpenSource\SnippetBox\frontend\tests\property\SnippetProperty.test.ts:58:7)

    [0m [90m 407 |[39m           console[33m.[39mlog([32m`Generated vector for snippet: ${snippetId}`[39m)[33m;[39m
     [90m 408 |[39m         } [36mcatch[39m (error) {
    [31m[1m>[22m[39m[90m 409 |[39m           console[33m.[39merror([32m`Failed to generate vector for snippet ${snippetId}:`[3
9m[33m,[39m error)[33m;[39m
     [90m     |[39m                   [31m[1m^[22m[39m
     [90m 410 |[39m         }
     [90m 411 |[39m       }
     [90m 412 |[39m     } [36mfinally[39m {[0m

      at SnippetManager.processVectorGenerationQueue (src/main/services/SnippetManager.ts:409:19)

    console.error
      Failed to generate vector for snippet test-snippet-id: TypeError: dbManager.getDb is not a function
          at VectorStore.initialize (D:\OpenSource\SnippetBox\frontend\src\main\services\VectorStore.ts:21:26)
          at VectorStore.addVector (D:\OpenSource\SnippetBox\frontend\src\main\services\VectorStore.ts:27:10)
          at SnippetManager.processVectorGenerationQueue (D:\OpenSource\SnippetBox\frontend\src\main\services\SnippetManager.ts:406:34)
          at SnippetManager.generateVectorForSnippet (D:\OpenSource\SnippetBox\frontend\src\main\services\SnippetManager.ts:388:10)
          at SnippetManager.createSnippet (D:\OpenSource\SnippetBox\frontend\src\main\services\SnippetManager.ts:72:12)
          at processTicksAndRejections (node:internal/process/task_queues:105:5)
          at D:\OpenSource\SnippetBox\frontend\tests\property\SnippetProperty.test.ts:92:36
          at AsyncProperty.run (D:\OpenSource\SnippetBox\frontend\node_modules\fast-check\lib\cjs\fast-check.js:1208:19)
          at asyncRunIt (D:\OpenSource\SnippetBox\frontend\node_modules\fast-check\lib\cjs\fast-check.js:2503:15)
          at Object.<anonymous> (D:\OpenSource\SnippetBox\frontend\tests\property\SnippetProperty.test.ts:58:7)

    [0m [90m 407 |[39m           console[33m.[39mlog([32m`Generated vector for snippet: ${snippetId}`[39m)[33m;[39m
     [90m 408 |[39m         } [36mcatch[39m (error) {
    [31m[1m>[22m[39m[90m 409 |[39m           console[33m.[39merror([32m`Failed to generate vector for snippet ${snippetId}:`[3
9m[33m,[39m error)[33m;[39m
     [90m     |[39m                   [31m[1m^[22m[39m
     [90m 410 |[39m         }
     [90m 411 |[39m       }
     [90m 412 |[39m     } [36mfinally[39m {[0m

      at SnippetManager.processVectorGenerationQueue (src/main/services/SnippetManager.ts:409:19)

    console.error
      Failed to generate vector for snippet test-snippet-id: TypeError: dbManager.getDb is not a function
          at VectorStore.initialize (D:\OpenSource\SnippetBox\frontend\src\main\services\VectorStore.ts:21:26)
          at VectorStore.addVector (D:\OpenSource\SnippetBox\frontend\src\main\services\VectorStore.ts:27:10)
          at SnippetManager.processVectorGenerationQueue (D:\OpenSource\SnippetBox\frontend\src\main\services\SnippetManager.ts:406:34)
          at SnippetManager.generateVectorForSnippet (D:\OpenSource\SnippetBox\frontend\src\main\services\SnippetManager.ts:388:10)
          at SnippetManager.createSnippet (D:\OpenSource\SnippetBox\frontend\src\main\services\SnippetManager.ts:72:12)
          at processTicksAndRejections (node:internal/process/task_queues:105:5)
          at D:\OpenSource\SnippetBox\frontend\tests\property\SnippetProperty.test.ts:92:36
          at AsyncProperty.run (D:\OpenSource\SnippetBox\frontend\node_modules\fast-check\lib\cjs\fast-check.js:1208:19)
          at asyncRunIt (D:\OpenSource\SnippetBox\frontend\node_modules\fast-check\lib\cjs\fast-check.js:2503:15)
          at Object.<anonymous> (D:\OpenSource\SnippetBox\frontend\tests\property\SnippetProperty.test.ts:58:7)

    [0m [90m 407 |[39m           console[33m.[39mlog([32m`Generated vector for snippet: ${snippetId}`[39m)[33m;[39m
     [90m 408 |[39m         } [36mcatch[39m (error) {
    [31m[1m>[22m[39m[90m 409 |[39m           console[33m.[39merror([32m`Failed to generate vector for snippet ${snippetId}:`[3
9m[33m,[39m error)[33m;[39m
     [90m     |[39m                   [31m[1m^[22m[39m
     [90m 410 |[39m         }
     [90m 411 |[39m       }
     [90m 412 |[39m     } [36mfinally[39m {[0m

      at SnippetManager.processVectorGenerationQueue (src/main/services/SnippetManager.ts:409:19)

    console.error
      Failed to generate vector for snippet test-snippet-id: TypeError: dbManager.getDb is not a function
          at VectorStore.initialize (D:\OpenSource\SnippetBox\frontend\src\main\services\VectorStore.ts:21:26)
          at VectorStore.addVector (D:\OpenSource\SnippetBox\frontend\src\main\services\VectorStore.ts:27:10)
          at SnippetManager.processVectorGenerationQueue (D:\OpenSource\SnippetBox\frontend\src\main\services\SnippetManager.ts:406:34)
          at SnippetManager.generateVectorForSnippet (D:\OpenSource\SnippetBox\frontend\src\main\services\SnippetManager.ts:388:10)
          at SnippetManager.createSnippet (D:\OpenSource\SnippetBox\frontend\src\main\services\SnippetManager.ts:72:12)
          at processTicksAndRejections (node:internal/process/task_queues:105:5)
          at D:\OpenSource\SnippetBox\frontend\tests\property\SnippetProperty.test.ts:92:36
          at AsyncProperty.run (D:\OpenSource\SnippetBox\frontend\node_modules\fast-check\lib\cjs\fast-check.js:1208:19)
          at asyncRunIt (D:\OpenSource\SnippetBox\frontend\node_modules\fast-check\lib\cjs\fast-check.js:2503:15)
          at Object.<anonymous> (D:\OpenSource\SnippetBox\frontend\tests\property\SnippetProperty.test.ts:58:7)

    [0m [90m 407 |[39m           console[33m.[39mlog([32m`Generated vector for snippet: ${snippetId}`[39m)[33m;[39m
     [90m 408 |[39m         } [36mcatch[39m (error) {
    [31m[1m>[22m[39m[90m 409 |[39m           console[33m.[39merror([32m`Failed to generate vector for snippet ${snippetId}:`[3
9m[33m,[39m error)[33m;[39m
     [90m     |[39m                   [31m[1m^[22m[39m
     [90m 410 |[39m         }
     [90m 411 |[39m       }
     [90m 412 |[39m     } [36mfinally[39m {[0m

      at SnippetManager.processVectorGenerationQueue (src/main/services/SnippetManager.ts:409:19)

    console.error
      Failed to generate vector for snippet test-snippet-id: TypeError: dbManager.getDb is not a function
          at VectorStore.initialize (D:\OpenSource\SnippetBox\frontend\src\main\services\VectorStore.ts:21:26)
          at VectorStore.addVector (D:\OpenSource\SnippetBox\frontend\src\main\services\VectorStore.ts:27:10)
          at SnippetManager.processVectorGenerationQueue (D:\OpenSource\SnippetBox\frontend\src\main\services\SnippetManager.ts:406:34)
          at SnippetManager.generateVectorForSnippet (D:\OpenSource\SnippetBox\frontend\src\main\services\SnippetManager.ts:388:10)
          at SnippetManager.createSnippet (D:\OpenSource\SnippetBox\frontend\src\main\services\SnippetManager.ts:72:12)
          at processTicksAndRejections (node:internal/process/task_queues:105:5)
          at D:\OpenSource\SnippetBox\frontend\tests\property\SnippetProperty.test.ts:92:36
          at AsyncProperty.run (D:\OpenSource\SnippetBox\frontend\node_modules\fast-check\lib\cjs\fast-check.js:1208:19)
          at asyncRunIt (D:\OpenSource\SnippetBox\frontend\node_modules\fast-check\lib\cjs\fast-check.js:2503:15)
          at Object.<anonymous> (D:\OpenSource\SnippetBox\frontend\tests\property\SnippetProperty.test.ts:58:7)

    [0m [90m 407 |[39m           console[33m.[39mlog([32m`Generated vector for snippet: ${snippetId}`[39m)[33m;[39m
     [90m 408 |[39m         } [36mcatch[39m (error) {
    [31m[1m>[22m[39m[90m 409 |[39m           console[33m.[39merror([32m`Failed to generate vector for snippet ${snippetId}:`[3
9m[33m,[39m error)[33m;[39m
     [90m     |[39m                   [31m[1m^[22m[39m
     [90m 410 |[39m         }
     [90m 411 |[39m       }
     [90m 412 |[39m     } [36mfinally[39m {[0m

      at SnippetManager.processVectorGenerationQueue (src/main/services/SnippetManager.ts:409:19)

    console.error
      Failed to generate vector for snippet test-snippet-id: TypeError: dbManager.getDb is not a function
          at VectorStore.initialize (D:\OpenSource\SnippetBox\frontend\src\main\services\VectorStore.ts:21:26)
          at VectorStore.addVector (D:\OpenSource\SnippetBox\frontend\src\main\services\VectorStore.ts:27:10)
          at SnippetManager.processVectorGenerationQueue (D:\OpenSource\SnippetBox\frontend\src\main\services\SnippetManager.ts:406:34)
          at SnippetManager.generateVectorForSnippet (D:\OpenSource\SnippetBox\frontend\src\main\services\SnippetManager.ts:388:10)
          at SnippetManager.createSnippet (D:\OpenSource\SnippetBox\frontend\src\main\services\SnippetManager.ts:72:12)
          at processTicksAndRejections (node:internal/process/task_queues:105:5)
          at D:\OpenSource\SnippetBox\frontend\tests\property\SnippetProperty.test.ts:92:36
          at AsyncProperty.run (D:\OpenSource\SnippetBox\frontend\node_modules\fast-check\lib\cjs\fast-check.js:1208:19)
          at asyncRunIt (D:\OpenSource\SnippetBox\frontend\node_modules\fast-check\lib\cjs\fast-check.js:2503:15)
          at Object.<anonymous> (D:\OpenSource\SnippetBox\frontend\tests\property\SnippetProperty.test.ts:58:7)

    [0m [90m 407 |[39m           console[33m.[39mlog([32m`Generated vector for snippet: ${snippetId}`[39m)[33m;[39m
     [90m 408 |[39m         } [36mcatch[39m (error) {
    [31m[1m>[22m[39m[90m 409 |[39m           console[33m.[39merror([32m`Failed to generate vector for snippet ${snippetId}:`[3
9m[33m,[39m error)[33m;[39m
     [90m     |[39m                   [31m[1m^[22m[39m
     [90m 410 |[39m         }
     [90m 411 |[39m       }
     [90m 412 |[39m     } [36mfinally[39m {[0m

      at SnippetManager.processVectorGenerationQueue (src/main/services/SnippetManager.ts:409:19)

    console.error
      Failed to generate vector for snippet test-snippet-id: TypeError: dbManager.getDb is not a function
          at VectorStore.initialize (D:\OpenSource\SnippetBox\frontend\src\main\services\VectorStore.ts:21:26)
          at VectorStore.addVector (D:\OpenSource\SnippetBox\frontend\src\main\services\VectorStore.ts:27:10)
          at SnippetManager.processVectorGenerationQueue (D:\OpenSource\SnippetBox\frontend\src\main\services\SnippetManager.ts:406:34)
          at SnippetManager.generateVectorForSnippet (D:\OpenSource\SnippetBox\frontend\src\main\services\SnippetManager.ts:388:10)
          at SnippetManager.createSnippet (D:\OpenSource\SnippetBox\frontend\src\main\services\SnippetManager.ts:72:12)
          at processTicksAndRejections (node:internal/process/task_queues:105:5)
          at D:\OpenSource\SnippetBox\frontend\tests\property\SnippetProperty.test.ts:92:36
          at AsyncProperty.run (D:\OpenSource\SnippetBox\frontend\node_modules\fast-check\lib\cjs\fast-check.js:1208:19)
          at asyncRunIt (D:\OpenSource\SnippetBox\frontend\node_modules\fast-check\lib\cjs\fast-check.js:2503:15)
          at Object.<anonymous> (D:\OpenSource\SnippetBox\frontend\tests\property\SnippetProperty.test.ts:58:7)

    [0m [90m 407 |[39m           console[33m.[39mlog([32m`Generated vector for snippet: ${snippetId}`[39m)[33m;[39m
     [90m 408 |[39m         } [36mcatch[39m (error) {
    [31m[1m>[22m[39m[90m 409 |[39m           console[33m.[39merror([32m`Failed to generate vector for snippet ${snippetId}:`[3
9m[33m,[39m error)[33m;[39m
     [90m     |[39m                   [31m[1m^[22m[39m
     [90m 410 |[39m         }
     [90m 411 |[39m       }
     [90m 412 |[39m     } [36mfinally[39m {[0m

      at SnippetManager.processVectorGenerationQueue (src/main/services/SnippetManager.ts:409:19)

    console.error
      Failed to generate vector for snippet test-snippet-id: TypeError: dbManager.getDb is not a function
          at VectorStore.initialize (D:\OpenSource\SnippetBox\frontend\src\main\services\VectorStore.ts:21:26)
          at VectorStore.addVector (D:\OpenSource\SnippetBox\frontend\src\main\services\VectorStore.ts:27:10)
          at SnippetManager.processVectorGenerationQueue (D:\OpenSource\SnippetBox\frontend\src\main\services\SnippetManager.ts:406:34)
          at SnippetManager.generateVectorForSnippet (D:\OpenSource\SnippetBox\frontend\src\main\services\SnippetManager.ts:388:10)
          at SnippetManager.createSnippet (D:\OpenSource\SnippetBox\frontend\src\main\services\SnippetManager.ts:72:12)
          at processTicksAndRejections (node:internal/process/task_queues:105:5)
          at D:\OpenSource\SnippetBox\frontend\tests\property\SnippetProperty.test.ts:92:36
          at AsyncProperty.run (D:\OpenSource\SnippetBox\frontend\node_modules\fast-check\lib\cjs\fast-check.js:1208:19)
          at asyncRunIt (D:\OpenSource\SnippetBox\frontend\node_modules\fast-check\lib\cjs\fast-check.js:2503:15)
          at Object.<anonymous> (D:\OpenSource\SnippetBox\frontend\tests\property\SnippetProperty.test.ts:58:7)

    [0m [90m 407 |[39m           console[33m.[39mlog([32m`Generated vector for snippet: ${snippetId}`[39m)[33m;[39m
     [90m 408 |[39m         } [36mcatch[39m (error) {
    [31m[1m>[22m[39m[90m 409 |[39m           console[33m.[39merror([32m`Failed to generate vector for snippet ${snippetId}:`[3
9m[33m,[39m error)[33m;[39m
     [90m     |[39m                   [31m[1m^[22m[39m
     [90m 410 |[39m         }
     [90m 411 |[39m       }
     [90m 412 |[39m     } [36mfinally[39m {[0m

      at SnippetManager.processVectorGenerationQueue (src/main/services/SnippetManager.ts:409:19)

    console.error
      Failed to generate vector for snippet test-snippet-id: TypeError: dbManager.getDb is not a function
          at VectorStore.initialize (D:\OpenSource\SnippetBox\frontend\src\main\services\VectorStore.ts:21:26)
          at VectorStore.addVector (D:\OpenSource\SnippetBox\frontend\src\main\services\VectorStore.ts:27:10)
          at SnippetManager.processVectorGenerationQueue (D:\OpenSource\SnippetBox\frontend\src\main\services\SnippetManager.ts:406:34)
          at SnippetManager.generateVectorForSnippet (D:\OpenSource\SnippetBox\frontend\src\main\services\SnippetManager.ts:388:10)
          at SnippetManager.createSnippet (D:\OpenSource\SnippetBox\frontend\src\main\services\SnippetManager.ts:72:12)
          at processTicksAndRejections (node:internal/process/task_queues:105:5)
          at D:\OpenSource\SnippetBox\frontend\tests\property\SnippetProperty.test.ts:92:36
          at AsyncProperty.run (D:\OpenSource\SnippetBox\frontend\node_modules\fast-check\lib\cjs\fast-check.js:1208:19)
          at asyncRunIt (D:\OpenSource\SnippetBox\frontend\node_modules\fast-check\lib\cjs\fast-check.js:2503:15)
          at Object.<anonymous> (D:\OpenSource\SnippetBox\frontend\tests\property\SnippetProperty.test.ts:58:7)

    [0m [90m 407 |[39m           console[33m.[39mlog([32m`Generated vector for snippet: ${snippetId}`[39m)[33m;[39m
     [90m 408 |[39m         } [36mcatch[39m (error) {
    [31m[1m>[22m[39m[90m 409 |[39m           console[33m.[39merror([32m`Failed to generate vector for snippet ${snippetId}:`[3
9m[33m,[39m error)[33m;[39m
     [90m     |[39m                   [31m[1m^[22m[39m
     [90m 410 |[39m         }
     [90m 411 |[39m       }
     [90m 412 |[39m     } [36mfinally[39m {[0m

      at SnippetManager.processVectorGenerationQueue (src/main/services/SnippetManager.ts:409:19)

    console.error
      Failed to generate vector for snippet test-snippet-id: TypeError: dbManager.getDb is not a function
          at VectorStore.initialize (D:\OpenSource\SnippetBox\frontend\src\main\services\VectorStore.ts:21:26)
          at VectorStore.addVector (D:\OpenSource\SnippetBox\frontend\src\main\services\VectorStore.ts:27:10)
          at SnippetManager.processVectorGenerationQueue (D:\OpenSource\SnippetBox\frontend\src\main\services\SnippetManager.ts:406:34)
          at SnippetManager.generateVectorForSnippet (D:\OpenSource\SnippetBox\frontend\src\main\services\SnippetManager.ts:388:10)
          at SnippetManager.createSnippet (D:\OpenSource\SnippetBox\frontend\src\main\services\SnippetManager.ts:72:12)
          at processTicksAndRejections (node:internal/process/task_queues:105:5)
          at D:\OpenSource\SnippetBox\frontend\tests\property\SnippetProperty.test.ts:92:36
          at AsyncProperty.run (D:\OpenSource\SnippetBox\frontend\node_modules\fast-check\lib\cjs\fast-check.js:1208:19)
          at asyncRunIt (D:\OpenSource\SnippetBox\frontend\node_modules\fast-check\lib\cjs\fast-check.js:2503:15)
          at Object.<anonymous> (D:\OpenSource\SnippetBox\frontend\tests\property\SnippetProperty.test.ts:58:7)

    [0m [90m 407 |[39m           console[33m.[39mlog([32m`Generated vector for snippet: ${snippetId}`[39m)[33m;[39m
     [90m 408 |[39m         } [36mcatch[39m (error) {
    [31m[1m>[22m[39m[90m 409 |[39m           console[33m.[39merror([32m`Failed to generate vector for snippet ${snippetId}:`[3
9m[33m,[39m error)[33m;[39m
     [90m     |[39m                   [31m[1m^[22m[39m
     [90m 410 |[39m         }
     [90m 411 |[39m       }
     [90m 412 |[39m     } [36mfinally[39m {[0m

      at SnippetManager.processVectorGenerationQueue (src/main/services/SnippetManager.ts:409:19)

    console.error
      Failed to generate vector for snippet test-snippet-id: TypeError: dbManager.getDb is not a function
          at VectorStore.initialize (D:\OpenSource\SnippetBox\frontend\src\main\services\VectorStore.ts:21:26)
          at VectorStore.addVector (D:\OpenSource\SnippetBox\frontend\src\main\services\VectorStore.ts:27:10)
          at SnippetManager.processVectorGenerationQueue (D:\OpenSource\SnippetBox\frontend\src\main\services\SnippetManager.ts:406:34)
          at SnippetManager.generateVectorForSnippet (D:\OpenSource\SnippetBox\frontend\src\main\services\SnippetManager.ts:388:10)
          at SnippetManager.createSnippet (D:\OpenSource\SnippetBox\frontend\src\main\services\SnippetManager.ts:72:12)
          at processTicksAndRejections (node:internal/process/task_queues:105:5)
          at D:\OpenSource\SnippetBox\frontend\tests\property\SnippetProperty.test.ts:92:36
          at AsyncProperty.run (D:\OpenSource\SnippetBox\frontend\node_modules\fast-check\lib\cjs\fast-check.js:1208:19)
          at asyncRunIt (D:\OpenSource\SnippetBox\frontend\node_modules\fast-check\lib\cjs\fast-check.js:2503:15)
          at Object.<anonymous> (D:\OpenSource\SnippetBox\frontend\tests\property\SnippetProperty.test.ts:58:7)

    [0m [90m 407 |[39m           console[33m.[39mlog([32m`Generated vector for snippet: ${snippetId}`[39m)[33m;[39m
     [90m 408 |[39m         } [36mcatch[39m (error) {
    [31m[1m>[22m[39m[90m 409 |[39m           console[33m.[39merror([32m`Failed to generate vector for snippet ${snippetId}:`[3
9m[33m,[39m error)[33m;[39m
     [90m     |[39m                   [31m[1m^[22m[39m
     [90m 410 |[39m         }
     [90m 411 |[39m       }
     [90m 412 |[39m     } [36mfinally[39m {[0m

      at SnippetManager.processVectorGenerationQueue (src/main/services/SnippetManager.ts:409:19)

    console.error
      Failed to generate vector for snippet test-snippet-id: TypeError: dbManager.getDb is not a function
          at VectorStore.initialize (D:\OpenSource\SnippetBox\frontend\src\main\services\VectorStore.ts:21:26)
          at VectorStore.addVector (D:\OpenSource\SnippetBox\frontend\src\main\services\VectorStore.ts:27:10)
          at SnippetManager.processVectorGenerationQueue (D:\OpenSource\SnippetBox\frontend\src\main\services\SnippetManager.ts:406:34)
          at SnippetManager.generateVectorForSnippet (D:\OpenSource\SnippetBox\frontend\src\main\services\SnippetManager.ts:388:10)
          at SnippetManager.createSnippet (D:\OpenSource\SnippetBox\frontend\src\main\services\SnippetManager.ts:72:12)
          at processTicksAndRejections (node:internal/process/task_queues:105:5)
          at D:\OpenSource\SnippetBox\frontend\tests\property\SnippetProperty.test.ts:92:36
          at AsyncProperty.run (D:\OpenSource\SnippetBox\frontend\node_modules\fast-check\lib\cjs\fast-check.js:1208:19)
          at asyncRunIt (D:\OpenSource\SnippetBox\frontend\node_modules\fast-check\lib\cjs\fast-check.js:2503:15)
          at Object.<anonymous> (D:\OpenSource\SnippetBox\frontend\tests\property\SnippetProperty.test.ts:58:7)

    [0m [90m 407 |[39m           console[33m.[39mlog([32m`Generated vector for snippet: ${snippetId}`[39m)[33m;[39m
     [90m 408 |[39m         } [36mcatch[39m (error) {
    [31m[1m>[22m[39m[90m 409 |[39m           console[33m.[39merror([32m`Failed to generate vector for snippet ${snippetId}:`[3
9m[33m,[39m error)[33m;[39m
     [90m     |[39m                   [31m[1m^[22m[39m
     [90m 410 |[39m         }
     [90m 411 |[39m       }
     [90m 412 |[39m     } [36mfinally[39m {[0m

      at SnippetManager.processVectorGenerationQueue (src/main/services/SnippetManager.ts:409:19)

    console.error
      Failed to generate vector for snippet test-snippet-id: TypeError: dbManager.getDb is not a function
          at VectorStore.initialize (D:\OpenSource\SnippetBox\frontend\src\main\services\VectorStore.ts:21:26)
          at VectorStore.addVector (D:\OpenSource\SnippetBox\frontend\src\main\services\VectorStore.ts:27:10)
          at SnippetManager.processVectorGenerationQueue (D:\OpenSource\SnippetBox\frontend\src\main\services\SnippetManager.ts:406:34)
          at SnippetManager.generateVectorForSnippet (D:\OpenSource\SnippetBox\frontend\src\main\services\SnippetManager.ts:388:10)
          at SnippetManager.createSnippet (D:\OpenSource\SnippetBox\frontend\src\main\services\SnippetManager.ts:72:12)
          at processTicksAndRejections (node:internal/process/task_queues:105:5)
          at D:\OpenSource\SnippetBox\frontend\tests\property\SnippetProperty.test.ts:92:36
          at AsyncProperty.run (D:\OpenSource\SnippetBox\frontend\node_modules\fast-check\lib\cjs\fast-check.js:1208:19)
          at asyncRunIt (D:\OpenSource\SnippetBox\frontend\node_modules\fast-check\lib\cjs\fast-check.js:2503:15)
          at Object.<anonymous> (D:\OpenSource\SnippetBox\frontend\tests\property\SnippetProperty.test.ts:58:7)

    [0m [90m 407 |[39m           console[33m.[39mlog([32m`Generated vector for snippet: ${snippetId}`[39m)[33m;[39m
     [90m 408 |[39m         } [36mcatch[39m (error) {
    [31m[1m>[22m[39m[90m 409 |[39m           console[33m.[39merror([32m`Failed to generate vector for snippet ${snippetId}:`[3
9m[33m,[39m error)[33m;[39m
     [90m     |[39m                   [31m[1m^[22m[39m
     [90m 410 |[39m         }
     [90m 411 |[39m       }
     [90m 412 |[39m     } [36mfinally[39m {[0m

      at SnippetManager.processVectorGenerationQueue (src/main/services/SnippetManager.ts:409:19)

    console.error
      Failed to generate vector for snippet test-snippet-id: TypeError: dbManager.getDb is not a function
          at VectorStore.initialize (D:\OpenSource\SnippetBox\frontend\src\main\services\VectorStore.ts:21:26)
          at VectorStore.addVector (D:\OpenSource\SnippetBox\frontend\src\main\services\VectorStore.ts:27:10)
          at SnippetManager.processVectorGenerationQueue (D:\OpenSource\SnippetBox\frontend\src\main\services\SnippetManager.ts:406:34)
          at SnippetManager.generateVectorForSnippet (D:\OpenSource\SnippetBox\frontend\src\main\services\SnippetManager.ts:388:10)
          at SnippetManager.createSnippet (D:\OpenSource\SnippetBox\frontend\src\main\services\SnippetManager.ts:72:12)
          at processTicksAndRejections (node:internal/process/task_queues:105:5)
          at D:\OpenSource\SnippetBox\frontend\tests\property\SnippetProperty.test.ts:92:36
          at AsyncProperty.run (D:\OpenSource\SnippetBox\frontend\node_modules\fast-check\lib\cjs\fast-check.js:1208:19)
          at asyncRunIt (D:\OpenSource\SnippetBox\frontend\node_modules\fast-check\lib\cjs\fast-check.js:2503:15)
          at Object.<anonymous> (D:\OpenSource\SnippetBox\frontend\tests\property\SnippetProperty.test.ts:58:7)

    [0m [90m 407 |[39m           console[33m.[39mlog([32m`Generated vector for snippet: ${snippetId}`[39m)[33m;[39m
     [90m 408 |[39m         } [36mcatch[39m (error) {
    [31m[1m>[22m[39m[90m 409 |[39m           console[33m.[39merror([32m`Failed to generate vector for snippet ${snippetId}:`[3
9m[33m,[39m error)[33m;[39m
     [90m     |[39m                   [31m[1m^[22m[39m
     [90m 410 |[39m         }
     [90m 411 |[39m       }
     [90m 412 |[39m     } [36mfinally[39m {[0m

      at SnippetManager.processVectorGenerationQueue (src/main/services/SnippetManager.ts:409:19)

    console.error
      Failed to generate vector for snippet test-snippet-id: TypeError: dbManager.getDb is not a function
          at VectorStore.initialize (D:\OpenSource\SnippetBox\frontend\src\main\services\VectorStore.ts:21:26)
          at VectorStore.addVector (D:\OpenSource\SnippetBox\frontend\src\main\services\VectorStore.ts:27:10)
          at SnippetManager.processVectorGenerationQueue (D:\OpenSource\SnippetBox\frontend\src\main\services\SnippetManager.ts:406:34)
          at SnippetManager.generateVectorForSnippet (D:\OpenSource\SnippetBox\frontend\src\main\services\SnippetManager.ts:388:10)
          at SnippetManager.createSnippet (D:\OpenSource\SnippetBox\frontend\src\main\services\SnippetManager.ts:72:12)
          at processTicksAndRejections (node:internal/process/task_queues:105:5)
          at D:\OpenSource\SnippetBox\frontend\tests\property\SnippetProperty.test.ts:92:36
          at AsyncProperty.run (D:\OpenSource\SnippetBox\frontend\node_modules\fast-check\lib\cjs\fast-check.js:1208:19)
          at asyncRunIt (D:\OpenSource\SnippetBox\frontend\node_modules\fast-check\lib\cjs\fast-check.js:2503:15)
          at Object.<anonymous> (D:\OpenSource\SnippetBox\frontend\tests\property\SnippetProperty.test.ts:58:7)

    [0m [90m 407 |[39m           console[33m.[39mlog([32m`Generated vector for snippet: ${snippetId}`[39m)[33m;[39m
     [90m 408 |[39m         } [36mcatch[39m (error) {
    [31m[1m>[22m[39m[90m 409 |[39m           console[33m.[39merror([32m`Failed to generate vector for snippet ${snippetId}:`[3
9m[33m,[39m error)[33m;[39m
     [90m     |[39m                   [31m[1m^[22m[39m
     [90m 410 |[39m         }
     [90m 411 |[39m       }
     [90m 412 |[39m     } [36mfinally[39m {[0m

      at SnippetManager.processVectorGenerationQueue (src/main/services/SnippetManager.ts:409:19)

    console.error
      Failed to generate vector for snippet test-snippet-id: TypeError: dbManager.getDb is not a function
          at VectorStore.initialize (D:\OpenSource\SnippetBox\frontend\src\main\services\VectorStore.ts:21:26)
          at VectorStore.addVector (D:\OpenSource\SnippetBox\frontend\src\main\services\VectorStore.ts:27:10)
          at SnippetManager.processVectorGenerationQueue (D:\OpenSource\SnippetBox\frontend\src\main\services\SnippetManager.ts:406:34)
          at SnippetManager.generateVectorForSnippet (D:\OpenSource\SnippetBox\frontend\src\main\services\SnippetManager.ts:388:10)
          at SnippetManager.createSnippet (D:\OpenSource\SnippetBox\frontend\src\main\services\SnippetManager.ts:72:12)
          at processTicksAndRejections (node:internal/process/task_queues:105:5)
          at D:\OpenSource\SnippetBox\frontend\tests\property\SnippetProperty.test.ts:92:36
          at AsyncProperty.run (D:\OpenSource\SnippetBox\frontend\node_modules\fast-check\lib\cjs\fast-check.js:1208:19)
          at asyncRunIt (D:\OpenSource\SnippetBox\frontend\node_modules\fast-check\lib\cjs\fast-check.js:2503:15)
          at Object.<anonymous> (D:\OpenSource\SnippetBox\frontend\tests\property\SnippetProperty.test.ts:58:7)

    [0m [90m 407 |[39m           console[33m.[39mlog([32m`Generated vector for snippet: ${snippetId}`[39m)[33m;[39m
     [90m 408 |[39m         } [36mcatch[39m (error) {
    [31m[1m>[22m[39m[90m 409 |[39m           console[33m.[39merror([32m`Failed to generate vector for snippet ${snippetId}:`[3
9m[33m,[39m error)[33m;[39m
     [90m     |[39m                   [31m[1m^[22m[39m
     [90m 410 |[39m         }
     [90m 411 |[39m       }
     [90m 412 |[39m     } [36mfinally[39m {[0m

      at SnippetManager.processVectorGenerationQueue (src/main/services/SnippetManager.ts:409:19)

    console.error
      Failed to generate vector for snippet test-snippet-id: TypeError: dbManager.getDb is not a function
          at VectorStore.initialize (D:\OpenSource\SnippetBox\frontend\src\main\services\VectorStore.ts:21:26)
          at VectorStore.addVector (D:\OpenSource\SnippetBox\frontend\src\main\services\VectorStore.ts:27:10)
          at SnippetManager.processVectorGenerationQueue (D:\OpenSource\SnippetBox\frontend\src\main\services\SnippetManager.ts:406:34)
          at SnippetManager.generateVectorForSnippet (D:\OpenSource\SnippetBox\frontend\src\main\services\SnippetManager.ts:388:10)
          at SnippetManager.createSnippet (D:\OpenSource\SnippetBox\frontend\src\main\services\SnippetManager.ts:72:12)
          at processTicksAndRejections (node:internal/process/task_queues:105:5)
          at D:\OpenSource\SnippetBox\frontend\tests\property\SnippetProperty.test.ts:92:36
          at AsyncProperty.run (D:\OpenSource\SnippetBox\frontend\node_modules\fast-check\lib\cjs\fast-check.js:1208:19)
          at asyncRunIt (D:\OpenSource\SnippetBox\frontend\node_modules\fast-check\lib\cjs\fast-check.js:2503:15)
          at Object.<anonymous> (D:\OpenSource\SnippetBox\frontend\tests\property\SnippetProperty.test.ts:58:7)

    [0m [90m 407 |[39m           console[33m.[39mlog([32m`Generated vector for snippet: ${snippetId}`[39m)[33m;[39m
     [90m 408 |[39m         } [36mcatch[39m (error) {
    [31m[1m>[22m[39m[90m 409 |[39m           console[33m.[39merror([32m`Failed to generate vector for snippet ${snippetId}:`[3
9m[33m,[39m error)[33m;[39m
     [90m     |[39m                   [31m[1m^[22m[39m
     [90m 410 |[39m         }
     [90m 411 |[39m       }
     [90m 412 |[39m     } [36mfinally[39m {[0m

      at SnippetManager.processVectorGenerationQueue (src/main/services/SnippetManager.ts:409:19)

    console.error
      Failed to generate vector for snippet test-snippet-id: TypeError: dbManager.getDb is not a function
          at VectorStore.initialize (D:\OpenSource\SnippetBox\frontend\src\main\services\VectorStore.ts:21:26)
          at VectorStore.addVector (D:\OpenSource\SnippetBox\frontend\src\main\services\VectorStore.ts:27:10)
          at SnippetManager.processVectorGenerationQueue (D:\OpenSource\SnippetBox\frontend\src\main\services\SnippetManager.ts:406:34)
          at SnippetManager.generateVectorForSnippet (D:\OpenSource\SnippetBox\frontend\src\main\services\SnippetManager.ts:388:10)
          at SnippetManager.createSnippet (D:\OpenSource\SnippetBox\frontend\src\main\services\SnippetManager.ts:72:12)
          at processTicksAndRejections (node:internal/process/task_queues:105:5)
          at D:\OpenSource\SnippetBox\frontend\tests\property\SnippetProperty.test.ts:92:36
          at AsyncProperty.run (D:\OpenSource\SnippetBox\frontend\node_modules\fast-check\lib\cjs\fast-check.js:1208:19)
          at asyncRunIt (D:\OpenSource\SnippetBox\frontend\node_modules\fast-check\lib\cjs\fast-check.js:2503:15)
          at Object.<anonymous> (D:\OpenSource\SnippetBox\frontend\tests\property\SnippetProperty.test.ts:58:7)

    [0m [90m 407 |[39m           console[33m.[39mlog([32m`Generated vector for snippet: ${snippetId}`[39m)[33m;[39m
     [90m 408 |[39m         } [36mcatch[39m (error) {
    [31m[1m>[22m[39m[90m 409 |[39m           console[33m.[39merror([32m`Failed to generate vector for snippet ${snippetId}:`[3
9m[33m,[39m error)[33m;[39m
     [90m     |[39m                   [31m[1m^[22m[39m
     [90m 410 |[39m         }
     [90m 411 |[39m       }
     [90m 412 |[39m     } [36mfinally[39m {[0m

      at SnippetManager.processVectorGenerationQueue (src/main/services/SnippetManager.ts:409:19)

    console.error
      Failed to generate vector for snippet test-snippet-id: TypeError: dbManager.getDb is not a function
          at VectorStore.initialize (D:\OpenSource\SnippetBox\frontend\src\main\services\VectorStore.ts:21:26)
          at VectorStore.addVector (D:\OpenSource\SnippetBox\frontend\src\main\services\VectorStore.ts:27:10)
          at SnippetManager.processVectorGenerationQueue (D:\OpenSource\SnippetBox\frontend\src\main\services\SnippetManager.ts:406:34)
          at SnippetManager.generateVectorForSnippet (D:\OpenSource\SnippetBox\frontend\src\main\services\SnippetManager.ts:388:10)
          at SnippetManager.createSnippet (D:\OpenSource\SnippetBox\frontend\src\main\services\SnippetManager.ts:72:12)
          at processTicksAndRejections (node:internal/process/task_queues:105:5)
          at D:\OpenSource\SnippetBox\frontend\tests\property\SnippetProperty.test.ts:92:36
          at AsyncProperty.run (D:\OpenSource\SnippetBox\frontend\node_modules\fast-check\lib\cjs\fast-check.js:1208:19)
          at asyncRunIt (D:\OpenSource\SnippetBox\frontend\node_modules\fast-check\lib\cjs\fast-check.js:2503:15)
          at Object.<anonymous> (D:\OpenSource\SnippetBox\frontend\tests\property\SnippetProperty.test.ts:58:7)

    [0m [90m 407 |[39m           console[33m.[39mlog([32m`Generated vector for snippet: ${snippetId}`[39m)[33m;[39m
     [90m 408 |[39m         } [36mcatch[39m (error) {
    [31m[1m>[22m[39m[90m 409 |[39m           console[33m.[39merror([32m`Failed to generate vector for snippet ${snippetId}:`[3
9m[33m,[39m error)[33m;[39m
     [90m     |[39m                   [31m[1m^[22m[39m
     [90m 410 |[39m         }
     [90m 411 |[39m       }
     [90m 412 |[39m     } [36mfinally[39m {[0m

      at SnippetManager.processVectorGenerationQueue (src/main/services/SnippetManager.ts:409:19)

    console.error
      Failed to generate vector for snippet test-snippet-id: TypeError: dbManager.getDb is not a function
          at VectorStore.initialize (D:\OpenSource\SnippetBox\frontend\src\main\services\VectorStore.ts:21:26)
          at VectorStore.addVector (D:\OpenSource\SnippetBox\frontend\src\main\services\VectorStore.ts:27:10)
          at SnippetManager.processVectorGenerationQueue (D:\OpenSource\SnippetBox\frontend\src\main\services\SnippetManager.ts:406:34)
          at SnippetManager.generateVectorForSnippet (D:\OpenSource\SnippetBox\frontend\src\main\services\SnippetManager.ts:388:10)
          at SnippetManager.createSnippet (D:\OpenSource\SnippetBox\frontend\src\main\services\SnippetManager.ts:72:12)
          at processTicksAndRejections (node:internal/process/task_queues:105:5)
          at D:\OpenSource\SnippetBox\frontend\tests\property\SnippetProperty.test.ts:92:36
          at AsyncProperty.run (D:\OpenSource\SnippetBox\frontend\node_modules\fast-check\lib\cjs\fast-check.js:1208:19)
          at asyncRunIt (D:\OpenSource\SnippetBox\frontend\node_modules\fast-check\lib\cjs\fast-check.js:2503:15)
          at Object.<anonymous> (D:\OpenSource\SnippetBox\frontend\tests\property\SnippetProperty.test.ts:58:7)

    [0m [90m 407 |[39m           console[33m.[39mlog([32m`Generated vector for snippet: ${snippetId}`[39m)[33m;[39m
     [90m 408 |[39m         } [36mcatch[39m (error) {
    [31m[1m>[22m[39m[90m 409 |[39m           console[33m.[39merror([32m`Failed to generate vector for snippet ${snippetId}:`[3
9m[33m,[39m error)[33m;[39m
     [90m     |[39m                   [31m[1m^[22m[39m
     [90m 410 |[39m         }
     [90m 411 |[39m       }
     [90m 412 |[39m     } [36mfinally[39m {[0m

      at SnippetManager.processVectorGenerationQueue (src/main/services/SnippetManager.ts:409:19)

    console.error
      Failed to generate vector for snippet test-snippet-id: TypeError: dbManager.getDb is not a function
          at VectorStore.initialize (D:\OpenSource\SnippetBox\frontend\src\main\services\VectorStore.ts:21:26)
          at VectorStore.addVector (D:\OpenSource\SnippetBox\frontend\src\main\services\VectorStore.ts:27:10)
          at SnippetManager.processVectorGenerationQueue (D:\OpenSource\SnippetBox\frontend\src\main\services\SnippetManager.ts:406:34)
          at SnippetManager.generateVectorForSnippet (D:\OpenSource\SnippetBox\frontend\src\main\services\SnippetManager.ts:388:10)
          at SnippetManager.createSnippet (D:\OpenSource\SnippetBox\frontend\src\main\services\SnippetManager.ts:72:12)
          at processTicksAndRejections (node:internal/process/task_queues:105:5)
          at D:\OpenSource\SnippetBox\frontend\tests\property\SnippetProperty.test.ts:92:36
          at AsyncProperty.run (D:\OpenSource\SnippetBox\frontend\node_modules\fast-check\lib\cjs\fast-check.js:1208:19)
          at asyncRunIt (D:\OpenSource\SnippetBox\frontend\node_modules\fast-check\lib\cjs\fast-check.js:2503:15)
          at Object.<anonymous> (D:\OpenSource\SnippetBox\frontend\tests\property\SnippetProperty.test.ts:58:7)

    [0m [90m 407 |[39m           console[33m.[39mlog([32m`Generated vector for snippet: ${snippetId}`[39m)[33m;[39m
     [90m 408 |[39m         } [36mcatch[39m (error) {
    [31m[1m>[22m[39m[90m 409 |[39m           console[33m.[39merror([32m`Failed to generate vector for snippet ${snippetId}:`[3
9m[33m,[39m error)[33m;[39m
     [90m     |[39m                   [31m[1m^[22m[39m
     [90m 410 |[39m         }
     [90m 411 |[39m       }
     [90m 412 |[39m     } [36mfinally[39m {[0m

      at SnippetManager.processVectorGenerationQueue (src/main/services/SnippetManager.ts:409:19)

    console.error
      Failed to generate vector for snippet test-snippet-id: TypeError: dbManager.getDb is not a function
          at VectorStore.initialize (D:\OpenSource\SnippetBox\frontend\src\main\services\VectorStore.ts:21:26)
          at VectorStore.addVector (D:\OpenSource\SnippetBox\frontend\src\main\services\VectorStore.ts:27:10)
          at SnippetManager.processVectorGenerationQueue (D:\OpenSource\SnippetBox\frontend\src\main\services\SnippetManager.ts:406:34)
          at SnippetManager.generateVectorForSnippet (D:\OpenSource\SnippetBox\frontend\src\main\services\SnippetManager.ts:388:10)
          at SnippetManager.createSnippet (D:\OpenSource\SnippetBox\frontend\src\main\services\SnippetManager.ts:72:12)
          at processTicksAndRejections (node:internal/process/task_queues:105:5)
          at D:\OpenSource\SnippetBox\frontend\tests\property\SnippetProperty.test.ts:92:36
          at AsyncProperty.run (D:\OpenSource\SnippetBox\frontend\node_modules\fast-check\lib\cjs\fast-check.js:1208:19)
          at asyncRunIt (D:\OpenSource\SnippetBox\frontend\node_modules\fast-check\lib\cjs\fast-check.js:2503:15)
          at Object.<anonymous> (D:\OpenSource\SnippetBox\frontend\tests\property\SnippetProperty.test.ts:58:7)

    [0m [90m 407 |[39m           console[33m.[39mlog([32m`Generated vector for snippet: ${snippetId}`[39m)[33m;[39m
     [90m 408 |[39m         } [36mcatch[39m (error) {
    [31m[1m>[22m[39m[90m 409 |[39m           console[33m.[39merror([32m`Failed to generate vector for snippet ${snippetId}:`[3
9m[33m,[39m error)[33m;[39m
     [90m     |[39m                   [31m[1m^[22m[39m
     [90m 410 |[39m         }
     [90m 411 |[39m       }
     [90m 412 |[39m     } [36mfinally[39m {[0m

      at SnippetManager.processVectorGenerationQueue (src/main/services/SnippetManager.ts:409:19)

    console.error
      Failed to generate vector for snippet test-snippet-id: TypeError: dbManager.getDb is not a function
          at VectorStore.initialize (D:\OpenSource\SnippetBox\frontend\src\main\services\VectorStore.ts:21:26)
          at VectorStore.addVector (D:\OpenSource\SnippetBox\frontend\src\main\services\VectorStore.ts:27:10)
          at SnippetManager.processVectorGenerationQueue (D:\OpenSource\SnippetBox\frontend\src\main\services\SnippetManager.ts:406:34)
          at SnippetManager.generateVectorForSnippet (D:\OpenSource\SnippetBox\frontend\src\main\services\SnippetManager.ts:388:10)
          at SnippetManager.createSnippet (D:\OpenSource\SnippetBox\frontend\src\main\services\SnippetManager.ts:72:12)
          at processTicksAndRejections (node:internal/process/task_queues:105:5)
          at D:\OpenSource\SnippetBox\frontend\tests\property\SnippetProperty.test.ts:92:36
          at AsyncProperty.run (D:\OpenSource\SnippetBox\frontend\node_modules\fast-check\lib\cjs\fast-check.js:1208:19)
          at asyncRunIt (D:\OpenSource\SnippetBox\frontend\node_modules\fast-check\lib\cjs\fast-check.js:2503:15)
          at Object.<anonymous> (D:\OpenSource\SnippetBox\frontend\tests\property\SnippetProperty.test.ts:58:7)

    [0m [90m 407 |[39m           console[33m.[39mlog([32m`Generated vector for snippet: ${snippetId}`[39m)[33m;[39m
     [90m 408 |[39m         } [36mcatch[39m (error) {
    [31m[1m>[22m[39m[90m 409 |[39m           console[33m.[39merror([32m`Failed to generate vector for snippet ${snippetId}:`[3
9m[33m,[39m error)[33m;[39m
     [90m     |[39m                   [31m[1m^[22m[39m
     [90m 410 |[39m         }
     [90m 411 |[39m       }
     [90m 412 |[39m     } [36mfinally[39m {[0m

      at SnippetManager.processVectorGenerationQueue (src/main/services/SnippetManager.ts:409:19)

    console.error
      Failed to generate vector for snippet test-snippet-id: TypeError: dbManager.getDb is not a function
          at VectorStore.initialize (D:\OpenSource\SnippetBox\frontend\src\main\services\VectorStore.ts:21:26)
          at VectorStore.addVector (D:\OpenSource\SnippetBox\frontend\src\main\services\VectorStore.ts:27:10)
          at SnippetManager.processVectorGenerationQueue (D:\OpenSource\SnippetBox\frontend\src\main\services\SnippetManager.ts:406:34)
          at SnippetManager.generateVectorForSnippet (D:\OpenSource\SnippetBox\frontend\src\main\services\SnippetManager.ts:388:10)
          at SnippetManager.createSnippet (D:\OpenSource\SnippetBox\frontend\src\main\services\SnippetManager.ts:72:12)
          at processTicksAndRejections (node:internal/process/task_queues:105:5)
          at D:\OpenSource\SnippetBox\frontend\tests\property\SnippetProperty.test.ts:92:36
          at AsyncProperty.run (D:\OpenSource\SnippetBox\frontend\node_modules\fast-check\lib\cjs\fast-check.js:1208:19)
          at asyncRunIt (D:\OpenSource\SnippetBox\frontend\node_modules\fast-check\lib\cjs\fast-check.js:2503:15)
          at Object.<anonymous> (D:\OpenSource\SnippetBox\frontend\tests\property\SnippetProperty.test.ts:58:7)

    [0m [90m 407 |[39m           console[33m.[39mlog([32m`Generated vector for snippet: ${snippetId}`[39m)[33m;[39m
     [90m 408 |[39m         } [36mcatch[39m (error) {
    [31m[1m>[22m[39m[90m 409 |[39m           console[33m.[39merror([32m`Failed to generate vector for snippet ${snippetId}:`[3
9m[33m,[39m error)[33m;[39m
     [90m     |[39m                   [31m[1m^[22m[39m
     [90m 410 |[39m         }
     [90m 411 |[39m       }
     [90m 412 |[39m     } [36mfinally[39m {[0m

      at SnippetManager.processVectorGenerationQueue (src/main/services/SnippetManager.ts:409:19)

    console.error
      Failed to generate vector for snippet test-snippet-id: TypeError: dbManager.getDb is not a function
          at VectorStore.initialize (D:\OpenSource\SnippetBox\frontend\src\main\services\VectorStore.ts:21:26)
          at VectorStore.addVector (D:\OpenSource\SnippetBox\frontend\src\main\services\VectorStore.ts:27:10)
          at SnippetManager.processVectorGenerationQueue (D:\OpenSource\SnippetBox\frontend\src\main\services\SnippetManager.ts:406:34)
          at SnippetManager.generateVectorForSnippet (D:\OpenSource\SnippetBox\frontend\src\main\services\SnippetManager.ts:388:10)
          at SnippetManager.createSnippet (D:\OpenSource\SnippetBox\frontend\src\main\services\SnippetManager.ts:72:12)
          at processTicksAndRejections (node:internal/process/task_queues:105:5)
          at D:\OpenSource\SnippetBox\frontend\tests\property\SnippetProperty.test.ts:92:36
          at AsyncProperty.run (D:\OpenSource\SnippetBox\frontend\node_modules\fast-check\lib\cjs\fast-check.js:1208:19)
          at asyncRunIt (D:\OpenSource\SnippetBox\frontend\node_modules\fast-check\lib\cjs\fast-check.js:2503:15)
          at Object.<anonymous> (D:\OpenSource\SnippetBox\frontend\tests\property\SnippetProperty.test.ts:58:7)

    [0m [90m 407 |[39m           console[33m.[39mlog([32m`Generated vector for snippet: ${snippetId}`[39m)[33m;[39m
     [90m 408 |[39m         } [36mcatch[39m (error) {
    [31m[1m>[22m[39m[90m 409 |[39m           console[33m.[39merror([32m`Failed to generate vector for snippet ${snippetId}:`[3
9m[33m,[39m error)[33m;[39m
     [90m     |[39m                   [31m[1m^[22m[39m
     [90m 410 |[39m         }
     [90m 411 |[39m       }
     [90m 412 |[39m     } [36mfinally[39m {[0m

      at SnippetManager.processVectorGenerationQueue (src/main/services/SnippetManager.ts:409:19)

    console.error
      Failed to generate vector for snippet snippet-0g4akf7uw: TypeError: dbManager.getDb is not a function
          at VectorStore.initialize (D:\OpenSource\SnippetBox\frontend\src\main\services\VectorStore.ts:21:26)
          at VectorStore.addVector (D:\OpenSource\SnippetBox\frontend\src\main\services\VectorStore.ts:27:10)
          at SnippetManager.processVectorGenerationQueue (D:\OpenSource\SnippetBox\frontend\src\main\services\SnippetManager.ts:406:34)
          at SnippetManager.generateVectorForSnippet (D:\OpenSource\SnippetBox\frontend\src\main\services\SnippetManager.ts:388:10)
          at SnippetManager.createSnippet (D:\OpenSource\SnippetBox\frontend\src\main\services\SnippetManager.ts:72:12)
          at processTicksAndRejections (node:internal/process/task_queues:105:5)
          at D:\OpenSource\SnippetBox\frontend\tests\property\SnippetProperty.test.ts:144:31
          at AsyncProperty.run (D:\OpenSource\SnippetBox\frontend\node_modules\fast-check\lib\cjs\fast-check.js:1208:19)
          at asyncRunIt (D:\OpenSource\SnippetBox\frontend\node_modules\fast-check\lib\cjs\fast-check.js:2503:15)
          at Object.<anonymous> (D:\OpenSource\SnippetBox\frontend\tests\property\SnippetProperty.test.ts:106:7)

    [0m [90m 407 |[39m           console[33m.[39mlog([32m`Generated vector for snippet: ${snippetId}`[39m)[33m;[39m
     [90m 408 |[39m         } [36mcatch[39m (error) {
    [31m[1m>[22m[39m[90m 409 |[39m           console[33m.[39merror([32m`Failed to generate vector for snippet ${snippetId}:`[3
9m[33m,[39m error)[33m;[39m
     [90m     |[39m                   [31m[1m^[22m[39m
     [90m 410 |[39m         }
     [90m 411 |[39m       }
     [90m 412 |[39m     } [36mfinally[39m {[0m

      at SnippetManager.processVectorGenerationQueue (src/main/services/SnippetManager.ts:409:19)

    console.error
      Failed to generate vector for snippet snippet-g8q7yjid8: TypeError: dbManager.getDb is not a function
          at VectorStore.initialize (D:\OpenSource\SnippetBox\frontend\src\main\services\VectorStore.ts:21:26)
          at VectorStore.addVector (D:\OpenSource\SnippetBox\frontend\src\main\services\VectorStore.ts:27:10)
          at SnippetManager.processVectorGenerationQueue (D:\OpenSource\SnippetBox\frontend\src\main\services\SnippetManager.ts:406:34)
          at SnippetManager.generateVectorForSnippet (D:\OpenSource\SnippetBox\frontend\src\main\services\SnippetManager.ts:388:10)
          at SnippetManager.createSnippet (D:\OpenSource\SnippetBox\frontend\src\main\services\SnippetManager.ts:72:12)
          at processTicksAndRejections (node:internal/process/task_queues:105:5)
          at D:\OpenSource\SnippetBox\frontend\tests\property\SnippetProperty.test.ts:144:31
          at AsyncProperty.run (D:\OpenSource\SnippetBox\frontend\node_modules\fast-check\lib\cjs\fast-check.js:1208:19)
          at asyncRunIt (D:\OpenSource\SnippetBox\frontend\node_modules\fast-check\lib\cjs\fast-check.js:2503:15)
          at Object.<anonymous> (D:\OpenSource\SnippetBox\frontend\tests\property\SnippetProperty.test.ts:106:7)

    [0m [90m 407 |[39m           console[33m.[39mlog([32m`Generated vector for snippet: ${snippetId}`[39m)[33m;[39m
     [90m 408 |[39m         } [36mcatch[39m (error) {
    [31m[1m>[22m[39m[90m 409 |[39m           console[33m.[39merror([32m`Failed to generate vector for snippet ${snippetId}:`[3
9m[33m,[39m error)[33m;[39m
     [90m     |[39m                   [31m[1m^[22m[39m
     [90m 410 |[39m         }
     [90m 411 |[39m       }
     [90m 412 |[39m     } [36mfinally[39m {[0m

      at SnippetManager.processVectorGenerationQueue (src/main/services/SnippetManager.ts:409:19)

    console.error
      Failed to generate vector for snippet snippet-8fjacg1fv: TypeError: dbManager.getDb is not a function
          at VectorStore.initialize (D:\OpenSource\SnippetBox\frontend\src\main\services\VectorStore.ts:21:26)
          at VectorStore.addVector (D:\OpenSource\SnippetBox\frontend\src\main\services\VectorStore.ts:27:10)
          at SnippetManager.processVectorGenerationQueue (D:\OpenSource\SnippetBox\frontend\src\main\services\SnippetManager.ts:406:34)
          at SnippetManager.generateVectorForSnippet (D:\OpenSource\SnippetBox\frontend\src\main\services\SnippetManager.ts:388:10)
          at SnippetManager.createSnippet (D:\OpenSource\SnippetBox\frontend\src\main\services\SnippetManager.ts:72:12)
          at processTicksAndRejections (node:internal/process/task_queues:105:5)
          at D:\OpenSource\SnippetBox\frontend\tests\property\SnippetProperty.test.ts:144:31
          at AsyncProperty.run (D:\OpenSource\SnippetBox\frontend\node_modules\fast-check\lib\cjs\fast-check.js:1208:19)
          at asyncRunIt (D:\OpenSource\SnippetBox\frontend\node_modules\fast-check\lib\cjs\fast-check.js:2503:15)
          at Object.<anonymous> (D:\OpenSource\SnippetBox\frontend\tests\property\SnippetProperty.test.ts:106:7)

    [0m [90m 407 |[39m           console[33m.[39mlog([32m`Generated vector for snippet: ${snippetId}`[39m)[33m;[39m
     [90m 408 |[39m         } [36mcatch[39m (error) {
    [31m[1m>[22m[39m[90m 409 |[39m           console[33m.[39merror([32m`Failed to generate vector for snippet ${snippetId}:`[3
9m[33m,[39m error)[33m;[39m
     [90m     |[39m                   [31m[1m^[22m[39m
     [90m 410 |[39m         }
     [90m 411 |[39m       }
     [90m 412 |[39m     } [36mfinally[39m {[0m

      at SnippetManager.processVectorGenerationQueue (src/main/services/SnippetManager.ts:409:19)

    console.error
      Failed to generate vector for snippet snippet-oskp3ggl0: TypeError: dbManager.getDb is not a function
          at VectorStore.initialize (D:\OpenSource\SnippetBox\frontend\src\main\services\VectorStore.ts:21:26)
          at VectorStore.addVector (D:\OpenSource\SnippetBox\frontend\src\main\services\VectorStore.ts:27:10)
          at SnippetManager.processVectorGenerationQueue (D:\OpenSource\SnippetBox\frontend\src\main\services\SnippetManager.ts:406:34)
          at SnippetManager.generateVectorForSnippet (D:\OpenSource\SnippetBox\frontend\src\main\services\SnippetManager.ts:388:10)
          at SnippetManager.createSnippet (D:\OpenSource\SnippetBox\frontend\src\main\services\SnippetManager.ts:72:12)
          at processTicksAndRejections (node:internal/process/task_queues:105:5)
          at D:\OpenSource\SnippetBox\frontend\tests\property\SnippetProperty.test.ts:144:31
          at AsyncProperty.run (D:\OpenSource\SnippetBox\frontend\node_modules\fast-check\lib\cjs\fast-check.js:1208:19)
          at asyncRunIt (D:\OpenSource\SnippetBox\frontend\node_modules\fast-check\lib\cjs\fast-check.js:2503:15)
          at Object.<anonymous> (D:\OpenSource\SnippetBox\frontend\tests\property\SnippetProperty.test.ts:106:7)

    [0m [90m 407 |[39m           console[33m.[39mlog([32m`Generated vector for snippet: ${snippetId}`[39m)[33m;[39m
     [90m 408 |[39m         } [36mcatch[39m (error) {
    [31m[1m>[22m[39m[90m 409 |[39m           console[33m.[39merror([32m`Failed to generate vector for snippet ${snippetId}:`[3
9m[33m,[39m error)[33m;[39m
     [90m     |[39m                   [31m[1m^[22m[39m
     [90m 410 |[39m         }
     [90m 411 |[39m       }
     [90m 412 |[39m     } [36mfinally[39m {[0m

      at SnippetManager.processVectorGenerationQueue (src/main/services/SnippetManager.ts:409:19)

    console.error
      Failed to generate vector for snippet snippet-s788fvr8b: TypeError: dbManager.getDb is not a function
          at VectorStore.initialize (D:\OpenSource\SnippetBox\frontend\src\main\services\VectorStore.ts:21:26)
          at VectorStore.addVector (D:\OpenSource\SnippetBox\frontend\src\main\services\VectorStore.ts:27:10)
          at SnippetManager.processVectorGenerationQueue (D:\OpenSource\SnippetBox\frontend\src\main\services\SnippetManager.ts:406:34)
          at SnippetManager.generateVectorForSnippet (D:\OpenSource\SnippetBox\frontend\src\main\services\SnippetManager.ts:388:10)
          at SnippetManager.createSnippet (D:\OpenSource\SnippetBox\frontend\src\main\services\SnippetManager.ts:72:12)
          at processTicksAndRejections (node:internal/process/task_queues:105:5)
          at D:\OpenSource\SnippetBox\frontend\tests\property\SnippetProperty.test.ts:144:31
          at AsyncProperty.run (D:\OpenSource\SnippetBox\frontend\node_modules\fast-check\lib\cjs\fast-check.js:1208:19)
          at asyncRunIt (D:\OpenSource\SnippetBox\frontend\node_modules\fast-check\lib\cjs\fast-check.js:2503:15)
          at Object.<anonymous> (D:\OpenSource\SnippetBox\frontend\tests\property\SnippetProperty.test.ts:106:7)

    [0m [90m 407 |[39m           console[33m.[39mlog([32m`Generated vector for snippet: ${snippetId}`[39m)[33m;[39m
     [90m 408 |[39m         } [36mcatch[39m (error) {
    [31m[1m>[22m[39m[90m 409 |[39m           console[33m.[39merror([32m`Failed to generate vector for snippet ${snippetId}:`[3
9m[33m,[39m error)[33m;[39m
     [90m     |[39m                   [31m[1m^[22m[39m
     [90m 410 |[39m         }
     [90m 411 |[39m       }
     [90m 412 |[39m     } [36mfinally[39m {[0m

      at SnippetManager.processVectorGenerationQueue (src/main/services/SnippetManager.ts:409:19)

    console.error
      Failed to generate vector for snippet snippet-cgrytchgu: TypeError: dbManager.getDb is not a function
          at VectorStore.initialize (D:\OpenSource\SnippetBox\frontend\src\main\services\VectorStore.ts:21:26)
          at VectorStore.addVector (D:\OpenSource\SnippetBox\frontend\src\main\services\VectorStore.ts:27:10)
          at SnippetManager.processVectorGenerationQueue (D:\OpenSource\SnippetBox\frontend\src\main\services\SnippetManager.ts:406:34)
          at SnippetManager.generateVectorForSnippet (D:\OpenSource\SnippetBox\frontend\src\main\services\SnippetManager.ts:388:10)
          at SnippetManager.createSnippet (D:\OpenSource\SnippetBox\frontend\src\main\services\SnippetManager.ts:72:12)
          at processTicksAndRejections (node:internal/process/task_queues:105:5)
          at D:\OpenSource\SnippetBox\frontend\tests\property\SnippetProperty.test.ts:144:31
          at AsyncProperty.run (D:\OpenSource\SnippetBox\frontend\node_modules\fast-check\lib\cjs\fast-check.js:1208:19)
          at asyncRunIt (D:\OpenSource\SnippetBox\frontend\node_modules\fast-check\lib\cjs\fast-check.js:2503:15)
          at Object.<anonymous> (D:\OpenSource\SnippetBox\frontend\tests\property\SnippetProperty.test.ts:106:7)

    [0m [90m 407 |[39m           console[33m.[39mlog([32m`Generated vector for snippet: ${snippetId}`[39m)[33m;[39m
     [90m 408 |[39m         } [36mcatch[39m (error) {
    [31m[1m>[22m[39m[90m 409 |[39m           console[33m.[39merror([32m`Failed to generate vector for snippet ${snippetId}:`[3
9m[33m,[39m error)[33m;[39m
     [90m     |[39m                   [31m[1m^[22m[39m
     [90m 410 |[39m         }
     [90m 411 |[39m       }
     [90m 412 |[39m     } [36mfinally[39m {[0m

      at SnippetManager.processVectorGenerationQueue (src/main/services/SnippetManager.ts:409:19)

    console.error
      Failed to generate vector for snippet snippet-v55paf756: TypeError: dbManager.getDb is not a function
          at VectorStore.initialize (D:\OpenSource\SnippetBox\frontend\src\main\services\VectorStore.ts:21:26)
          at VectorStore.addVector (D:\OpenSource\SnippetBox\frontend\src\main\services\VectorStore.ts:27:10)
          at SnippetManager.processVectorGenerationQueue (D:\OpenSource\SnippetBox\frontend\src\main\services\SnippetManager.ts:406:34)
          at SnippetManager.generateVectorForSnippet (D:\OpenSource\SnippetBox\frontend\src\main\services\SnippetManager.ts:388:10)
          at SnippetManager.createSnippet (D:\OpenSource\SnippetBox\frontend\src\main\services\SnippetManager.ts:72:12)
          at processTicksAndRejections (node:internal/process/task_queues:105:5)
          at D:\OpenSource\SnippetBox\frontend\tests\property\SnippetProperty.test.ts:144:31
          at AsyncProperty.run (D:\OpenSource\SnippetBox\frontend\node_modules\fast-check\lib\cjs\fast-check.js:1208:19)
          at asyncRunIt (D:\OpenSource\SnippetBox\frontend\node_modules\fast-check\lib\cjs\fast-check.js:2503:15)
          at Object.<anonymous> (D:\OpenSource\SnippetBox\frontend\tests\property\SnippetProperty.test.ts:106:7)

    [0m [90m 407 |[39m           console[33m.[39mlog([32m`Generated vector for snippet: ${snippetId}`[39m)[33m;[39m
     [90m 408 |[39m         } [36mcatch[39m (error) {
    [31m[1m>[22m[39m[90m 409 |[39m           console[33m.[39merror([32m`Failed to generate vector for snippet ${snippetId}:`[3
9m[33m,[39m error)[33m;[39m
     [90m     |[39m                   [31m[1m^[22m[39m
     [90m 410 |[39m         }
     [90m 411 |[39m       }
     [90m 412 |[39m     } [36mfinally[39m {[0m

      at SnippetManager.processVectorGenerationQueue (src/main/services/SnippetManager.ts:409:19)

    console.error
      Failed to generate vector for snippet snippet-igrhpizbu: TypeError: dbManager.getDb is not a function
          at VectorStore.initialize (D:\OpenSource\SnippetBox\frontend\src\main\services\VectorStore.ts:21:26)
          at VectorStore.addVector (D:\OpenSource\SnippetBox\frontend\src\main\services\VectorStore.ts:27:10)
          at SnippetManager.processVectorGenerationQueue (D:\OpenSource\SnippetBox\frontend\src\main\services\SnippetManager.ts:406:34)
          at SnippetManager.generateVectorForSnippet (D:\OpenSource\SnippetBox\frontend\src\main\services\SnippetManager.ts:388:10)
          at SnippetManager.createSnippet (D:\OpenSource\SnippetBox\frontend\src\main\services\SnippetManager.ts:72:12)
          at processTicksAndRejections (node:internal/process/task_queues:105:5)
          at D:\OpenSource\SnippetBox\frontend\tests\property\SnippetProperty.test.ts:144:31
          at AsyncProperty.run (D:\OpenSource\SnippetBox\frontend\node_modules\fast-check\lib\cjs\fast-check.js:1208:19)
          at asyncRunIt (D:\OpenSource\SnippetBox\frontend\node_modules\fast-check\lib\cjs\fast-check.js:2503:15)
          at Object.<anonymous> (D:\OpenSource\SnippetBox\frontend\tests\property\SnippetProperty.test.ts:106:7)

    [0m [90m 407 |[39m           console[33m.[39mlog([32m`Generated vector for snippet: ${snippetId}`[39m)[33m;[39m
     [90m 408 |[39m         } [36mcatch[39m (error) {
    [31m[1m>[22m[39m[90m 409 |[39m           console[33m.[39merror([32m`Failed to generate vector for snippet ${snippetId}:`[3
9m[33m,[39m error)[33m;[39m
     [90m     |[39m                   [31m[1m^[22m[39m
     [90m 410 |[39m         }
     [90m 411 |[39m       }
     [90m 412 |[39m     } [36mfinally[39m {[0m

      at SnippetManager.processVectorGenerationQueue (src/main/services/SnippetManager.ts:409:19)

    console.error
      Failed to generate vector for snippet snippet-llnl9yr4n: TypeError: dbManager.getDb is not a function
          at VectorStore.initialize (D:\OpenSource\SnippetBox\frontend\src\main\services\VectorStore.ts:21:26)
          at VectorStore.addVector (D:\OpenSource\SnippetBox\frontend\src\main\services\VectorStore.ts:27:10)
          at SnippetManager.processVectorGenerationQueue (D:\OpenSource\SnippetBox\frontend\src\main\services\SnippetManager.ts:406:34)
          at SnippetManager.generateVectorForSnippet (D:\OpenSource\SnippetBox\frontend\src\main\services\SnippetManager.ts:388:10)
          at SnippetManager.createSnippet (D:\OpenSource\SnippetBox\frontend\src\main\services\SnippetManager.ts:72:12)
          at processTicksAndRejections (node:internal/process/task_queues:105:5)
          at D:\OpenSource\SnippetBox\frontend\tests\property\SnippetProperty.test.ts:144:31
          at AsyncProperty.run (D:\OpenSource\SnippetBox\frontend\node_modules\fast-check\lib\cjs\fast-check.js:1208:19)
          at asyncRunIt (D:\OpenSource\SnippetBox\frontend\node_modules\fast-check\lib\cjs\fast-check.js:2503:15)
          at Object.<anonymous> (D:\OpenSource\SnippetBox\frontend\tests\property\SnippetProperty.test.ts:106:7)

    [0m [90m 407 |[39m           console[33m.[39mlog([32m`Generated vector for snippet: ${snippetId}`[39m)[33m;[39m
     [90m 408 |[39m         } [36mcatch[39m (error) {
    [31m[1m>[22m[39m[90m 409 |[39m           console[33m.[39merror([32m`Failed to generate vector for snippet ${snippetId}:`[3
9m[33m,[39m error)[33m;[39m
     [90m     |[39m                   [31m[1m^[22m[39m
     [90m 410 |[39m         }
     [90m 411 |[39m       }
     [90m 412 |[39m     } [36mfinally[39m {[0m

      at SnippetManager.processVectorGenerationQueue (src/main/services/SnippetManager.ts:409:19)

    console.error
      Failed to generate vector for snippet snippet-jttij21x7: TypeError: dbManager.getDb is not a function
          at VectorStore.initialize (D:\OpenSource\SnippetBox\frontend\src\main\services\VectorStore.ts:21:26)
          at VectorStore.addVector (D:\OpenSource\SnippetBox\frontend\src\main\services\VectorStore.ts:27:10)
          at SnippetManager.processVectorGenerationQueue (D:\OpenSource\SnippetBox\frontend\src\main\services\SnippetManager.ts:406:34)
          at SnippetManager.generateVectorForSnippet (D:\OpenSource\SnippetBox\frontend\src\main\services\SnippetManager.ts:388:10)
          at SnippetManager.createSnippet (D:\OpenSource\SnippetBox\frontend\src\main\services\SnippetManager.ts:72:12)
          at processTicksAndRejections (node:internal/process/task_queues:105:5)
          at D:\OpenSource\SnippetBox\frontend\tests\property\SnippetProperty.test.ts:144:31
          at AsyncProperty.run (D:\OpenSource\SnippetBox\frontend\node_modules\fast-check\lib\cjs\fast-check.js:1208:19)
          at asyncRunIt (D:\OpenSource\SnippetBox\frontend\node_modules\fast-check\lib\cjs\fast-check.js:2503:15)
          at Object.<anonymous> (D:\OpenSource\SnippetBox\frontend\tests\property\SnippetProperty.test.ts:106:7)

    [0m [90m 407 |[39m           console[33m.[39mlog([32m`Generated vector for snippet: ${snippetId}`[39m)[33m;[39m
     [90m 408 |[39m         } [36mcatch[39m (error) {
    [31m[1m>[22m[39m[90m 409 |[39m           console[33m.[39merror([32m`Failed to generate vector for snippet ${snippetId}:`[3
9m[33m,[39m error)[33m;[39m
     [90m     |[39m                   [31m[1m^[22m[39m
     [90m 410 |[39m         }
     [90m 411 |[39m       }
     [90m 412 |[39m     } [36mfinally[39m {[0m

      at SnippetManager.processVectorGenerationQueue (src/main/services/SnippetManager.ts:409:19)

    console.error
      Failed to generate vector for snippet snippet-u0iidb85w: TypeError: dbManager.getDb is not a function
          at VectorStore.initialize (D:\OpenSource\SnippetBox\frontend\src\main\services\VectorStore.ts:21:26)
          at VectorStore.addVector (D:\OpenSource\SnippetBox\frontend\src\main\services\VectorStore.ts:27:10)
          at SnippetManager.processVectorGenerationQueue (D:\OpenSource\SnippetBox\frontend\src\main\services\SnippetManager.ts:406:34)
          at SnippetManager.generateVectorForSnippet (D:\OpenSource\SnippetBox\frontend\src\main\services\SnippetManager.ts:388:10)
          at SnippetManager.createSnippet (D:\OpenSource\SnippetBox\frontend\src\main\services\SnippetManager.ts:72:12)
          at processTicksAndRejections (node:internal/process/task_queues:105:5)
          at D:\OpenSource\SnippetBox\frontend\tests\property\SnippetProperty.test.ts:144:31
          at AsyncProperty.run (D:\OpenSource\SnippetBox\frontend\node_modules\fast-check\lib\cjs\fast-check.js:1208:19)
          at asyncRunIt (D:\OpenSource\SnippetBox\frontend\node_modules\fast-check\lib\cjs\fast-check.js:2503:15)
          at Object.<anonymous> (D:\OpenSource\SnippetBox\frontend\tests\property\SnippetProperty.test.ts:106:7)

    [0m [90m 407 |[39m           console[33m.[39mlog([32m`Generated vector for snippet: ${snippetId}`[39m)[33m;[39m
     [90m 408 |[39m         } [36mcatch[39m (error) {
    [31m[1m>[22m[39m[90m 409 |[39m           console[33m.[39merror([32m`Failed to generate vector for snippet ${snippetId}:`[3
9m[33m,[39m error)[33m;[39m
     [90m     |[39m                   [31m[1m^[22m[39m
     [90m 410 |[39m         }
     [90m 411 |[39m       }
     [90m 412 |[39m     } [36mfinally[39m {[0m

      at SnippetManager.processVectorGenerationQueue (src/main/services/SnippetManager.ts:409:19)

    console.error
      Failed to generate vector for snippet snippet-ta607mvjj: TypeError: dbManager.getDb is not a function
          at VectorStore.initialize (D:\OpenSource\SnippetBox\frontend\src\main\services\VectorStore.ts:21:26)
          at VectorStore.addVector (D:\OpenSource\SnippetBox\frontend\src\main\services\VectorStore.ts:27:10)
          at SnippetManager.processVectorGenerationQueue (D:\OpenSource\SnippetBox\frontend\src\main\services\SnippetManager.ts:406:34)
          at SnippetManager.generateVectorForSnippet (D:\OpenSource\SnippetBox\frontend\src\main\services\SnippetManager.ts:388:10)
          at SnippetManager.createSnippet (D:\OpenSource\SnippetBox\frontend\src\main\services\SnippetManager.ts:72:12)
          at processTicksAndRejections (node:internal/process/task_queues:105:5)
          at D:\OpenSource\SnippetBox\frontend\tests\property\SnippetProperty.test.ts:144:31
          at AsyncProperty.run (D:\OpenSource\SnippetBox\frontend\node_modules\fast-check\lib\cjs\fast-check.js:1208:19)
          at asyncRunIt (D:\OpenSource\SnippetBox\frontend\node_modules\fast-check\lib\cjs\fast-check.js:2503:15)
          at Object.<anonymous> (D:\OpenSource\SnippetBox\frontend\tests\property\SnippetProperty.test.ts:106:7)

    [0m [90m 407 |[39m           console[33m.[39mlog([32m`Generated vector for snippet: ${snippetId}`[39m)[33m;[39m
     [90m 408 |[39m         } [36mcatch[39m (error) {
    [31m[1m>[22m[39m[90m 409 |[39m           console[33m.[39merror([32m`Failed to generate vector for snippet ${snippetId}:`[3
9m[33m,[39m error)[33m;[39m
     [90m     |[39m                   [31m[1m^[22m[39m
     [90m 410 |[39m         }
     [90m 411 |[39m       }
     [90m 412 |[39m     } [36mfinally[39m {[0m

      at SnippetManager.processVectorGenerationQueue (src/main/services/SnippetManager.ts:409:19)

    console.error
      Failed to generate vector for snippet snippet-s34bj9in8: TypeError: dbManager.getDb is not a function
          at VectorStore.initialize (D:\OpenSource\SnippetBox\frontend\src\main\services\VectorStore.ts:21:26)
          at VectorStore.addVector (D:\OpenSource\SnippetBox\frontend\src\main\services\VectorStore.ts:27:10)
          at SnippetManager.processVectorGenerationQueue (D:\OpenSource\SnippetBox\frontend\src\main\services\SnippetManager.ts:406:34)
          at SnippetManager.generateVectorForSnippet (D:\OpenSource\SnippetBox\frontend\src\main\services\SnippetManager.ts:388:10)
          at SnippetManager.createSnippet (D:\OpenSource\SnippetBox\frontend\src\main\services\SnippetManager.ts:72:12)
          at processTicksAndRejections (node:internal/process/task_queues:105:5)
          at D:\OpenSource\SnippetBox\frontend\tests\property\SnippetProperty.test.ts:144:31
          at AsyncProperty.run (D:\OpenSource\SnippetBox\frontend\node_modules\fast-check\lib\cjs\fast-check.js:1208:19)
          at asyncRunIt (D:\OpenSource\SnippetBox\frontend\node_modules\fast-check\lib\cjs\fast-check.js:2503:15)
          at Object.<anonymous> (D:\OpenSource\SnippetBox\frontend\tests\property\SnippetProperty.test.ts:106:7)

    [0m [90m 407 |[39m           console[33m.[39mlog([32m`Generated vector for snippet: ${snippetId}`[39m)[33m;[39m
     [90m 408 |[39m         } [36mcatch[39m (error) {
    [31m[1m>[22m[39m[90m 409 |[39m           console[33m.[39merror([32m`Failed to generate vector for snippet ${snippetId}:`[3
9m[33m,[39m error)[33m;[39m
     [90m     |[39m                   [31m[1m^[22m[39m
     [90m 410 |[39m         }
     [90m 411 |[39m       }
     [90m 412 |[39m     } [36mfinally[39m {[0m

      at SnippetManager.processVectorGenerationQueue (src/main/services/SnippetManager.ts:409:19)

    console.error
      Failed to generate vector for snippet snippet-9ug3da7j1: TypeError: dbManager.getDb is not a function
          at VectorStore.initialize (D:\OpenSource\SnippetBox\frontend\src\main\services\VectorStore.ts:21:26)
          at VectorStore.addVector (D:\OpenSource\SnippetBox\frontend\src\main\services\VectorStore.ts:27:10)
          at SnippetManager.processVectorGenerationQueue (D:\OpenSource\SnippetBox\frontend\src\main\services\SnippetManager.ts:406:34)
          at SnippetManager.generateVectorForSnippet (D:\OpenSource\SnippetBox\frontend\src\main\services\SnippetManager.ts:388:10)
          at SnippetManager.createSnippet (D:\OpenSource\SnippetBox\frontend\src\main\services\SnippetManager.ts:72:12)
          at processTicksAndRejections (node:internal/process/task_queues:105:5)
          at D:\OpenSource\SnippetBox\frontend\tests\property\SnippetProperty.test.ts:144:31
          at AsyncProperty.run (D:\OpenSource\SnippetBox\frontend\node_modules\fast-check\lib\cjs\fast-check.js:1208:19)
          at asyncRunIt (D:\OpenSource\SnippetBox\frontend\node_modules\fast-check\lib\cjs\fast-check.js:2503:15)
          at Object.<anonymous> (D:\OpenSource\SnippetBox\frontend\tests\property\SnippetProperty.test.ts:106:7)

    [0m [90m 407 |[39m           console[33m.[39mlog([32m`Generated vector for snippet: ${snippetId}`[39m)[33m;[39m
     [90m 408 |[39m         } [36mcatch[39m (error) {
    [31m[1m>[22m[39m[90m 409 |[39m           console[33m.[39merror([32m`Failed to generate vector for snippet ${snippetId}:`[3
9m[33m,[39m error)[33m;[39m
     [90m     |[39m                   [31m[1m^[22m[39m
     [90m 410 |[39m         }
     [90m 411 |[39m       }
     [90m 412 |[39m     } [36mfinally[39m {[0m

      at SnippetManager.processVectorGenerationQueue (src/main/services/SnippetManager.ts:409:19)

    console.error
      Failed to generate vector for snippet snippet-foxj5ui4b: TypeError: dbManager.getDb is not a function
          at VectorStore.initialize (D:\OpenSource\SnippetBox\frontend\src\main\services\VectorStore.ts:21:26)
          at VectorStore.addVector (D:\OpenSource\SnippetBox\frontend\src\main\services\VectorStore.ts:27:10)
          at SnippetManager.processVectorGenerationQueue (D:\OpenSource\SnippetBox\frontend\src\main\services\SnippetManager.ts:406:34)
          at SnippetManager.generateVectorForSnippet (D:\OpenSource\SnippetBox\frontend\src\main\services\SnippetManager.ts:388:10)
          at SnippetManager.createSnippet (D:\OpenSource\SnippetBox\frontend\src\main\services\SnippetManager.ts:72:12)
          at processTicksAndRejections (node:internal/process/task_queues:105:5)
          at D:\OpenSource\SnippetBox\frontend\tests\property\SnippetProperty.test.ts:144:31
          at AsyncProperty.run (D:\OpenSource\SnippetBox\frontend\node_modules\fast-check\lib\cjs\fast-check.js:1208:19)
          at asyncRunIt (D:\OpenSource\SnippetBox\frontend\node_modules\fast-check\lib\cjs\fast-check.js:2503:15)
          at Object.<anonymous> (D:\OpenSource\SnippetBox\frontend\tests\property\SnippetProperty.test.ts:106:7)

    [0m [90m 407 |[39m           console[33m.[39mlog([32m`Generated vector for snippet: ${snippetId}`[39m)[33m;[39m
     [90m 408 |[39m         } [36mcatch[39m (error) {
    [31m[1m>[22m[39m[90m 409 |[39m           console[33m.[39merror([32m`Failed to generate vector for snippet ${snippetId}:`[3
9m[33m,[39m error)[33m;[39m
     [90m     |[39m                   [31m[1m^[22m[39m
     [90m 410 |[39m         }
     [90m 411 |[39m       }
     [90m 412 |[39m     } [36mfinally[39m {[0m

      at SnippetManager.processVectorGenerationQueue (src/main/services/SnippetManager.ts:409:19)

    console.error
      Failed to generate vector for snippet snippet-i8cycn6ex: TypeError: dbManager.getDb is not a function
          at VectorStore.initialize (D:\OpenSource\SnippetBox\frontend\src\main\services\VectorStore.ts:21:26)
          at VectorStore.addVector (D:\OpenSource\SnippetBox\frontend\src\main\services\VectorStore.ts:27:10)
          at SnippetManager.processVectorGenerationQueue (D:\OpenSource\SnippetBox\frontend\src\main\services\SnippetManager.ts:406:34)
          at SnippetManager.generateVectorForSnippet (D:\OpenSource\SnippetBox\frontend\src\main\services\SnippetManager.ts:388:10)
          at SnippetManager.createSnippet (D:\OpenSource\SnippetBox\frontend\src\main\services\SnippetManager.ts:72:12)
          at processTicksAndRejections (node:internal/process/task_queues:105:5)
          at D:\OpenSource\SnippetBox\frontend\tests\property\SnippetProperty.test.ts:144:31
          at AsyncProperty.run (D:\OpenSource\SnippetBox\frontend\node_modules\fast-check\lib\cjs\fast-check.js:1208:19)
          at asyncRunIt (D:\OpenSource\SnippetBox\frontend\node_modules\fast-check\lib\cjs\fast-check.js:2503:15)
          at Object.<anonymous> (D:\OpenSource\SnippetBox\frontend\tests\property\SnippetProperty.test.ts:106:7)

    [0m [90m 407 |[39m           console[33m.[39mlog([32m`Generated vector for snippet: ${snippetId}`[39m)[33m;[39m
     [90m 408 |[39m         } [36mcatch[39m (error) {
    [31m[1m>[22m[39m[90m 409 |[39m           console[33m.[39merror([32m`Failed to generate vector for snippet ${snippetId}:`[3
9m[33m,[39m error)[33m;[39m
     [90m     |[39m                   [31m[1m^[22m[39m
     [90m 410 |[39m         }
     [90m 411 |[39m       }
     [90m 412 |[39m     } [36mfinally[39m {[0m

      at SnippetManager.processVectorGenerationQueue (src/main/services/SnippetManager.ts:409:19)

    console.error
      Failed to generate vector for snippet snippet-2yzhkw39f: TypeError: dbManager.getDb is not a function
          at VectorStore.initialize (D:\OpenSource\SnippetBox\frontend\src\main\services\VectorStore.ts:21:26)
          at VectorStore.addVector (D:\OpenSource\SnippetBox\frontend\src\main\services\VectorStore.ts:27:10)
          at SnippetManager.processVectorGenerationQueue (D:\OpenSource\SnippetBox\frontend\src\main\services\SnippetManager.ts:406:34)
          at SnippetManager.generateVectorForSnippet (D:\OpenSource\SnippetBox\frontend\src\main\services\SnippetManager.ts:388:10)
          at SnippetManager.createSnippet (D:\OpenSource\SnippetBox\frontend\src\main\services\SnippetManager.ts:72:12)
          at processTicksAndRejections (node:internal/process/task_queues:105:5)
          at D:\OpenSource\SnippetBox\frontend\tests\property\SnippetProperty.test.ts:144:31
          at AsyncProperty.run (D:\OpenSource\SnippetBox\frontend\node_modules\fast-check\lib\cjs\fast-check.js:1208:19)
          at asyncRunIt (D:\OpenSource\SnippetBox\frontend\node_modules\fast-check\lib\cjs\fast-check.js:2503:15)
          at Object.<anonymous> (D:\OpenSource\SnippetBox\frontend\tests\property\SnippetProperty.test.ts:106:7)

    [0m [90m 407 |[39m           console[33m.[39mlog([32m`Generated vector for snippet: ${snippetId}`[39m)[33m;[39m
     [90m 408 |[39m         } [36mcatch[39m (error) {
    [31m[1m>[22m[39m[90m 409 |[39m           console[33m.[39merror([32m`Failed to generate vector for snippet ${snippetId}:`[3
9m[33m,[39m error)[33m;[39m
     [90m     |[39m                   [31m[1m^[22m[39m
     [90m 410 |[39m         }
     [90m 411 |[39m       }
     [90m 412 |[39m     } [36mfinally[39m {[0m

      at SnippetManager.processVectorGenerationQueue (src/main/services/SnippetManager.ts:409:19)

    console.error
      Failed to generate vector for snippet snippet-66lv52v5d: TypeError: dbManager.getDb is not a function
          at VectorStore.initialize (D:\OpenSource\SnippetBox\frontend\src\main\services\VectorStore.ts:21:26)
          at VectorStore.addVector (D:\OpenSource\SnippetBox\frontend\src\main\services\VectorStore.ts:27:10)
          at SnippetManager.processVectorGenerationQueue (D:\OpenSource\SnippetBox\frontend\src\main\services\SnippetManager.ts:406:34)
          at SnippetManager.generateVectorForSnippet (D:\OpenSource\SnippetBox\frontend\src\main\services\SnippetManager.ts:388:10)
          at SnippetManager.createSnippet (D:\OpenSource\SnippetBox\frontend\src\main\services\SnippetManager.ts:72:12)
          at processTicksAndRejections (node:internal/process/task_queues:105:5)
          at D:\OpenSource\SnippetBox\frontend\tests\property\SnippetProperty.test.ts:144:31
          at AsyncProperty.run (D:\OpenSource\SnippetBox\frontend\node_modules\fast-check\lib\cjs\fast-check.js:1208:19)
          at asyncRunIt (D:\OpenSource\SnippetBox\frontend\node_modules\fast-check\lib\cjs\fast-check.js:2503:15)
          at Object.<anonymous> (D:\OpenSource\SnippetBox\frontend\tests\property\SnippetProperty.test.ts:106:7)

    [0m [90m 407 |[39m           console[33m.[39mlog([32m`Generated vector for snippet: ${snippetId}`[39m)[33m;[39m
     [90m 408 |[39m         } [36mcatch[39m (error) {
    [31m[1m>[22m[39m[90m 409 |[39m           console[33m.[39merror([32m`Failed to generate vector for snippet ${snippetId}:`[3
9m[33m,[39m error)[33m;[39m
     [90m     |[39m                   [31m[1m^[22m[39m
     [90m 410 |[39m         }
     [90m 411 |[39m       }
     [90m 412 |[39m     } [36mfinally[39m {[0m

      at SnippetManager.processVectorGenerationQueue (src/main/services/SnippetManager.ts:409:19)

    console.error
      Failed to generate vector for snippet snippet-cnhagvwk6: TypeError: dbManager.getDb is not a function
          at VectorStore.initialize (D:\OpenSource\SnippetBox\frontend\src\main\services\VectorStore.ts:21:26)
          at VectorStore.addVector (D:\OpenSource\SnippetBox\frontend\src\main\services\VectorStore.ts:27:10)
          at SnippetManager.processVectorGenerationQueue (D:\OpenSource\SnippetBox\frontend\src\main\services\SnippetManager.ts:406:34)
          at SnippetManager.generateVectorForSnippet (D:\OpenSource\SnippetBox\frontend\src\main\services\SnippetManager.ts:388:10)
          at SnippetManager.createSnippet (D:\OpenSource\SnippetBox\frontend\src\main\services\SnippetManager.ts:72:12)
          at processTicksAndRejections (node:internal/process/task_queues:105:5)
          at D:\OpenSource\SnippetBox\frontend\tests\property\SnippetProperty.test.ts:144:31
          at AsyncProperty.run (D:\OpenSource\SnippetBox\frontend\node_modules\fast-check\lib\cjs\fast-check.js:1208:19)
          at asyncRunIt (D:\OpenSource\SnippetBox\frontend\node_modules\fast-check\lib\cjs\fast-check.js:2503:15)
          at Object.<anonymous> (D:\OpenSource\SnippetBox\frontend\tests\property\SnippetProperty.test.ts:106:7)

    [0m [90m 407 |[39m           console[33m.[39mlog([32m`Generated vector for snippet: ${snippetId}`[39m)[33m;[39m
     [90m 408 |[39m         } [36mcatch[39m (error) {
    [31m[1m>[22m[39m[90m 409 |[39m           console[33m.[39merror([32m`Failed to generate vector for snippet ${snippetId}:`[3
9m[33m,[39m error)[33m;[39m
     [90m     |[39m                   [31m[1m^[22m[39m
     [90m 410 |[39m         }
     [90m 411 |[39m       }
     [90m 412 |[39m     } [36mfinally[39m {[0m

      at SnippetManager.processVectorGenerationQueue (src/main/services/SnippetManager.ts:409:19)

    console.error
      Failed to generate vector for snippet snippet-b651v8udr: TypeError: dbManager.getDb is not a function
          at VectorStore.initialize (D:\OpenSource\SnippetBox\frontend\src\main\services\VectorStore.ts:21:26)
          at VectorStore.addVector (D:\OpenSource\SnippetBox\frontend\src\main\services\VectorStore.ts:27:10)
          at SnippetManager.processVectorGenerationQueue (D:\OpenSource\SnippetBox\frontend\src\main\services\SnippetManager.ts:406:34)
          at SnippetManager.generateVectorForSnippet (D:\OpenSource\SnippetBox\frontend\src\main\services\SnippetManager.ts:388:10)
          at SnippetManager.createSnippet (D:\OpenSource\SnippetBox\frontend\src\main\services\SnippetManager.ts:72:12)
          at processTicksAndRejections (node:internal/process/task_queues:105:5)
          at D:\OpenSource\SnippetBox\frontend\tests\property\SnippetProperty.test.ts:144:31
          at AsyncProperty.run (D:\OpenSource\SnippetBox\frontend\node_modules\fast-check\lib\cjs\fast-check.js:1208:19)
          at asyncRunIt (D:\OpenSource\SnippetBox\frontend\node_modules\fast-check\lib\cjs\fast-check.js:2503:15)
          at Object.<anonymous> (D:\OpenSource\SnippetBox\frontend\tests\property\SnippetProperty.test.ts:106:7)

    [0m [90m 407 |[39m           console[33m.[39mlog([32m`Generated vector for snippet: ${snippetId}`[39m)[33m;[39m
     [90m 408 |[39m         } [36mcatch[39m (error) {
    [31m[1m>[22m[39m[90m 409 |[39m           console[33m.[39merror([32m`Failed to generate vector for snippet ${snippetId}:`[3
9m[33m,[39m error)[33m;[39m
     [90m     |[39m                   [31m[1m^[22m[39m
     [90m 410 |[39m         }
     [90m 411 |[39m       }
     [90m 412 |[39m     } [36mfinally[39m {[0m

      at SnippetManager.processVectorGenerationQueue (src/main/services/SnippetManager.ts:409:19)

    console.error
      Failed to generate vector for snippet snippet-sxmqjxs8o: TypeError: dbManager.getDb is not a function
          at VectorStore.initialize (D:\OpenSource\SnippetBox\frontend\src\main\services\VectorStore.ts:21:26)
          at VectorStore.addVector (D:\OpenSource\SnippetBox\frontend\src\main\services\VectorStore.ts:27:10)
          at SnippetManager.processVectorGenerationQueue (D:\OpenSource\SnippetBox\frontend\src\main\services\SnippetManager.ts:406:34)
          at SnippetManager.generateVectorForSnippet (D:\OpenSource\SnippetBox\frontend\src\main\services\SnippetManager.ts:388:10)
          at SnippetManager.createSnippet (D:\OpenSource\SnippetBox\frontend\src\main\services\SnippetManager.ts:72:12)
          at processTicksAndRejections (node:internal/process/task_queues:105:5)
          at D:\OpenSource\SnippetBox\frontend\tests\property\SnippetProperty.test.ts:144:31
          at AsyncProperty.run (D:\OpenSource\SnippetBox\frontend\node_modules\fast-check\lib\cjs\fast-check.js:1208:19)
          at asyncRunIt (D:\OpenSource\SnippetBox\frontend\node_modules\fast-check\lib\cjs\fast-check.js:2503:15)
          at Object.<anonymous> (D:\OpenSource\SnippetBox\frontend\tests\property\SnippetProperty.test.ts:106:7)

    [0m [90m 407 |[39m           console[33m.[39mlog([32m`Generated vector for snippet: ${snippetId}`[39m)[33m;[39m
     [90m 408 |[39m         } [36mcatch[39m (error) {
    [31m[1m>[22m[39m[90m 409 |[39m           console[33m.[39merror([32m`Failed to generate vector for snippet ${snippetId}:`[3
9m[33m,[39m error)[33m;[39m
     [90m     |[39m                   [31m[1m^[22m[39m
     [90m 410 |[39m         }
     [90m 411 |[39m       }
     [90m 412 |[39m     } [36mfinally[39m {[0m

      at SnippetManager.processVectorGenerationQueue (src/main/services/SnippetManager.ts:409:19)

    console.error
      Failed to generate vector for snippet snippet-fc3ztn97l: TypeError: dbManager.getDb is not a function
          at VectorStore.initialize (D:\OpenSource\SnippetBox\frontend\src\main\services\VectorStore.ts:21:26)
          at VectorStore.addVector (D:\OpenSource\SnippetBox\frontend\src\main\services\VectorStore.ts:27:10)
          at SnippetManager.processVectorGenerationQueue (D:\OpenSource\SnippetBox\frontend\src\main\services\SnippetManager.ts:406:34)
          at SnippetManager.generateVectorForSnippet (D:\OpenSource\SnippetBox\frontend\src\main\services\SnippetManager.ts:388:10)
          at SnippetManager.createSnippet (D:\OpenSource\SnippetBox\frontend\src\main\services\SnippetManager.ts:72:12)
          at processTicksAndRejections (node:internal/process/task_queues:105:5)
          at D:\OpenSource\SnippetBox\frontend\tests\property\SnippetProperty.test.ts:144:31
          at AsyncProperty.run (D:\OpenSource\SnippetBox\frontend\node_modules\fast-check\lib\cjs\fast-check.js:1208:19)
          at asyncRunIt (D:\OpenSource\SnippetBox\frontend\node_modules\fast-check\lib\cjs\fast-check.js:2503:15)
          at Object.<anonymous> (D:\OpenSource\SnippetBox\frontend\tests\property\SnippetProperty.test.ts:106:7)

    [0m [90m 407 |[39m           console[33m.[39mlog([32m`Generated vector for snippet: ${snippetId}`[39m)[33m;[39m
     [90m 408 |[39m         } [36mcatch[39m (error) {
    [31m[1m>[22m[39m[90m 409 |[39m           console[33m.[39merror([32m`Failed to generate vector for snippet ${snippetId}:`[3
9m[33m,[39m error)[33m;[39m
     [90m     |[39m                   [31m[1m^[22m[39m
     [90m 410 |[39m         }
     [90m 411 |[39m       }
     [90m 412 |[39m     } [36mfinally[39m {[0m

      at SnippetManager.processVectorGenerationQueue (src/main/services/SnippetManager.ts:409:19)

    console.error
      Failed to generate vector for snippet snippet-xxs7za3t3: TypeError: dbManager.getDb is not a function
          at VectorStore.initialize (D:\OpenSource\SnippetBox\frontend\src\main\services\VectorStore.ts:21:26)
          at VectorStore.addVector (D:\OpenSource\SnippetBox\frontend\src\main\services\VectorStore.ts:27:10)
          at SnippetManager.processVectorGenerationQueue (D:\OpenSource\SnippetBox\frontend\src\main\services\SnippetManager.ts:406:34)
          at SnippetManager.generateVectorForSnippet (D:\OpenSource\SnippetBox\frontend\src\main\services\SnippetManager.ts:388:10)
          at SnippetManager.createSnippet (D:\OpenSource\SnippetBox\frontend\src\main\services\SnippetManager.ts:72:12)
          at processTicksAndRejections (node:internal/process/task_queues:105:5)
          at D:\OpenSource\SnippetBox\frontend\tests\property\SnippetProperty.test.ts:144:31
          at AsyncProperty.run (D:\OpenSource\SnippetBox\frontend\node_modules\fast-check\lib\cjs\fast-check.js:1208:19)
          at asyncRunIt (D:\OpenSource\SnippetBox\frontend\node_modules\fast-check\lib\cjs\fast-check.js:2503:15)
          at Object.<anonymous> (D:\OpenSource\SnippetBox\frontend\tests\property\SnippetProperty.test.ts:106:7)

    [0m [90m 407 |[39m           console[33m.[39mlog([32m`Generated vector for snippet: ${snippetId}`[39m)[33m;[39m
     [90m 408 |[39m         } [36mcatch[39m (error) {
    [31m[1m>[22m[39m[90m 409 |[39m           console[33m.[39merror([32m`Failed to generate vector for snippet ${snippetId}:`[3
9m[33m,[39m error)[33m;[39m
     [90m     |[39m                   [31m[1m^[22m[39m
     [90m 410 |[39m         }
     [90m 411 |[39m       }
     [90m 412 |[39m     } [36mfinally[39m {[0m

      at SnippetManager.processVectorGenerationQueue (src/main/services/SnippetManager.ts:409:19)

    console.error
      Failed to generate vector for snippet snippet-i76nxbgxd: TypeError: dbManager.getDb is not a function
          at VectorStore.initialize (D:\OpenSource\SnippetBox\frontend\src\main\services\VectorStore.ts:21:26)
          at VectorStore.addVector (D:\OpenSource\SnippetBox\frontend\src\main\services\VectorStore.ts:27:10)
          at SnippetManager.processVectorGenerationQueue (D:\OpenSource\SnippetBox\frontend\src\main\services\SnippetManager.ts:406:34)
          at SnippetManager.generateVectorForSnippet (D:\OpenSource\SnippetBox\frontend\src\main\services\SnippetManager.ts:388:10)
          at SnippetManager.createSnippet (D:\OpenSource\SnippetBox\frontend\src\main\services\SnippetManager.ts:72:12)
          at processTicksAndRejections (node:internal/process/task_queues:105:5)
          at D:\OpenSource\SnippetBox\frontend\tests\property\SnippetProperty.test.ts:144:31
          at AsyncProperty.run (D:\OpenSource\SnippetBox\frontend\node_modules\fast-check\lib\cjs\fast-check.js:1208:19)
          at asyncRunIt (D:\OpenSource\SnippetBox\frontend\node_modules\fast-check\lib\cjs\fast-check.js:2503:15)
          at Object.<anonymous> (D:\OpenSource\SnippetBox\frontend\tests\property\SnippetProperty.test.ts:106:7)

    [0m [90m 407 |[39m           console[33m.[39mlog([32m`Generated vector for snippet: ${snippetId}`[39m)[33m;[39m
     [90m 408 |[39m         } [36mcatch[39m (error) {
    [31m[1m>[22m[39m[90m 409 |[39m           console[33m.[39merror([32m`Failed to generate vector for snippet ${snippetId}:`[3
9m[33m,[39m error)[33m;[39m
     [90m     |[39m                   [31m[1m^[22m[39m
     [90m 410 |[39m         }
     [90m 411 |[39m       }
     [90m 412 |[39m     } [36mfinally[39m {[0m

      at SnippetManager.processVectorGenerationQueue (src/main/services/SnippetManager.ts:409:19)

    console.error
      Failed to generate vector for snippet snippet-cb8a42cka: TypeError: dbManager.getDb is not a function
          at VectorStore.initialize (D:\OpenSource\SnippetBox\frontend\src\main\services\VectorStore.ts:21:26)
          at VectorStore.addVector (D:\OpenSource\SnippetBox\frontend\src\main\services\VectorStore.ts:27:10)
          at SnippetManager.processVectorGenerationQueue (D:\OpenSource\SnippetBox\frontend\src\main\services\SnippetManager.ts:406:34)
          at SnippetManager.generateVectorForSnippet (D:\OpenSource\SnippetBox\frontend\src\main\services\SnippetManager.ts:388:10)
          at SnippetManager.createSnippet (D:\OpenSource\SnippetBox\frontend\src\main\services\SnippetManager.ts:72:12)
          at processTicksAndRejections (node:internal/process/task_queues:105:5)
          at D:\OpenSource\SnippetBox\frontend\tests\property\SnippetProperty.test.ts:144:31
          at AsyncProperty.run (D:\OpenSource\SnippetBox\frontend\node_modules\fast-check\lib\cjs\fast-check.js:1208:19)
          at asyncRunIt (D:\OpenSource\SnippetBox\frontend\node_modules\fast-check\lib\cjs\fast-check.js:2503:15)
          at Object.<anonymous> (D:\OpenSource\SnippetBox\frontend\tests\property\SnippetProperty.test.ts:106:7)

    [0m [90m 407 |[39m           console[33m.[39mlog([32m`Generated vector for snippet: ${snippetId}`[39m)[33m;[39m
     [90m 408 |[39m         } [36mcatch[39m (error) {
    [31m[1m>[22m[39m[90m 409 |[39m           console[33m.[39merror([32m`Failed to generate vector for snippet ${snippetId}:`[3
9m[33m,[39m error)[33m;[39m
     [90m     |[39m                   [31m[1m^[22m[39m
     [90m 410 |[39m         }
     [90m 411 |[39m       }
     [90m 412 |[39m     } [36mfinally[39m {[0m

      at SnippetManager.processVectorGenerationQueue (src/main/services/SnippetManager.ts:409:19)

    console.error
      Failed to generate vector for snippet snippet-lh3x4wso1: TypeError: dbManager.getDb is not a function
          at VectorStore.initialize (D:\OpenSource\SnippetBox\frontend\src\main\services\VectorStore.ts:21:26)
          at VectorStore.addVector (D:\OpenSource\SnippetBox\frontend\src\main\services\VectorStore.ts:27:10)
          at SnippetManager.processVectorGenerationQueue (D:\OpenSource\SnippetBox\frontend\src\main\services\SnippetManager.ts:406:34)
          at SnippetManager.generateVectorForSnippet (D:\OpenSource\SnippetBox\frontend\src\main\services\SnippetManager.ts:388:10)
          at SnippetManager.createSnippet (D:\OpenSource\SnippetBox\frontend\src\main\services\SnippetManager.ts:72:12)
          at processTicksAndRejections (node:internal/process/task_queues:105:5)
          at D:\OpenSource\SnippetBox\frontend\tests\property\SnippetProperty.test.ts:144:31
          at AsyncProperty.run (D:\OpenSource\SnippetBox\frontend\node_modules\fast-check\lib\cjs\fast-check.js:1208:19)
          at asyncRunIt (D:\OpenSource\SnippetBox\frontend\node_modules\fast-check\lib\cjs\fast-check.js:2503:15)
          at Object.<anonymous> (D:\OpenSource\SnippetBox\frontend\tests\property\SnippetProperty.test.ts:106:7)

    [0m [90m 407 |[39m           console[33m.[39mlog([32m`Generated vector for snippet: ${snippetId}`[39m)[33m;[39m
     [90m 408 |[39m         } [36mcatch[39m (error) {
    [31m[1m>[22m[39m[90m 409 |[39m           console[33m.[39merror([32m`Failed to generate vector for snippet ${snippetId}:`[3
9m[33m,[39m error)[33m;[39m
     [90m     |[39m                   [31m[1m^[22m[39m
     [90m 410 |[39m         }
     [90m 411 |[39m       }
     [90m 412 |[39m     } [36mfinally[39m {[0m

      at SnippetManager.processVectorGenerationQueue (src/main/services/SnippetManager.ts:409:19)

    console.error
      Failed to generate vector for snippet snippet-6ig69zelc: TypeError: dbManager.getDb is not a function
          at VectorStore.initialize (D:\OpenSource\SnippetBox\frontend\src\main\services\VectorStore.ts:21:26)
          at VectorStore.addVector (D:\OpenSource\SnippetBox\frontend\src\main\services\VectorStore.ts:27:10)
          at SnippetManager.processVectorGenerationQueue (D:\OpenSource\SnippetBox\frontend\src\main\services\SnippetManager.ts:406:34)
          at SnippetManager.generateVectorForSnippet (D:\OpenSource\SnippetBox\frontend\src\main\services\SnippetManager.ts:388:10)
          at SnippetManager.createSnippet (D:\OpenSource\SnippetBox\frontend\src\main\services\SnippetManager.ts:72:12)
          at processTicksAndRejections (node:internal/process/task_queues:105:5)
          at D:\OpenSource\SnippetBox\frontend\tests\property\SnippetProperty.test.ts:144:31
          at AsyncProperty.run (D:\OpenSource\SnippetBox\frontend\node_modules\fast-check\lib\cjs\fast-check.js:1208:19)
          at asyncRunIt (D:\OpenSource\SnippetBox\frontend\node_modules\fast-check\lib\cjs\fast-check.js:2503:15)
          at Object.<anonymous> (D:\OpenSource\SnippetBox\frontend\tests\property\SnippetProperty.test.ts:106:7)

    [0m [90m 407 |[39m           console[33m.[39mlog([32m`Generated vector for snippet: ${snippetId}`[39m)[33m;[39m
     [90m 408 |[39m         } [36mcatch[39m (error) {
    [31m[1m>[22m[39m[90m 409 |[39m           console[33m.[39merror([32m`Failed to generate vector for snippet ${snippetId}:`[3
9m[33m,[39m error)[33m;[39m
     [90m     |[39m                   [31m[1m^[22m[39m
     [90m 410 |[39m         }
     [90m 411 |[39m       }
     [90m 412 |[39m     } [36mfinally[39m {[0m

      at SnippetManager.processVectorGenerationQueue (src/main/services/SnippetManager.ts:409:19)

    console.error
      Failed to generate vector for snippet snippet-o740cknoe: TypeError: dbManager.getDb is not a function
          at VectorStore.initialize (D:\OpenSource\SnippetBox\frontend\src\main\services\VectorStore.ts:21:26)
          at VectorStore.addVector (D:\OpenSource\SnippetBox\frontend\src\main\services\VectorStore.ts:27:10)
          at SnippetManager.processVectorGenerationQueue (D:\OpenSource\SnippetBox\frontend\src\main\services\SnippetManager.ts:406:34)
          at SnippetManager.generateVectorForSnippet (D:\OpenSource\SnippetBox\frontend\src\main\services\SnippetManager.ts:388:10)
          at SnippetManager.createSnippet (D:\OpenSource\SnippetBox\frontend\src\main\services\SnippetManager.ts:72:12)
          at processTicksAndRejections (node:internal/process/task_queues:105:5)
          at D:\OpenSource\SnippetBox\frontend\tests\property\SnippetProperty.test.ts:144:31
          at AsyncProperty.run (D:\OpenSource\SnippetBox\frontend\node_modules\fast-check\lib\cjs\fast-check.js:1208:19)
          at asyncRunIt (D:\OpenSource\SnippetBox\frontend\node_modules\fast-check\lib\cjs\fast-check.js:2503:15)
          at Object.<anonymous> (D:\OpenSource\SnippetBox\frontend\tests\property\SnippetProperty.test.ts:106:7)

    [0m [90m 407 |[39m           console[33m.[39mlog([32m`Generated vector for snippet: ${snippetId}`[39m)[33m;[39m
     [90m 408 |[39m         } [36mcatch[39m (error) {
    [31m[1m>[22m[39m[90m 409 |[39m           console[33m.[39merror([32m`Failed to generate vector for snippet ${snippetId}:`[3
9m[33m,[39m error)[33m;[39m
     [90m     |[39m                   [31m[1m^[22m[39m
     [90m 410 |[39m         }
     [90m 411 |[39m       }
     [90m 412 |[39m     } [36mfinally[39m {[0m

      at SnippetManager.processVectorGenerationQueue (src/main/services/SnippetManager.ts:409:19)

    console.error
      Failed to generate vector for snippet snippet-m70zl357v: TypeError: dbManager.getDb is not a function
          at VectorStore.initialize (D:\OpenSource\SnippetBox\frontend\src\main\services\VectorStore.ts:21:26)
          at VectorStore.addVector (D:\OpenSource\SnippetBox\frontend\src\main\services\VectorStore.ts:27:10)
          at SnippetManager.processVectorGenerationQueue (D:\OpenSource\SnippetBox\frontend\src\main\services\SnippetManager.ts:406:34)
          at SnippetManager.generateVectorForSnippet (D:\OpenSource\SnippetBox\frontend\src\main\services\SnippetManager.ts:388:10)
          at SnippetManager.createSnippet (D:\OpenSource\SnippetBox\frontend\src\main\services\SnippetManager.ts:72:12)
          at processTicksAndRejections (node:internal/process/task_queues:105:5)
          at D:\OpenSource\SnippetBox\frontend\tests\property\SnippetProperty.test.ts:144:31
          at AsyncProperty.run (D:\OpenSource\SnippetBox\frontend\node_modules\fast-check\lib\cjs\fast-check.js:1208:19)
          at asyncRunIt (D:\OpenSource\SnippetBox\frontend\node_modules\fast-check\lib\cjs\fast-check.js:2503:15)
          at Object.<anonymous> (D:\OpenSource\SnippetBox\frontend\tests\property\SnippetProperty.test.ts:106:7)

    [0m [90m 407 |[39m           console[33m.[39mlog([32m`Generated vector for snippet: ${snippetId}`[39m)[33m;[39m
     [90m 408 |[39m         } [36mcatch[39m (error) {
    [31m[1m>[22m[39m[90m 409 |[39m           console[33m.[39merror([32m`Failed to generate vector for snippet ${snippetId}:`[3
9m[33m,[39m error)[33m;[39m
     [90m     |[39m                   [31m[1m^[22m[39m
     [90m 410 |[39m         }
     [90m 411 |[39m       }
     [90m 412 |[39m     } [36mfinally[39m {[0m

      at SnippetManager.processVectorGenerationQueue (src/main/services/SnippetManager.ts:409:19)

    console.error
      Failed to generate vector for snippet snippet-qi9jdxfh9: TypeError: dbManager.getDb is not a function
          at VectorStore.initialize (D:\OpenSource\SnippetBox\frontend\src\main\services\VectorStore.ts:21:26)
          at VectorStore.addVector (D:\OpenSource\SnippetBox\frontend\src\main\services\VectorStore.ts:27:10)
          at SnippetManager.processVectorGenerationQueue (D:\OpenSource\SnippetBox\frontend\src\main\services\SnippetManager.ts:406:34)
          at SnippetManager.generateVectorForSnippet (D:\OpenSource\SnippetBox\frontend\src\main\services\SnippetManager.ts:388:10)
          at SnippetManager.createSnippet (D:\OpenSource\SnippetBox\frontend\src\main\services\SnippetManager.ts:72:12)
          at processTicksAndRejections (node:internal/process/task_queues:105:5)
          at D:\OpenSource\SnippetBox\frontend\tests\property\SnippetProperty.test.ts:144:31
          at AsyncProperty.run (D:\OpenSource\SnippetBox\frontend\node_modules\fast-check\lib\cjs\fast-check.js:1208:19)
          at asyncRunIt (D:\OpenSource\SnippetBox\frontend\node_modules\fast-check\lib\cjs\fast-check.js:2503:15)
          at Object.<anonymous> (D:\OpenSource\SnippetBox\frontend\tests\property\SnippetProperty.test.ts:106:7)

    [0m [90m 407 |[39m           console[33m.[39mlog([32m`Generated vector for snippet: ${snippetId}`[39m)[33m;[39m
     [90m 408 |[39m         } [36mcatch[39m (error) {
    [31m[1m>[22m[39m[90m 409 |[39m           console[33m.[39merror([32m`Failed to generate vector for snippet ${snippetId}:`[3
9m[33m,[39m error)[33m;[39m
     [90m     |[39m                   [31m[1m^[22m[39m
     [90m 410 |[39m         }
     [90m 411 |[39m       }
     [90m 412 |[39m     } [36mfinally[39m {[0m

      at SnippetManager.processVectorGenerationQueue (src/main/services/SnippetManager.ts:409:19)

    console.error
      Failed to generate vector for snippet snippet-d3w5h634h: TypeError: dbManager.getDb is not a function
          at VectorStore.initialize (D:\OpenSource\SnippetBox\frontend\src\main\services\VectorStore.ts:21:26)
          at VectorStore.addVector (D:\OpenSource\SnippetBox\frontend\src\main\services\VectorStore.ts:27:10)
          at SnippetManager.processVectorGenerationQueue (D:\OpenSource\SnippetBox\frontend\src\main\services\SnippetManager.ts:406:34)
          at SnippetManager.generateVectorForSnippet (D:\OpenSource\SnippetBox\frontend\src\main\services\SnippetManager.ts:388:10)
          at SnippetManager.createSnippet (D:\OpenSource\SnippetBox\frontend\src\main\services\SnippetManager.ts:72:12)
          at processTicksAndRejections (node:internal/process/task_queues:105:5)
          at D:\OpenSource\SnippetBox\frontend\tests\property\SnippetProperty.test.ts:144:31
          at AsyncProperty.run (D:\OpenSource\SnippetBox\frontend\node_modules\fast-check\lib\cjs\fast-check.js:1208:19)
          at asyncRunIt (D:\OpenSource\SnippetBox\frontend\node_modules\fast-check\lib\cjs\fast-check.js:2503:15)
          at Object.<anonymous> (D:\OpenSource\SnippetBox\frontend\tests\property\SnippetProperty.test.ts:106:7)

    [0m [90m 407 |[39m           console[33m.[39mlog([32m`Generated vector for snippet: ${snippetId}`[39m)[33m;[39m
     [90m 408 |[39m         } [36mcatch[39m (error) {
    [31m[1m>[22m[39m[90m 409 |[39m           console[33m.[39merror([32m`Failed to generate vector for snippet ${snippetId}:`[3
9m[33m,[39m error)[33m;[39m
     [90m     |[39m                   [31m[1m^[22m[39m
     [90m 410 |[39m         }
     [90m 411 |[39m       }
     [90m 412 |[39m     } [36mfinally[39m {[0m

      at SnippetManager.processVectorGenerationQueue (src/main/services/SnippetManager.ts:409:19)

    console.error
      Failed to generate vector for snippet snippet-90ra8f7ok: TypeError: dbManager.getDb is not a function
          at VectorStore.initialize (D:\OpenSource\SnippetBox\frontend\src\main\services\VectorStore.ts:21:26)
          at VectorStore.addVector (D:\OpenSource\SnippetBox\frontend\src\main\services\VectorStore.ts:27:10)
          at SnippetManager.processVectorGenerationQueue (D:\OpenSource\SnippetBox\frontend\src\main\services\SnippetManager.ts:406:34)
          at SnippetManager.generateVectorForSnippet (D:\OpenSource\SnippetBox\frontend\src\main\services\SnippetManager.ts:388:10)
          at SnippetManager.createSnippet (D:\OpenSource\SnippetBox\frontend\src\main\services\SnippetManager.ts:72:12)
          at processTicksAndRejections (node:internal/process/task_queues:105:5)
          at D:\OpenSource\SnippetBox\frontend\tests\property\SnippetProperty.test.ts:144:31
          at AsyncProperty.run (D:\OpenSource\SnippetBox\frontend\node_modules\fast-check\lib\cjs\fast-check.js:1208:19)
          at asyncRunIt (D:\OpenSource\SnippetBox\frontend\node_modules\fast-check\lib\cjs\fast-check.js:2503:15)
          at Object.<anonymous> (D:\OpenSource\SnippetBox\frontend\tests\property\SnippetProperty.test.ts:106:7)

    [0m [90m 407 |[39m           console[33m.[39mlog([32m`Generated vector for snippet: ${snippetId}`[39m)[33m;[39m
     [90m 408 |[39m         } [36mcatch[39m (error) {
    [31m[1m>[22m[39m[90m 409 |[39m           console[33m.[39merror([32m`Failed to generate vector for snippet ${snippetId}:`[3
9m[33m,[39m error)[33m;[39m
     [90m     |[39m                   [31m[1m^[22m[39m
     [90m 410 |[39m         }
     [90m 411 |[39m       }
     [90m 412 |[39m     } [36mfinally[39m {[0m

      at SnippetManager.processVectorGenerationQueue (src/main/services/SnippetManager.ts:409:19)

    console.error
      Failed to generate vector for snippet snippet-bcbjpqcjx: TypeError: dbManager.getDb is not a function
          at VectorStore.initialize (D:\OpenSource\SnippetBox\frontend\src\main\services\VectorStore.ts:21:26)
          at VectorStore.addVector (D:\OpenSource\SnippetBox\frontend\src\main\services\VectorStore.ts:27:10)
          at SnippetManager.processVectorGenerationQueue (D:\OpenSource\SnippetBox\frontend\src\main\services\SnippetManager.ts:406:34)
          at SnippetManager.generateVectorForSnippet (D:\OpenSource\SnippetBox\frontend\src\main\services\SnippetManager.ts:388:10)
          at SnippetManager.createSnippet (D:\OpenSource\SnippetBox\frontend\src\main\services\SnippetManager.ts:72:12)
          at processTicksAndRejections (node:internal/process/task_queues:105:5)
          at D:\OpenSource\SnippetBox\frontend\tests\property\SnippetProperty.test.ts:144:31
          at AsyncProperty.run (D:\OpenSource\SnippetBox\frontend\node_modules\fast-check\lib\cjs\fast-check.js:1208:19)
          at asyncRunIt (D:\OpenSource\SnippetBox\frontend\node_modules\fast-check\lib\cjs\fast-check.js:2503:15)
          at Object.<anonymous> (D:\OpenSource\SnippetBox\frontend\tests\property\SnippetProperty.test.ts:106:7)

    [0m [90m 407 |[39m           console[33m.[39mlog([32m`Generated vector for snippet: ${snippetId}`[39m)[33m;[39m
     [90m 408 |[39m         } [36mcatch[39m (error) {
    [31m[1m>[22m[39m[90m 409 |[39m           console[33m.[39merror([32m`Failed to generate vector for snippet ${snippetId}:`[3
9m[33m,[39m error)[33m;[39m
     [90m     |[39m                   [31m[1m^[22m[39m
     [90m 410 |[39m         }
     [90m 411 |[39m       }
     [90m 412 |[39m     } [36mfinally[39m {[0m

      at SnippetManager.processVectorGenerationQueue (src/main/services/SnippetManager.ts:409:19)

    console.error
      Failed to generate vector for snippet snippet-dsimgo1e7: TypeError: dbManager.getDb is not a function
          at VectorStore.initialize (D:\OpenSource\SnippetBox\frontend\src\main\services\VectorStore.ts:21:26)
          at VectorStore.addVector (D:\OpenSource\SnippetBox\frontend\src\main\services\VectorStore.ts:27:10)
          at SnippetManager.processVectorGenerationQueue (D:\OpenSource\SnippetBox\frontend\src\main\services\SnippetManager.ts:406:34)
          at SnippetManager.generateVectorForSnippet (D:\OpenSource\SnippetBox\frontend\src\main\services\SnippetManager.ts:388:10)
          at SnippetManager.createSnippet (D:\OpenSource\SnippetBox\frontend\src\main\services\SnippetManager.ts:72:12)
          at processTicksAndRejections (node:internal/process/task_queues:105:5)
          at D:\OpenSource\SnippetBox\frontend\tests\property\SnippetProperty.test.ts:144:31
          at AsyncProperty.run (D:\OpenSource\SnippetBox\frontend\node_modules\fast-check\lib\cjs\fast-check.js:1208:19)
          at asyncRunIt (D:\OpenSource\SnippetBox\frontend\node_modules\fast-check\lib\cjs\fast-check.js:2503:15)
          at Object.<anonymous> (D:\OpenSource\SnippetBox\frontend\tests\property\SnippetProperty.test.ts:106:7)

    [0m [90m 407 |[39m           console[33m.[39mlog([32m`Generated vector for snippet: ${snippetId}`[39m)[33m;[39m
     [90m 408 |[39m         } [36mcatch[39m (error) {
    [31m[1m>[22m[39m[90m 409 |[39m           console[33m.[39merror([32m`Failed to generate vector for snippet ${snippetId}:`[3
9m[33m,[39m error)[33m;[39m
     [90m     |[39m                   [31m[1m^[22m[39m
     [90m 410 |[39m         }
     [90m 411 |[39m       }
     [90m 412 |[39m     } [36mfinally[39m {[0m

      at SnippetManager.processVectorGenerationQueue (src/main/services/SnippetManager.ts:409:19)

    console.error
      Failed to generate vector for snippet snippet-6x3px9pfl: TypeError: dbManager.getDb is not a function
          at VectorStore.initialize (D:\OpenSource\SnippetBox\frontend\src\main\services\VectorStore.ts:21:26)
          at VectorStore.addVector (D:\OpenSource\SnippetBox\frontend\src\main\services\VectorStore.ts:27:10)
          at SnippetManager.processVectorGenerationQueue (D:\OpenSource\SnippetBox\frontend\src\main\services\SnippetManager.ts:406:34)
          at SnippetManager.generateVectorForSnippet (D:\OpenSource\SnippetBox\frontend\src\main\services\SnippetManager.ts:388:10)
          at SnippetManager.createSnippet (D:\OpenSource\SnippetBox\frontend\src\main\services\SnippetManager.ts:72:12)
          at processTicksAndRejections (node:internal/process/task_queues:105:5)
          at D:\OpenSource\SnippetBox\frontend\tests\property\SnippetProperty.test.ts:144:31
          at AsyncProperty.run (D:\OpenSource\SnippetBox\frontend\node_modules\fast-check\lib\cjs\fast-check.js:1208:19)
          at asyncRunIt (D:\OpenSource\SnippetBox\frontend\node_modules\fast-check\lib\cjs\fast-check.js:2503:15)
          at Object.<anonymous> (D:\OpenSource\SnippetBox\frontend\tests\property\SnippetProperty.test.ts:106:7)

    [0m [90m 407 |[39m           console[33m.[39mlog([32m`Generated vector for snippet: ${snippetId}`[39m)[33m;[39m
     [90m 408 |[39m         } [36mcatch[39m (error) {
    [31m[1m>[22m[39m[90m 409 |[39m           console[33m.[39merror([32m`Failed to generate vector for snippet ${snippetId}:`[3
9m[33m,[39m error)[33m;[39m
     [90m     |[39m                   [31m[1m^[22m[39m
     [90m 410 |[39m         }
     [90m 411 |[39m       }
     [90m 412 |[39m     } [36mfinally[39m {[0m

      at SnippetManager.processVectorGenerationQueue (src/main/services/SnippetManager.ts:409:19)

    console.error
      Failed to generate vector for snippet snippet-d0yhau5rl: TypeError: dbManager.getDb is not a function
          at VectorStore.initialize (D:\OpenSource\SnippetBox\frontend\src\main\services\VectorStore.ts:21:26)
          at VectorStore.addVector (D:\OpenSource\SnippetBox\frontend\src\main\services\VectorStore.ts:27:10)
          at SnippetManager.processVectorGenerationQueue (D:\OpenSource\SnippetBox\frontend\src\main\services\SnippetManager.ts:406:34)
          at SnippetManager.generateVectorForSnippet (D:\OpenSource\SnippetBox\frontend\src\main\services\SnippetManager.ts:388:10)
          at SnippetManager.createSnippet (D:\OpenSource\SnippetBox\frontend\src\main\services\SnippetManager.ts:72:12)
          at processTicksAndRejections (node:internal/process/task_queues:105:5)
          at D:\OpenSource\SnippetBox\frontend\tests\property\SnippetProperty.test.ts:144:31
          at AsyncProperty.run (D:\OpenSource\SnippetBox\frontend\node_modules\fast-check\lib\cjs\fast-check.js:1208:19)
          at asyncRunIt (D:\OpenSource\SnippetBox\frontend\node_modules\fast-check\lib\cjs\fast-check.js:2503:15)
          at Object.<anonymous> (D:\OpenSource\SnippetBox\frontend\tests\property\SnippetProperty.test.ts:106:7)

    [0m [90m 407 |[39m           console[33m.[39mlog([32m`Generated vector for snippet: ${snippetId}`[39m)[33m;[39m
     [90m 408 |[39m         } [36mcatch[39m (error) {
    [31m[1m>[22m[39m[90m 409 |[39m           console[33m.[39merror([32m`Failed to generate vector for snippet ${snippetId}:`[3
9m[33m,[39m error)[33m;[39m
     [90m     |[39m                   [31m[1m^[22m[39m
     [90m 410 |[39m         }
     [90m 411 |[39m       }
     [90m 412 |[39m     } [36mfinally[39m {[0m

      at SnippetManager.processVectorGenerationQueue (src/main/services/SnippetManager.ts:409:19)

    console.error
      Failed to generate vector for snippet snippet-srmkxjbu3: TypeError: dbManager.getDb is not a function
          at VectorStore.initialize (D:\OpenSource\SnippetBox\frontend\src\main\services\VectorStore.ts:21:26)
          at VectorStore.addVector (D:\OpenSource\SnippetBox\frontend\src\main\services\VectorStore.ts:27:10)
          at SnippetManager.processVectorGenerationQueue (D:\OpenSource\SnippetBox\frontend\src\main\services\SnippetManager.ts:406:34)
          at SnippetManager.generateVectorForSnippet (D:\OpenSource\SnippetBox\frontend\src\main\services\SnippetManager.ts:388:10)
          at SnippetManager.createSnippet (D:\OpenSource\SnippetBox\frontend\src\main\services\SnippetManager.ts:72:12)
          at processTicksAndRejections (node:internal/process/task_queues:105:5)
          at D:\OpenSource\SnippetBox\frontend\tests\property\SnippetProperty.test.ts:144:31
          at AsyncProperty.run (D:\OpenSource\SnippetBox\frontend\node_modules\fast-check\lib\cjs\fast-check.js:1208:19)
          at asyncRunIt (D:\OpenSource\SnippetBox\frontend\node_modules\fast-check\lib\cjs\fast-check.js:2503:15)
          at Object.<anonymous> (D:\OpenSource\SnippetBox\frontend\tests\property\SnippetProperty.test.ts:106:7)

    [0m [90m 407 |[39m           console[33m.[39mlog([32m`Generated vector for snippet: ${snippetId}`[39m)[33m;[39m
     [90m 408 |[39m         } [36mcatch[39m (error) {
    [31m[1m>[22m[39m[90m 409 |[39m           console[33m.[39merror([32m`Failed to generate vector for snippet ${snippetId}:`[3
9m[33m,[39m error)[33m;[39m
     [90m     |[39m                   [31m[1m^[22m[39m
     [90m 410 |[39m         }
     [90m 411 |[39m       }
     [90m 412 |[39m     } [36mfinally[39m {[0m

      at SnippetManager.processVectorGenerationQueue (src/main/services/SnippetManager.ts:409:19)

    console.error
      Failed to generate vector for snippet snippet-clxnabhpb: TypeError: dbManager.getDb is not a function
          at VectorStore.initialize (D:\OpenSource\SnippetBox\frontend\src\main\services\VectorStore.ts:21:26)
          at VectorStore.addVector (D:\OpenSource\SnippetBox\frontend\src\main\services\VectorStore.ts:27:10)
          at SnippetManager.processVectorGenerationQueue (D:\OpenSource\SnippetBox\frontend\src\main\services\SnippetManager.ts:406:34)
          at SnippetManager.generateVectorForSnippet (D:\OpenSource\SnippetBox\frontend\src\main\services\SnippetManager.ts:388:10)
          at SnippetManager.createSnippet (D:\OpenSource\SnippetBox\frontend\src\main\services\SnippetManager.ts:72:12)
          at processTicksAndRejections (node:internal/process/task_queues:105:5)
          at D:\OpenSource\SnippetBox\frontend\tests\property\SnippetProperty.test.ts:144:31
          at AsyncProperty.run (D:\OpenSource\SnippetBox\frontend\node_modules\fast-check\lib\cjs\fast-check.js:1208:19)
          at asyncRunIt (D:\OpenSource\SnippetBox\frontend\node_modules\fast-check\lib\cjs\fast-check.js:2503:15)
          at Object.<anonymous> (D:\OpenSource\SnippetBox\frontend\tests\property\SnippetProperty.test.ts:106:7)

    [0m [90m 407 |[39m           console[33m.[39mlog([32m`Generated vector for snippet: ${snippetId}`[39m)[33m;[39m
     [90m 408 |[39m         } [36mcatch[39m (error) {
    [31m[1m>[22m[39m[90m 409 |[39m           console[33m.[39merror([32m`Failed to generate vector for snippet ${snippetId}:`[3
9m[33m,[39m error)[33m;[39m
     [90m     |[39m                   [31m[1m^[22m[39m
     [90m 410 |[39m         }
     [90m 411 |[39m       }
     [90m 412 |[39m     } [36mfinally[39m {[0m

      at SnippetManager.processVectorGenerationQueue (src/main/services/SnippetManager.ts:409:19)

    console.error
      Failed to generate vector for snippet snippet-0a4gbbd20: TypeError: dbManager.getDb is not a function
          at VectorStore.initialize (D:\OpenSource\SnippetBox\frontend\src\main\services\VectorStore.ts:21:26)
          at VectorStore.addVector (D:\OpenSource\SnippetBox\frontend\src\main\services\VectorStore.ts:27:10)
          at SnippetManager.processVectorGenerationQueue (D:\OpenSource\SnippetBox\frontend\src\main\services\SnippetManager.ts:406:34)
          at SnippetManager.generateVectorForSnippet (D:\OpenSource\SnippetBox\frontend\src\main\services\SnippetManager.ts:388:10)
          at SnippetManager.createSnippet (D:\OpenSource\SnippetBox\frontend\src\main\services\SnippetManager.ts:72:12)
          at processTicksAndRejections (node:internal/process/task_queues:105:5)
          at D:\OpenSource\SnippetBox\frontend\tests\property\SnippetProperty.test.ts:144:31
          at AsyncProperty.run (D:\OpenSource\SnippetBox\frontend\node_modules\fast-check\lib\cjs\fast-check.js:1208:19)
          at asyncRunIt (D:\OpenSource\SnippetBox\frontend\node_modules\fast-check\lib\cjs\fast-check.js:2503:15)
          at Object.<anonymous> (D:\OpenSource\SnippetBox\frontend\tests\property\SnippetProperty.test.ts:106:7)

    [0m [90m 407 |[39m           console[33m.[39mlog([32m`Generated vector for snippet: ${snippetId}`[39m)[33m;[39m
     [90m 408 |[39m         } [36mcatch[39m (error) {
    [31m[1m>[22m[39m[90m 409 |[39m           console[33m.[39merror([32m`Failed to generate vector for snippet ${snippetId}:`[3
9m[33m,[39m error)[33m;[39m
     [90m     |[39m                   [31m[1m^[22m[39m
     [90m 410 |[39m         }
     [90m 411 |[39m       }
     [90m 412 |[39m     } [36mfinally[39m {[0m

      at SnippetManager.processVectorGenerationQueue (src/main/services/SnippetManager.ts:409:19)

    console.error
      Failed to generate vector for snippet snippet-5biq1qr0k: TypeError: dbManager.getDb is not a function
          at VectorStore.initialize (D:\OpenSource\SnippetBox\frontend\src\main\services\VectorStore.ts:21:26)
          at VectorStore.addVector (D:\OpenSource\SnippetBox\frontend\src\main\services\VectorStore.ts:27:10)
          at SnippetManager.processVectorGenerationQueue (D:\OpenSource\SnippetBox\frontend\src\main\services\SnippetManager.ts:406:34)
          at SnippetManager.generateVectorForSnippet (D:\OpenSource\SnippetBox\frontend\src\main\services\SnippetManager.ts:388:10)
          at SnippetManager.createSnippet (D:\OpenSource\SnippetBox\frontend\src\main\services\SnippetManager.ts:72:12)
          at processTicksAndRejections (node:internal/process/task_queues:105:5)
          at D:\OpenSource\SnippetBox\frontend\tests\property\SnippetProperty.test.ts:144:31
          at AsyncProperty.run (D:\OpenSource\SnippetBox\frontend\node_modules\fast-check\lib\cjs\fast-check.js:1208:19)
          at asyncRunIt (D:\OpenSource\SnippetBox\frontend\node_modules\fast-check\lib\cjs\fast-check.js:2503:15)
          at Object.<anonymous> (D:\OpenSource\SnippetBox\frontend\tests\property\SnippetProperty.test.ts:106:7)

    [0m [90m 407 |[39m           console[33m.[39mlog([32m`Generated vector for snippet: ${snippetId}`[39m)[33m;[39m
     [90m 408 |[39m         } [36mcatch[39m (error) {
    [31m[1m>[22m[39m[90m 409 |[39m           console[33m.[39merror([32m`Failed to generate vector for snippet ${snippetId}:`[3
9m[33m,[39m error)[33m;[39m
     [90m     |[39m                   [31m[1m^[22m[39m
     [90m 410 |[39m         }
     [90m 411 |[39m       }
     [90m 412 |[39m     } [36mfinally[39m {[0m

      at SnippetManager.processVectorGenerationQueue (src/main/services/SnippetManager.ts:409:19)

    console.error
      Failed to generate vector for snippet snippet-sszxe3aho: TypeError: dbManager.getDb is not a function
          at VectorStore.initialize (D:\OpenSource\SnippetBox\frontend\src\main\services\VectorStore.ts:21:26)
          at VectorStore.addVector (D:\OpenSource\SnippetBox\frontend\src\main\services\VectorStore.ts:27:10)
          at SnippetManager.processVectorGenerationQueue (D:\OpenSource\SnippetBox\frontend\src\main\services\SnippetManager.ts:406:34)
          at SnippetManager.generateVectorForSnippet (D:\OpenSource\SnippetBox\frontend\src\main\services\SnippetManager.ts:388:10)
          at SnippetManager.createSnippet (D:\OpenSource\SnippetBox\frontend\src\main\services\SnippetManager.ts:72:12)
          at processTicksAndRejections (node:internal/process/task_queues:105:5)
          at D:\OpenSource\SnippetBox\frontend\tests\property\SnippetProperty.test.ts:144:31
          at AsyncProperty.run (D:\OpenSource\SnippetBox\frontend\node_modules\fast-check\lib\cjs\fast-check.js:1208:19)
          at asyncRunIt (D:\OpenSource\SnippetBox\frontend\node_modules\fast-check\lib\cjs\fast-check.js:2503:15)
          at Object.<anonymous> (D:\OpenSource\SnippetBox\frontend\tests\property\SnippetProperty.test.ts:106:7)

    [0m [90m 407 |[39m           console[33m.[39mlog([32m`Generated vector for snippet: ${snippetId}`[39m)[33m;[39m
     [90m 408 |[39m         } [36mcatch[39m (error) {
    [31m[1m>[22m[39m[90m 409 |[39m           console[33m.[39merror([32m`Failed to generate vector for snippet ${snippetId}:`[3
9m[33m,[39m error)[33m;[39m
     [90m     |[39m                   [31m[1m^[22m[39m
     [90m 410 |[39m         }
     [90m 411 |[39m       }
     [90m 412 |[39m     } [36mfinally[39m {[0m

      at SnippetManager.processVectorGenerationQueue (src/main/services/SnippetManager.ts:409:19)

    console.error
      Failed to generate vector for snippet snippet-zh6rbgf8u: TypeError: dbManager.getDb is not a function
          at VectorStore.initialize (D:\OpenSource\SnippetBox\frontend\src\main\services\VectorStore.ts:21:26)
          at VectorStore.addVector (D:\OpenSource\SnippetBox\frontend\src\main\services\VectorStore.ts:27:10)
          at SnippetManager.processVectorGenerationQueue (D:\OpenSource\SnippetBox\frontend\src\main\services\SnippetManager.ts:406:34)
          at SnippetManager.generateVectorForSnippet (D:\OpenSource\SnippetBox\frontend\src\main\services\SnippetManager.ts:388:10)
          at SnippetManager.createSnippet (D:\OpenSource\SnippetBox\frontend\src\main\services\SnippetManager.ts:72:12)
          at processTicksAndRejections (node:internal/process/task_queues:105:5)
          at D:\OpenSource\SnippetBox\frontend\tests\property\SnippetProperty.test.ts:144:31
          at AsyncProperty.run (D:\OpenSource\SnippetBox\frontend\node_modules\fast-check\lib\cjs\fast-check.js:1208:19)
          at asyncRunIt (D:\OpenSource\SnippetBox\frontend\node_modules\fast-check\lib\cjs\fast-check.js:2503:15)
          at Object.<anonymous> (D:\OpenSource\SnippetBox\frontend\tests\property\SnippetProperty.test.ts:106:7)

    [0m [90m 407 |[39m           console[33m.[39mlog([32m`Generated vector for snippet: ${snippetId}`[39m)[33m;[39m
     [90m 408 |[39m         } [36mcatch[39m (error) {
    [31m[1m>[22m[39m[90m 409 |[39m           console[33m.[39merror([32m`Failed to generate vector for snippet ${snippetId}:`[3
9m[33m,[39m error)[33m;[39m
     [90m     |[39m                   [31m[1m^[22m[39m
     [90m 410 |[39m         }
     [90m 411 |[39m       }
     [90m 412 |[39m     } [36mfinally[39m {[0m

      at SnippetManager.processVectorGenerationQueue (src/main/services/SnippetManager.ts:409:19)

    console.error
      Failed to generate vector for snippet snippet-18v9tvf51: TypeError: dbManager.getDb is not a function
          at VectorStore.initialize (D:\OpenSource\SnippetBox\frontend\src\main\services\VectorStore.ts:21:26)
          at VectorStore.addVector (D:\OpenSource\SnippetBox\frontend\src\main\services\VectorStore.ts:27:10)
          at SnippetManager.processVectorGenerationQueue (D:\OpenSource\SnippetBox\frontend\src\main\services\SnippetManager.ts:406:34)
          at SnippetManager.generateVectorForSnippet (D:\OpenSource\SnippetBox\frontend\src\main\services\SnippetManager.ts:388:10)
          at SnippetManager.createSnippet (D:\OpenSource\SnippetBox\frontend\src\main\services\SnippetManager.ts:72:12)
          at processTicksAndRejections (node:internal/process/task_queues:105:5)
          at D:\OpenSource\SnippetBox\frontend\tests\property\SnippetProperty.test.ts:144:31
          at AsyncProperty.run (D:\OpenSource\SnippetBox\frontend\node_modules\fast-check\lib\cjs\fast-check.js:1208:19)
          at asyncRunIt (D:\OpenSource\SnippetBox\frontend\node_modules\fast-check\lib\cjs\fast-check.js:2503:15)
          at Object.<anonymous> (D:\OpenSource\SnippetBox\frontend\tests\property\SnippetProperty.test.ts:106:7)

    [0m [90m 407 |[39m           console[33m.[39mlog([32m`Generated vector for snippet: ${snippetId}`[39m)[33m;[39m
     [90m 408 |[39m         } [36mcatch[39m (error) {
    [31m[1m>[22m[39m[90m 409 |[39m           console[33m.[39merror([32m`Failed to generate vector for snippet ${snippetId}:`[3
9m[33m,[39m error)[33m;[39m
     [90m     |[39m                   [31m[1m^[22m[39m
     [90m 410 |[39m         }
     [90m 411 |[39m       }
     [90m 412 |[39m     } [36mfinally[39m {[0m

      at SnippetManager.processVectorGenerationQueue (src/main/services/SnippetManager.ts:409:19)

    console.error
      Failed to generate vector for snippet snippet-802zgihdj: TypeError: dbManager.getDb is not a function
          at VectorStore.initialize (D:\OpenSource\SnippetBox\frontend\src\main\services\VectorStore.ts:21:26)
          at VectorStore.addVector (D:\OpenSource\SnippetBox\frontend\src\main\services\VectorStore.ts:27:10)
          at SnippetManager.processVectorGenerationQueue (D:\OpenSource\SnippetBox\frontend\src\main\services\SnippetManager.ts:406:34)
          at SnippetManager.generateVectorForSnippet (D:\OpenSource\SnippetBox\frontend\src\main\services\SnippetManager.ts:388:10)
          at SnippetManager.createSnippet (D:\OpenSource\SnippetBox\frontend\src\main\services\SnippetManager.ts:72:12)
          at processTicksAndRejections (node:internal/process/task_queues:105:5)
          at D:\OpenSource\SnippetBox\frontend\tests\property\SnippetProperty.test.ts:144:31
          at AsyncProperty.run (D:\OpenSource\SnippetBox\frontend\node_modules\fast-check\lib\cjs\fast-check.js:1208:19)
          at asyncRunIt (D:\OpenSource\SnippetBox\frontend\node_modules\fast-check\lib\cjs\fast-check.js:2503:15)
          at Object.<anonymous> (D:\OpenSource\SnippetBox\frontend\tests\property\SnippetProperty.test.ts:106:7)

    [0m [90m 407 |[39m           console[33m.[39mlog([32m`Generated vector for snippet: ${snippetId}`[39m)[33m;[39m
     [90m 408 |[39m         } [36mcatch[39m (error) {
    [31m[1m>[22m[39m[90m 409 |[39m           console[33m.[39merror([32m`Failed to generate vector for snippet ${snippetId}:`[3
9m[33m,[39m error)[33m;[39m
     [90m     |[39m                   [31m[1m^[22m[39m
     [90m 410 |[39m         }
     [90m 411 |[39m       }
     [90m 412 |[39m     } [36mfinally[39m {[0m

      at SnippetManager.processVectorGenerationQueue (src/main/services/SnippetManager.ts:409:19)

    console.error
      Failed to generate vector for snippet snippet-g83c1cgk1: TypeError: dbManager.getDb is not a function
          at VectorStore.initialize (D:\OpenSource\SnippetBox\frontend\src\main\services\VectorStore.ts:21:26)
          at VectorStore.addVector (D:\OpenSource\SnippetBox\frontend\src\main\services\VectorStore.ts:27:10)
          at SnippetManager.processVectorGenerationQueue (D:\OpenSource\SnippetBox\frontend\src\main\services\SnippetManager.ts:406:34)
          at SnippetManager.generateVectorForSnippet (D:\OpenSource\SnippetBox\frontend\src\main\services\SnippetManager.ts:388:10)
          at SnippetManager.createSnippet (D:\OpenSource\SnippetBox\frontend\src\main\services\SnippetManager.ts:72:12)
          at processTicksAndRejections (node:internal/process/task_queues:105:5)
          at D:\OpenSource\SnippetBox\frontend\tests\property\SnippetProperty.test.ts:144:31
          at AsyncProperty.run (D:\OpenSource\SnippetBox\frontend\node_modules\fast-check\lib\cjs\fast-check.js:1208:19)
          at asyncRunIt (D:\OpenSource\SnippetBox\frontend\node_modules\fast-check\lib\cjs\fast-check.js:2503:15)
          at Object.<anonymous> (D:\OpenSource\SnippetBox\frontend\tests\property\SnippetProperty.test.ts:106:7)

    [0m [90m 407 |[39m           console[33m.[39mlog([32m`Generated vector for snippet: ${snippetId}`[39m)[33m;[39m
     [90m 408 |[39m         } [36mcatch[39m (error) {
    [31m[1m>[22m[39m[90m 409 |[39m           console[33m.[39merror([32m`Failed to generate vector for snippet ${snippetId}:`[3
9m[33m,[39m error)[33m;[39m
     [90m     |[39m                   [31m[1m^[22m[39m
     [90m 410 |[39m         }
     [90m 411 |[39m       }
     [90m 412 |[39m     } [36mfinally[39m {[0m

      at SnippetManager.processVectorGenerationQueue (src/main/services/SnippetManager.ts:409:19)

    console.error
      Failed to generate vector for snippet snippet-30ppzgx66: TypeError: dbManager.getDb is not a function
          at VectorStore.initialize (D:\OpenSource\SnippetBox\frontend\src\main\services\VectorStore.ts:21:26)
          at VectorStore.addVector (D:\OpenSource\SnippetBox\frontend\src\main\services\VectorStore.ts:27:10)
          at SnippetManager.processVectorGenerationQueue (D:\OpenSource\SnippetBox\frontend\src\main\services\SnippetManager.ts:406:34)
          at SnippetManager.generateVectorForSnippet (D:\OpenSource\SnippetBox\frontend\src\main\services\SnippetManager.ts:388:10)
          at SnippetManager.createSnippet (D:\OpenSource\SnippetBox\frontend\src\main\services\SnippetManager.ts:72:12)
          at processTicksAndRejections (node:internal/process/task_queues:105:5)
          at D:\OpenSource\SnippetBox\frontend\tests\property\SnippetProperty.test.ts:144:31
          at AsyncProperty.run (D:\OpenSource\SnippetBox\frontend\node_modules\fast-check\lib\cjs\fast-check.js:1208:19)
          at asyncRunIt (D:\OpenSource\SnippetBox\frontend\node_modules\fast-check\lib\cjs\fast-check.js:2503:15)
          at Object.<anonymous> (D:\OpenSource\SnippetBox\frontend\tests\property\SnippetProperty.test.ts:106:7)

    [0m [90m 407 |[39m           console[33m.[39mlog([32m`Generated vector for snippet: ${snippetId}`[39m)[33m;[39m
     [90m 408 |[39m         } [36mcatch[39m (error) {
    [31m[1m>[22m[39m[90m 409 |[39m           console[33m.[39merror([32m`Failed to generate vector for snippet ${snippetId}:`[3
9m[33m,[39m error)[33m;[39m
     [90m     |[39m                   [31m[1m^[22m[39m
     [90m 410 |[39m         }
     [90m 411 |[39m       }
     [90m 412 |[39m     } [36mfinally[39m {[0m

      at SnippetManager.processVectorGenerationQueue (src/main/services/SnippetManager.ts:409:19)

    console.error
      Failed to generate vector for snippet snippet-a4a1awvoe: TypeError: dbManager.getDb is not a function
          at VectorStore.initialize (D:\OpenSource\SnippetBox\frontend\src\main\services\VectorStore.ts:21:26)
          at VectorStore.addVector (D:\OpenSource\SnippetBox\frontend\src\main\services\VectorStore.ts:27:10)
          at SnippetManager.processVectorGenerationQueue (D:\OpenSource\SnippetBox\frontend\src\main\services\SnippetManager.ts:406:34)
          at SnippetManager.generateVectorForSnippet (D:\OpenSource\SnippetBox\frontend\src\main\services\SnippetManager.ts:388:10)
          at SnippetManager.createSnippet (D:\OpenSource\SnippetBox\frontend\src\main\services\SnippetManager.ts:72:12)
          at processTicksAndRejections (node:internal/process/task_queues:105:5)
          at D:\OpenSource\SnippetBox\frontend\tests\property\SnippetProperty.test.ts:144:31
          at AsyncProperty.run (D:\OpenSource\SnippetBox\frontend\node_modules\fast-check\lib\cjs\fast-check.js:1208:19)
          at asyncRunIt (D:\OpenSource\SnippetBox\frontend\node_modules\fast-check\lib\cjs\fast-check.js:2503:15)
          at Object.<anonymous> (D:\OpenSource\SnippetBox\frontend\tests\property\SnippetProperty.test.ts:106:7)

    [0m [90m 407 |[39m           console[33m.[39mlog([32m`Generated vector for snippet: ${snippetId}`[39m)[33m;[39m
     [90m 408 |[39m         } [36mcatch[39m (error) {
    [31m[1m>[22m[39m[90m 409 |[39m           console[33m.[39merror([32m`Failed to generate vector for snippet ${snippetId}:`[3
9m[33m,[39m error)[33m;[39m
     [90m     |[39m                   [31m[1m^[22m[39m
     [90m 410 |[39m         }
     [90m 411 |[39m       }
     [90m 412 |[39m     } [36mfinally[39m {[0m

      at SnippetManager.processVectorGenerationQueue (src/main/services/SnippetManager.ts:409:19)

    console.error
      Failed to generate vector for snippet snippet-5j5j00m4b: TypeError: dbManager.getDb is not a function
          at VectorStore.initialize (D:\OpenSource\SnippetBox\frontend\src\main\services\VectorStore.ts:21:26)
          at VectorStore.addVector (D:\OpenSource\SnippetBox\frontend\src\main\services\VectorStore.ts:27:10)
          at SnippetManager.processVectorGenerationQueue (D:\OpenSource\SnippetBox\frontend\src\main\services\SnippetManager.ts:406:34)
          at SnippetManager.generateVectorForSnippet (D:\OpenSource\SnippetBox\frontend\src\main\services\SnippetManager.ts:388:10)
          at SnippetManager.createSnippet (D:\OpenSource\SnippetBox\frontend\src\main\services\SnippetManager.ts:72:12)
          at processTicksAndRejections (node:internal/process/task_queues:105:5)
          at D:\OpenSource\SnippetBox\frontend\tests\property\SnippetProperty.test.ts:144:31
          at AsyncProperty.run (D:\OpenSource\SnippetBox\frontend\node_modules\fast-check\lib\cjs\fast-check.js:1208:19)
          at asyncRunIt (D:\OpenSource\SnippetBox\frontend\node_modules\fast-check\lib\cjs\fast-check.js:2503:15)
          at Object.<anonymous> (D:\OpenSource\SnippetBox\frontend\tests\property\SnippetProperty.test.ts:106:7)

    [0m [90m 407 |[39m           console[33m.[39mlog([32m`Generated vector for snippet: ${snippetId}`[39m)[33m;[39m
     [90m 408 |[39m         } [36mcatch[39m (error) {
    [31m[1m>[22m[39m[90m 409 |[39m           console[33m.[39merror([32m`Failed to generate vector for snippet ${snippetId}:`[3
9m[33m,[39m error)[33m;[39m
     [90m     |[39m                   [31m[1m^[22m[39m
     [90m 410 |[39m         }
     [90m 411 |[39m       }
     [90m 412 |[39m     } [36mfinally[39m {[0m

      at SnippetManager.processVectorGenerationQueue (src/main/services/SnippetManager.ts:409:19)

    console.error
      Failed to generate vector for snippet snippet-h9ggf72wb: TypeError: dbManager.getDb is not a function
          at VectorStore.initialize (D:\OpenSource\SnippetBox\frontend\src\main\services\VectorStore.ts:21:26)
          at VectorStore.addVector (D:\OpenSource\SnippetBox\frontend\src\main\services\VectorStore.ts:27:10)
          at SnippetManager.processVectorGenerationQueue (D:\OpenSource\SnippetBox\frontend\src\main\services\SnippetManager.ts:406:34)
          at SnippetManager.generateVectorForSnippet (D:\OpenSource\SnippetBox\frontend\src\main\services\SnippetManager.ts:388:10)
          at SnippetManager.createSnippet (D:\OpenSource\SnippetBox\frontend\src\main\services\SnippetManager.ts:72:12)
          at processTicksAndRejections (node:internal/process/task_queues:105:5)
          at D:\OpenSource\SnippetBox\frontend\tests\property\SnippetProperty.test.ts:144:31
          at AsyncProperty.run (D:\OpenSource\SnippetBox\frontend\node_modules\fast-check\lib\cjs\fast-check.js:1208:19)
          at asyncRunIt (D:\OpenSource\SnippetBox\frontend\node_modules\fast-check\lib\cjs\fast-check.js:2503:15)
          at Object.<anonymous> (D:\OpenSource\SnippetBox\frontend\tests\property\SnippetProperty.test.ts:106:7)

    [0m [90m 407 |[39m           console[33m.[39mlog([32m`Generated vector for snippet: ${snippetId}`[39m)[33m;[39m
     [90m 408 |[39m         } [36mcatch[39m (error) {
    [31m[1m>[22m[39m[90m 409 |[39m           console[33m.[39merror([32m`Failed to generate vector for snippet ${snippetId}:`[3
9m[33m,[39m error)[33m;[39m
     [90m     |[39m                   [31m[1m^[22m[39m
     [90m 410 |[39m         }
     [90m 411 |[39m       }
     [90m 412 |[39m     } [36mfinally[39m {[0m

      at SnippetManager.processVectorGenerationQueue (src/main/services/SnippetManager.ts:409:19)

    console.error
      Failed to generate vector for snippet snippet-bmrax82za: TypeError: dbManager.getDb is not a function
          at VectorStore.initialize (D:\OpenSource\SnippetBox\frontend\src\main\services\VectorStore.ts:21:26)
          at VectorStore.addVector (D:\OpenSource\SnippetBox\frontend\src\main\services\VectorStore.ts:27:10)
          at SnippetManager.processVectorGenerationQueue (D:\OpenSource\SnippetBox\frontend\src\main\services\SnippetManager.ts:406:34)
          at SnippetManager.generateVectorForSnippet (D:\OpenSource\SnippetBox\frontend\src\main\services\SnippetManager.ts:388:10)
          at SnippetManager.createSnippet (D:\OpenSource\SnippetBox\frontend\src\main\services\SnippetManager.ts:72:12)
          at processTicksAndRejections (node:internal/process/task_queues:105:5)
          at D:\OpenSource\SnippetBox\frontend\tests\property\SnippetProperty.test.ts:144:31
          at AsyncProperty.run (D:\OpenSource\SnippetBox\frontend\node_modules\fast-check\lib\cjs\fast-check.js:1208:19)
          at asyncRunIt (D:\OpenSource\SnippetBox\frontend\node_modules\fast-check\lib\cjs\fast-check.js:2503:15)
          at Object.<anonymous> (D:\OpenSource\SnippetBox\frontend\tests\property\SnippetProperty.test.ts:106:7)

    [0m [90m 407 |[39m           console[33m.[39mlog([32m`Generated vector for snippet: ${snippetId}`[39m)[33m;[39m
     [90m 408 |[39m         } [36mcatch[39m (error) {
    [31m[1m>[22m[39m[90m 409 |[39m           console[33m.[39merror([32m`Failed to generate vector for snippet ${snippetId}:`[3
9m[33m,[39m error)[33m;[39m
     [90m     |[39m                   [31m[1m^[22m[39m
     [90m 410 |[39m         }
     [90m 411 |[39m       }
     [90m 412 |[39m     } [36mfinally[39m {[0m

      at SnippetManager.processVectorGenerationQueue (src/main/services/SnippetManager.ts:409:19)

    console.error
      Failed to generate vector for snippet snippet-4ja72yhn3: TypeError: dbManager.getDb is not a function
          at VectorStore.initialize (D:\OpenSource\SnippetBox\frontend\src\main\services\VectorStore.ts:21:26)
          at VectorStore.addVector (D:\OpenSource\SnippetBox\frontend\src\main\services\VectorStore.ts:27:10)
          at SnippetManager.processVectorGenerationQueue (D:\OpenSource\SnippetBox\frontend\src\main\services\SnippetManager.ts:406:34)
          at SnippetManager.generateVectorForSnippet (D:\OpenSource\SnippetBox\frontend\src\main\services\SnippetManager.ts:388:10)
          at SnippetManager.createSnippet (D:\OpenSource\SnippetBox\frontend\src\main\services\SnippetManager.ts:72:12)
          at processTicksAndRejections (node:internal/process/task_queues:105:5)
          at D:\OpenSource\SnippetBox\frontend\tests\property\SnippetProperty.test.ts:144:31
          at AsyncProperty.run (D:\OpenSource\SnippetBox\frontend\node_modules\fast-check\lib\cjs\fast-check.js:1208:19)
          at asyncRunIt (D:\OpenSource\SnippetBox\frontend\node_modules\fast-check\lib\cjs\fast-check.js:2503:15)
          at Object.<anonymous> (D:\OpenSource\SnippetBox\frontend\tests\property\SnippetProperty.test.ts:106:7)

    [0m [90m 407 |[39m           console[33m.[39mlog([32m`Generated vector for snippet: ${snippetId}`[39m)[33m;[39m
     [90m 408 |[39m         } [36mcatch[39m (error) {
    [31m[1m>[22m[39m[90m 409 |[39m           console[33m.[39merror([32m`Failed to generate vector for snippet ${snippetId}:`[3
9m[33m,[39m error)[33m;[39m
     [90m     |[39m                   [31m[1m^[22m[39m
     [90m 410 |[39m         }
     [90m 411 |[39m       }
     [90m 412 |[39m     } [36mfinally[39m {[0m

      at SnippetManager.processVectorGenerationQueue (src/main/services/SnippetManager.ts:409:19)

    console.error
      Failed to generate vector for snippet snippet-8g3z6sduv: TypeError: dbManager.getDb is not a function
          at VectorStore.initialize (D:\OpenSource\SnippetBox\frontend\src\main\services\VectorStore.ts:21:26)
          at VectorStore.addVector (D:\OpenSource\SnippetBox\frontend\src\main\services\VectorStore.ts:27:10)
          at SnippetManager.processVectorGenerationQueue (D:\OpenSource\SnippetBox\frontend\src\main\services\SnippetManager.ts:406:34)
          at SnippetManager.generateVectorForSnippet (D:\OpenSource\SnippetBox\frontend\src\main\services\SnippetManager.ts:388:10)
          at SnippetManager.createSnippet (D:\OpenSource\SnippetBox\frontend\src\main\services\SnippetManager.ts:72:12)
          at processTicksAndRejections (node:internal/process/task_queues:105:5)
          at D:\OpenSource\SnippetBox\frontend\tests\property\SnippetProperty.test.ts:144:31
          at AsyncProperty.run (D:\OpenSource\SnippetBox\frontend\node_modules\fast-check\lib\cjs\fast-check.js:1208:19)
          at asyncRunIt (D:\OpenSource\SnippetBox\frontend\node_modules\fast-check\lib\cjs\fast-check.js:2503:15)
          at Object.<anonymous> (D:\OpenSource\SnippetBox\frontend\tests\property\SnippetProperty.test.ts:106:7)

    [0m [90m 407 |[39m           console[33m.[39mlog([32m`Generated vector for snippet: ${snippetId}`[39m)[33m;[39m
     [90m 408 |[39m         } [36mcatch[39m (error) {
    [31m[1m>[22m[39m[90m 409 |[39m           console[33m.[39merror([32m`Failed to generate vector for snippet ${snippetId}:`[3
9m[33m,[39m error)[33m;[39m
     [90m     |[39m                   [31m[1m^[22m[39m
     [90m 410 |[39m         }
     [90m 411 |[39m       }
     [90m 412 |[39m     } [36mfinally[39m {[0m

      at SnippetManager.processVectorGenerationQueue (src/main/services/SnippetManager.ts:409:19)

    console.error
      Failed to generate vector for snippet snippet-e0c7wnmj0: TypeError: dbManager.getDb is not a function
          at VectorStore.initialize (D:\OpenSource\SnippetBox\frontend\src\main\services\VectorStore.ts:21:26)
          at VectorStore.addVector (D:\OpenSource\SnippetBox\frontend\src\main\services\VectorStore.ts:27:10)
          at SnippetManager.processVectorGenerationQueue (D:\OpenSource\SnippetBox\frontend\src\main\services\SnippetManager.ts:406:34)
          at SnippetManager.generateVectorForSnippet (D:\OpenSource\SnippetBox\frontend\src\main\services\SnippetManager.ts:388:10)
          at SnippetManager.createSnippet (D:\OpenSource\SnippetBox\frontend\src\main\services\SnippetManager.ts:72:12)
          at processTicksAndRejections (node:internal/process/task_queues:105:5)
          at D:\OpenSource\SnippetBox\frontend\tests\property\SnippetProperty.test.ts:144:31
          at AsyncProperty.run (D:\OpenSource\SnippetBox\frontend\node_modules\fast-check\lib\cjs\fast-check.js:1208:19)
          at asyncRunIt (D:\OpenSource\SnippetBox\frontend\node_modules\fast-check\lib\cjs\fast-check.js:2503:15)
          at Object.<anonymous> (D:\OpenSource\SnippetBox\frontend\tests\property\SnippetProperty.test.ts:106:7)

    [0m [90m 407 |[39m           console[33m.[39mlog([32m`Generated vector for snippet: ${snippetId}`[39m)[33m;[39m
     [90m 408 |[39m         } [36mcatch[39m (error) {
    [31m[1m>[22m[39m[90m 409 |[39m           console[33m.[39merror([32m`Failed to generate vector for snippet ${snippetId}:`[3
9m[33m,[39m error)[33m;[39m
     [90m     |[39m                   [31m[1m^[22m[39m
     [90m 410 |[39m         }
     [90m 411 |[39m       }
     [90m 412 |[39m     } [36mfinally[39m {[0m

      at SnippetManager.processVectorGenerationQueue (src/main/services/SnippetManager.ts:409:19)

    console.error
      Failed to generate vector for snippet snippet-yk6idy8xg: TypeError: dbManager.getDb is not a function
          at VectorStore.initialize (D:\OpenSource\SnippetBox\frontend\src\main\services\VectorStore.ts:21:26)
          at VectorStore.addVector (D:\OpenSource\SnippetBox\frontend\src\main\services\VectorStore.ts:27:10)
          at SnippetManager.processVectorGenerationQueue (D:\OpenSource\SnippetBox\frontend\src\main\services\SnippetManager.ts:406:34)
          at SnippetManager.generateVectorForSnippet (D:\OpenSource\SnippetBox\frontend\src\main\services\SnippetManager.ts:388:10)
          at SnippetManager.createSnippet (D:\OpenSource\SnippetBox\frontend\src\main\services\SnippetManager.ts:72:12)
          at processTicksAndRejections (node:internal/process/task_queues:105:5)
          at D:\OpenSource\SnippetBox\frontend\tests\property\SnippetProperty.test.ts:144:31
          at AsyncProperty.run (D:\OpenSource\SnippetBox\frontend\node_modules\fast-check\lib\cjs\fast-check.js:1208:19)
          at asyncRunIt (D:\OpenSource\SnippetBox\frontend\node_modules\fast-check\lib\cjs\fast-check.js:2503:15)
          at Object.<anonymous> (D:\OpenSource\SnippetBox\frontend\tests\property\SnippetProperty.test.ts:106:7)

    [0m [90m 407 |[39m           console[33m.[39mlog([32m`Generated vector for snippet: ${snippetId}`[39m)[33m;[39m
     [90m 408 |[39m         } [36mcatch[39m (error) {
    [31m[1m>[22m[39m[90m 409 |[39m           console[33m.[39merror([32m`Failed to generate vector for snippet ${snippetId}:`[3
9m[33m,[39m error)[33m;[39m
     [90m     |[39m                   [31m[1m^[22m[39m
     [90m 410 |[39m         }
     [90m 411 |[39m       }
     [90m 412 |[39m     } [36mfinally[39m {[0m

      at SnippetManager.processVectorGenerationQueue (src/main/services/SnippetManager.ts:409:19)

    console.error
      Failed to generate vector for snippet snippet-9oq13pkh0: TypeError: dbManager.getDb is not a function
          at VectorStore.initialize (D:\OpenSource\SnippetBox\frontend\src\main\services\VectorStore.ts:21:26)
          at VectorStore.addVector (D:\OpenSource\SnippetBox\frontend\src\main\services\VectorStore.ts:27:10)
          at SnippetManager.processVectorGenerationQueue (D:\OpenSource\SnippetBox\frontend\src\main\services\SnippetManager.ts:406:34)
          at SnippetManager.generateVectorForSnippet (D:\OpenSource\SnippetBox\frontend\src\main\services\SnippetManager.ts:388:10)
          at SnippetManager.createSnippet (D:\OpenSource\SnippetBox\frontend\src\main\services\SnippetManager.ts:72:12)
          at processTicksAndRejections (node:internal/process/task_queues:105:5)
          at D:\OpenSource\SnippetBox\frontend\tests\property\SnippetProperty.test.ts:144:31
          at AsyncProperty.run (D:\OpenSource\SnippetBox\frontend\node_modules\fast-check\lib\cjs\fast-check.js:1208:19)
          at asyncRunIt (D:\OpenSource\SnippetBox\frontend\node_modules\fast-check\lib\cjs\fast-check.js:2503:15)
          at Object.<anonymous> (D:\OpenSource\SnippetBox\frontend\tests\property\SnippetProperty.test.ts:106:7)

    [0m [90m 407 |[39m           console[33m.[39mlog([32m`Generated vector for snippet: ${snippetId}`[39m)[33m;[39m
     [90m 408 |[39m         } [36mcatch[39m (error) {
    [31m[1m>[22m[39m[90m 409 |[39m           console[33m.[39merror([32m`Failed to generate vector for snippet ${snippetId}:`[3
9m[33m,[39m error)[33m;[39m
     [90m     |[39m                   [31m[1m^[22m[39m
     [90m 410 |[39m         }
     [90m 411 |[39m       }
     [90m 412 |[39m     } [36mfinally[39m {[0m

      at SnippetManager.processVectorGenerationQueue (src/main/services/SnippetManager.ts:409:19)

    console.error
      Failed to generate vector for snippet snippet-fftlflurp: TypeError: dbManager.getDb is not a function
          at VectorStore.initialize (D:\OpenSource\SnippetBox\frontend\src\main\services\VectorStore.ts:21:26)
          at VectorStore.addVector (D:\OpenSource\SnippetBox\frontend\src\main\services\VectorStore.ts:27:10)
          at SnippetManager.processVectorGenerationQueue (D:\OpenSource\SnippetBox\frontend\src\main\services\SnippetManager.ts:406:34)
          at SnippetManager.generateVectorForSnippet (D:\OpenSource\SnippetBox\frontend\src\main\services\SnippetManager.ts:388:10)
          at SnippetManager.createSnippet (D:\OpenSource\SnippetBox\frontend\src\main\services\SnippetManager.ts:72:12)
          at processTicksAndRejections (node:internal/process/task_queues:105:5)
          at D:\OpenSource\SnippetBox\frontend\tests\property\SnippetProperty.test.ts:144:31
          at AsyncProperty.run (D:\OpenSource\SnippetBox\frontend\node_modules\fast-check\lib\cjs\fast-check.js:1208:19)
          at asyncRunIt (D:\OpenSource\SnippetBox\frontend\node_modules\fast-check\lib\cjs\fast-check.js:2503:15)
          at Object.<anonymous> (D:\OpenSource\SnippetBox\frontend\tests\property\SnippetProperty.test.ts:106:7)

    [0m [90m 407 |[39m           console[33m.[39mlog([32m`Generated vector for snippet: ${snippetId}`[39m)[33m;[39m
     [90m 408 |[39m         } [36mcatch[39m (error) {
    [31m[1m>[22m[39m[90m 409 |[39m           console[33m.[39merror([32m`Failed to generate vector for snippet ${snippetId}:`[3
9m[33m,[39m error)[33m;[39m
     [90m     |[39m                   [31m[1m^[22m[39m
     [90m 410 |[39m         }
     [90m 411 |[39m       }
     [90m 412 |[39m     } [36mfinally[39m {[0m

      at SnippetManager.processVectorGenerationQueue (src/main/services/SnippetManager.ts:409:19)

    console.error
      Failed to generate vector for snippet snippet-e3jx5yogg: TypeError: dbManager.getDb is not a function
          at VectorStore.initialize (D:\OpenSource\SnippetBox\frontend\src\main\services\VectorStore.ts:21:26)
          at VectorStore.addVector (D:\OpenSource\SnippetBox\frontend\src\main\services\VectorStore.ts:27:10)
          at SnippetManager.processVectorGenerationQueue (D:\OpenSource\SnippetBox\frontend\src\main\services\SnippetManager.ts:406:34)
          at SnippetManager.generateVectorForSnippet (D:\OpenSource\SnippetBox\frontend\src\main\services\SnippetManager.ts:388:10)
          at SnippetManager.createSnippet (D:\OpenSource\SnippetBox\frontend\src\main\services\SnippetManager.ts:72:12)
          at processTicksAndRejections (node:internal/process/task_queues:105:5)
          at D:\OpenSource\SnippetBox\frontend\tests\property\SnippetProperty.test.ts:144:31
          at AsyncProperty.run (D:\OpenSource\SnippetBox\frontend\node_modules\fast-check\lib\cjs\fast-check.js:1208:19)
          at asyncRunIt (D:\OpenSource\SnippetBox\frontend\node_modules\fast-check\lib\cjs\fast-check.js:2503:15)
          at Object.<anonymous> (D:\OpenSource\SnippetBox\frontend\tests\property\SnippetProperty.test.ts:106:7)

    [0m [90m 407 |[39m           console[33m.[39mlog([32m`Generated vector for snippet: ${snippetId}`[39m)[33m;[39m
     [90m 408 |[39m         } [36mcatch[39m (error) {
    [31m[1m>[22m[39m[90m 409 |[39m           console[33m.[39merror([32m`Failed to generate vector for snippet ${snippetId}:`[3
9m[33m,[39m error)[33m;[39m
     [90m     |[39m                   [31m[1m^[22m[39m
     [90m 410 |[39m         }
     [90m 411 |[39m       }
     [90m 412 |[39m     } [36mfinally[39m {[0m

      at SnippetManager.processVectorGenerationQueue (src/main/services/SnippetManager.ts:409:19)

    console.error
      Failed to generate vector for snippet snippet-1umxqi5fd: TypeError: dbManager.getDb is not a function
          at VectorStore.initialize (D:\OpenSource\SnippetBox\frontend\src\main\services\VectorStore.ts:21:26)
          at VectorStore.addVector (D:\OpenSource\SnippetBox\frontend\src\main\services\VectorStore.ts:27:10)
          at SnippetManager.processVectorGenerationQueue (D:\OpenSource\SnippetBox\frontend\src\main\services\SnippetManager.ts:406:34)
          at SnippetManager.generateVectorForSnippet (D:\OpenSource\SnippetBox\frontend\src\main\services\SnippetManager.ts:388:10)
          at SnippetManager.createSnippet (D:\OpenSource\SnippetBox\frontend\src\main\services\SnippetManager.ts:72:12)
          at processTicksAndRejections (node:internal/process/task_queues:105:5)
          at D:\OpenSource\SnippetBox\frontend\tests\property\SnippetProperty.test.ts:144:31
          at AsyncProperty.run (D:\OpenSource\SnippetBox\frontend\node_modules\fast-check\lib\cjs\fast-check.js:1208:19)
          at asyncRunIt (D:\OpenSource\SnippetBox\frontend\node_modules\fast-check\lib\cjs\fast-check.js:2503:15)
          at Object.<anonymous> (D:\OpenSource\SnippetBox\frontend\tests\property\SnippetProperty.test.ts:106:7)

    [0m [90m 407 |[39m           console[33m.[39mlog([32m`Generated vector for snippet: ${snippetId}`[39m)[33m;[39m
     [90m 408 |[39m         } [36mcatch[39m (error) {
    [31m[1m>[22m[39m[90m 409 |[39m           console[33m.[39merror([32m`Failed to generate vector for snippet ${snippetId}:`[3
9m[33m,[39m error)[33m;[39m
     [90m     |[39m                   [31m[1m^[22m[39m
     [90m 410 |[39m         }
     [90m 411 |[39m       }
     [90m 412 |[39m     } [36mfinally[39m {[0m

      at SnippetManager.processVectorGenerationQueue (src/main/services/SnippetManager.ts:409:19)

    console.error
      Failed to generate vector for snippet snippet-cb733jhzq: TypeError: dbManager.getDb is not a function
          at VectorStore.initialize (D:\OpenSource\SnippetBox\frontend\src\main\services\VectorStore.ts:21:26)
          at VectorStore.addVector (D:\OpenSource\SnippetBox\frontend\src\main\services\VectorStore.ts:27:10)
          at SnippetManager.processVectorGenerationQueue (D:\OpenSource\SnippetBox\frontend\src\main\services\SnippetManager.ts:406:34)
          at SnippetManager.generateVectorForSnippet (D:\OpenSource\SnippetBox\frontend\src\main\services\SnippetManager.ts:388:10)
          at SnippetManager.createSnippet (D:\OpenSource\SnippetBox\frontend\src\main\services\SnippetManager.ts:72:12)
          at processTicksAndRejections (node:internal/process/task_queues:105:5)
          at D:\OpenSource\SnippetBox\frontend\tests\property\SnippetProperty.test.ts:144:31
          at AsyncProperty.run (D:\OpenSource\SnippetBox\frontend\node_modules\fast-check\lib\cjs\fast-check.js:1208:19)
          at asyncRunIt (D:\OpenSource\SnippetBox\frontend\node_modules\fast-check\lib\cjs\fast-check.js:2503:15)
          at Object.<anonymous> (D:\OpenSource\SnippetBox\frontend\tests\property\SnippetProperty.test.ts:106:7)

    [0m [90m 407 |[39m           console[33m.[39mlog([32m`Generated vector for snippet: ${snippetId}`[39m)[33m;[39m
     [90m 408 |[39m         } [36mcatch[39m (error) {
    [31m[1m>[22m[39m[90m 409 |[39m           console[33m.[39merror([32m`Failed to generate vector for snippet ${snippetId}:`[3
9m[33m,[39m error)[33m;[39m
     [90m     |[39m                   [31m[1m^[22m[39m
     [90m 410 |[39m         }
     [90m 411 |[39m       }
     [90m 412 |[39m     } [36mfinally[39m {[0m

      at SnippetManager.processVectorGenerationQueue (src/main/services/SnippetManager.ts:409:19)

    console.error
      Failed to generate vector for snippet snippet-z35m49esm: TypeError: dbManager.getDb is not a function
          at VectorStore.initialize (D:\OpenSource\SnippetBox\frontend\src\main\services\VectorStore.ts:21:26)
          at VectorStore.addVector (D:\OpenSource\SnippetBox\frontend\src\main\services\VectorStore.ts:27:10)
          at SnippetManager.processVectorGenerationQueue (D:\OpenSource\SnippetBox\frontend\src\main\services\SnippetManager.ts:406:34)
          at SnippetManager.generateVectorForSnippet (D:\OpenSource\SnippetBox\frontend\src\main\services\SnippetManager.ts:388:10)
          at SnippetManager.createSnippet (D:\OpenSource\SnippetBox\frontend\src\main\services\SnippetManager.ts:72:12)
          at processTicksAndRejections (node:internal/process/task_queues:105:5)
          at D:\OpenSource\SnippetBox\frontend\tests\property\SnippetProperty.test.ts:144:31
          at AsyncProperty.run (D:\OpenSource\SnippetBox\frontend\node_modules\fast-check\lib\cjs\fast-check.js:1208:19)
          at asyncRunIt (D:\OpenSource\SnippetBox\frontend\node_modules\fast-check\lib\cjs\fast-check.js:2503:15)
          at Object.<anonymous> (D:\OpenSource\SnippetBox\frontend\tests\property\SnippetProperty.test.ts:106:7)

    [0m [90m 407 |[39m           console[33m.[39mlog([32m`Generated vector for snippet: ${snippetId}`[39m)[33m;[39m
     [90m 408 |[39m         } [36mcatch[39m (error) {
    [31m[1m>[22m[39m[90m 409 |[39m           console[33m.[39merror([32m`Failed to generate vector for snippet ${snippetId}:`[3
9m[33m,[39m error)[33m;[39m
     [90m     |[39m                   [31m[1m^[22m[39m
     [90m 410 |[39m         }
     [90m 411 |[39m       }
     [90m 412 |[39m     } [36mfinally[39m {[0m

      at SnippetManager.processVectorGenerationQueue (src/main/services/SnippetManager.ts:409:19)

    console.error
      Failed to generate vector for snippet snippet-gmp53q0aq: TypeError: dbManager.getDb is not a function
          at VectorStore.initialize (D:\OpenSource\SnippetBox\frontend\src\main\services\VectorStore.ts:21:26)
          at VectorStore.addVector (D:\OpenSource\SnippetBox\frontend\src\main\services\VectorStore.ts:27:10)
          at SnippetManager.processVectorGenerationQueue (D:\OpenSource\SnippetBox\frontend\src\main\services\SnippetManager.ts:406:34)
          at SnippetManager.generateVectorForSnippet (D:\OpenSource\SnippetBox\frontend\src\main\services\SnippetManager.ts:388:10)
          at SnippetManager.createSnippet (D:\OpenSource\SnippetBox\frontend\src\main\services\SnippetManager.ts:72:12)
          at processTicksAndRejections (node:internal/process/task_queues:105:5)
          at D:\OpenSource\SnippetBox\frontend\tests\property\SnippetProperty.test.ts:144:31
          at AsyncProperty.run (D:\OpenSource\SnippetBox\frontend\node_modules\fast-check\lib\cjs\fast-check.js:1208:19)
          at asyncRunIt (D:\OpenSource\SnippetBox\frontend\node_modules\fast-check\lib\cjs\fast-check.js:2503:15)
          at Object.<anonymous> (D:\OpenSource\SnippetBox\frontend\tests\property\SnippetProperty.test.ts:106:7)

    [0m [90m 407 |[39m           console[33m.[39mlog([32m`Generated vector for snippet: ${snippetId}`[39m)[33m;[39m
     [90m 408 |[39m         } [36mcatch[39m (error) {
    [31m[1m>[22m[39m[90m 409 |[39m           console[33m.[39merror([32m`Failed to generate vector for snippet ${snippetId}:`[3
9m[33m,[39m error)[33m;[39m
     [90m     |[39m                   [31m[1m^[22m[39m
     [90m 410 |[39m         }
     [90m 411 |[39m       }
     [90m 412 |[39m     } [36mfinally[39m {[0m

      at SnippetManager.processVectorGenerationQueue (src/main/services/SnippetManager.ts:409:19)

    console.error
      Failed to generate vector for snippet snippet-i53th3wf6: TypeError: dbManager.getDb is not a function
          at VectorStore.initialize (D:\OpenSource\SnippetBox\frontend\src\main\services\VectorStore.ts:21:26)
          at VectorStore.addVector (D:\OpenSource\SnippetBox\frontend\src\main\services\VectorStore.ts:27:10)
          at SnippetManager.processVectorGenerationQueue (D:\OpenSource\SnippetBox\frontend\src\main\services\SnippetManager.ts:406:34)
          at SnippetManager.generateVectorForSnippet (D:\OpenSource\SnippetBox\frontend\src\main\services\SnippetManager.ts:388:10)
          at SnippetManager.createSnippet (D:\OpenSource\SnippetBox\frontend\src\main\services\SnippetManager.ts:72:12)
          at processTicksAndRejections (node:internal/process/task_queues:105:5)
          at D:\OpenSource\SnippetBox\frontend\tests\property\SnippetProperty.test.ts:144:31
          at AsyncProperty.run (D:\OpenSource\SnippetBox\frontend\node_modules\fast-check\lib\cjs\fast-check.js:1208:19)
          at asyncRunIt (D:\OpenSource\SnippetBox\frontend\node_modules\fast-check\lib\cjs\fast-check.js:2503:15)
          at Object.<anonymous> (D:\OpenSource\SnippetBox\frontend\tests\property\SnippetProperty.test.ts:106:7)

    [0m [90m 407 |[39m           console[33m.[39mlog([32m`Generated vector for snippet: ${snippetId}`[39m)[33m;[39m
     [90m 408 |[39m         } [36mcatch[39m (error) {
    [31m[1m>[22m[39m[90m 409 |[39m           console[33m.[39merror([32m`Failed to generate vector for snippet ${snippetId}:`[3
9m[33m,[39m error)[33m;[39m
     [90m     |[39m                   [31m[1m^[22m[39m
     [90m 410 |[39m         }
     [90m 411 |[39m       }
     [90m 412 |[39m     } [36mfinally[39m {[0m

      at SnippetManager.processVectorGenerationQueue (src/main/services/SnippetManager.ts:409:19)

    console.error
      Failed to generate vector for snippet snippet-8s082lvte: TypeError: dbManager.getDb is not a function
          at VectorStore.initialize (D:\OpenSource\SnippetBox\frontend\src\main\services\VectorStore.ts:21:26)
          at VectorStore.addVector (D:\OpenSource\SnippetBox\frontend\src\main\services\VectorStore.ts:27:10)
          at SnippetManager.processVectorGenerationQueue (D:\OpenSource\SnippetBox\frontend\src\main\services\SnippetManager.ts:406:34)
          at SnippetManager.generateVectorForSnippet (D:\OpenSource\SnippetBox\frontend\src\main\services\SnippetManager.ts:388:10)
          at SnippetManager.createSnippet (D:\OpenSource\SnippetBox\frontend\src\main\services\SnippetManager.ts:72:12)
          at processTicksAndRejections (node:internal/process/task_queues:105:5)
          at D:\OpenSource\SnippetBox\frontend\tests\property\SnippetProperty.test.ts:144:31
          at AsyncProperty.run (D:\OpenSource\SnippetBox\frontend\node_modules\fast-check\lib\cjs\fast-check.js:1208:19)
          at asyncRunIt (D:\OpenSource\SnippetBox\frontend\node_modules\fast-check\lib\cjs\fast-check.js:2503:15)
          at Object.<anonymous> (D:\OpenSource\SnippetBox\frontend\tests\property\SnippetProperty.test.ts:106:7)

    [0m [90m 407 |[39m           console[33m.[39mlog([32m`Generated vector for snippet: ${snippetId}`[39m)[33m;[39m
     [90m 408 |[39m         } [36mcatch[39m (error) {
    [31m[1m>[22m[39m[90m 409 |[39m           console[33m.[39merror([32m`Failed to generate vector for snippet ${snippetId}:`[3
9m[33m,[39m error)[33m;[39m
     [90m     |[39m                   [31m[1m^[22m[39m
     [90m 410 |[39m         }
     [90m 411 |[39m       }
     [90m 412 |[39m     } [36mfinally[39m {[0m

      at SnippetManager.processVectorGenerationQueue (src/main/services/SnippetManager.ts:409:19)

    console.error
      Failed to generate vector for snippet snippet-8bcm9t5pa: TypeError: dbManager.getDb is not a function
          at VectorStore.initialize (D:\OpenSource\SnippetBox\frontend\src\main\services\VectorStore.ts:21:26)
          at VectorStore.addVector (D:\OpenSource\SnippetBox\frontend\src\main\services\VectorStore.ts:27:10)
          at SnippetManager.processVectorGenerationQueue (D:\OpenSource\SnippetBox\frontend\src\main\services\SnippetManager.ts:406:34)
          at SnippetManager.generateVectorForSnippet (D:\OpenSource\SnippetBox\frontend\src\main\services\SnippetManager.ts:388:10)
          at SnippetManager.createSnippet (D:\OpenSource\SnippetBox\frontend\src\main\services\SnippetManager.ts:72:12)
          at processTicksAndRejections (node:internal/process/task_queues:105:5)
          at D:\OpenSource\SnippetBox\frontend\tests\property\SnippetProperty.test.ts:144:31
          at AsyncProperty.run (D:\OpenSource\SnippetBox\frontend\node_modules\fast-check\lib\cjs\fast-check.js:1208:19)
          at asyncRunIt (D:\OpenSource\SnippetBox\frontend\node_modules\fast-check\lib\cjs\fast-check.js:2503:15)
          at Object.<anonymous> (D:\OpenSource\SnippetBox\frontend\tests\property\SnippetProperty.test.ts:106:7)

    [0m [90m 407 |[39m           console[33m.[39mlog([32m`Generated vector for snippet: ${snippetId}`[39m)[33m;[39m
     [90m 408 |[39m         } [36mcatch[39m (error) {
    [31m[1m>[22m[39m[90m 409 |[39m           console[33m.[39merror([32m`Failed to generate vector for snippet ${snippetId}:`[3
9m[33m,[39m error)[33m;[39m
     [90m     |[39m                   [31m[1m^[22m[39m
     [90m 410 |[39m         }
     [90m 411 |[39m       }
     [90m 412 |[39m     } [36mfinally[39m {[0m

      at SnippetManager.processVectorGenerationQueue (src/main/services/SnippetManager.ts:409:19)

    console.error
      Failed to generate vector for snippet snippet-1aado56z8: TypeError: dbManager.getDb is not a function
          at VectorStore.initialize (D:\OpenSource\SnippetBox\frontend\src\main\services\VectorStore.ts:21:26)
          at VectorStore.addVector (D:\OpenSource\SnippetBox\frontend\src\main\services\VectorStore.ts:27:10)
          at SnippetManager.processVectorGenerationQueue (D:\OpenSource\SnippetBox\frontend\src\main\services\SnippetManager.ts:406:34)
          at SnippetManager.generateVectorForSnippet (D:\OpenSource\SnippetBox\frontend\src\main\services\SnippetManager.ts:388:10)
          at SnippetManager.createSnippet (D:\OpenSource\SnippetBox\frontend\src\main\services\SnippetManager.ts:72:12)
          at processTicksAndRejections (node:internal/process/task_queues:105:5)
          at D:\OpenSource\SnippetBox\frontend\tests\property\SnippetProperty.test.ts:144:31
          at AsyncProperty.run (D:\OpenSource\SnippetBox\frontend\node_modules\fast-check\lib\cjs\fast-check.js:1208:19)
          at asyncRunIt (D:\OpenSource\SnippetBox\frontend\node_modules\fast-check\lib\cjs\fast-check.js:2503:15)
          at Object.<anonymous> (D:\OpenSource\SnippetBox\frontend\tests\property\SnippetProperty.test.ts:106:7)

    [0m [90m 407 |[39m           console[33m.[39mlog([32m`Generated vector for snippet: ${snippetId}`[39m)[33m;[39m
     [90m 408 |[39m         } [36mcatch[39m (error) {
    [31m[1m>[22m[39m[90m 409 |[39m           console[33m.[39merror([32m`Failed to generate vector for snippet ${snippetId}:`[3
9m[33m,[39m error)[33m;[39m
     [90m     |[39m                   [31m[1m^[22m[39m
     [90m 410 |[39m         }
     [90m 411 |[39m       }
     [90m 412 |[39m     } [36mfinally[39m {[0m

      at SnippetManager.processVectorGenerationQueue (src/main/services/SnippetManager.ts:409:19)

    console.error
      Failed to generate vector for snippet snippet-vxfkpz9sn: TypeError: dbManager.getDb is not a function
          at VectorStore.initialize (D:\OpenSource\SnippetBox\frontend\src\main\services\VectorStore.ts:21:26)
          at VectorStore.addVector (D:\OpenSource\SnippetBox\frontend\src\main\services\VectorStore.ts:27:10)
          at SnippetManager.processVectorGenerationQueue (D:\OpenSource\SnippetBox\frontend\src\main\services\SnippetManager.ts:406:34)
          at SnippetManager.generateVectorForSnippet (D:\OpenSource\SnippetBox\frontend\src\main\services\SnippetManager.ts:388:10)
          at SnippetManager.createSnippet (D:\OpenSource\SnippetBox\frontend\src\main\services\SnippetManager.ts:72:12)
          at processTicksAndRejections (node:internal/process/task_queues:105:5)
          at D:\OpenSource\SnippetBox\frontend\tests\property\SnippetProperty.test.ts:144:31
          at AsyncProperty.run (D:\OpenSource\SnippetBox\frontend\node_modules\fast-check\lib\cjs\fast-check.js:1208:19)
          at asyncRunIt (D:\OpenSource\SnippetBox\frontend\node_modules\fast-check\lib\cjs\fast-check.js:2503:15)
          at Object.<anonymous> (D:\OpenSource\SnippetBox\frontend\tests\property\SnippetProperty.test.ts:106:7)

    [0m [90m 407 |[39m           console[33m.[39mlog([32m`Generated vector for snippet: ${snippetId}`[39m)[33m;[39m
     [90m 408 |[39m         } [36mcatch[39m (error) {
    [31m[1m>[22m[39m[90m 409 |[39m           console[33m.[39merror([32m`Failed to generate vector for snippet ${snippetId}:`[3
9m[33m,[39m error)[33m;[39m
     [90m     |[39m                   [31m[1m^[22m[39m
     [90m 410 |[39m         }
     [90m 411 |[39m       }
     [90m 412 |[39m     } [36mfinally[39m {[0m

      at SnippetManager.processVectorGenerationQueue (src/main/services/SnippetManager.ts:409:19)

    console.error
      Failed to generate vector for snippet snippet-zmlh0xp0b: TypeError: dbManager.getDb is not a function
          at VectorStore.initialize (D:\OpenSource\SnippetBox\frontend\src\main\services\VectorStore.ts:21:26)
          at VectorStore.addVector (D:\OpenSource\SnippetBox\frontend\src\main\services\VectorStore.ts:27:10)
          at SnippetManager.processVectorGenerationQueue (D:\OpenSource\SnippetBox\frontend\src\main\services\SnippetManager.ts:406:34)
          at SnippetManager.generateVectorForSnippet (D:\OpenSource\SnippetBox\frontend\src\main\services\SnippetManager.ts:388:10)
          at SnippetManager.createSnippet (D:\OpenSource\SnippetBox\frontend\src\main\services\SnippetManager.ts:72:12)
          at processTicksAndRejections (node:internal/process/task_queues:105:5)
          at D:\OpenSource\SnippetBox\frontend\tests\property\SnippetProperty.test.ts:144:31
          at AsyncProperty.run (D:\OpenSource\SnippetBox\frontend\node_modules\fast-check\lib\cjs\fast-check.js:1208:19)
          at asyncRunIt (D:\OpenSource\SnippetBox\frontend\node_modules\fast-check\lib\cjs\fast-check.js:2503:15)
          at Object.<anonymous> (D:\OpenSource\SnippetBox\frontend\tests\property\SnippetProperty.test.ts:106:7)

    [0m [90m 407 |[39m           console[33m.[39mlog([32m`Generated vector for snippet: ${snippetId}`[39m)[33m;[39m
     [90m 408 |[39m         } [36mcatch[39m (error) {
    [31m[1m>[22m[39m[90m 409 |[39m           console[33m.[39merror([32m`Failed to generate vector for snippet ${snippetId}:`[3
9m[33m,[39m error)[33m;[39m
     [90m     |[39m                   [31m[1m^[22m[39m
     [90m 410 |[39m         }
     [90m 411 |[39m       }
     [90m 412 |[39m     } [36mfinally[39m {[0m

      at SnippetManager.processVectorGenerationQueue (src/main/services/SnippetManager.ts:409:19)

    console.error
      Failed to generate vector for snippet snippet-n2i648trb: TypeError: dbManager.getDb is not a function
          at VectorStore.initialize (D:\OpenSource\SnippetBox\frontend\src\main\services\VectorStore.ts:21:26)
          at VectorStore.addVector (D:\OpenSource\SnippetBox\frontend\src\main\services\VectorStore.ts:27:10)
          at SnippetManager.processVectorGenerationQueue (D:\OpenSource\SnippetBox\frontend\src\main\services\SnippetManager.ts:406:34)
          at SnippetManager.generateVectorForSnippet (D:\OpenSource\SnippetBox\frontend\src\main\services\SnippetManager.ts:388:10)
          at SnippetManager.createSnippet (D:\OpenSource\SnippetBox\frontend\src\main\services\SnippetManager.ts:72:12)
          at processTicksAndRejections (node:internal/process/task_queues:105:5)
          at D:\OpenSource\SnippetBox\frontend\tests\property\SnippetProperty.test.ts:144:31
          at AsyncProperty.run (D:\OpenSource\SnippetBox\frontend\node_modules\fast-check\lib\cjs\fast-check.js:1208:19)
          at asyncRunIt (D:\OpenSource\SnippetBox\frontend\node_modules\fast-check\lib\cjs\fast-check.js:2503:15)
          at Object.<anonymous> (D:\OpenSource\SnippetBox\frontend\tests\property\SnippetProperty.test.ts:106:7)

    [0m [90m 407 |[39m           console[33m.[39mlog([32m`Generated vector for snippet: ${snippetId}`[39m)[33m;[39m
     [90m 408 |[39m         } [36mcatch[39m (error) {
    [31m[1m>[22m[39m[90m 409 |[39m           console[33m.[39merror([32m`Failed to generate vector for snippet ${snippetId}:`[3
9m[33m,[39m error)[33m;[39m
     [90m     |[39m                   [31m[1m^[22m[39m
     [90m 410 |[39m         }
     [90m 411 |[39m       }
     [90m 412 |[39m     } [36mfinally[39m {[0m

      at SnippetManager.processVectorGenerationQueue (src/main/services/SnippetManager.ts:409:19)

    console.error
      Failed to generate vector for snippet snippet-1wvrr4x5x: TypeError: dbManager.getDb is not a function
          at VectorStore.initialize (D:\OpenSource\SnippetBox\frontend\src\main\services\VectorStore.ts:21:26)
          at VectorStore.addVector (D:\OpenSource\SnippetBox\frontend\src\main\services\VectorStore.ts:27:10)
          at SnippetManager.processVectorGenerationQueue (D:\OpenSource\SnippetBox\frontend\src\main\services\SnippetManager.ts:406:34)
          at SnippetManager.generateVectorForSnippet (D:\OpenSource\SnippetBox\frontend\src\main\services\SnippetManager.ts:388:10)
          at SnippetManager.createSnippet (D:\OpenSource\SnippetBox\frontend\src\main\services\SnippetManager.ts:72:12)
          at processTicksAndRejections (node:internal/process/task_queues:105:5)
          at D:\OpenSource\SnippetBox\frontend\tests\property\SnippetProperty.test.ts:144:31
          at AsyncProperty.run (D:\OpenSource\SnippetBox\frontend\node_modules\fast-check\lib\cjs\fast-check.js:1208:19)
          at asyncRunIt (D:\OpenSource\SnippetBox\frontend\node_modules\fast-check\lib\cjs\fast-check.js:2503:15)
          at Object.<anonymous> (D:\OpenSource\SnippetBox\frontend\tests\property\SnippetProperty.test.ts:106:7)

    [0m [90m 407 |[39m           console[33m.[39mlog([32m`Generated vector for snippet: ${snippetId}`[39m)[33m;[39m
     [90m 408 |[39m         } [36mcatch[39m (error) {
    [31m[1m>[22m[39m[90m 409 |[39m           console[33m.[39merror([32m`Failed to generate vector for snippet ${snippetId}:`[3
9m[33m,[39m error)[33m;[39m
     [90m     |[39m                   [31m[1m^[22m[39m
     [90m 410 |[39m         }
     [90m 411 |[39m       }
     [90m 412 |[39m     } [36mfinally[39m {[0m

      at SnippetManager.processVectorGenerationQueue (src/main/services/SnippetManager.ts:409:19)

    console.error
      Failed to generate vector for snippet snippet-7p1san5j2: TypeError: dbManager.getDb is not a function
          at VectorStore.initialize (D:\OpenSource\SnippetBox\frontend\src\main\services\VectorStore.ts:21:26)
          at VectorStore.addVector (D:\OpenSource\SnippetBox\frontend\src\main\services\VectorStore.ts:27:10)
          at SnippetManager.processVectorGenerationQueue (D:\OpenSource\SnippetBox\frontend\src\main\services\SnippetManager.ts:406:34)
          at SnippetManager.generateVectorForSnippet (D:\OpenSource\SnippetBox\frontend\src\main\services\SnippetManager.ts:388:10)
          at SnippetManager.createSnippet (D:\OpenSource\SnippetBox\frontend\src\main\services\SnippetManager.ts:72:12)
          at processTicksAndRejections (node:internal/process/task_queues:105:5)
          at D:\OpenSource\SnippetBox\frontend\tests\property\SnippetProperty.test.ts:144:31
          at AsyncProperty.run (D:\OpenSource\SnippetBox\frontend\node_modules\fast-check\lib\cjs\fast-check.js:1208:19)
          at asyncRunIt (D:\OpenSource\SnippetBox\frontend\node_modules\fast-check\lib\cjs\fast-check.js:2503:15)
          at Object.<anonymous> (D:\OpenSource\SnippetBox\frontend\tests\property\SnippetProperty.test.ts:106:7)

    [0m [90m 407 |[39m           console[33m.[39mlog([32m`Generated vector for snippet: ${snippetId}`[39m)[33m;[39m
     [90m 408 |[39m         } [36mcatch[39m (error) {
    [31m[1m>[22m[39m[90m 409 |[39m           console[33m.[39merror([32m`Failed to generate vector for snippet ${snippetId}:`[3
9m[33m,[39m error)[33m;[39m
     [90m     |[39m                   [31m[1m^[22m[39m
     [90m 410 |[39m         }
     [90m 411 |[39m       }
     [90m 412 |[39m     } [36mfinally[39m {[0m

      at SnippetManager.processVectorGenerationQueue (src/main/services/SnippetManager.ts:409:19)

    console.error
      Failed to generate vector for snippet snippet-vufochrwv: TypeError: dbManager.getDb is not a function
          at VectorStore.initialize (D:\OpenSource\SnippetBox\frontend\src\main\services\VectorStore.ts:21:26)
          at VectorStore.addVector (D:\OpenSource\SnippetBox\frontend\src\main\services\VectorStore.ts:27:10)
          at SnippetManager.processVectorGenerationQueue (D:\OpenSource\SnippetBox\frontend\src\main\services\SnippetManager.ts:406:34)
          at SnippetManager.generateVectorForSnippet (D:\OpenSource\SnippetBox\frontend\src\main\services\SnippetManager.ts:388:10)
          at SnippetManager.createSnippet (D:\OpenSource\SnippetBox\frontend\src\main\services\SnippetManager.ts:72:12)
          at processTicksAndRejections (node:internal/process/task_queues:105:5)
          at D:\OpenSource\SnippetBox\frontend\tests\property\SnippetProperty.test.ts:144:31
          at AsyncProperty.run (D:\OpenSource\SnippetBox\frontend\node_modules\fast-check\lib\cjs\fast-check.js:1208:19)
          at asyncRunIt (D:\OpenSource\SnippetBox\frontend\node_modules\fast-check\lib\cjs\fast-check.js:2503:15)
          at Object.<anonymous> (D:\OpenSource\SnippetBox\frontend\tests\property\SnippetProperty.test.ts:106:7)

    [0m [90m 407 |[39m           console[33m.[39mlog([32m`Generated vector for snippet: ${snippetId}`[39m)[33m;[39m
     [90m 408 |[39m         } [36mcatch[39m (error) {
    [31m[1m>[22m[39m[90m 409 |[39m           console[33m.[39merror([32m`Failed to generate vector for snippet ${snippetId}:`[3
9m[33m,[39m error)[33m;[39m
     [90m     |[39m                   [31m[1m^[22m[39m
     [90m 410 |[39m         }
     [90m 411 |[39m       }
     [90m 412 |[39m     } [36mfinally[39m {[0m

      at SnippetManager.processVectorGenerationQueue (src/main/services/SnippetManager.ts:409:19)

    console.error
      Failed to generate vector for snippet snippet-gfuoup56w: TypeError: dbManager.getDb is not a function
          at VectorStore.initialize (D:\OpenSource\SnippetBox\frontend\src\main\services\VectorStore.ts:21:26)
          at VectorStore.addVector (D:\OpenSource\SnippetBox\frontend\src\main\services\VectorStore.ts:27:10)
          at SnippetManager.processVectorGenerationQueue (D:\OpenSource\SnippetBox\frontend\src\main\services\SnippetManager.ts:406:34)
          at SnippetManager.generateVectorForSnippet (D:\OpenSource\SnippetBox\frontend\src\main\services\SnippetManager.ts:388:10)
          at SnippetManager.createSnippet (D:\OpenSource\SnippetBox\frontend\src\main\services\SnippetManager.ts:72:12)
          at processTicksAndRejections (node:internal/process/task_queues:105:5)
          at D:\OpenSource\SnippetBox\frontend\tests\property\SnippetProperty.test.ts:144:31
          at AsyncProperty.run (D:\OpenSource\SnippetBox\frontend\node_modules\fast-check\lib\cjs\fast-check.js:1208:19)
          at asyncRunIt (D:\OpenSource\SnippetBox\frontend\node_modules\fast-check\lib\cjs\fast-check.js:2503:15)
          at Object.<anonymous> (D:\OpenSource\SnippetBox\frontend\tests\property\SnippetProperty.test.ts:106:7)

    [0m [90m 407 |[39m           console[33m.[39mlog([32m`Generated vector for snippet: ${snippetId}`[39m)[33m;[39m
     [90m 408 |[39m         } [36mcatch[39m (error) {
    [31m[1m>[22m[39m[90m 409 |[39m           console[33m.[39merror([32m`Failed to generate vector for snippet ${snippetId}:`[3
9m[33m,[39m error)[33m;[39m
     [90m     |[39m                   [31m[1m^[22m[39m
     [90m 410 |[39m         }
     [90m 411 |[39m       }
     [90m 412 |[39m     } [36mfinally[39m {[0m

      at SnippetManager.processVectorGenerationQueue (src/main/services/SnippetManager.ts:409:19)

    console.error
      Failed to generate vector for snippet snippet-qrzlx7aqm: TypeError: dbManager.getDb is not a function
          at VectorStore.initialize (D:\OpenSource\SnippetBox\frontend\src\main\services\VectorStore.ts:21:26)
          at VectorStore.addVector (D:\OpenSource\SnippetBox\frontend\src\main\services\VectorStore.ts:27:10)
          at SnippetManager.processVectorGenerationQueue (D:\OpenSource\SnippetBox\frontend\src\main\services\SnippetManager.ts:406:34)
          at SnippetManager.generateVectorForSnippet (D:\OpenSource\SnippetBox\frontend\src\main\services\SnippetManager.ts:388:10)
          at SnippetManager.createSnippet (D:\OpenSource\SnippetBox\frontend\src\main\services\SnippetManager.ts:72:12)
          at processTicksAndRejections (node:internal/process/task_queues:105:5)
          at D:\OpenSource\SnippetBox\frontend\tests\property\SnippetProperty.test.ts:144:31
          at AsyncProperty.run (D:\OpenSource\SnippetBox\frontend\node_modules\fast-check\lib\cjs\fast-check.js:1208:19)
          at asyncRunIt (D:\OpenSource\SnippetBox\frontend\node_modules\fast-check\lib\cjs\fast-check.js:2503:15)
          at Object.<anonymous> (D:\OpenSource\SnippetBox\frontend\tests\property\SnippetProperty.test.ts:106:7)

    [0m [90m 407 |[39m           console[33m.[39mlog([32m`Generated vector for snippet: ${snippetId}`[39m)[33m;[39m
     [90m 408 |[39m         } [36mcatch[39m (error) {
    [31m[1m>[22m[39m[90m 409 |[39m           console[33m.[39merror([32m`Failed to generate vector for snippet ${snippetId}:`[3
9m[33m,[39m error)[33m;[39m
     [90m     |[39m                   [31m[1m^[22m[39m
     [90m 410 |[39m         }
     [90m 411 |[39m       }
     [90m 412 |[39m     } [36mfinally[39m {[0m

      at SnippetManager.processVectorGenerationQueue (src/main/services/SnippetManager.ts:409:19)

    console.error
      Failed to generate vector for snippet snippet-nb48g5w02: TypeError: dbManager.getDb is not a function
          at VectorStore.initialize (D:\OpenSource\SnippetBox\frontend\src\main\services\VectorStore.ts:21:26)
          at VectorStore.addVector (D:\OpenSource\SnippetBox\frontend\src\main\services\VectorStore.ts:27:10)
          at SnippetManager.processVectorGenerationQueue (D:\OpenSource\SnippetBox\frontend\src\main\services\SnippetManager.ts:406:34)
          at SnippetManager.generateVectorForSnippet (D:\OpenSource\SnippetBox\frontend\src\main\services\SnippetManager.ts:388:10)
          at SnippetManager.createSnippet (D:\OpenSource\SnippetBox\frontend\src\main\services\SnippetManager.ts:72:12)
          at processTicksAndRejections (node:internal/process/task_queues:105:5)
          at D:\OpenSource\SnippetBox\frontend\tests\property\SnippetProperty.test.ts:144:31
          at AsyncProperty.run (D:\OpenSource\SnippetBox\frontend\node_modules\fast-check\lib\cjs\fast-check.js:1208:19)
          at asyncRunIt (D:\OpenSource\SnippetBox\frontend\node_modules\fast-check\lib\cjs\fast-check.js:2503:15)
          at Object.<anonymous> (D:\OpenSource\SnippetBox\frontend\tests\property\SnippetProperty.test.ts:106:7)

    [0m [90m 407 |[39m           console[33m.[39mlog([32m`Generated vector for snippet: ${snippetId}`[39m)[33m;[39m
     [90m 408 |[39m         } [36mcatch[39m (error) {
    [31m[1m>[22m[39m[90m 409 |[39m           console[33m.[39merror([32m`Failed to generate vector for snippet ${snippetId}:`[3
9m[33m,[39m error)[33m;[39m
     [90m     |[39m                   [31m[1m^[22m[39m
     [90m 410 |[39m         }
     [90m 411 |[39m       }
     [90m 412 |[39m     } [36mfinally[39m {[0m

      at SnippetManager.processVectorGenerationQueue (src/main/services/SnippetManager.ts:409:19)

    console.error
      Failed to generate vector for snippet snippet-strc39b2o: TypeError: dbManager.getDb is not a function
          at VectorStore.initialize (D:\OpenSource\SnippetBox\frontend\src\main\services\VectorStore.ts:21:26)
          at VectorStore.addVector (D:\OpenSource\SnippetBox\frontend\src\main\services\VectorStore.ts:27:10)
          at SnippetManager.processVectorGenerationQueue (D:\OpenSource\SnippetBox\frontend\src\main\services\SnippetManager.ts:406:34)
          at SnippetManager.generateVectorForSnippet (D:\OpenSource\SnippetBox\frontend\src\main\services\SnippetManager.ts:388:10)
          at SnippetManager.createSnippet (D:\OpenSource\SnippetBox\frontend\src\main\services\SnippetManager.ts:72:12)
          at processTicksAndRejections (node:internal/process/task_queues:105:5)
          at D:\OpenSource\SnippetBox\frontend\tests\property\SnippetProperty.test.ts:144:31
          at AsyncProperty.run (D:\OpenSource\SnippetBox\frontend\node_modules\fast-check\lib\cjs\fast-check.js:1208:19)
          at asyncRunIt (D:\OpenSource\SnippetBox\frontend\node_modules\fast-check\lib\cjs\fast-check.js:2503:15)
          at Object.<anonymous> (D:\OpenSource\SnippetBox\frontend\tests\property\SnippetProperty.test.ts:106:7)

    [0m [90m 407 |[39m           console[33m.[39mlog([32m`Generated vector for snippet: ${snippetId}`[39m)[33m;[39m
     [90m 408 |[39m         } [36mcatch[39m (error) {
    [31m[1m>[22m[39m[90m 409 |[39m           console[33m.[39merror([32m`Failed to generate vector for snippet ${snippetId}:`[3
9m[33m,[39m error)[33m;[39m
     [90m     |[39m                   [31m[1m^[22m[39m
     [90m 410 |[39m         }
     [90m 411 |[39m       }
     [90m 412 |[39m     } [36mfinally[39m {[0m

      at SnippetManager.processVectorGenerationQueue (src/main/services/SnippetManager.ts:409:19)

    console.error
      Failed to generate vector for snippet snippet-xu5yqwmw4: TypeError: dbManager.getDb is not a function
          at VectorStore.initialize (D:\OpenSource\SnippetBox\frontend\src\main\services\VectorStore.ts:21:26)
          at VectorStore.addVector (D:\OpenSource\SnippetBox\frontend\src\main\services\VectorStore.ts:27:10)
          at SnippetManager.processVectorGenerationQueue (D:\OpenSource\SnippetBox\frontend\src\main\services\SnippetManager.ts:406:34)
          at SnippetManager.generateVectorForSnippet (D:\OpenSource\SnippetBox\frontend\src\main\services\SnippetManager.ts:388:10)
          at SnippetManager.createSnippet (D:\OpenSource\SnippetBox\frontend\src\main\services\SnippetManager.ts:72:12)
          at processTicksAndRejections (node:internal/process/task_queues:105:5)
          at D:\OpenSource\SnippetBox\frontend\tests\property\SnippetProperty.test.ts:144:31
          at AsyncProperty.run (D:\OpenSource\SnippetBox\frontend\node_modules\fast-check\lib\cjs\fast-check.js:1208:19)
          at asyncRunIt (D:\OpenSource\SnippetBox\frontend\node_modules\fast-check\lib\cjs\fast-check.js:2503:15)
          at Object.<anonymous> (D:\OpenSource\SnippetBox\frontend\tests\property\SnippetProperty.test.ts:106:7)

    [0m [90m 407 |[39m           console[33m.[39mlog([32m`Generated vector for snippet: ${snippetId}`[39m)[33m;[39m
     [90m 408 |[39m         } [36mcatch[39m (error) {
    [31m[1m>[22m[39m[90m 409 |[39m           console[33m.[39merror([32m`Failed to generate vector for snippet ${snippetId}:`[3
9m[33m,[39m error)[33m;[39m
     [90m     |[39m                   [31m[1m^[22m[39m
     [90m 410 |[39m         }
     [90m 411 |[39m       }
     [90m 412 |[39m     } [36mfinally[39m {[0m

      at SnippetManager.processVectorGenerationQueue (src/main/services/SnippetManager.ts:409:19)

    console.error
      Failed to generate vector for snippet snippet-tmods1slr: TypeError: dbManager.getDb is not a function
          at VectorStore.initialize (D:\OpenSource\SnippetBox\frontend\src\main\services\VectorStore.ts:21:26)
          at VectorStore.addVector (D:\OpenSource\SnippetBox\frontend\src\main\services\VectorStore.ts:27:10)
          at SnippetManager.processVectorGenerationQueue (D:\OpenSource\SnippetBox\frontend\src\main\services\SnippetManager.ts:406:34)
          at SnippetManager.generateVectorForSnippet (D:\OpenSource\SnippetBox\frontend\src\main\services\SnippetManager.ts:388:10)
          at SnippetManager.createSnippet (D:\OpenSource\SnippetBox\frontend\src\main\services\SnippetManager.ts:72:12)
          at processTicksAndRejections (node:internal/process/task_queues:105:5)
          at D:\OpenSource\SnippetBox\frontend\tests\property\SnippetProperty.test.ts:144:31
          at AsyncProperty.run (D:\OpenSource\SnippetBox\frontend\node_modules\fast-check\lib\cjs\fast-check.js:1208:19)
          at asyncRunIt (D:\OpenSource\SnippetBox\frontend\node_modules\fast-check\lib\cjs\fast-check.js:2503:15)
          at Object.<anonymous> (D:\OpenSource\SnippetBox\frontend\tests\property\SnippetProperty.test.ts:106:7)

    [0m [90m 407 |[39m           console[33m.[39mlog([32m`Generated vector for snippet: ${snippetId}`[39m)[33m;[39m
     [90m 408 |[39m         } [36mcatch[39m (error) {
    [31m[1m>[22m[39m[90m 409 |[39m           console[33m.[39merror([32m`Failed to generate vector for snippet ${snippetId}:`[3
9m[33m,[39m error)[33m;[39m
     [90m     |[39m                   [31m[1m^[22m[39m
     [90m 410 |[39m         }
     [90m 411 |[39m       }
     [90m 412 |[39m     } [36mfinally[39m {[0m

      at SnippetManager.processVectorGenerationQueue (src/main/services/SnippetManager.ts:409:19)

    console.error
      Failed to generate vector for snippet snippet-hautbdc6e: TypeError: dbManager.getDb is not a function
          at VectorStore.initialize (D:\OpenSource\SnippetBox\frontend\src\main\services\VectorStore.ts:21:26)
          at VectorStore.addVector (D:\OpenSource\SnippetBox\frontend\src\main\services\VectorStore.ts:27:10)
          at SnippetManager.processVectorGenerationQueue (D:\OpenSource\SnippetBox\frontend\src\main\services\SnippetManager.ts:406:34)
          at SnippetManager.generateVectorForSnippet (D:\OpenSource\SnippetBox\frontend\src\main\services\SnippetManager.ts:388:10)
          at SnippetManager.createSnippet (D:\OpenSource\SnippetBox\frontend\src\main\services\SnippetManager.ts:72:12)
          at processTicksAndRejections (node:internal/process/task_queues:105:5)
          at D:\OpenSource\SnippetBox\frontend\tests\property\SnippetProperty.test.ts:144:31
          at AsyncProperty.run (D:\OpenSource\SnippetBox\frontend\node_modules\fast-check\lib\cjs\fast-check.js:1208:19)
          at asyncRunIt (D:\OpenSource\SnippetBox\frontend\node_modules\fast-check\lib\cjs\fast-check.js:2503:15)
          at Object.<anonymous> (D:\OpenSource\SnippetBox\frontend\tests\property\SnippetProperty.test.ts:106:7)

    [0m [90m 407 |[39m           console[33m.[39mlog([32m`Generated vector for snippet: ${snippetId}`[39m)[33m;[39m
     [90m 408 |[39m         } [36mcatch[39m (error) {
    [31m[1m>[22m[39m[90m 409 |[39m           console[33m.[39merror([32m`Failed to generate vector for snippet ${snippetId}:`[3
9m[33m,[39m error)[33m;[39m
     [90m     |[39m                   [31m[1m^[22m[39m
     [90m 410 |[39m         }
     [90m 411 |[39m       }
     [90m 412 |[39m     } [36mfinally[39m {[0m

      at SnippetManager.processVectorGenerationQueue (src/main/services/SnippetManager.ts:409:19)

    console.error
      Failed to generate vector for snippet snippet-qwe456sz0: TypeError: dbManager.getDb is not a function
          at VectorStore.initialize (D:\OpenSource\SnippetBox\frontend\src\main\services\VectorStore.ts:21:26)
          at VectorStore.addVector (D:\OpenSource\SnippetBox\frontend\src\main\services\VectorStore.ts:27:10)
          at SnippetManager.processVectorGenerationQueue (D:\OpenSource\SnippetBox\frontend\src\main\services\SnippetManager.ts:406:34)
          at SnippetManager.generateVectorForSnippet (D:\OpenSource\SnippetBox\frontend\src\main\services\SnippetManager.ts:388:10)
          at SnippetManager.createSnippet (D:\OpenSource\SnippetBox\frontend\src\main\services\SnippetManager.ts:72:12)
          at processTicksAndRejections (node:internal/process/task_queues:105:5)
          at D:\OpenSource\SnippetBox\frontend\tests\property\SnippetProperty.test.ts:144:31
          at AsyncProperty.run (D:\OpenSource\SnippetBox\frontend\node_modules\fast-check\lib\cjs\fast-check.js:1208:19)
          at asyncRunIt (D:\OpenSource\SnippetBox\frontend\node_modules\fast-check\lib\cjs\fast-check.js:2503:15)
          at Object.<anonymous> (D:\OpenSource\SnippetBox\frontend\tests\property\SnippetProperty.test.ts:106:7)

    [0m [90m 407 |[39m           console[33m.[39mlog([32m`Generated vector for snippet: ${snippetId}`[39m)[33m;[39m
     [90m 408 |[39m         } [36mcatch[39m (error) {
    [31m[1m>[22m[39m[90m 409 |[39m           console[33m.[39merror([32m`Failed to generate vector for snippet ${snippetId}:`[3
9m[33m,[39m error)[33m;[39m
     [90m     |[39m                   [31m[1m^[22m[39m
     [90m 410 |[39m         }
     [90m 411 |[39m       }
     [90m 412 |[39m     } [36mfinally[39m {[0m

      at SnippetManager.processVectorGenerationQueue (src/main/services/SnippetManager.ts:409:19)

    console.error
      Failed to generate vector for snippet snippet-150yq9of8: TypeError: dbManager.getDb is not a function
          at VectorStore.initialize (D:\OpenSource\SnippetBox\frontend\src\main\services\VectorStore.ts:21:26)
          at VectorStore.addVector (D:\OpenSource\SnippetBox\frontend\src\main\services\VectorStore.ts:27:10)
          at SnippetManager.processVectorGenerationQueue (D:\OpenSource\SnippetBox\frontend\src\main\services\SnippetManager.ts:406:34)
          at SnippetManager.generateVectorForSnippet (D:\OpenSource\SnippetBox\frontend\src\main\services\SnippetManager.ts:388:10)
          at SnippetManager.createSnippet (D:\OpenSource\SnippetBox\frontend\src\main\services\SnippetManager.ts:72:12)
          at processTicksAndRejections (node:internal/process/task_queues:105:5)
          at D:\OpenSource\SnippetBox\frontend\tests\property\SnippetProperty.test.ts:144:31
          at AsyncProperty.run (D:\OpenSource\SnippetBox\frontend\node_modules\fast-check\lib\cjs\fast-check.js:1208:19)
          at asyncRunIt (D:\OpenSource\SnippetBox\frontend\node_modules\fast-check\lib\cjs\fast-check.js:2503:15)
          at Object.<anonymous> (D:\OpenSource\SnippetBox\frontend\tests\property\SnippetProperty.test.ts:106:7)

    [0m [90m 407 |[39m           console[33m.[39mlog([32m`Generated vector for snippet: ${snippetId}`[39m)[33m;[39m
     [90m 408 |[39m         } [36mcatch[39m (error) {
    [31m[1m>[22m[39m[90m 409 |[39m           console[33m.[39merror([32m`Failed to generate vector for snippet ${snippetId}:`[3
9m[33m,[39m error)[33m;[39m
     [90m     |[39m                   [31m[1m^[22m[39m
     [90m 410 |[39m         }
     [90m 411 |[39m       }
     [90m 412 |[39m     } [36mfinally[39m {[0m

      at SnippetManager.processVectorGenerationQueue (src/main/services/SnippetManager.ts:409:19)

    console.error
      Failed to generate vector for snippet snippet-3i6y73nre: TypeError: dbManager.getDb is not a function
          at VectorStore.initialize (D:\OpenSource\SnippetBox\frontend\src\main\services\VectorStore.ts:21:26)
          at VectorStore.addVector (D:\OpenSource\SnippetBox\frontend\src\main\services\VectorStore.ts:27:10)
          at SnippetManager.processVectorGenerationQueue (D:\OpenSource\SnippetBox\frontend\src\main\services\SnippetManager.ts:406:34)
          at SnippetManager.generateVectorForSnippet (D:\OpenSource\SnippetBox\frontend\src\main\services\SnippetManager.ts:388:10)
          at SnippetManager.createSnippet (D:\OpenSource\SnippetBox\frontend\src\main\services\SnippetManager.ts:72:12)
          at processTicksAndRejections (node:internal/process/task_queues:105:5)
          at D:\OpenSource\SnippetBox\frontend\tests\property\SnippetProperty.test.ts:144:31
          at AsyncProperty.run (D:\OpenSource\SnippetBox\frontend\node_modules\fast-check\lib\cjs\fast-check.js:1208:19)
          at asyncRunIt (D:\OpenSource\SnippetBox\frontend\node_modules\fast-check\lib\cjs\fast-check.js:2503:15)
          at Object.<anonymous> (D:\OpenSource\SnippetBox\frontend\tests\property\SnippetProperty.test.ts:106:7)

    [0m [90m 407 |[39m           console[33m.[39mlog([32m`Generated vector for snippet: ${snippetId}`[39m)[33m;[39m
     [90m 408 |[39m         } [36mcatch[39m (error) {
    [31m[1m>[22m[39m[90m 409 |[39m           console[33m.[39merror([32m`Failed to generate vector for snippet ${snippetId}:`[3
9m[33m,[39m error)[33m;[39m
     [90m     |[39m                   [31m[1m^[22m[39m
     [90m 410 |[39m         }
     [90m 411 |[39m       }
     [90m 412 |[39m     } [36mfinally[39m {[0m

      at SnippetManager.processVectorGenerationQueue (src/main/services/SnippetManager.ts:409:19)

    console.error
      Failed to generate vector for snippet snippet-8n3vsgtj5: TypeError: dbManager.getDb is not a function
          at VectorStore.initialize (D:\OpenSource\SnippetBox\frontend\src\main\services\VectorStore.ts:21:26)
          at VectorStore.addVector (D:\OpenSource\SnippetBox\frontend\src\main\services\VectorStore.ts:27:10)
          at SnippetManager.processVectorGenerationQueue (D:\OpenSource\SnippetBox\frontend\src\main\services\SnippetManager.ts:406:34)
          at SnippetManager.generateVectorForSnippet (D:\OpenSource\SnippetBox\frontend\src\main\services\SnippetManager.ts:388:10)
          at SnippetManager.createSnippet (D:\OpenSource\SnippetBox\frontend\src\main\services\SnippetManager.ts:72:12)
          at processTicksAndRejections (node:internal/process/task_queues:105:5)
          at D:\OpenSource\SnippetBox\frontend\tests\property\SnippetProperty.test.ts:144:31
          at AsyncProperty.run (D:\OpenSource\SnippetBox\frontend\node_modules\fast-check\lib\cjs\fast-check.js:1208:19)
          at asyncRunIt (D:\OpenSource\SnippetBox\frontend\node_modules\fast-check\lib\cjs\fast-check.js:2503:15)
          at Object.<anonymous> (D:\OpenSource\SnippetBox\frontend\tests\property\SnippetProperty.test.ts:106:7)

    [0m [90m 407 |[39m           console[33m.[39mlog([32m`Generated vector for snippet: ${snippetId}`[39m)[33m;[39m
     [90m 408 |[39m         } [36mcatch[39m (error) {
    [31m[1m>[22m[39m[90m 409 |[39m           console[33m.[39merror([32m`Failed to generate vector for snippet ${snippetId}:`[3
9m[33m,[39m error)[33m;[39m
     [90m     |[39m                   [31m[1m^[22m[39m
     [90m 410 |[39m         }
     [90m 411 |[39m       }
     [90m 412 |[39m     } [36mfinally[39m {[0m

      at SnippetManager.processVectorGenerationQueue (src/main/services/SnippetManager.ts:409:19)

    console.error
      Failed to generate vector for snippet snippet-rcarcx2h9: TypeError: dbManager.getDb is not a function
          at VectorStore.initialize (D:\OpenSource\SnippetBox\frontend\src\main\services\VectorStore.ts:21:26)
          at VectorStore.addVector (D:\OpenSource\SnippetBox\frontend\src\main\services\VectorStore.ts:27:10)
          at SnippetManager.processVectorGenerationQueue (D:\OpenSource\SnippetBox\frontend\src\main\services\SnippetManager.ts:406:34)
          at SnippetManager.generateVectorForSnippet (D:\OpenSource\SnippetBox\frontend\src\main\services\SnippetManager.ts:388:10)
          at SnippetManager.createSnippet (D:\OpenSource\SnippetBox\frontend\src\main\services\SnippetManager.ts:72:12)
          at processTicksAndRejections (node:internal/process/task_queues:105:5)
          at D:\OpenSource\SnippetBox\frontend\tests\property\SnippetProperty.test.ts:144:31
          at AsyncProperty.run (D:\OpenSource\SnippetBox\frontend\node_modules\fast-check\lib\cjs\fast-check.js:1208:19)
          at asyncRunIt (D:\OpenSource\SnippetBox\frontend\node_modules\fast-check\lib\cjs\fast-check.js:2503:15)
          at Object.<anonymous> (D:\OpenSource\SnippetBox\frontend\tests\property\SnippetProperty.test.ts:106:7)

    [0m [90m 407 |[39m           console[33m.[39mlog([32m`Generated vector for snippet: ${snippetId}`[39m)[33m;[39m
     [90m 408 |[39m         } [36mcatch[39m (error) {
    [31m[1m>[22m[39m[90m 409 |[39m           console[33m.[39merror([32m`Failed to generate vector for snippet ${snippetId}:`[3
9m[33m,[39m error)[33m;[39m
     [90m     |[39m                   [31m[1m^[22m[39m
     [90m 410 |[39m         }
     [90m 411 |[39m       }
     [90m 412 |[39m     } [36mfinally[39m {[0m

      at SnippetManager.processVectorGenerationQueue (src/main/services/SnippetManager.ts:409:19)

    console.error
      Failed to generate vector for snippet snippet-c1v4xc353: TypeError: dbManager.getDb is not a function
          at VectorStore.initialize (D:\OpenSource\SnippetBox\frontend\src\main\services\VectorStore.ts:21:26)
          at VectorStore.addVector (D:\OpenSource\SnippetBox\frontend\src\main\services\VectorStore.ts:27:10)
          at SnippetManager.processVectorGenerationQueue (D:\OpenSource\SnippetBox\frontend\src\main\services\SnippetManager.ts:406:34)
          at SnippetManager.generateVectorForSnippet (D:\OpenSource\SnippetBox\frontend\src\main\services\SnippetManager.ts:388:10)
          at SnippetManager.createSnippet (D:\OpenSource\SnippetBox\frontend\src\main\services\SnippetManager.ts:72:12)
          at processTicksAndRejections (node:internal/process/task_queues:105:5)
          at D:\OpenSource\SnippetBox\frontend\tests\property\SnippetProperty.test.ts:144:31
          at AsyncProperty.run (D:\OpenSource\SnippetBox\frontend\node_modules\fast-check\lib\cjs\fast-check.js:1208:19)
          at asyncRunIt (D:\OpenSource\SnippetBox\frontend\node_modules\fast-check\lib\cjs\fast-check.js:2503:15)
          at Object.<anonymous> (D:\OpenSource\SnippetBox\frontend\tests\property\SnippetProperty.test.ts:106:7)

    [0m [90m 407 |[39m           console[33m.[39mlog([32m`Generated vector for snippet: ${snippetId}`[39m)[33m;[39m
     [90m 408 |[39m         } [36mcatch[39m (error) {
    [31m[1m>[22m[39m[90m 409 |[39m           console[33m.[39merror([32m`Failed to generate vector for snippet ${snippetId}:`[3
9m[33m,[39m error)[33m;[39m
     [90m     |[39m                   [31m[1m^[22m[39m
     [90m 410 |[39m         }
     [90m 411 |[39m       }
     [90m 412 |[39m     } [36mfinally[39m {[0m

      at SnippetManager.processVectorGenerationQueue (src/main/services/SnippetManager.ts:409:19)

    console.error
      Failed to generate vector for snippet snippet-p2nn9nyvt: TypeError: dbManager.getDb is not a function
          at VectorStore.initialize (D:\OpenSource\SnippetBox\frontend\src\main\services\VectorStore.ts:21:26)
          at VectorStore.addVector (D:\OpenSource\SnippetBox\frontend\src\main\services\VectorStore.ts:27:10)
          at SnippetManager.processVectorGenerationQueue (D:\OpenSource\SnippetBox\frontend\src\main\services\SnippetManager.ts:406:34)
          at SnippetManager.generateVectorForSnippet (D:\OpenSource\SnippetBox\frontend\src\main\services\SnippetManager.ts:388:10)
          at SnippetManager.createSnippet (D:\OpenSource\SnippetBox\frontend\src\main\services\SnippetManager.ts:72:12)
          at processTicksAndRejections (node:internal/process/task_queues:105:5)
          at D:\OpenSource\SnippetBox\frontend\tests\property\SnippetProperty.test.ts:144:31
          at AsyncProperty.run (D:\OpenSource\SnippetBox\frontend\node_modules\fast-check\lib\cjs\fast-check.js:1208:19)
          at asyncRunIt (D:\OpenSource\SnippetBox\frontend\node_modules\fast-check\lib\cjs\fast-check.js:2503:15)
          at Object.<anonymous> (D:\OpenSource\SnippetBox\frontend\tests\property\SnippetProperty.test.ts:106:7)

    [0m [90m 407 |[39m           console[33m.[39mlog([32m`Generated vector for snippet: ${snippetId}`[39m)[33m;[39m
     [90m 408 |[39m         } [36mcatch[39m (error) {
    [31m[1m>[22m[39m[90m 409 |[39m           console[33m.[39merror([32m`Failed to generate vector for snippet ${snippetId}:`[3
9m[33m,[39m error)[33m;[39m
     [90m     |[39m                   [31m[1m^[22m[39m
     [90m 410 |[39m         }
     [90m 411 |[39m       }
     [90m 412 |[39m     } [36mfinally[39m {[0m

      at SnippetManager.processVectorGenerationQueue (src/main/services/SnippetManager.ts:409:19)

    console.error
      Failed to generate vector for snippet snippet-gzjvuirex: TypeError: dbManager.getDb is not a function
          at VectorStore.initialize (D:\OpenSource\SnippetBox\frontend\src\main\services\VectorStore.ts:21:26)
          at VectorStore.addVector (D:\OpenSource\SnippetBox\frontend\src\main\services\VectorStore.ts:27:10)
          at SnippetManager.processVectorGenerationQueue (D:\OpenSource\SnippetBox\frontend\src\main\services\SnippetManager.ts:406:34)
          at SnippetManager.generateVectorForSnippet (D:\OpenSource\SnippetBox\frontend\src\main\services\SnippetManager.ts:388:10)
          at SnippetManager.createSnippet (D:\OpenSource\SnippetBox\frontend\src\main\services\SnippetManager.ts:72:12)
          at processTicksAndRejections (node:internal/process/task_queues:105:5)
          at D:\OpenSource\SnippetBox\frontend\tests\property\SnippetProperty.test.ts:144:31
          at AsyncProperty.run (D:\OpenSource\SnippetBox\frontend\node_modules\fast-check\lib\cjs\fast-check.js:1208:19)
          at asyncRunIt (D:\OpenSource\SnippetBox\frontend\node_modules\fast-check\lib\cjs\fast-check.js:2503:15)
          at Object.<anonymous> (D:\OpenSource\SnippetBox\frontend\tests\property\SnippetProperty.test.ts:106:7)

    [0m [90m 407 |[39m           console[33m.[39mlog([32m`Generated vector for snippet: ${snippetId}`[39m)[33m;[39m
     [90m 408 |[39m         } [36mcatch[39m (error) {
    [31m[1m>[22m[39m[90m 409 |[39m           console[33m.[39merror([32m`Failed to generate vector for snippet ${snippetId}:`[3
9m[33m,[39m error)[33m;[39m
     [90m     |[39m                   [31m[1m^[22m[39m
     [90m 410 |[39m         }
     [90m 411 |[39m       }
     [90m 412 |[39m     } [36mfinally[39m {[0m

      at SnippetManager.processVectorGenerationQueue (src/main/services/SnippetManager.ts:409:19)

    console.error
      Failed to generate vector for snippet snippet-fwl5wx9ij: TypeError: dbManager.getDb is not a function
          at VectorStore.initialize (D:\OpenSource\SnippetBox\frontend\src\main\services\VectorStore.ts:21:26)
          at VectorStore.addVector (D:\OpenSource\SnippetBox\frontend\src\main\services\VectorStore.ts:27:10)
          at SnippetManager.processVectorGenerationQueue (D:\OpenSource\SnippetBox\frontend\src\main\services\SnippetManager.ts:406:34)
          at SnippetManager.generateVectorForSnippet (D:\OpenSource\SnippetBox\frontend\src\main\services\SnippetManager.ts:388:10)
          at SnippetManager.createSnippet (D:\OpenSource\SnippetBox\frontend\src\main\services\SnippetManager.ts:72:12)
          at processTicksAndRejections (node:internal/process/task_queues:105:5)
          at D:\OpenSource\SnippetBox\frontend\tests\property\SnippetProperty.test.ts:144:31
          at AsyncProperty.run (D:\OpenSource\SnippetBox\frontend\node_modules\fast-check\lib\cjs\fast-check.js:1208:19)
          at asyncRunIt (D:\OpenSource\SnippetBox\frontend\node_modules\fast-check\lib\cjs\fast-check.js:2503:15)
          at Object.<anonymous> (D:\OpenSource\SnippetBox\frontend\tests\property\SnippetProperty.test.ts:106:7)

    [0m [90m 407 |[39m           console[33m.[39mlog([32m`Generated vector for snippet: ${snippetId}`[39m)[33m;[39m
     [90m 408 |[39m         } [36mcatch[39m (error) {
    [31m[1m>[22m[39m[90m 409 |[39m           console[33m.[39merror([32m`Failed to generate vector for snippet ${snippetId}:`[3
9m[33m,[39m error)[33m;[39m
     [90m     |[39m                   [31m[1m^[22m[39m
     [90m 410 |[39m         }
     [90m 411 |[39m       }
     [90m 412 |[39m     } [36mfinally[39m {[0m

      at SnippetManager.processVectorGenerationQueue (src/main/services/SnippetManager.ts:409:19)

    console.error
      Failed to generate vector for snippet snippet-tqertirau: TypeError: dbManager.getDb is not a function
          at VectorStore.initialize (D:\OpenSource\SnippetBox\frontend\src\main\services\VectorStore.ts:21:26)
          at VectorStore.addVector (D:\OpenSource\SnippetBox\frontend\src\main\services\VectorStore.ts:27:10)
          at SnippetManager.processVectorGenerationQueue (D:\OpenSource\SnippetBox\frontend\src\main\services\SnippetManager.ts:406:34)
          at SnippetManager.generateVectorForSnippet (D:\OpenSource\SnippetBox\frontend\src\main\services\SnippetManager.ts:388:10)
          at SnippetManager.createSnippet (D:\OpenSource\SnippetBox\frontend\src\main\services\SnippetManager.ts:72:12)
          at processTicksAndRejections (node:internal/process/task_queues:105:5)
          at D:\OpenSource\SnippetBox\frontend\tests\property\SnippetProperty.test.ts:144:31
          at AsyncProperty.run (D:\OpenSource\SnippetBox\frontend\node_modules\fast-check\lib\cjs\fast-check.js:1208:19)
          at asyncRunIt (D:\OpenSource\SnippetBox\frontend\node_modules\fast-check\lib\cjs\fast-check.js:2503:15)
          at Object.<anonymous> (D:\OpenSource\SnippetBox\frontend\tests\property\SnippetProperty.test.ts:106:7)

    [0m [90m 407 |[39m           console[33m.[39mlog([32m`Generated vector for snippet: ${snippetId}`[39m)[33m;[39m
     [90m 408 |[39m         } [36mcatch[39m (error) {
    [31m[1m>[22m[39m[90m 409 |[39m           console[33m.[39merror([32m`Failed to generate vector for snippet ${snippetId}:`[3
9m[33m,[39m error)[33m;[39m
     [90m     |[39m                   [31m[1m^[22m[39m
     [90m 410 |[39m         }
     [90m 411 |[39m       }
     [90m 412 |[39m     } [36mfinally[39m {[0m

      at SnippetManager.processVectorGenerationQueue (src/main/services/SnippetManager.ts:409:19)

    console.error
      Failed to generate vector for snippet snippet-fejfqyxgw: TypeError: dbManager.getDb is not a function
          at VectorStore.initialize (D:\OpenSource\SnippetBox\frontend\src\main\services\VectorStore.ts:21:26)
          at VectorStore.addVector (D:\OpenSource\SnippetBox\frontend\src\main\services\VectorStore.ts:27:10)
          at SnippetManager.processVectorGenerationQueue (D:\OpenSource\SnippetBox\frontend\src\main\services\SnippetManager.ts:406:34)
          at SnippetManager.generateVectorForSnippet (D:\OpenSource\SnippetBox\frontend\src\main\services\SnippetManager.ts:388:10)
          at SnippetManager.createSnippet (D:\OpenSource\SnippetBox\frontend\src\main\services\SnippetManager.ts:72:12)
          at processTicksAndRejections (node:internal/process/task_queues:105:5)
          at D:\OpenSource\SnippetBox\frontend\tests\property\SnippetProperty.test.ts:144:31
          at AsyncProperty.run (D:\OpenSource\SnippetBox\frontend\node_modules\fast-check\lib\cjs\fast-check.js:1208:19)
          at asyncRunIt (D:\OpenSource\SnippetBox\frontend\node_modules\fast-check\lib\cjs\fast-check.js:2503:15)
          at Object.<anonymous> (D:\OpenSource\SnippetBox\frontend\tests\property\SnippetProperty.test.ts:106:7)

    [0m [90m 407 |[39m           console[33m.[39mlog([32m`Generated vector for snippet: ${snippetId}`[39m)[33m;[39m
     [90m 408 |[39m         } [36mcatch[39m (error) {
    [31m[1m>[22m[39m[90m 409 |[39m           console[33m.[39merror([32m`Failed to generate vector for snippet ${snippetId}:`[3
9m[33m,[39m error)[33m;[39m
     [90m     |[39m                   [31m[1m^[22m[39m
     [90m 410 |[39m         }
     [90m 411 |[39m       }
     [90m 412 |[39m     } [36mfinally[39m {[0m

      at SnippetManager.processVectorGenerationQueue (src/main/services/SnippetManager.ts:409:19)

    console.error
      Failed to generate vector for snippet snippet-nwnuvdgvc: TypeError: dbManager.getDb is not a function
          at VectorStore.initialize (D:\OpenSource\SnippetBox\frontend\src\main\services\VectorStore.ts:21:26)
          at VectorStore.addVector (D:\OpenSource\SnippetBox\frontend\src\main\services\VectorStore.ts:27:10)
          at SnippetManager.processVectorGenerationQueue (D:\OpenSource\SnippetBox\frontend\src\main\services\SnippetManager.ts:406:34)
          at SnippetManager.generateVectorForSnippet (D:\OpenSource\SnippetBox\frontend\src\main\services\SnippetManager.ts:388:10)
          at SnippetManager.createSnippet (D:\OpenSource\SnippetBox\frontend\src\main\services\SnippetManager.ts:72:12)
          at processTicksAndRejections (node:internal/process/task_queues:105:5)
          at D:\OpenSource\SnippetBox\frontend\tests\property\SnippetProperty.test.ts:144:31
          at AsyncProperty.run (D:\OpenSource\SnippetBox\frontend\node_modules\fast-check\lib\cjs\fast-check.js:1208:19)
          at asyncRunIt (D:\OpenSource\SnippetBox\frontend\node_modules\fast-check\lib\cjs\fast-check.js:2503:15)
          at Object.<anonymous> (D:\OpenSource\SnippetBox\frontend\tests\property\SnippetProperty.test.ts:106:7)

    [0m [90m 407 |[39m           console[33m.[39mlog([32m`Generated vector for snippet: ${snippetId}`[39m)[33m;[39m
     [90m 408 |[39m         } [36mcatch[39m (error) {
    [31m[1m>[22m[39m[90m 409 |[39m           console[33m.[39merror([32m`Failed to generate vector for snippet ${snippetId}:`[3
9m[33m,[39m error)[33m;[39m
     [90m     |[39m                   [31m[1m^[22m[39m
     [90m 410 |[39m         }
     [90m 411 |[39m       }
     [90m 412 |[39m     } [36mfinally[39m {[0m

      at SnippetManager.processVectorGenerationQueue (src/main/services/SnippetManager.ts:409:19)

    console.error
      Failed to generate vector for snippet snippet-wbshknjz6: TypeError: dbManager.getDb is not a function
          at VectorStore.initialize (D:\OpenSource\SnippetBox\frontend\src\main\services\VectorStore.ts:21:26)
          at VectorStore.addVector (D:\OpenSource\SnippetBox\frontend\src\main\services\VectorStore.ts:27:10)
          at SnippetManager.processVectorGenerationQueue (D:\OpenSource\SnippetBox\frontend\src\main\services\SnippetManager.ts:406:34)
          at SnippetManager.generateVectorForSnippet (D:\OpenSource\SnippetBox\frontend\src\main\services\SnippetManager.ts:388:10)
          at SnippetManager.createSnippet (D:\OpenSource\SnippetBox\frontend\src\main\services\SnippetManager.ts:72:12)
          at processTicksAndRejections (node:internal/process/task_queues:105:5)
          at D:\OpenSource\SnippetBox\frontend\tests\property\SnippetProperty.test.ts:144:31
          at AsyncProperty.run (D:\OpenSource\SnippetBox\frontend\node_modules\fast-check\lib\cjs\fast-check.js:1208:19)
          at asyncRunIt (D:\OpenSource\SnippetBox\frontend\node_modules\fast-check\lib\cjs\fast-check.js:2503:15)
          at Object.<anonymous> (D:\OpenSource\SnippetBox\frontend\tests\property\SnippetProperty.test.ts:106:7)

    [0m [90m 407 |[39m           console[33m.[39mlog([32m`Generated vector for snippet: ${snippetId}`[39m)[33m;[39m
     [90m 408 |[39m         } [36mcatch[39m (error) {
    [31m[1m>[22m[39m[90m 409 |[39m           console[33m.[39merror([32m`Failed to generate vector for snippet ${snippetId}:`[3
9m[33m,[39m error)[33m;[39m
     [90m     |[39m                   [31m[1m^[22m[39m
     [90m 410 |[39m         }
     [90m 411 |[39m       }
     [90m 412 |[39m     } [36mfinally[39m {[0m

      at SnippetManager.processVectorGenerationQueue (src/main/services/SnippetManager.ts:409:19)

    console.error
      Failed to generate vector for snippet snippet-c1fozia42: TypeError: dbManager.getDb is not a function
          at VectorStore.initialize (D:\OpenSource\SnippetBox\frontend\src\main\services\VectorStore.ts:21:26)
          at VectorStore.addVector (D:\OpenSource\SnippetBox\frontend\src\main\services\VectorStore.ts:27:10)
          at SnippetManager.processVectorGenerationQueue (D:\OpenSource\SnippetBox\frontend\src\main\services\SnippetManager.ts:406:34)
          at SnippetManager.generateVectorForSnippet (D:\OpenSource\SnippetBox\frontend\src\main\services\SnippetManager.ts:388:10)
          at SnippetManager.createSnippet (D:\OpenSource\SnippetBox\frontend\src\main\services\SnippetManager.ts:72:12)
          at processTicksAndRejections (node:internal/process/task_queues:105:5)
          at D:\OpenSource\SnippetBox\frontend\tests\property\SnippetProperty.test.ts:144:31
          at AsyncProperty.run (D:\OpenSource\SnippetBox\frontend\node_modules\fast-check\lib\cjs\fast-check.js:1208:19)
          at asyncRunIt (D:\OpenSource\SnippetBox\frontend\node_modules\fast-check\lib\cjs\fast-check.js:2503:15)
          at Object.<anonymous> (D:\OpenSource\SnippetBox\frontend\tests\property\SnippetProperty.test.ts:106:7)

    [0m [90m 407 |[39m           console[33m.[39mlog([32m`Generated vector for snippet: ${snippetId}`[39m)[33m;[39m
     [90m 408 |[39m         } [36mcatch[39m (error) {
    [31m[1m>[22m[39m[90m 409 |[39m           console[33m.[39merror([32m`Failed to generate vector for snippet ${snippetId}:`[3
9m[33m,[39m error)[33m;[39m
     [90m     |[39m                   [31m[1m^[22m[39m
     [90m 410 |[39m         }
     [90m 411 |[39m       }
     [90m 412 |[39m     } [36mfinally[39m {[0m

      at SnippetManager.processVectorGenerationQueue (src/main/services/SnippetManager.ts:409:19)

    console.error
      Failed to generate vector for snippet snippet-68ux05qtl: TypeError: dbManager.getDb is not a function
          at VectorStore.initialize (D:\OpenSource\SnippetBox\frontend\src\main\services\VectorStore.ts:21:26)
          at VectorStore.addVector (D:\OpenSource\SnippetBox\frontend\src\main\services\VectorStore.ts:27:10)
          at SnippetManager.processVectorGenerationQueue (D:\OpenSource\SnippetBox\frontend\src\main\services\SnippetManager.ts:406:34)
          at SnippetManager.generateVectorForSnippet (D:\OpenSource\SnippetBox\frontend\src\main\services\SnippetManager.ts:388:10)
          at SnippetManager.createSnippet (D:\OpenSource\SnippetBox\frontend\src\main\services\SnippetManager.ts:72:12)
          at processTicksAndRejections (node:internal/process/task_queues:105:5)
          at D:\OpenSource\SnippetBox\frontend\tests\property\SnippetProperty.test.ts:144:31
          at AsyncProperty.run (D:\OpenSource\SnippetBox\frontend\node_modules\fast-check\lib\cjs\fast-check.js:1208:19)
          at asyncRunIt (D:\OpenSource\SnippetBox\frontend\node_modules\fast-check\lib\cjs\fast-check.js:2503:15)
          at Object.<anonymous> (D:\OpenSource\SnippetBox\frontend\tests\property\SnippetProperty.test.ts:106:7)

    [0m [90m 407 |[39m           console[33m.[39mlog([32m`Generated vector for snippet: ${snippetId}`[39m)[33m;[39m
     [90m 408 |[39m         } [36mcatch[39m (error) {
    [31m[1m>[22m[39m[90m 409 |[39m           console[33m.[39merror([32m`Failed to generate vector for snippet ${snippetId}:`[3
9m[33m,[39m error)[33m;[39m
     [90m     |[39m                   [31m[1m^[22m[39m
     [90m 410 |[39m         }
     [90m 411 |[39m       }
     [90m 412 |[39m     } [36mfinally[39m {[0m

      at SnippetManager.processVectorGenerationQueue (src/main/services/SnippetManager.ts:409:19)

    console.error
      Failed to generate vector for snippet snippet-9eyvq5ol9: TypeError: dbManager.getDb is not a function
          at VectorStore.initialize (D:\OpenSource\SnippetBox\frontend\src\main\services\VectorStore.ts:21:26)
          at VectorStore.addVector (D:\OpenSource\SnippetBox\frontend\src\main\services\VectorStore.ts:27:10)
          at SnippetManager.processVectorGenerationQueue (D:\OpenSource\SnippetBox\frontend\src\main\services\SnippetManager.ts:406:34)
          at SnippetManager.generateVectorForSnippet (D:\OpenSource\SnippetBox\frontend\src\main\services\SnippetManager.ts:388:10)
          at SnippetManager.createSnippet (D:\OpenSource\SnippetBox\frontend\src\main\services\SnippetManager.ts:72:12)
          at processTicksAndRejections (node:internal/process/task_queues:105:5)
          at D:\OpenSource\SnippetBox\frontend\tests\property\SnippetProperty.test.ts:144:31
          at AsyncProperty.run (D:\OpenSource\SnippetBox\frontend\node_modules\fast-check\lib\cjs\fast-check.js:1208:19)
          at asyncRunIt (D:\OpenSource\SnippetBox\frontend\node_modules\fast-check\lib\cjs\fast-check.js:2503:15)
          at Object.<anonymous> (D:\OpenSource\SnippetBox\frontend\tests\property\SnippetProperty.test.ts:106:7)

    [0m [90m 407 |[39m           console[33m.[39mlog([32m`Generated vector for snippet: ${snippetId}`[39m)[33m;[39m
     [90m 408 |[39m         } [36mcatch[39m (error) {
    [31m[1m>[22m[39m[90m 409 |[39m           console[33m.[39merror([32m`Failed to generate vector for snippet ${snippetId}:`[3
9m[33m,[39m error)[33m;[39m
     [90m     |[39m                   [31m[1m^[22m[39m
     [90m 410 |[39m         }
     [90m 411 |[39m       }
     [90m 412 |[39m     } [36mfinally[39m {[0m

      at SnippetManager.processVectorGenerationQueue (src/main/services/SnippetManager.ts:409:19)

    console.error
      Failed to generate vector for snippet snippet-05we401d5: TypeError: dbManager.getDb is not a function
          at VectorStore.initialize (D:\OpenSource\SnippetBox\frontend\src\main\services\VectorStore.ts:21:26)
          at VectorStore.addVector (D:\OpenSource\SnippetBox\frontend\src\main\services\VectorStore.ts:27:10)
          at SnippetManager.processVectorGenerationQueue (D:\OpenSource\SnippetBox\frontend\src\main\services\SnippetManager.ts:406:34)
          at SnippetManager.generateVectorForSnippet (D:\OpenSource\SnippetBox\frontend\src\main\services\SnippetManager.ts:388:10)
          at SnippetManager.createSnippet (D:\OpenSource\SnippetBox\frontend\src\main\services\SnippetManager.ts:72:12)
          at processTicksAndRejections (node:internal/process/task_queues:105:5)
          at D:\OpenSource\SnippetBox\frontend\tests\property\SnippetProperty.test.ts:144:31
          at AsyncProperty.run (D:\OpenSource\SnippetBox\frontend\node_modules\fast-check\lib\cjs\fast-check.js:1208:19)
          at asyncRunIt (D:\OpenSource\SnippetBox\frontend\node_modules\fast-check\lib\cjs\fast-check.js:2503:15)
          at Object.<anonymous> (D:\OpenSource\SnippetBox\frontend\tests\property\SnippetProperty.test.ts:106:7)

    [0m [90m 407 |[39m           console[33m.[39mlog([32m`Generated vector for snippet: ${snippetId}`[39m)[33m;[39m
     [90m 408 |[39m         } [36mcatch[39m (error) {
    [31m[1m>[22m[39m[90m 409 |[39m           console[33m.[39merror([32m`Failed to generate vector for snippet ${snippetId}:`[3
9m[33m,[39m error)[33m;[39m
     [90m     |[39m                   [31m[1m^[22m[39m
     [90m 410 |[39m         }
     [90m 411 |[39m       }
     [90m 412 |[39m     } [36mfinally[39m {[0m

      at SnippetManager.processVectorGenerationQueue (src/main/services/SnippetManager.ts:409:19)

    console.error
      Failed to generate vector for snippet snippet-w0mkybkng: TypeError: dbManager.getDb is not a function
          at VectorStore.initialize (D:\OpenSource\SnippetBox\frontend\src\main\services\VectorStore.ts:21:26)
          at VectorStore.addVector (D:\OpenSource\SnippetBox\frontend\src\main\services\VectorStore.ts:27:10)
          at SnippetManager.processVectorGenerationQueue (D:\OpenSource\SnippetBox\frontend\src\main\services\SnippetManager.ts:406:34)
          at SnippetManager.generateVectorForSnippet (D:\OpenSource\SnippetBox\frontend\src\main\services\SnippetManager.ts:388:10)
          at SnippetManager.createSnippet (D:\OpenSource\SnippetBox\frontend\src\main\services\SnippetManager.ts:72:12)
          at processTicksAndRejections (node:internal/process/task_queues:105:5)
          at D:\OpenSource\SnippetBox\frontend\tests\property\SnippetProperty.test.ts:144:31
          at AsyncProperty.run (D:\OpenSource\SnippetBox\frontend\node_modules\fast-check\lib\cjs\fast-check.js:1208:19)
          at asyncRunIt (D:\OpenSource\SnippetBox\frontend\node_modules\fast-check\lib\cjs\fast-check.js:2503:15)
          at Object.<anonymous> (D:\OpenSource\SnippetBox\frontend\tests\property\SnippetProperty.test.ts:106:7)

    [0m [90m 407 |[39m           console[33m.[39mlog([32m`Generated vector for snippet: ${snippetId}`[39m)[33m;[39m
     [90m 408 |[39m         } [36mcatch[39m (error) {
    [31m[1m>[22m[39m[90m 409 |[39m           console[33m.[39merror([32m`Failed to generate vector for snippet ${snippetId}:`[3
9m[33m,[39m error)[33m;[39m
     [90m     |[39m                   [31m[1m^[22m[39m
     [90m 410 |[39m         }
     [90m 411 |[39m       }
     [90m 412 |[39m     } [36mfinally[39m {[0m

      at SnippetManager.processVectorGenerationQueue (src/main/services/SnippetManager.ts:409:19)

    console.error
      Failed to generate vector for snippet snippet-fx8b81d7x: TypeError: dbManager.getDb is not a function
          at VectorStore.initialize (D:\OpenSource\SnippetBox\frontend\src\main\services\VectorStore.ts:21:26)
          at VectorStore.addVector (D:\OpenSource\SnippetBox\frontend\src\main\services\VectorStore.ts:27:10)
          at SnippetManager.processVectorGenerationQueue (D:\OpenSource\SnippetBox\frontend\src\main\services\SnippetManager.ts:406:34)
          at SnippetManager.generateVectorForSnippet (D:\OpenSource\SnippetBox\frontend\src\main\services\SnippetManager.ts:388:10)
          at SnippetManager.createSnippet (D:\OpenSource\SnippetBox\frontend\src\main\services\SnippetManager.ts:72:12)
          at processTicksAndRejections (node:internal/process/task_queues:105:5)
          at D:\OpenSource\SnippetBox\frontend\tests\property\SnippetProperty.test.ts:144:31
          at AsyncProperty.run (D:\OpenSource\SnippetBox\frontend\node_modules\fast-check\lib\cjs\fast-check.js:1208:19)
          at asyncRunIt (D:\OpenSource\SnippetBox\frontend\node_modules\fast-check\lib\cjs\fast-check.js:2503:15)
          at Object.<anonymous> (D:\OpenSource\SnippetBox\frontend\tests\property\SnippetProperty.test.ts:106:7)

    [0m [90m 407 |[39m           console[33m.[39mlog([32m`Generated vector for snippet: ${snippetId}`[39m)[33m;[39m
     [90m 408 |[39m         } [36mcatch[39m (error) {
    [31m[1m>[22m[39m[90m 409 |[39m           console[33m.[39merror([32m`Failed to generate vector for snippet ${snippetId}:`[3
9m[33m,[39m error)[33m;[39m
     [90m     |[39m                   [31m[1m^[22m[39m
     [90m 410 |[39m         }
     [90m 411 |[39m       }
     [90m 412 |[39m     } [36mfinally[39m {[0m

      at SnippetManager.processVectorGenerationQueue (src/main/services/SnippetManager.ts:409:19)

    console.error
      Failed to generate vector for snippet snippet-o1ojfogi7: TypeError: dbManager.getDb is not a function
          at VectorStore.initialize (D:\OpenSource\SnippetBox\frontend\src\main\services\VectorStore.ts:21:26)
          at VectorStore.addVector (D:\OpenSource\SnippetBox\frontend\src\main\services\VectorStore.ts:27:10)
          at SnippetManager.processVectorGenerationQueue (D:\OpenSource\SnippetBox\frontend\src\main\services\SnippetManager.ts:406:34)
          at SnippetManager.generateVectorForSnippet (D:\OpenSource\SnippetBox\frontend\src\main\services\SnippetManager.ts:388:10)
          at SnippetManager.createSnippet (D:\OpenSource\SnippetBox\frontend\src\main\services\SnippetManager.ts:72:12)
          at processTicksAndRejections (node:internal/process/task_queues:105:5)
          at D:\OpenSource\SnippetBox\frontend\tests\property\SnippetProperty.test.ts:144:31
          at AsyncProperty.run (D:\OpenSource\SnippetBox\frontend\node_modules\fast-check\lib\cjs\fast-check.js:1208:19)
          at asyncRunIt (D:\OpenSource\SnippetBox\frontend\node_modules\fast-check\lib\cjs\fast-check.js:2503:15)
          at Object.<anonymous> (D:\OpenSource\SnippetBox\frontend\tests\property\SnippetProperty.test.ts:106:7)

    [0m [90m 407 |[39m           console[33m.[39mlog([32m`Generated vector for snippet: ${snippetId}`[39m)[33m;[39m
     [90m 408 |[39m         } [36mcatch[39m (error) {
    [31m[1m>[22m[39m[90m 409 |[39m           console[33m.[39merror([32m`Failed to generate vector for snippet ${snippetId}:`[3
9m[33m,[39m error)[33m;[39m
     [90m     |[39m                   [31m[1m^[22m[39m
     [90m 410 |[39m         }
     [90m 411 |[39m       }
     [90m 412 |[39m     } [36mfinally[39m {[0m

      at SnippetManager.processVectorGenerationQueue (src/main/services/SnippetManager.ts:409:19)

    console.error
      Failed to generate vector for snippet snippet-hk8mhr3nk: TypeError: dbManager.getDb is not a function
          at VectorStore.initialize (D:\OpenSource\SnippetBox\frontend\src\main\services\VectorStore.ts:21:26)
          at VectorStore.addVector (D:\OpenSource\SnippetBox\frontend\src\main\services\VectorStore.ts:27:10)
          at SnippetManager.processVectorGenerationQueue (D:\OpenSource\SnippetBox\frontend\src\main\services\SnippetManager.ts:406:34)
          at SnippetManager.generateVectorForSnippet (D:\OpenSource\SnippetBox\frontend\src\main\services\SnippetManager.ts:388:10)
          at SnippetManager.createSnippet (D:\OpenSource\SnippetBox\frontend\src\main\services\SnippetManager.ts:72:12)
          at processTicksAndRejections (node:internal/process/task_queues:105:5)
          at D:\OpenSource\SnippetBox\frontend\tests\property\SnippetProperty.test.ts:144:31
          at AsyncProperty.run (D:\OpenSource\SnippetBox\frontend\node_modules\fast-check\lib\cjs\fast-check.js:1208:19)
          at asyncRunIt (D:\OpenSource\SnippetBox\frontend\node_modules\fast-check\lib\cjs\fast-check.js:2503:15)
          at Object.<anonymous> (D:\OpenSource\SnippetBox\frontend\tests\property\SnippetProperty.test.ts:106:7)

    [0m [90m 407 |[39m           console[33m.[39mlog([32m`Generated vector for snippet: ${snippetId}`[39m)[33m;[39m
     [90m 408 |[39m         } [36mcatch[39m (error) {
    [31m[1m>[22m[39m[90m 409 |[39m           console[33m.[39merror([32m`Failed to generate vector for snippet ${snippetId}:`[3
9m[33m,[39m error)[33m;[39m
     [90m     |[39m                   [31m[1m^[22m[39m
     [90m 410 |[39m         }
     [90m 411 |[39m       }
     [90m 412 |[39m     } [36mfinally[39m {[0m

      at SnippetManager.processVectorGenerationQueue (src/main/services/SnippetManager.ts:409:19)

    console.error
      Failed to generate vector for snippet snippet-0mwugf9kh: TypeError: dbManager.getDb is not a function
          at VectorStore.initialize (D:\OpenSource\SnippetBox\frontend\src\main\services\VectorStore.ts:21:26)
          at VectorStore.addVector (D:\OpenSource\SnippetBox\frontend\src\main\services\VectorStore.ts:27:10)
          at SnippetManager.processVectorGenerationQueue (D:\OpenSource\SnippetBox\frontend\src\main\services\SnippetManager.ts:406:34)
          at SnippetManager.generateVectorForSnippet (D:\OpenSource\SnippetBox\frontend\src\main\services\SnippetManager.ts:388:10)
          at SnippetManager.createSnippet (D:\OpenSource\SnippetBox\frontend\src\main\services\SnippetManager.ts:72:12)
          at processTicksAndRejections (node:internal/process/task_queues:105:5)
          at D:\OpenSource\SnippetBox\frontend\tests\property\SnippetProperty.test.ts:144:31
          at AsyncProperty.run (D:\OpenSource\SnippetBox\frontend\node_modules\fast-check\lib\cjs\fast-check.js:1208:19)
          at asyncRunIt (D:\OpenSource\SnippetBox\frontend\node_modules\fast-check\lib\cjs\fast-check.js:2503:15)
          at Object.<anonymous> (D:\OpenSource\SnippetBox\frontend\tests\property\SnippetProperty.test.ts:106:7)

    [0m [90m 407 |[39m           console[33m.[39mlog([32m`Generated vector for snippet: ${snippetId}`[39m)[33m;[39m
     [90m 408 |[39m         } [36mcatch[39m (error) {
    [31m[1m>[22m[39m[90m 409 |[39m           console[33m.[39merror([32m`Failed to generate vector for snippet ${snippetId}:`[3
9m[33m,[39m error)[33m;[39m
     [90m     |[39m                   [31m[1m^[22m[39m
     [90m 410 |[39m         }
     [90m 411 |[39m       }
     [90m 412 |[39m     } [36mfinally[39m {[0m

      at SnippetManager.processVectorGenerationQueue (src/main/services/SnippetManager.ts:409:19)

    console.error
      Failed to generate vector for snippet snippet-6y513d2kr: TypeError: dbManager.getDb is not a function
          at VectorStore.initialize (D:\OpenSource\SnippetBox\frontend\src\main\services\VectorStore.ts:21:26)
          at VectorStore.addVector (D:\OpenSource\SnippetBox\frontend\src\main\services\VectorStore.ts:27:10)
          at SnippetManager.processVectorGenerationQueue (D:\OpenSource\SnippetBox\frontend\src\main\services\SnippetManager.ts:406:34)
          at SnippetManager.generateVectorForSnippet (D:\OpenSource\SnippetBox\frontend\src\main\services\SnippetManager.ts:388:10)
          at SnippetManager.createSnippet (D:\OpenSource\SnippetBox\frontend\src\main\services\SnippetManager.ts:72:12)
          at processTicksAndRejections (node:internal/process/task_queues:105:5)
          at D:\OpenSource\SnippetBox\frontend\tests\property\SnippetProperty.test.ts:144:31
          at AsyncProperty.run (D:\OpenSource\SnippetBox\frontend\node_modules\fast-check\lib\cjs\fast-check.js:1208:19)
          at asyncRunIt (D:\OpenSource\SnippetBox\frontend\node_modules\fast-check\lib\cjs\fast-check.js:2503:15)
          at Object.<anonymous> (D:\OpenSource\SnippetBox\frontend\tests\property\SnippetProperty.test.ts:106:7)

    [0m [90m 407 |[39m           console[33m.[39mlog([32m`Generated vector for snippet: ${snippetId}`[39m)[33m;[39m
     [90m 408 |[39m         } [36mcatch[39m (error) {
    [31m[1m>[22m[39m[90m 409 |[39m           console[33m.[39merror([32m`Failed to generate vector for snippet ${snippetId}:`[3
9m[33m,[39m error)[33m;[39m
     [90m     |[39m                   [31m[1m^[22m[39m
     [90m 410 |[39m         }
     [90m 411 |[39m       }
     [90m 412 |[39m     } [36mfinally[39m {[0m

      at SnippetManager.processVectorGenerationQueue (src/main/services/SnippetManager.ts:409:19)

    console.error
      Failed to generate vector for snippet snippet-25hubn2dh: TypeError: dbManager.getDb is not a function
          at VectorStore.initialize (D:\OpenSource\SnippetBox\frontend\src\main\services\VectorStore.ts:21:26)
          at VectorStore.addVector (D:\OpenSource\SnippetBox\frontend\src\main\services\VectorStore.ts:27:10)
          at SnippetManager.processVectorGenerationQueue (D:\OpenSource\SnippetBox\frontend\src\main\services\SnippetManager.ts:406:34)
          at SnippetManager.generateVectorForSnippet (D:\OpenSource\SnippetBox\frontend\src\main\services\SnippetManager.ts:388:10)
          at SnippetManager.createSnippet (D:\OpenSource\SnippetBox\frontend\src\main\services\SnippetManager.ts:72:12)
          at processTicksAndRejections (node:internal/process/task_queues:105:5)
          at D:\OpenSource\SnippetBox\frontend\tests\property\SnippetProperty.test.ts:144:31
          at AsyncProperty.run (D:\OpenSource\SnippetBox\frontend\node_modules\fast-check\lib\cjs\fast-check.js:1208:19)
          at asyncRunIt (D:\OpenSource\SnippetBox\frontend\node_modules\fast-check\lib\cjs\fast-check.js:2503:15)
          at Object.<anonymous> (D:\OpenSource\SnippetBox\frontend\tests\property\SnippetProperty.test.ts:106:7)

    [0m [90m 407 |[39m           console[33m.[39mlog([32m`Generated vector for snippet: ${snippetId}`[39m)[33m;[39m
     [90m 408 |[39m         } [36mcatch[39m (error) {
    [31m[1m>[22m[39m[90m 409 |[39m           console[33m.[39merror([32m`Failed to generate vector for snippet ${snippetId}:`[3
9m[33m,[39m error)[33m;[39m
     [90m     |[39m                   [31m[1m^[22m[39m
     [90m 410 |[39m         }
     [90m 411 |[39m       }
     [90m 412 |[39m     } [36mfinally[39m {[0m

      at SnippetManager.processVectorGenerationQueue (src/main/services/SnippetManager.ts:409:19)

    console.error
      Failed to generate vector for snippet snippet-gt0itohen: TypeError: dbManager.getDb is not a function
          at VectorStore.initialize (D:\OpenSource\SnippetBox\frontend\src\main\services\VectorStore.ts:21:26)
          at VectorStore.addVector (D:\OpenSource\SnippetBox\frontend\src\main\services\VectorStore.ts:27:10)
          at SnippetManager.processVectorGenerationQueue (D:\OpenSource\SnippetBox\frontend\src\main\services\SnippetManager.ts:406:34)
          at SnippetManager.generateVectorForSnippet (D:\OpenSource\SnippetBox\frontend\src\main\services\SnippetManager.ts:388:10)
          at SnippetManager.createSnippet (D:\OpenSource\SnippetBox\frontend\src\main\services\SnippetManager.ts:72:12)
          at processTicksAndRejections (node:internal/process/task_queues:105:5)
          at D:\OpenSource\SnippetBox\frontend\tests\property\SnippetProperty.test.ts:144:31
          at AsyncProperty.run (D:\OpenSource\SnippetBox\frontend\node_modules\fast-check\lib\cjs\fast-check.js:1208:19)
          at asyncRunIt (D:\OpenSource\SnippetBox\frontend\node_modules\fast-check\lib\cjs\fast-check.js:2503:15)
          at Object.<anonymous> (D:\OpenSource\SnippetBox\frontend\tests\property\SnippetProperty.test.ts:106:7)

    [0m [90m 407 |[39m           console[33m.[39mlog([32m`Generated vector for snippet: ${snippetId}`[39m)[33m;[39m
     [90m 408 |[39m         } [36mcatch[39m (error) {
    [31m[1m>[22m[39m[90m 409 |[39m           console[33m.[39merror([32m`Failed to generate vector for snippet ${snippetId}:`[3
9m[33m,[39m error)[33m;[39m
     [90m     |[39m                   [31m[1m^[22m[39m
     [90m 410 |[39m         }
     [90m 411 |[39m       }
     [90m 412 |[39m     } [36mfinally[39m {[0m

      at SnippetManager.processVectorGenerationQueue (src/main/services/SnippetManager.ts:409:19)

    console.error
      Failed to generate vector for snippet snippet-wezgxt86d: TypeError: dbManager.getDb is not a function
          at VectorStore.initialize (D:\OpenSource\SnippetBox\frontend\src\main\services\VectorStore.ts:21:26)
          at VectorStore.addVector (D:\OpenSource\SnippetBox\frontend\src\main\services\VectorStore.ts:27:10)
          at SnippetManager.processVectorGenerationQueue (D:\OpenSource\SnippetBox\frontend\src\main\services\SnippetManager.ts:406:34)
          at SnippetManager.generateVectorForSnippet (D:\OpenSource\SnippetBox\frontend\src\main\services\SnippetManager.ts:388:10)
          at SnippetManager.createSnippet (D:\OpenSource\SnippetBox\frontend\src\main\services\SnippetManager.ts:72:12)
          at processTicksAndRejections (node:internal/process/task_queues:105:5)
          at D:\OpenSource\SnippetBox\frontend\tests\property\SnippetProperty.test.ts:144:31
          at AsyncProperty.run (D:\OpenSource\SnippetBox\frontend\node_modules\fast-check\lib\cjs\fast-check.js:1208:19)
          at asyncRunIt (D:\OpenSource\SnippetBox\frontend\node_modules\fast-check\lib\cjs\fast-check.js:2503:15)
          at Object.<anonymous> (D:\OpenSource\SnippetBox\frontend\tests\property\SnippetProperty.test.ts:106:7)

    [0m [90m 407 |[39m           console[33m.[39mlog([32m`Generated vector for snippet: ${snippetId}`[39m)[33m;[39m
     [90m 408 |[39m         } [36mcatch[39m (error) {
    [31m[1m>[22m[39m[90m 409 |[39m           console[33m.[39merror([32m`Failed to generate vector for snippet ${snippetId}:`[3
9m[33m,[39m error)[33m;[39m
     [90m     |[39m                   [31m[1m^[22m[39m
     [90m 410 |[39m         }
     [90m 411 |[39m       }
     [90m 412 |[39m     } [36mfinally[39m {[0m

      at SnippetManager.processVectorGenerationQueue (src/main/services/SnippetManager.ts:409:19)

    console.error
      Failed to generate vector for snippet snippet-cwvvw82wy: TypeError: dbManager.getDb is not a function
          at VectorStore.initialize (D:\OpenSource\SnippetBox\frontend\src\main\services\VectorStore.ts:21:26)
          at VectorStore.addVector (D:\OpenSource\SnippetBox\frontend\src\main\services\VectorStore.ts:27:10)
          at SnippetManager.processVectorGenerationQueue (D:\OpenSource\SnippetBox\frontend\src\main\services\SnippetManager.ts:406:34)
          at SnippetManager.generateVectorForSnippet (D:\OpenSource\SnippetBox\frontend\src\main\services\SnippetManager.ts:388:10)
          at SnippetManager.createSnippet (D:\OpenSource\SnippetBox\frontend\src\main\services\SnippetManager.ts:72:12)
          at processTicksAndRejections (node:internal/process/task_queues:105:5)
          at D:\OpenSource\SnippetBox\frontend\tests\property\SnippetProperty.test.ts:144:31
          at AsyncProperty.run (D:\OpenSource\SnippetBox\frontend\node_modules\fast-check\lib\cjs\fast-check.js:1208:19)
          at asyncRunIt (D:\OpenSource\SnippetBox\frontend\node_modules\fast-check\lib\cjs\fast-check.js:2503:15)
          at Object.<anonymous> (D:\OpenSource\SnippetBox\frontend\tests\property\SnippetProperty.test.ts:106:7)

    [0m [90m 407 |[39m           console[33m.[39mlog([32m`Generated vector for snippet: ${snippetId}`[39m)[33m;[39m
     [90m 408 |[39m         } [36mcatch[39m (error) {
    [31m[1m>[22m[39m[90m 409 |[39m           console[33m.[39merror([32m`Failed to generate vector for snippet ${snippetId}:`[3
9m[33m,[39m error)[33m;[39m
     [90m     |[39m                   [31m[1m^[22m[39m
     [90m 410 |[39m         }
     [90m 411 |[39m       }
     [90m 412 |[39m     } [36mfinally[39m {[0m

      at SnippetManager.processVectorGenerationQueue (src/main/services/SnippetManager.ts:409:19)

    console.error
      Failed to generate vector for snippet snippet-3lzn508q7: TypeError: dbManager.getDb is not a function
          at VectorStore.initialize (D:\OpenSource\SnippetBox\frontend\src\main\services\VectorStore.ts:21:26)
          at VectorStore.addVector (D:\OpenSource\SnippetBox\frontend\src\main\services\VectorStore.ts:27:10)
          at SnippetManager.processVectorGenerationQueue (D:\OpenSource\SnippetBox\frontend\src\main\services\SnippetManager.ts:406:34)
          at SnippetManager.generateVectorForSnippet (D:\OpenSource\SnippetBox\frontend\src\main\services\SnippetManager.ts:388:10)
          at SnippetManager.createSnippet (D:\OpenSource\SnippetBox\frontend\src\main\services\SnippetManager.ts:72:12)
          at processTicksAndRejections (node:internal/process/task_queues:105:5)
          at D:\OpenSource\SnippetBox\frontend\tests\property\SnippetProperty.test.ts:144:31
          at AsyncProperty.run (D:\OpenSource\SnippetBox\frontend\node_modules\fast-check\lib\cjs\fast-check.js:1208:19)
          at asyncRunIt (D:\OpenSource\SnippetBox\frontend\node_modules\fast-check\lib\cjs\fast-check.js:2503:15)
          at Object.<anonymous> (D:\OpenSource\SnippetBox\frontend\tests\property\SnippetProperty.test.ts:106:7)

    [0m [90m 407 |[39m           console[33m.[39mlog([32m`Generated vector for snippet: ${snippetId}`[39m)[33m;[39m
     [90m 408 |[39m         } [36mcatch[39m (error) {
    [31m[1m>[22m[39m[90m 409 |[39m           console[33m.[39merror([32m`Failed to generate vector for snippet ${snippetId}:`[3
9m[33m,[39m error)[33m;[39m
     [90m     |[39m                   [31m[1m^[22m[39m
     [90m 410 |[39m         }
     [90m 411 |[39m       }
     [90m 412 |[39m     } [36mfinally[39m {[0m

      at SnippetManager.processVectorGenerationQueue (src/main/services/SnippetManager.ts:409:19)

    console.error
      Failed to generate vector for snippet snippet-qzspav4ht: TypeError: dbManager.getDb is not a function
          at VectorStore.initialize (D:\OpenSource\SnippetBox\frontend\src\main\services\VectorStore.ts:21:26)
          at VectorStore.addVector (D:\OpenSource\SnippetBox\frontend\src\main\services\VectorStore.ts:27:10)
          at SnippetManager.processVectorGenerationQueue (D:\OpenSource\SnippetBox\frontend\src\main\services\SnippetManager.ts:406:34)
          at SnippetManager.generateVectorForSnippet (D:\OpenSource\SnippetBox\frontend\src\main\services\SnippetManager.ts:388:10)
          at SnippetManager.createSnippet (D:\OpenSource\SnippetBox\frontend\src\main\services\SnippetManager.ts:72:12)
          at processTicksAndRejections (node:internal/process/task_queues:105:5)
          at D:\OpenSource\SnippetBox\frontend\tests\property\SnippetProperty.test.ts:144:31
          at AsyncProperty.run (D:\OpenSource\SnippetBox\frontend\node_modules\fast-check\lib\cjs\fast-check.js:1208:19)
          at asyncRunIt (D:\OpenSource\SnippetBox\frontend\node_modules\fast-check\lib\cjs\fast-check.js:2503:15)
          at Object.<anonymous> (D:\OpenSource\SnippetBox\frontend\tests\property\SnippetProperty.test.ts:106:7)

    [0m [90m 407 |[39m           console[33m.[39mlog([32m`Generated vector for snippet: ${snippetId}`[39m)[33m;[39m
     [90m 408 |[39m         } [36mcatch[39m (error) {
    [31m[1m>[22m[39m[90m 409 |[39m           console[33m.[39merror([32m`Failed to generate vector for snippet ${snippetId}:`[3
9m[33m,[39m error)[33m;[39m
     [90m     |[39m                   [31m[1m^[22m[39m
     [90m 410 |[39m         }
     [90m 411 |[39m       }
     [90m 412 |[39m     } [36mfinally[39m {[0m

      at SnippetManager.processVectorGenerationQueue (src/main/services/SnippetManager.ts:409:19)

    console.error
      Failed to generate vector for snippet snippet-17yu7egoj: TypeError: dbManager.getDb is not a function
          at VectorStore.initialize (D:\OpenSource\SnippetBox\frontend\src\main\services\VectorStore.ts:21:26)
          at VectorStore.addVector (D:\OpenSource\SnippetBox\frontend\src\main\services\VectorStore.ts:27:10)
          at SnippetManager.processVectorGenerationQueue (D:\OpenSource\SnippetBox\frontend\src\main\services\SnippetManager.ts:406:34)
          at SnippetManager.generateVectorForSnippet (D:\OpenSource\SnippetBox\frontend\src\main\services\SnippetManager.ts:388:10)
          at SnippetManager.createSnippet (D:\OpenSource\SnippetBox\frontend\src\main\services\SnippetManager.ts:72:12)
          at processTicksAndRejections (node:internal/process/task_queues:105:5)
          at D:\OpenSource\SnippetBox\frontend\tests\property\SnippetProperty.test.ts:144:31
          at AsyncProperty.run (D:\OpenSource\SnippetBox\frontend\node_modules\fast-check\lib\cjs\fast-check.js:1208:19)
          at asyncRunIt (D:\OpenSource\SnippetBox\frontend\node_modules\fast-check\lib\cjs\fast-check.js:2503:15)
          at Object.<anonymous> (D:\OpenSource\SnippetBox\frontend\tests\property\SnippetProperty.test.ts:106:7)

    [0m [90m 407 |[39m           console[33m.[39mlog([32m`Generated vector for snippet: ${snippetId}`[39m)[33m;[39m
     [90m 408 |[39m         } [36mcatch[39m (error) {
    [31m[1m>[22m[39m[90m 409 |[39m           console[33m.[39merror([32m`Failed to generate vector for snippet ${snippetId}:`[3
9m[33m,[39m error)[33m;[39m
     [90m     |[39m                   [31m[1m^[22m[39m
     [90m 410 |[39m         }
     [90m 411 |[39m       }
     [90m 412 |[39m     } [36mfinally[39m {[0m

      at SnippetManager.processVectorGenerationQueue (src/main/services/SnippetManager.ts:409:19)

    console.error
      Failed to generate vector for snippet snippet-t20uap6he: TypeError: dbManager.getDb is not a function
          at VectorStore.initialize (D:\OpenSource\SnippetBox\frontend\src\main\services\VectorStore.ts:21:26)
          at VectorStore.addVector (D:\OpenSource\SnippetBox\frontend\src\main\services\VectorStore.ts:27:10)
          at SnippetManager.processVectorGenerationQueue (D:\OpenSource\SnippetBox\frontend\src\main\services\SnippetManager.ts:406:34)
          at SnippetManager.generateVectorForSnippet (D:\OpenSource\SnippetBox\frontend\src\main\services\SnippetManager.ts:388:10)
          at SnippetManager.createSnippet (D:\OpenSource\SnippetBox\frontend\src\main\services\SnippetManager.ts:72:12)
          at processTicksAndRejections (node:internal/process/task_queues:105:5)
          at D:\OpenSource\SnippetBox\frontend\tests\property\SnippetProperty.test.ts:144:31
          at AsyncProperty.run (D:\OpenSource\SnippetBox\frontend\node_modules\fast-check\lib\cjs\fast-check.js:1208:19)
          at asyncRunIt (D:\OpenSource\SnippetBox\frontend\node_modules\fast-check\lib\cjs\fast-check.js:2503:15)
          at Object.<anonymous> (D:\OpenSource\SnippetBox\frontend\tests\property\SnippetProperty.test.ts:106:7)

    [0m [90m 407 |[39m           console[33m.[39mlog([32m`Generated vector for snippet: ${snippetId}`[39m)[33m;[39m
     [90m 408 |[39m         } [36mcatch[39m (error) {
    [31m[1m>[22m[39m[90m 409 |[39m           console[33m.[39merror([32m`Failed to generate vector for snippet ${snippetId}:`[3
9m[33m,[39m error)[33m;[39m
     [90m     |[39m                   [31m[1m^[22m[39m
     [90m 410 |[39m         }
     [90m 411 |[39m       }
     [90m 412 |[39m     } [36mfinally[39m {[0m

      at SnippetManager.processVectorGenerationQueue (src/main/services/SnippetManager.ts:409:19)

    console.error
      Failed to generate vector for snippet snippet-yvwimyvgh: TypeError: dbManager.getDb is not a function
          at VectorStore.initialize (D:\OpenSource\SnippetBox\frontend\src\main\services\VectorStore.ts:21:26)
          at VectorStore.addVector (D:\OpenSource\SnippetBox\frontend\src\main\services\VectorStore.ts:27:10)
          at SnippetManager.processVectorGenerationQueue (D:\OpenSource\SnippetBox\frontend\src\main\services\SnippetManager.ts:406:34)
          at SnippetManager.generateVectorForSnippet (D:\OpenSource\SnippetBox\frontend\src\main\services\SnippetManager.ts:388:10)
          at SnippetManager.createSnippet (D:\OpenSource\SnippetBox\frontend\src\main\services\SnippetManager.ts:72:12)
          at processTicksAndRejections (node:internal/process/task_queues:105:5)
          at D:\OpenSource\SnippetBox\frontend\tests\property\SnippetProperty.test.ts:144:31
          at AsyncProperty.run (D:\OpenSource\SnippetBox\frontend\node_modules\fast-check\lib\cjs\fast-check.js:1208:19)
          at asyncRunIt (D:\OpenSource\SnippetBox\frontend\node_modules\fast-check\lib\cjs\fast-check.js:2503:15)
          at Object.<anonymous> (D:\OpenSource\SnippetBox\frontend\tests\property\SnippetProperty.test.ts:106:7)

    [0m [90m 407 |[39m           console[33m.[39mlog([32m`Generated vector for snippet: ${snippetId}`[39m)[33m;[39m
     [90m 408 |[39m         } [36mcatch[39m (error) {
    [31m[1m>[22m[39m[90m 409 |[39m           console[33m.[39merror([32m`Failed to generate vector for snippet ${snippetId}:`[3
9m[33m,[39m error)[33m;[39m
     [90m     |[39m                   [31m[1m^[22m[39m
     [90m 410 |[39m         }
     [90m 411 |[39m       }
     [90m 412 |[39m     } [36mfinally[39m {[0m

      at SnippetManager.processVectorGenerationQueue (src/main/services/SnippetManager.ts:409:19)

    console.error
      Failed to generate vector for snippet snippet-iynvltfvo: TypeError: dbManager.getDb is not a function
          at VectorStore.initialize (D:\OpenSource\SnippetBox\frontend\src\main\services\VectorStore.ts:21:26)
          at VectorStore.addVector (D:\OpenSource\SnippetBox\frontend\src\main\services\VectorStore.ts:27:10)
          at SnippetManager.processVectorGenerationQueue (D:\OpenSource\SnippetBox\frontend\src\main\services\SnippetManager.ts:406:34)
          at SnippetManager.generateVectorForSnippet (D:\OpenSource\SnippetBox\frontend\src\main\services\SnippetManager.ts:388:10)
          at SnippetManager.createSnippet (D:\OpenSource\SnippetBox\frontend\src\main\services\SnippetManager.ts:72:12)
          at processTicksAndRejections (node:internal/process/task_queues:105:5)
          at D:\OpenSource\SnippetBox\frontend\tests\property\SnippetProperty.test.ts:144:31
          at AsyncProperty.run (D:\OpenSource\SnippetBox\frontend\node_modules\fast-check\lib\cjs\fast-check.js:1208:19)
          at asyncRunIt (D:\OpenSource\SnippetBox\frontend\node_modules\fast-check\lib\cjs\fast-check.js:2503:15)
          at Object.<anonymous> (D:\OpenSource\SnippetBox\frontend\tests\property\SnippetProperty.test.ts:106:7)

    [0m [90m 407 |[39m           console[33m.[39mlog([32m`Generated vector for snippet: ${snippetId}`[39m)[33m;[39m
     [90m 408 |[39m         } [36mcatch[39m (error) {
    [31m[1m>[22m[39m[90m 409 |[39m           console[33m.[39merror([32m`Failed to generate vector for snippet ${snippetId}:`[3
9m[33m,[39m error)[33m;[39m
     [90m     |[39m                   [31m[1m^[22m[39m
     [90m 410 |[39m         }
     [90m 411 |[39m       }
     [90m 412 |[39m     } [36mfinally[39m {[0m

      at SnippetManager.processVectorGenerationQueue (src/main/services/SnippetManager.ts:409:19)

    console.error
      Failed to generate vector for snippet snippet-kdti140xc: TypeError: dbManager.getDb is not a function
          at VectorStore.initialize (D:\OpenSource\SnippetBox\frontend\src\main\services\VectorStore.ts:21:26)
          at VectorStore.addVector (D:\OpenSource\SnippetBox\frontend\src\main\services\VectorStore.ts:27:10)
          at SnippetManager.processVectorGenerationQueue (D:\OpenSource\SnippetBox\frontend\src\main\services\SnippetManager.ts:406:34)
          at SnippetManager.generateVectorForSnippet (D:\OpenSource\SnippetBox\frontend\src\main\services\SnippetManager.ts:388:10)
          at SnippetManager.createSnippet (D:\OpenSource\SnippetBox\frontend\src\main\services\SnippetManager.ts:72:12)
          at processTicksAndRejections (node:internal/process/task_queues:105:5)
          at D:\OpenSource\SnippetBox\frontend\tests\property\SnippetProperty.test.ts:144:31
          at AsyncProperty.run (D:\OpenSource\SnippetBox\frontend\node_modules\fast-check\lib\cjs\fast-check.js:1208:19)
          at asyncRunIt (D:\OpenSource\SnippetBox\frontend\node_modules\fast-check\lib\cjs\fast-check.js:2503:15)
          at Object.<anonymous> (D:\OpenSource\SnippetBox\frontend\tests\property\SnippetProperty.test.ts:106:7)

    [0m [90m 407 |[39m           console[33m.[39mlog([32m`Generated vector for snippet: ${snippetId}`[39m)[33m;[39m
     [90m 408 |[39m         } [36mcatch[39m (error) {
    [31m[1m>[22m[39m[90m 409 |[39m           console[33m.[39merror([32m`Failed to generate vector for snippet ${snippetId}:`[3
9m[33m,[39m error)[33m;[39m
     [90m     |[39m                   [31m[1m^[22m[39m
     [90m 410 |[39m         }
     [90m 411 |[39m       }
     [90m 412 |[39m     } [36mfinally[39m {[0m

      at SnippetManager.processVectorGenerationQueue (src/main/services/SnippetManager.ts:409:19)

    console.error
      Failed to generate vector for snippet snippet-oio664av6: TypeError: dbManager.getDb is not a function
          at VectorStore.initialize (D:\OpenSource\SnippetBox\frontend\src\main\services\VectorStore.ts:21:26)
          at VectorStore.addVector (D:\OpenSource\SnippetBox\frontend\src\main\services\VectorStore.ts:27:10)
          at SnippetManager.processVectorGenerationQueue (D:\OpenSource\SnippetBox\frontend\src\main\services\SnippetManager.ts:406:34)
          at SnippetManager.generateVectorForSnippet (D:\OpenSource\SnippetBox\frontend\src\main\services\SnippetManager.ts:388:10)
          at SnippetManager.createSnippet (D:\OpenSource\SnippetBox\frontend\src\main\services\SnippetManager.ts:72:12)
          at processTicksAndRejections (node:internal/process/task_queues:105:5)
          at D:\OpenSource\SnippetBox\frontend\tests\property\SnippetProperty.test.ts:144:31
          at AsyncProperty.run (D:\OpenSource\SnippetBox\frontend\node_modules\fast-check\lib\cjs\fast-check.js:1208:19)
          at asyncRunIt (D:\OpenSource\SnippetBox\frontend\node_modules\fast-check\lib\cjs\fast-check.js:2503:15)
          at Object.<anonymous> (D:\OpenSource\SnippetBox\frontend\tests\property\SnippetProperty.test.ts:106:7)

    [0m [90m 407 |[39m           console[33m.[39mlog([32m`Generated vector for snippet: ${snippetId}`[39m)[33m;[39m
     [90m 408 |[39m         } [36mcatch[39m (error) {
    [31m[1m>[22m[39m[90m 409 |[39m           console[33m.[39merror([32m`Failed to generate vector for snippet ${snippetId}:`[3
9m[33m,[39m error)[33m;[39m
     [90m     |[39m                   [31m[1m^[22m[39m
     [90m 410 |[39m         }
     [90m 411 |[39m       }
     [90m 412 |[39m     } [36mfinally[39m {[0m

      at SnippetManager.processVectorGenerationQueue (src/main/services/SnippetManager.ts:409:19)

    console.error
      Failed to generate vector for snippet snippet-f5g8yuth4: TypeError: dbManager.getDb is not a function
          at VectorStore.initialize (D:\OpenSource\SnippetBox\frontend\src\main\services\VectorStore.ts:21:26)
          at VectorStore.addVector (D:\OpenSource\SnippetBox\frontend\src\main\services\VectorStore.ts:27:10)
          at SnippetManager.processVectorGenerationQueue (D:\OpenSource\SnippetBox\frontend\src\main\services\SnippetManager.ts:406:34)
          at SnippetManager.generateVectorForSnippet (D:\OpenSource\SnippetBox\frontend\src\main\services\SnippetManager.ts:388:10)
          at SnippetManager.createSnippet (D:\OpenSource\SnippetBox\frontend\src\main\services\SnippetManager.ts:72:12)
          at processTicksAndRejections (node:internal/process/task_queues:105:5)
          at D:\OpenSource\SnippetBox\frontend\tests\property\SnippetProperty.test.ts:144:31
          at AsyncProperty.run (D:\OpenSource\SnippetBox\frontend\node_modules\fast-check\lib\cjs\fast-check.js:1208:19)
          at asyncRunIt (D:\OpenSource\SnippetBox\frontend\node_modules\fast-check\lib\cjs\fast-check.js:2503:15)
          at Object.<anonymous> (D:\OpenSource\SnippetBox\frontend\tests\property\SnippetProperty.test.ts:106:7)

    [0m [90m 407 |[39m           console[33m.[39mlog([32m`Generated vector for snippet: ${snippetId}`[39m)[33m;[39m
     [90m 408 |[39m         } [36mcatch[39m (error) {
    [31m[1m>[22m[39m[90m 409 |[39m           console[33m.[39merror([32m`Failed to generate vector for snippet ${snippetId}:`[3
9m[33m,[39m error)[33m;[39m
     [90m     |[39m                   [31m[1m^[22m[39m
     [90m 410 |[39m         }
     [90m 411 |[39m       }
     [90m 412 |[39m     } [36mfinally[39m {[0m

      at SnippetManager.processVectorGenerationQueue (src/main/services/SnippetManager.ts:409:19)

    console.error
      Failed to generate vector for snippet snippet-m9524dm6y: TypeError: dbManager.getDb is not a function
          at VectorStore.initialize (D:\OpenSource\SnippetBox\frontend\src\main\services\VectorStore.ts:21:26)
          at VectorStore.addVector (D:\OpenSource\SnippetBox\frontend\src\main\services\VectorStore.ts:27:10)
          at SnippetManager.processVectorGenerationQueue (D:\OpenSource\SnippetBox\frontend\src\main\services\SnippetManager.ts:406:34)
          at SnippetManager.generateVectorForSnippet (D:\OpenSource\SnippetBox\frontend\src\main\services\SnippetManager.ts:388:10)
          at SnippetManager.createSnippet (D:\OpenSource\SnippetBox\frontend\src\main\services\SnippetManager.ts:72:12)
          at processTicksAndRejections (node:internal/process/task_queues:105:5)
          at D:\OpenSource\SnippetBox\frontend\tests\property\SnippetProperty.test.ts:144:31
          at AsyncProperty.run (D:\OpenSource\SnippetBox\frontend\node_modules\fast-check\lib\cjs\fast-check.js:1208:19)
          at asyncRunIt (D:\OpenSource\SnippetBox\frontend\node_modules\fast-check\lib\cjs\fast-check.js:2503:15)
          at Object.<anonymous> (D:\OpenSource\SnippetBox\frontend\tests\property\SnippetProperty.test.ts:106:7)

    [0m [90m 407 |[39m           console[33m.[39mlog([32m`Generated vector for snippet: ${snippetId}`[39m)[33m;[39m
     [90m 408 |[39m         } [36mcatch[39m (error) {
    [31m[1m>[22m[39m[90m 409 |[39m           console[33m.[39merror([32m`Failed to generate vector for snippet ${snippetId}:`[3
9m[33m,[39m error)[33m;[39m
     [90m     |[39m                   [31m[1m^[22m[39m
     [90m 410 |[39m         }
     [90m 411 |[39m       }
     [90m 412 |[39m     } [36mfinally[39m {[0m

      at SnippetManager.processVectorGenerationQueue (src/main/services/SnippetManager.ts:409:19)

    console.error
      Failed to generate vector for snippet snippet-9bj5lm2ze: TypeError: dbManager.getDb is not a function
          at VectorStore.initialize (D:\OpenSource\SnippetBox\frontend\src\main\services\VectorStore.ts:21:26)
          at VectorStore.addVector (D:\OpenSource\SnippetBox\frontend\src\main\services\VectorStore.ts:27:10)
          at SnippetManager.processVectorGenerationQueue (D:\OpenSource\SnippetBox\frontend\src\main\services\SnippetManager.ts:406:34)
          at SnippetManager.generateVectorForSnippet (D:\OpenSource\SnippetBox\frontend\src\main\services\SnippetManager.ts:388:10)
          at SnippetManager.createSnippet (D:\OpenSource\SnippetBox\frontend\src\main\services\SnippetManager.ts:72:12)
          at processTicksAndRejections (node:internal/process/task_queues:105:5)
          at D:\OpenSource\SnippetBox\frontend\tests\property\SnippetProperty.test.ts:144:31
          at AsyncProperty.run (D:\OpenSource\SnippetBox\frontend\node_modules\fast-check\lib\cjs\fast-check.js:1208:19)
          at asyncRunIt (D:\OpenSource\SnippetBox\frontend\node_modules\fast-check\lib\cjs\fast-check.js:2503:15)
          at Object.<anonymous> (D:\OpenSource\SnippetBox\frontend\tests\property\SnippetProperty.test.ts:106:7)

    [0m [90m 407 |[39m           console[33m.[39mlog([32m`Generated vector for snippet: ${snippetId}`[39m)[33m;[39m
     [90m 408 |[39m         } [36mcatch[39m (error) {
    [31m[1m>[22m[39m[90m 409 |[39m           console[33m.[39merror([32m`Failed to generate vector for snippet ${snippetId}:`[3
9m[33m,[39m error)[33m;[39m
     [90m     |[39m                   [31m[1m^[22m[39m
     [90m 410 |[39m         }
     [90m 411 |[39m       }
     [90m 412 |[39m     } [36mfinally[39m {[0m

      at SnippetManager.processVectorGenerationQueue (src/main/services/SnippetManager.ts:409:19)

    console.error
      Failed to generate vector for snippet snippet-rx7urz1or: TypeError: dbManager.getDb is not a function
          at VectorStore.initialize (D:\OpenSource\SnippetBox\frontend\src\main\services\VectorStore.ts:21:26)
          at VectorStore.addVector (D:\OpenSource\SnippetBox\frontend\src\main\services\VectorStore.ts:27:10)
          at SnippetManager.processVectorGenerationQueue (D:\OpenSource\SnippetBox\frontend\src\main\services\SnippetManager.ts:406:34)
          at SnippetManager.generateVectorForSnippet (D:\OpenSource\SnippetBox\frontend\src\main\services\SnippetManager.ts:388:10)
          at SnippetManager.createSnippet (D:\OpenSource\SnippetBox\frontend\src\main\services\SnippetManager.ts:72:12)
          at processTicksAndRejections (node:internal/process/task_queues:105:5)
          at D:\OpenSource\SnippetBox\frontend\tests\property\SnippetProperty.test.ts:144:31
          at AsyncProperty.run (D:\OpenSource\SnippetBox\frontend\node_modules\fast-check\lib\cjs\fast-check.js:1208:19)
          at asyncRunIt (D:\OpenSource\SnippetBox\frontend\node_modules\fast-check\lib\cjs\fast-check.js:2503:15)
          at Object.<anonymous> (D:\OpenSource\SnippetBox\frontend\tests\property\SnippetProperty.test.ts:106:7)

    [0m [90m 407 |[39m           console[33m.[39mlog([32m`Generated vector for snippet: ${snippetId}`[39m)[33m;[39m
     [90m 408 |[39m         } [36mcatch[39m (error) {
    [31m[1m>[22m[39m[90m 409 |[39m           console[33m.[39merror([32m`Failed to generate vector for snippet ${snippetId}:`[3
9m[33m,[39m error)[33m;[39m
     [90m     |[39m                   [31m[1m^[22m[39m
     [90m 410 |[39m         }
     [90m 411 |[39m       }
     [90m 412 |[39m     } [36mfinally[39m {[0m

      at SnippetManager.processVectorGenerationQueue (src/main/services/SnippetManager.ts:409:19)

    console.error
      Failed to generate vector for snippet snippet-pwwmpb7r4: TypeError: dbManager.getDb is not a function
          at VectorStore.initialize (D:\OpenSource\SnippetBox\frontend\src\main\services\VectorStore.ts:21:26)
          at VectorStore.addVector (D:\OpenSource\SnippetBox\frontend\src\main\services\VectorStore.ts:27:10)
          at SnippetManager.processVectorGenerationQueue (D:\OpenSource\SnippetBox\frontend\src\main\services\SnippetManager.ts:406:34)
          at SnippetManager.generateVectorForSnippet (D:\OpenSource\SnippetBox\frontend\src\main\services\SnippetManager.ts:388:10)
          at SnippetManager.createSnippet (D:\OpenSource\SnippetBox\frontend\src\main\services\SnippetManager.ts:72:12)
          at processTicksAndRejections (node:internal/process/task_queues:105:5)
          at D:\OpenSource\SnippetBox\frontend\tests\property\SnippetProperty.test.ts:144:31
          at AsyncProperty.run (D:\OpenSource\SnippetBox\frontend\node_modules\fast-check\lib\cjs\fast-check.js:1208:19)
          at asyncRunIt (D:\OpenSource\SnippetBox\frontend\node_modules\fast-check\lib\cjs\fast-check.js:2503:15)
          at Object.<anonymous> (D:\OpenSource\SnippetBox\frontend\tests\property\SnippetProperty.test.ts:106:7)

    [0m [90m 407 |[39m           console[33m.[39mlog([32m`Generated vector for snippet: ${snippetId}`[39m)[33m;[39m
     [90m 408 |[39m         } [36mcatch[39m (error) {
    [31m[1m>[22m[39m[90m 409 |[39m           console[33m.[39merror([32m`Failed to generate vector for snippet ${snippetId}:`[3
9m[33m,[39m error)[33m;[39m
     [90m     |[39m                   [31m[1m^[22m[39m
     [90m 410 |[39m         }
     [90m 411 |[39m       }
     [90m 412 |[39m     } [36mfinally[39m {[0m

      at SnippetManager.processVectorGenerationQueue (src/main/services/SnippetManager.ts:409:19)

    console.error
      Failed to generate vector for snippet snippet-krfcpx42c: TypeError: dbManager.getDb is not a function
          at VectorStore.initialize (D:\OpenSource\SnippetBox\frontend\src\main\services\VectorStore.ts:21:26)
          at VectorStore.addVector (D:\OpenSource\SnippetBox\frontend\src\main\services\VectorStore.ts:27:10)
          at SnippetManager.processVectorGenerationQueue (D:\OpenSource\SnippetBox\frontend\src\main\services\SnippetManager.ts:406:34)
          at SnippetManager.generateVectorForSnippet (D:\OpenSource\SnippetBox\frontend\src\main\services\SnippetManager.ts:388:10)
          at SnippetManager.createSnippet (D:\OpenSource\SnippetBox\frontend\src\main\services\SnippetManager.ts:72:12)
          at processTicksAndRejections (node:internal/process/task_queues:105:5)
          at D:\OpenSource\SnippetBox\frontend\tests\property\SnippetProperty.test.ts:144:31
          at AsyncProperty.run (D:\OpenSource\SnippetBox\frontend\node_modules\fast-check\lib\cjs\fast-check.js:1208:19)
          at asyncRunIt (D:\OpenSource\SnippetBox\frontend\node_modules\fast-check\lib\cjs\fast-check.js:2503:15)
          at Object.<anonymous> (D:\OpenSource\SnippetBox\frontend\tests\property\SnippetProperty.test.ts:106:7)

    [0m [90m 407 |[39m           console[33m.[39mlog([32m`Generated vector for snippet: ${snippetId}`[39m)[33m;[39m
     [90m 408 |[39m         } [36mcatch[39m (error) {
    [31m[1m>[22m[39m[90m 409 |[39m           console[33m.[39merror([32m`Failed to generate vector for snippet ${snippetId}:`[3
9m[33m,[39m error)[33m;[39m
     [90m     |[39m                   [31m[1m^[22m[39m
     [90m 410 |[39m         }
     [90m 411 |[39m       }
     [90m 412 |[39m     } [36mfinally[39m {[0m

      at SnippetManager.processVectorGenerationQueue (src/main/services/SnippetManager.ts:409:19)

    console.error
      Failed to generate vector for snippet snippet-xyy5sflv2: TypeError: dbManager.getDb is not a function
          at VectorStore.initialize (D:\OpenSource\SnippetBox\frontend\src\main\services\VectorStore.ts:21:26)
          at VectorStore.addVector (D:\OpenSource\SnippetBox\frontend\src\main\services\VectorStore.ts:27:10)
          at SnippetManager.processVectorGenerationQueue (D:\OpenSource\SnippetBox\frontend\src\main\services\SnippetManager.ts:406:34)
          at SnippetManager.generateVectorForSnippet (D:\OpenSource\SnippetBox\frontend\src\main\services\SnippetManager.ts:388:10)
          at SnippetManager.createSnippet (D:\OpenSource\SnippetBox\frontend\src\main\services\SnippetManager.ts:72:12)
          at processTicksAndRejections (node:internal/process/task_queues:105:5)
          at D:\OpenSource\SnippetBox\frontend\tests\property\SnippetProperty.test.ts:144:31
          at AsyncProperty.run (D:\OpenSource\SnippetBox\frontend\node_modules\fast-check\lib\cjs\fast-check.js:1208:19)
          at asyncRunIt (D:\OpenSource\SnippetBox\frontend\node_modules\fast-check\lib\cjs\fast-check.js:2503:15)
          at Object.<anonymous> (D:\OpenSource\SnippetBox\frontend\tests\property\SnippetProperty.test.ts:106:7)

    [0m [90m 407 |[39m           console[33m.[39mlog([32m`Generated vector for snippet: ${snippetId}`[39m)[33m;[39m
     [90m 408 |[39m         } [36mcatch[39m (error) {
    [31m[1m>[22m[39m[90m 409 |[39m           console[33m.[39merror([32m`Failed to generate vector for snippet ${snippetId}:`[3
9m[33m,[39m error)[33m;[39m
     [90m     |[39m                   [31m[1m^[22m[39m
     [90m 410 |[39m         }
     [90m 411 |[39m       }
     [90m 412 |[39m     } [36mfinally[39m {[0m

      at SnippetManager.processVectorGenerationQueue (src/main/services/SnippetManager.ts:409:19)

    console.error
      Failed to generate vector for snippet snippet-h5ho84j3e: TypeError: dbManager.getDb is not a function
          at VectorStore.initialize (D:\OpenSource\SnippetBox\frontend\src\main\services\VectorStore.ts:21:26)
          at VectorStore.addVector (D:\OpenSource\SnippetBox\frontend\src\main\services\VectorStore.ts:27:10)
          at SnippetManager.processVectorGenerationQueue (D:\OpenSource\SnippetBox\frontend\src\main\services\SnippetManager.ts:406:34)
          at SnippetManager.generateVectorForSnippet (D:\OpenSource\SnippetBox\frontend\src\main\services\SnippetManager.ts:388:10)
          at SnippetManager.createSnippet (D:\OpenSource\SnippetBox\frontend\src\main\services\SnippetManager.ts:72:12)
          at processTicksAndRejections (node:internal/process/task_queues:105:5)
          at D:\OpenSource\SnippetBox\frontend\tests\property\SnippetProperty.test.ts:144:31
          at AsyncProperty.run (D:\OpenSource\SnippetBox\frontend\node_modules\fast-check\lib\cjs\fast-check.js:1208:19)
          at asyncRunIt (D:\OpenSource\SnippetBox\frontend\node_modules\fast-check\lib\cjs\fast-check.js:2503:15)
          at Object.<anonymous> (D:\OpenSource\SnippetBox\frontend\tests\property\SnippetProperty.test.ts:106:7)

    [0m [90m 407 |[39m           console[33m.[39mlog([32m`Generated vector for snippet: ${snippetId}`[39m)[33m;[39m
     [90m 408 |[39m         } [36mcatch[39m (error) {
    [31m[1m>[22m[39m[90m 409 |[39m           console[33m.[39merror([32m`Failed to generate vector for snippet ${snippetId}:`[3
9m[33m,[39m error)[33m;[39m
     [90m     |[39m                   [31m[1m^[22m[39m
     [90m 410 |[39m         }
     [90m 411 |[39m       }
     [90m 412 |[39m     } [36mfinally[39m {[0m

      at SnippetManager.processVectorGenerationQueue (src/main/services/SnippetManager.ts:409:19)

    console.error
      Failed to generate vector for snippet snippet-gyoedls59: TypeError: dbManager.getDb is not a function
          at VectorStore.initialize (D:\OpenSource\SnippetBox\frontend\src\main\services\VectorStore.ts:21:26)
          at VectorStore.addVector (D:\OpenSource\SnippetBox\frontend\src\main\services\VectorStore.ts:27:10)
          at SnippetManager.processVectorGenerationQueue (D:\OpenSource\SnippetBox\frontend\src\main\services\SnippetManager.ts:406:34)
          at SnippetManager.generateVectorForSnippet (D:\OpenSource\SnippetBox\frontend\src\main\services\SnippetManager.ts:388:10)
          at SnippetManager.createSnippet (D:\OpenSource\SnippetBox\frontend\src\main\services\SnippetManager.ts:72:12)
          at processTicksAndRejections (node:internal/process/task_queues:105:5)
          at D:\OpenSource\SnippetBox\frontend\tests\property\SnippetProperty.test.ts:144:31
          at AsyncProperty.run (D:\OpenSource\SnippetBox\frontend\node_modules\fast-check\lib\cjs\fast-check.js:1208:19)
          at asyncRunIt (D:\OpenSource\SnippetBox\frontend\node_modules\fast-check\lib\cjs\fast-check.js:2503:15)
          at Object.<anonymous> (D:\OpenSource\SnippetBox\frontend\tests\property\SnippetProperty.test.ts:106:7)

    [0m [90m 407 |[39m           console[33m.[39mlog([32m`Generated vector for snippet: ${snippetId}`[39m)[33m;[39m
     [90m 408 |[39m         } [36mcatch[39m (error) {
    [31m[1m>[22m[39m[90m 409 |[39m           console[33m.[39merror([32m`Failed to generate vector for snippet ${snippetId}:`[3
9m[33m,[39m error)[33m;[39m
     [90m     |[39m                   [31m[1m^[22m[39m
     [90m 410 |[39m         }
     [90m 411 |[39m       }
     [90m 412 |[39m     } [36mfinally[39m {[0m

      at SnippetManager.processVectorGenerationQueue (src/main/services/SnippetManager.ts:409:19)

    console.error
      Failed to generate vector for snippet snippet-8vxedzmrt: TypeError: dbManager.getDb is not a function
          at VectorStore.initialize (D:\OpenSource\SnippetBox\frontend\src\main\services\VectorStore.ts:21:26)
          at VectorStore.addVector (D:\OpenSource\SnippetBox\frontend\src\main\services\VectorStore.ts:27:10)
          at SnippetManager.processVectorGenerationQueue (D:\OpenSource\SnippetBox\frontend\src\main\services\SnippetManager.ts:406:34)
          at SnippetManager.generateVectorForSnippet (D:\OpenSource\SnippetBox\frontend\src\main\services\SnippetManager.ts:388:10)
          at SnippetManager.createSnippet (D:\OpenSource\SnippetBox\frontend\src\main\services\SnippetManager.ts:72:12)
          at processTicksAndRejections (node:internal/process/task_queues:105:5)
          at D:\OpenSource\SnippetBox\frontend\tests\property\SnippetProperty.test.ts:144:31
          at AsyncProperty.run (D:\OpenSource\SnippetBox\frontend\node_modules\fast-check\lib\cjs\fast-check.js:1208:19)
          at asyncRunIt (D:\OpenSource\SnippetBox\frontend\node_modules\fast-check\lib\cjs\fast-check.js:2503:15)
          at Object.<anonymous> (D:\OpenSource\SnippetBox\frontend\tests\property\SnippetProperty.test.ts:106:7)

    [0m [90m 407 |[39m           console[33m.[39mlog([32m`Generated vector for snippet: ${snippetId}`[39m)[33m;[39m
     [90m 408 |[39m         } [36mcatch[39m (error) {
    [31m[1m>[22m[39m[90m 409 |[39m           console[33m.[39merror([32m`Failed to generate vector for snippet ${snippetId}:`[3
9m[33m,[39m error)[33m;[39m
     [90m     |[39m                   [31m[1m^[22m[39m
     [90m 410 |[39m         }
     [90m 411 |[39m       }
     [90m 412 |[39m     } [36mfinally[39m {[0m

      at SnippetManager.processVectorGenerationQueue (src/main/services/SnippetManager.ts:409:19)

    console.error
      Failed to generate vector for snippet snippet-3slpjs6wm: TypeError: dbManager.getDb is not a function
          at VectorStore.initialize (D:\OpenSource\SnippetBox\frontend\src\main\services\VectorStore.ts:21:26)
          at VectorStore.addVector (D:\OpenSource\SnippetBox\frontend\src\main\services\VectorStore.ts:27:10)
          at SnippetManager.processVectorGenerationQueue (D:\OpenSource\SnippetBox\frontend\src\main\services\SnippetManager.ts:406:34)
          at SnippetManager.generateVectorForSnippet (D:\OpenSource\SnippetBox\frontend\src\main\services\SnippetManager.ts:388:10)
          at SnippetManager.createSnippet (D:\OpenSource\SnippetBox\frontend\src\main\services\SnippetManager.ts:72:12)
          at processTicksAndRejections (node:internal/process/task_queues:105:5)
          at D:\OpenSource\SnippetBox\frontend\tests\property\SnippetProperty.test.ts:144:31
          at AsyncProperty.run (D:\OpenSource\SnippetBox\frontend\node_modules\fast-check\lib\cjs\fast-check.js:1208:19)
          at asyncRunIt (D:\OpenSource\SnippetBox\frontend\node_modules\fast-check\lib\cjs\fast-check.js:2503:15)
          at Object.<anonymous> (D:\OpenSource\SnippetBox\frontend\tests\property\SnippetProperty.test.ts:106:7)

    [0m [90m 407 |[39m           console[33m.[39mlog([32m`Generated vector for snippet: ${snippetId}`[39m)[33m;[39m
     [90m 408 |[39m         } [36mcatch[39m (error) {
    [31m[1m>[22m[39m[90m 409 |[39m           console[33m.[39merror([32m`Failed to generate vector for snippet ${snippetId}:`[3
9m[33m,[39m error)[33m;[39m
     [90m     |[39m                   [31m[1m^[22m[39m
     [90m 410 |[39m         }
     [90m 411 |[39m       }
     [90m 412 |[39m     } [36mfinally[39m {[0m

      at SnippetManager.processVectorGenerationQueue (src/main/services/SnippetManager.ts:409:19)

    console.error
      Failed to generate vector for snippet snippet-wlosrkqa3: TypeError: dbManager.getDb is not a function
          at VectorStore.initialize (D:\OpenSource\SnippetBox\frontend\src\main\services\VectorStore.ts:21:26)
          at VectorStore.addVector (D:\OpenSource\SnippetBox\frontend\src\main\services\VectorStore.ts:27:10)
          at SnippetManager.processVectorGenerationQueue (D:\OpenSource\SnippetBox\frontend\src\main\services\SnippetManager.ts:406:34)
          at SnippetManager.generateVectorForSnippet (D:\OpenSource\SnippetBox\frontend\src\main\services\SnippetManager.ts:388:10)
          at SnippetManager.createSnippet (D:\OpenSource\SnippetBox\frontend\src\main\services\SnippetManager.ts:72:12)
          at processTicksAndRejections (node:internal/process/task_queues:105:5)
          at D:\OpenSource\SnippetBox\frontend\tests\property\SnippetProperty.test.ts:144:31
          at AsyncProperty.run (D:\OpenSource\SnippetBox\frontend\node_modules\fast-check\lib\cjs\fast-check.js:1208:19)
          at asyncRunIt (D:\OpenSource\SnippetBox\frontend\node_modules\fast-check\lib\cjs\fast-check.js:2503:15)
          at Object.<anonymous> (D:\OpenSource\SnippetBox\frontend\tests\property\SnippetProperty.test.ts:106:7)

    [0m [90m 407 |[39m           console[33m.[39mlog([32m`Generated vector for snippet: ${snippetId}`[39m)[33m;[39m
     [90m 408 |[39m         } [36mcatch[39m (error) {
    [31m[1m>[22m[39m[90m 409 |[39m           console[33m.[39merror([32m`Failed to generate vector for snippet ${snippetId}:`[3
9m[33m,[39m error)[33m;[39m
     [90m     |[39m                   [31m[1m^[22m[39m
     [90m 410 |[39m         }
     [90m 411 |[39m       }
     [90m 412 |[39m     } [36mfinally[39m {[0m

      at SnippetManager.processVectorGenerationQueue (src/main/services/SnippetManager.ts:409:19)

    console.error
      Failed to generate vector for snippet snippet-9zq2kbl9o: TypeError: dbManager.getDb is not a function
          at VectorStore.initialize (D:\OpenSource\SnippetBox\frontend\src\main\services\VectorStore.ts:21:26)
          at VectorStore.addVector (D:\OpenSource\SnippetBox\frontend\src\main\services\VectorStore.ts:27:10)
          at SnippetManager.processVectorGenerationQueue (D:\OpenSource\SnippetBox\frontend\src\main\services\SnippetManager.ts:406:34)
          at SnippetManager.generateVectorForSnippet (D:\OpenSource\SnippetBox\frontend\src\main\services\SnippetManager.ts:388:10)
          at SnippetManager.createSnippet (D:\OpenSource\SnippetBox\frontend\src\main\services\SnippetManager.ts:72:12)
          at processTicksAndRejections (node:internal/process/task_queues:105:5)
          at D:\OpenSource\SnippetBox\frontend\tests\property\SnippetProperty.test.ts:144:31
          at AsyncProperty.run (D:\OpenSource\SnippetBox\frontend\node_modules\fast-check\lib\cjs\fast-check.js:1208:19)
          at asyncRunIt (D:\OpenSource\SnippetBox\frontend\node_modules\fast-check\lib\cjs\fast-check.js:2503:15)
          at Object.<anonymous> (D:\OpenSource\SnippetBox\frontend\tests\property\SnippetProperty.test.ts:106:7)

    [0m [90m 407 |[39m           console[33m.[39mlog([32m`Generated vector for snippet: ${snippetId}`[39m)[33m;[39m
     [90m 408 |[39m         } [36mcatch[39m (error) {
    [31m[1m>[22m[39m[90m 409 |[39m           console[33m.[39merror([32m`Failed to generate vector for snippet ${snippetId}:`[3
9m[33m,[39m error)[33m;[39m
     [90m     |[39m                   [31m[1m^[22m[39m
     [90m 410 |[39m         }
     [90m 411 |[39m       }
     [90m 412 |[39m     } [36mfinally[39m {[0m

      at SnippetManager.processVectorGenerationQueue (src/main/services/SnippetManager.ts:409:19)

    console.error
      Failed to generate vector for snippet snippet-ihhuegqid: TypeError: dbManager.getDb is not a function
          at VectorStore.initialize (D:\OpenSource\SnippetBox\frontend\src\main\services\VectorStore.ts:21:26)
          at VectorStore.addVector (D:\OpenSource\SnippetBox\frontend\src\main\services\VectorStore.ts:27:10)
          at SnippetManager.processVectorGenerationQueue (D:\OpenSource\SnippetBox\frontend\src\main\services\SnippetManager.ts:406:34)
          at SnippetManager.generateVectorForSnippet (D:\OpenSource\SnippetBox\frontend\src\main\services\SnippetManager.ts:388:10)
          at SnippetManager.createSnippet (D:\OpenSource\SnippetBox\frontend\src\main\services\SnippetManager.ts:72:12)
          at processTicksAndRejections (node:internal/process/task_queues:105:5)
          at D:\OpenSource\SnippetBox\frontend\tests\property\SnippetProperty.test.ts:144:31
          at AsyncProperty.run (D:\OpenSource\SnippetBox\frontend\node_modules\fast-check\lib\cjs\fast-check.js:1208:19)
          at asyncRunIt (D:\OpenSource\SnippetBox\frontend\node_modules\fast-check\lib\cjs\fast-check.js:2503:15)
          at Object.<anonymous> (D:\OpenSource\SnippetBox\frontend\tests\property\SnippetProperty.test.ts:106:7)

    [0m [90m 407 |[39m           console[33m.[39mlog([32m`Generated vector for snippet: ${snippetId}`[39m)[33m;[39m
     [90m 408 |[39m         } [36mcatch[39m (error) {
    [31m[1m>[22m[39m[90m 409 |[39m           console[33m.[39merror([32m`Failed to generate vector for snippet ${snippetId}:`[3
9m[33m,[39m error)[33m;[39m
     [90m     |[39m                   [31m[1m^[22m[39m
     [90m 410 |[39m         }
     [90m 411 |[39m       }
     [90m 412 |[39m     } [36mfinally[39m {[0m

      at SnippetManager.processVectorGenerationQueue (src/main/services/SnippetManager.ts:409:19)

    console.error
      Failed to generate vector for snippet snippet-2njhtn7fq: TypeError: dbManager.getDb is not a function
          at VectorStore.initialize (D:\OpenSource\SnippetBox\frontend\src\main\services\VectorStore.ts:21:26)
          at VectorStore.addVector (D:\OpenSource\SnippetBox\frontend\src\main\services\VectorStore.ts:27:10)
          at SnippetManager.processVectorGenerationQueue (D:\OpenSource\SnippetBox\frontend\src\main\services\SnippetManager.ts:406:34)
          at SnippetManager.generateVectorForSnippet (D:\OpenSource\SnippetBox\frontend\src\main\services\SnippetManager.ts:388:10)
          at SnippetManager.createSnippet (D:\OpenSource\SnippetBox\frontend\src\main\services\SnippetManager.ts:72:12)
          at processTicksAndRejections (node:internal/process/task_queues:105:5)
          at D:\OpenSource\SnippetBox\frontend\tests\property\SnippetProperty.test.ts:144:31
          at AsyncProperty.run (D:\OpenSource\SnippetBox\frontend\node_modules\fast-check\lib\cjs\fast-check.js:1208:19)
          at asyncRunIt (D:\OpenSource\SnippetBox\frontend\node_modules\fast-check\lib\cjs\fast-check.js:2503:15)
          at Object.<anonymous> (D:\OpenSource\SnippetBox\frontend\tests\property\SnippetProperty.test.ts:106:7)

    [0m [90m 407 |[39m           console[33m.[39mlog([32m`Generated vector for snippet: ${snippetId}`[39m)[33m;[39m
     [90m 408 |[39m         } [36mcatch[39m (error) {
    [31m[1m>[22m[39m[90m 409 |[39m           console[33m.[39merror([32m`Failed to generate vector for snippet ${snippetId}:`[3
9m[33m,[39m error)[33m;[39m
     [90m     |[39m                   [31m[1m^[22m[39m
     [90m 410 |[39m         }
     [90m 411 |[39m       }
     [90m 412 |[39m     } [36mfinally[39m {[0m

      at SnippetManager.processVectorGenerationQueue (src/main/services/SnippetManager.ts:409:19)

    console.error
      Failed to generate vector for snippet snippet-40zh8mklw: TypeError: dbManager.getDb is not a function
          at VectorStore.initialize (D:\OpenSource\SnippetBox\frontend\src\main\services\VectorStore.ts:21:26)
          at VectorStore.addVector (D:\OpenSource\SnippetBox\frontend\src\main\services\VectorStore.ts:27:10)
          at SnippetManager.processVectorGenerationQueue (D:\OpenSource\SnippetBox\frontend\src\main\services\SnippetManager.ts:406:34)
          at SnippetManager.generateVectorForSnippet (D:\OpenSource\SnippetBox\frontend\src\main\services\SnippetManager.ts:388:10)
          at SnippetManager.createSnippet (D:\OpenSource\SnippetBox\frontend\src\main\services\SnippetManager.ts:72:12)
          at processTicksAndRejections (node:internal/process/task_queues:105:5)
          at D:\OpenSource\SnippetBox\frontend\tests\property\SnippetProperty.test.ts:144:31
          at AsyncProperty.run (D:\OpenSource\SnippetBox\frontend\node_modules\fast-check\lib\cjs\fast-check.js:1208:19)
          at asyncRunIt (D:\OpenSource\SnippetBox\frontend\node_modules\fast-check\lib\cjs\fast-check.js:2503:15)
          at Object.<anonymous> (D:\OpenSource\SnippetBox\frontend\tests\property\SnippetProperty.test.ts:106:7)

    [0m [90m 407 |[39m           console[33m.[39mlog([32m`Generated vector for snippet: ${snippetId}`[39m)[33m;[39m
     [90m 408 |[39m         } [36mcatch[39m (error) {
    [31m[1m>[22m[39m[90m 409 |[39m           console[33m.[39merror([32m`Failed to generate vector for snippet ${snippetId}:`[3
9m[33m,[39m error)[33m;[39m
     [90m     |[39m                   [31m[1m^[22m[39m
     [90m 410 |[39m         }
     [90m 411 |[39m       }
     [90m 412 |[39m     } [36mfinally[39m {[0m

      at SnippetManager.processVectorGenerationQueue (src/main/services/SnippetManager.ts:409:19)

    console.error
      Failed to generate vector for snippet snippet-jkb8m83gj: TypeError: dbManager.getDb is not a function
          at VectorStore.initialize (D:\OpenSource\SnippetBox\frontend\src\main\services\VectorStore.ts:21:26)
          at VectorStore.addVector (D:\OpenSource\SnippetBox\frontend\src\main\services\VectorStore.ts:27:10)
          at SnippetManager.processVectorGenerationQueue (D:\OpenSource\SnippetBox\frontend\src\main\services\SnippetManager.ts:406:34)
          at SnippetManager.generateVectorForSnippet (D:\OpenSource\SnippetBox\frontend\src\main\services\SnippetManager.ts:388:10)
          at SnippetManager.createSnippet (D:\OpenSource\SnippetBox\frontend\src\main\services\SnippetManager.ts:72:12)
          at processTicksAndRejections (node:internal/process/task_queues:105:5)
          at D:\OpenSource\SnippetBox\frontend\tests\property\SnippetProperty.test.ts:144:31
          at AsyncProperty.run (D:\OpenSource\SnippetBox\frontend\node_modules\fast-check\lib\cjs\fast-check.js:1208:19)
          at asyncRunIt (D:\OpenSource\SnippetBox\frontend\node_modules\fast-check\lib\cjs\fast-check.js:2503:15)
          at Object.<anonymous> (D:\OpenSource\SnippetBox\frontend\tests\property\SnippetProperty.test.ts:106:7)

    [0m [90m 407 |[39m           console[33m.[39mlog([32m`Generated vector for snippet: ${snippetId}`[39m)[33m;[39m
     [90m 408 |[39m         } [36mcatch[39m (error) {
    [31m[1m>[22m[39m[90m 409 |[39m           console[33m.[39merror([32m`Failed to generate vector for snippet ${snippetId}:`[3
9m[33m,[39m error)[33m;[39m
     [90m     |[39m                   [31m[1m^[22m[39m
     [90m 410 |[39m         }
     [90m 411 |[39m       }
     [90m 412 |[39m     } [36mfinally[39m {[0m

      at SnippetManager.processVectorGenerationQueue (src/main/services/SnippetManager.ts:409:19)

    console.error
      Failed to generate vector for snippet snippet-rtwvsfc8a: TypeError: dbManager.getDb is not a function
          at VectorStore.initialize (D:\OpenSource\SnippetBox\frontend\src\main\services\VectorStore.ts:21:26)
          at VectorStore.addVector (D:\OpenSource\SnippetBox\frontend\src\main\services\VectorStore.ts:27:10)
          at SnippetManager.processVectorGenerationQueue (D:\OpenSource\SnippetBox\frontend\src\main\services\SnippetManager.ts:406:34)
          at SnippetManager.generateVectorForSnippet (D:\OpenSource\SnippetBox\frontend\src\main\services\SnippetManager.ts:388:10)
          at SnippetManager.createSnippet (D:\OpenSource\SnippetBox\frontend\src\main\services\SnippetManager.ts:72:12)
          at processTicksAndRejections (node:internal/process/task_queues:105:5)
          at D:\OpenSource\SnippetBox\frontend\tests\property\SnippetProperty.test.ts:144:31
          at AsyncProperty.run (D:\OpenSource\SnippetBox\frontend\node_modules\fast-check\lib\cjs\fast-check.js:1208:19)
          at asyncRunIt (D:\OpenSource\SnippetBox\frontend\node_modules\fast-check\lib\cjs\fast-check.js:2503:15)
          at Object.<anonymous> (D:\OpenSource\SnippetBox\frontend\tests\property\SnippetProperty.test.ts:106:7)

    [0m [90m 407 |[39m           console[33m.[39mlog([32m`Generated vector for snippet: ${snippetId}`[39m)[33m;[39m
     [90m 408 |[39m         } [36mcatch[39m (error) {
    [31m[1m>[22m[39m[90m 409 |[39m           console[33m.[39merror([32m`Failed to generate vector for snippet ${snippetId}:`[3
9m[33m,[39m error)[33m;[39m
     [90m     |[39m                   [31m[1m^[22m[39m
     [90m 410 |[39m         }
     [90m 411 |[39m       }
     [90m 412 |[39m     } [36mfinally[39m {[0m

      at SnippetManager.processVectorGenerationQueue (src/main/services/SnippetManager.ts:409:19)

    console.error
      Failed to generate vector for snippet snippet-rjzxqpvns: TypeError: dbManager.getDb is not a function
          at VectorStore.initialize (D:\OpenSource\SnippetBox\frontend\src\main\services\VectorStore.ts:21:26)
          at VectorStore.addVector (D:\OpenSource\SnippetBox\frontend\src\main\services\VectorStore.ts:27:10)
          at SnippetManager.processVectorGenerationQueue (D:\OpenSource\SnippetBox\frontend\src\main\services\SnippetManager.ts:406:34)
          at SnippetManager.generateVectorForSnippet (D:\OpenSource\SnippetBox\frontend\src\main\services\SnippetManager.ts:388:10)
          at SnippetManager.createSnippet (D:\OpenSource\SnippetBox\frontend\src\main\services\SnippetManager.ts:72:12)
          at processTicksAndRejections (node:internal/process/task_queues:105:5)
          at D:\OpenSource\SnippetBox\frontend\tests\property\SnippetProperty.test.ts:144:31
          at AsyncProperty.run (D:\OpenSource\SnippetBox\frontend\node_modules\fast-check\lib\cjs\fast-check.js:1208:19)
          at asyncRunIt (D:\OpenSource\SnippetBox\frontend\node_modules\fast-check\lib\cjs\fast-check.js:2503:15)
          at Object.<anonymous> (D:\OpenSource\SnippetBox\frontend\tests\property\SnippetProperty.test.ts:106:7)

    [0m [90m 407 |[39m           console[33m.[39mlog([32m`Generated vector for snippet: ${snippetId}`[39m)[33m;[39m
     [90m 408 |[39m         } [36mcatch[39m (error) {
    [31m[1m>[22m[39m[90m 409 |[39m           console[33m.[39merror([32m`Failed to generate vector for snippet ${snippetId}:`[3
9m[33m,[39m error)[33m;[39m
     [90m     |[39m                   [31m[1m^[22m[39m
     [90m 410 |[39m         }
     [90m 411 |[39m       }
     [90m 412 |[39m     } [36mfinally[39m {[0m

      at SnippetManager.processVectorGenerationQueue (src/main/services/SnippetManager.ts:409:19)

    console.error
      Failed to generate vector for snippet snippet-7wkbek2lu: TypeError: dbManager.getDb is not a function
          at VectorStore.initialize (D:\OpenSource\SnippetBox\frontend\src\main\services\VectorStore.ts:21:26)
          at VectorStore.addVector (D:\OpenSource\SnippetBox\frontend\src\main\services\VectorStore.ts:27:10)
          at SnippetManager.processVectorGenerationQueue (D:\OpenSource\SnippetBox\frontend\src\main\services\SnippetManager.ts:406:34)
          at SnippetManager.generateVectorForSnippet (D:\OpenSource\SnippetBox\frontend\src\main\services\SnippetManager.ts:388:10)
          at SnippetManager.createSnippet (D:\OpenSource\SnippetBox\frontend\src\main\services\SnippetManager.ts:72:12)
          at processTicksAndRejections (node:internal/process/task_queues:105:5)
          at D:\OpenSource\SnippetBox\frontend\tests\property\SnippetProperty.test.ts:144:31
          at AsyncProperty.run (D:\OpenSource\SnippetBox\frontend\node_modules\fast-check\lib\cjs\fast-check.js:1208:19)
          at asyncRunIt (D:\OpenSource\SnippetBox\frontend\node_modules\fast-check\lib\cjs\fast-check.js:2503:15)
          at Object.<anonymous> (D:\OpenSource\SnippetBox\frontend\tests\property\SnippetProperty.test.ts:106:7)

    [0m [90m 407 |[39m           console[33m.[39mlog([32m`Generated vector for snippet: ${snippetId}`[39m)[33m;[39m
     [90m 408 |[39m         } [36mcatch[39m (error) {
    [31m[1m>[22m[39m[90m 409 |[39m           console[33m.[39merror([32m`Failed to generate vector for snippet ${snippetId}:`[3
9m[33m,[39m error)[33m;[39m
     [90m     |[39m                   [31m[1m^[22m[39m
     [90m 410 |[39m         }
     [90m 411 |[39m       }
     [90m 412 |[39m     } [36mfinally[39m {[0m

      at SnippetManager.processVectorGenerationQueue (src/main/services/SnippetManager.ts:409:19)

    console.error
      Failed to generate vector for snippet snippet-hjeefvt33: TypeError: dbManager.getDb is not a function
          at VectorStore.initialize (D:\OpenSource\SnippetBox\frontend\src\main\services\VectorStore.ts:21:26)
          at VectorStore.addVector (D:\OpenSource\SnippetBox\frontend\src\main\services\VectorStore.ts:27:10)
          at SnippetManager.processVectorGenerationQueue (D:\OpenSource\SnippetBox\frontend\src\main\services\SnippetManager.ts:406:34)
          at SnippetManager.generateVectorForSnippet (D:\OpenSource\SnippetBox\frontend\src\main\services\SnippetManager.ts:388:10)
          at SnippetManager.createSnippet (D:\OpenSource\SnippetBox\frontend\src\main\services\SnippetManager.ts:72:12)
          at processTicksAndRejections (node:internal/process/task_queues:105:5)
          at D:\OpenSource\SnippetBox\frontend\tests\property\SnippetProperty.test.ts:144:31
          at AsyncProperty.run (D:\OpenSource\SnippetBox\frontend\node_modules\fast-check\lib\cjs\fast-check.js:1208:19)
          at asyncRunIt (D:\OpenSource\SnippetBox\frontend\node_modules\fast-check\lib\cjs\fast-check.js:2503:15)
          at Object.<anonymous> (D:\OpenSource\SnippetBox\frontend\tests\property\SnippetProperty.test.ts:106:7)

    [0m [90m 407 |[39m           console[33m.[39mlog([32m`Generated vector for snippet: ${snippetId}`[39m)[33m;[39m
     [90m 408 |[39m         } [36mcatch[39m (error) {
    [31m[1m>[22m[39m[90m 409 |[39m           console[33m.[39merror([32m`Failed to generate vector for snippet ${snippetId}:`[3
9m[33m,[39m error)[33m;[39m
     [90m     |[39m                   [31m[1m^[22m[39m
     [90m 410 |[39m         }
     [90m 411 |[39m       }
     [90m 412 |[39m     } [36mfinally[39m {[0m

      at SnippetManager.processVectorGenerationQueue (src/main/services/SnippetManager.ts:409:19)

    console.error
      Failed to generate vector for snippet snippet-8avbyt3bk: TypeError: dbManager.getDb is not a function
          at VectorStore.initialize (D:\OpenSource\SnippetBox\frontend\src\main\services\VectorStore.ts:21:26)
          at VectorStore.addVector (D:\OpenSource\SnippetBox\frontend\src\main\services\VectorStore.ts:27:10)
          at SnippetManager.processVectorGenerationQueue (D:\OpenSource\SnippetBox\frontend\src\main\services\SnippetManager.ts:406:34)
          at SnippetManager.generateVectorForSnippet (D:\OpenSource\SnippetBox\frontend\src\main\services\SnippetManager.ts:388:10)
          at SnippetManager.createSnippet (D:\OpenSource\SnippetBox\frontend\src\main\services\SnippetManager.ts:72:12)
          at processTicksAndRejections (node:internal/process/task_queues:105:5)
          at D:\OpenSource\SnippetBox\frontend\tests\property\SnippetProperty.test.ts:144:31
          at AsyncProperty.run (D:\OpenSource\SnippetBox\frontend\node_modules\fast-check\lib\cjs\fast-check.js:1208:19)
          at asyncRunIt (D:\OpenSource\SnippetBox\frontend\node_modules\fast-check\lib\cjs\fast-check.js:2503:15)
          at Object.<anonymous> (D:\OpenSource\SnippetBox\frontend\tests\property\SnippetProperty.test.ts:106:7)

    [0m [90m 407 |[39m           console[33m.[39mlog([32m`Generated vector for snippet: ${snippetId}`[39m)[33m;[39m
     [90m 408 |[39m         } [36mcatch[39m (error) {
    [31m[1m>[22m[39m[90m 409 |[39m           console[33m.[39merror([32m`Failed to generate vector for snippet ${snippetId}:`[3
9m[33m,[39m error)[33m;[39m
     [90m     |[39m                   [31m[1m^[22m[39m
     [90m 410 |[39m         }
     [90m 411 |[39m       }
     [90m 412 |[39m     } [36mfinally[39m {[0m

      at SnippetManager.processVectorGenerationQueue (src/main/services/SnippetManager.ts:409:19)

    console.error
      Failed to generate vector for snippet snippet-fdvu287rf: TypeError: dbManager.getDb is not a function
          at VectorStore.initialize (D:\OpenSource\SnippetBox\frontend\src\main\services\VectorStore.ts:21:26)
          at VectorStore.addVector (D:\OpenSource\SnippetBox\frontend\src\main\services\VectorStore.ts:27:10)
          at SnippetManager.processVectorGenerationQueue (D:\OpenSource\SnippetBox\frontend\src\main\services\SnippetManager.ts:406:34)
          at SnippetManager.generateVectorForSnippet (D:\OpenSource\SnippetBox\frontend\src\main\services\SnippetManager.ts:388:10)
          at SnippetManager.createSnippet (D:\OpenSource\SnippetBox\frontend\src\main\services\SnippetManager.ts:72:12)
          at processTicksAndRejections (node:internal/process/task_queues:105:5)
          at D:\OpenSource\SnippetBox\frontend\tests\property\SnippetProperty.test.ts:144:31
          at AsyncProperty.run (D:\OpenSource\SnippetBox\frontend\node_modules\fast-check\lib\cjs\fast-check.js:1208:19)
          at asyncRunIt (D:\OpenSource\SnippetBox\frontend\node_modules\fast-check\lib\cjs\fast-check.js:2503:15)
          at Object.<anonymous> (D:\OpenSource\SnippetBox\frontend\tests\property\SnippetProperty.test.ts:106:7)

    [0m [90m 407 |[39m           console[33m.[39mlog([32m`Generated vector for snippet: ${snippetId}`[39m)[33m;[39m
     [90m 408 |[39m         } [36mcatch[39m (error) {
    [31m[1m>[22m[39m[90m 409 |[39m           console[33m.[39merror([32m`Failed to generate vector for snippet ${snippetId}:`[3
9m[33m,[39m error)[33m;[39m
     [90m     |[39m                   [31m[1m^[22m[39m
     [90m 410 |[39m         }
     [90m 411 |[39m       }
     [90m 412 |[39m     } [36mfinally[39m {[0m

      at SnippetManager.processVectorGenerationQueue (src/main/services/SnippetManager.ts:409:19)

    console.error
      Failed to generate vector for snippet snippet-4q7spclw1: TypeError: dbManager.getDb is not a function
          at VectorStore.initialize (D:\OpenSource\SnippetBox\frontend\src\main\services\VectorStore.ts:21:26)
          at VectorStore.addVector (D:\OpenSource\SnippetBox\frontend\src\main\services\VectorStore.ts:27:10)
          at SnippetManager.processVectorGenerationQueue (D:\OpenSource\SnippetBox\frontend\src\main\services\SnippetManager.ts:406:34)
          at SnippetManager.generateVectorForSnippet (D:\OpenSource\SnippetBox\frontend\src\main\services\SnippetManager.ts:388:10)
          at SnippetManager.createSnippet (D:\OpenSource\SnippetBox\frontend\src\main\services\SnippetManager.ts:72:12)
          at processTicksAndRejections (node:internal/process/task_queues:105:5)
          at D:\OpenSource\SnippetBox\frontend\tests\property\SnippetProperty.test.ts:144:31
          at AsyncProperty.run (D:\OpenSource\SnippetBox\frontend\node_modules\fast-check\lib\cjs\fast-check.js:1208:19)
          at asyncRunIt (D:\OpenSource\SnippetBox\frontend\node_modules\fast-check\lib\cjs\fast-check.js:2503:15)
          at Object.<anonymous> (D:\OpenSource\SnippetBox\frontend\tests\property\SnippetProperty.test.ts:106:7)

    [0m [90m 407 |[39m           console[33m.[39mlog([32m`Generated vector for snippet: ${snippetId}`[39m)[33m;[39m
     [90m 408 |[39m         } [36mcatch[39m (error) {
    [31m[1m>[22m[39m[90m 409 |[39m           console[33m.[39merror([32m`Failed to generate vector for snippet ${snippetId}:`[3
9m[33m,[39m error)[33m;[39m
     [90m     |[39m                   [31m[1m^[22m[39m
     [90m 410 |[39m         }
     [90m 411 |[39m       }
     [90m 412 |[39m     } [36mfinally[39m {[0m

      at SnippetManager.processVectorGenerationQueue (src/main/services/SnippetManager.ts:409:19)

    console.error
      Failed to generate vector for snippet snippet-gdfl8gvro: TypeError: dbManager.getDb is not a function
          at VectorStore.initialize (D:\OpenSource\SnippetBox\frontend\src\main\services\VectorStore.ts:21:26)
          at VectorStore.addVector (D:\OpenSource\SnippetBox\frontend\src\main\services\VectorStore.ts:27:10)
          at SnippetManager.processVectorGenerationQueue (D:\OpenSource\SnippetBox\frontend\src\main\services\SnippetManager.ts:406:34)
          at SnippetManager.generateVectorForSnippet (D:\OpenSource\SnippetBox\frontend\src\main\services\SnippetManager.ts:388:10)
          at SnippetManager.createSnippet (D:\OpenSource\SnippetBox\frontend\src\main\services\SnippetManager.ts:72:12)
          at processTicksAndRejections (node:internal/process/task_queues:105:5)
          at D:\OpenSource\SnippetBox\frontend\tests\property\SnippetProperty.test.ts:144:31
          at AsyncProperty.run (D:\OpenSource\SnippetBox\frontend\node_modules\fast-check\lib\cjs\fast-check.js:1208:19)
          at asyncRunIt (D:\OpenSource\SnippetBox\frontend\node_modules\fast-check\lib\cjs\fast-check.js:2503:15)
          at Object.<anonymous> (D:\OpenSource\SnippetBox\frontend\tests\property\SnippetProperty.test.ts:106:7)

    [0m [90m 407 |[39m           console[33m.[39mlog([32m`Generated vector for snippet: ${snippetId}`[39m)[33m;[39m
     [90m 408 |[39m         } [36mcatch[39m (error) {
    [31m[1m>[22m[39m[90m 409 |[39m           console[33m.[39merror([32m`Failed to generate vector for snippet ${snippetId}:`[3
9m[33m,[39m error)[33m;[39m
     [90m     |[39m                   [31m[1m^[22m[39m
     [90m 410 |[39m         }
     [90m 411 |[39m       }
     [90m 412 |[39m     } [36mfinally[39m {[0m

      at SnippetManager.processVectorGenerationQueue (src/main/services/SnippetManager.ts:409:19)

    console.error
      Failed to generate vector for snippet snippet-ogocpbtkh: TypeError: dbManager.getDb is not a function
          at VectorStore.initialize (D:\OpenSource\SnippetBox\frontend\src\main\services\VectorStore.ts:21:26)
          at VectorStore.addVector (D:\OpenSource\SnippetBox\frontend\src\main\services\VectorStore.ts:27:10)
          at SnippetManager.processVectorGenerationQueue (D:\OpenSource\SnippetBox\frontend\src\main\services\SnippetManager.ts:406:34)
          at SnippetManager.generateVectorForSnippet (D:\OpenSource\SnippetBox\frontend\src\main\services\SnippetManager.ts:388:10)
          at SnippetManager.createSnippet (D:\OpenSource\SnippetBox\frontend\src\main\services\SnippetManager.ts:72:12)
          at processTicksAndRejections (node:internal/process/task_queues:105:5)
          at D:\OpenSource\SnippetBox\frontend\tests\property\SnippetProperty.test.ts:144:31
          at AsyncProperty.run (D:\OpenSource\SnippetBox\frontend\node_modules\fast-check\lib\cjs\fast-check.js:1208:19)
          at asyncRunIt (D:\OpenSource\SnippetBox\frontend\node_modules\fast-check\lib\cjs\fast-check.js:2503:15)
          at Object.<anonymous> (D:\OpenSource\SnippetBox\frontend\tests\property\SnippetProperty.test.ts:106:7)

    [0m [90m 407 |[39m           console[33m.[39mlog([32m`Generated vector for snippet: ${snippetId}`[39m)[33m;[39m
     [90m 408 |[39m         } [36mcatch[39m (error) {
    [31m[1m>[22m[39m[90m 409 |[39m           console[33m.[39merror([32m`Failed to generate vector for snippet ${snippetId}:`[3
9m[33m,[39m error)[33m;[39m
     [90m     |[39m                   [31m[1m^[22m[39m
     [90m 410 |[39m         }
     [90m 411 |[39m       }
     [90m 412 |[39m     } [36mfinally[39m {[0m

      at SnippetManager.processVectorGenerationQueue (src/main/services/SnippetManager.ts:409:19)

    console.error
      Failed to generate vector for snippet snippet-cwcx2gd41: TypeError: dbManager.getDb is not a function
          at VectorStore.initialize (D:\OpenSource\SnippetBox\frontend\src\main\services\VectorStore.ts:21:26)
          at VectorStore.addVector (D:\OpenSource\SnippetBox\frontend\src\main\services\VectorStore.ts:27:10)
          at SnippetManager.processVectorGenerationQueue (D:\OpenSource\SnippetBox\frontend\src\main\services\SnippetManager.ts:406:34)
          at SnippetManager.generateVectorForSnippet (D:\OpenSource\SnippetBox\frontend\src\main\services\SnippetManager.ts:388:10)
          at SnippetManager.createSnippet (D:\OpenSource\SnippetBox\frontend\src\main\services\SnippetManager.ts:72:12)
          at processTicksAndRejections (node:internal/process/task_queues:105:5)
          at D:\OpenSource\SnippetBox\frontend\tests\property\SnippetProperty.test.ts:144:31
          at AsyncProperty.run (D:\OpenSource\SnippetBox\frontend\node_modules\fast-check\lib\cjs\fast-check.js:1208:19)
          at asyncRunIt (D:\OpenSource\SnippetBox\frontend\node_modules\fast-check\lib\cjs\fast-check.js:2503:15)
          at Object.<anonymous> (D:\OpenSource\SnippetBox\frontend\tests\property\SnippetProperty.test.ts:106:7)

    [0m [90m 407 |[39m           console[33m.[39mlog([32m`Generated vector for snippet: ${snippetId}`[39m)[33m;[39m
     [90m 408 |[39m         } [36mcatch[39m (error) {
    [31m[1m>[22m[39m[90m 409 |[39m           console[33m.[39merror([32m`Failed to generate vector for snippet ${snippetId}:`[3
9m[33m,[39m error)[33m;[39m
     [90m     |[39m                   [31m[1m^[22m[39m
     [90m 410 |[39m         }
     [90m 411 |[39m       }
     [90m 412 |[39m     } [36mfinally[39m {[0m

      at SnippetManager.processVectorGenerationQueue (src/main/services/SnippetManager.ts:409:19)

    console.error
      Failed to generate vector for snippet snippet-0zbg0h658: TypeError: dbManager.getDb is not a function
          at VectorStore.initialize (D:\OpenSource\SnippetBox\frontend\src\main\services\VectorStore.ts:21:26)
          at VectorStore.addVector (D:\OpenSource\SnippetBox\frontend\src\main\services\VectorStore.ts:27:10)
          at SnippetManager.processVectorGenerationQueue (D:\OpenSource\SnippetBox\frontend\src\main\services\SnippetManager.ts:406:34)
          at SnippetManager.generateVectorForSnippet (D:\OpenSource\SnippetBox\frontend\src\main\services\SnippetManager.ts:388:10)
          at SnippetManager.createSnippet (D:\OpenSource\SnippetBox\frontend\src\main\services\SnippetManager.ts:72:12)
          at processTicksAndRejections (node:internal/process/task_queues:105:5)
          at D:\OpenSource\SnippetBox\frontend\tests\property\SnippetProperty.test.ts:144:31
          at AsyncProperty.run (D:\OpenSource\SnippetBox\frontend\node_modules\fast-check\lib\cjs\fast-check.js:1208:19)
          at asyncRunIt (D:\OpenSource\SnippetBox\frontend\node_modules\fast-check\lib\cjs\fast-check.js:2503:15)
          at Object.<anonymous> (D:\OpenSource\SnippetBox\frontend\tests\property\SnippetProperty.test.ts:106:7)

    [0m [90m 407 |[39m           console[33m.[39mlog([32m`Generated vector for snippet: ${snippetId}`[39m)[33m;[39m
     [90m 408 |[39m         } [36mcatch[39m (error) {
    [31m[1m>[22m[39m[90m 409 |[39m           console[33m.[39merror([32m`Failed to generate vector for snippet ${snippetId}:`[3
9m[33m,[39m error)[33m;[39m
     [90m     |[39m                   [31m[1m^[22m[39m
     [90m 410 |[39m         }
     [90m 411 |[39m       }
     [90m 412 |[39m     } [36mfinally[39m {[0m

      at SnippetManager.processVectorGenerationQueue (src/main/services/SnippetManager.ts:409:19)

    console.error
      Failed to generate vector for snippet snippet-ytiific32: TypeError: dbManager.getDb is not a function
          at VectorStore.initialize (D:\OpenSource\SnippetBox\frontend\src\main\services\VectorStore.ts:21:26)
          at VectorStore.addVector (D:\OpenSource\SnippetBox\frontend\src\main\services\VectorStore.ts:27:10)
          at SnippetManager.processVectorGenerationQueue (D:\OpenSource\SnippetBox\frontend\src\main\services\SnippetManager.ts:406:34)
          at SnippetManager.generateVectorForSnippet (D:\OpenSource\SnippetBox\frontend\src\main\services\SnippetManager.ts:388:10)
          at SnippetManager.createSnippet (D:\OpenSource\SnippetBox\frontend\src\main\services\SnippetManager.ts:72:12)
          at processTicksAndRejections (node:internal/process/task_queues:105:5)
          at D:\OpenSource\SnippetBox\frontend\tests\property\SnippetProperty.test.ts:144:31
          at AsyncProperty.run (D:\OpenSource\SnippetBox\frontend\node_modules\fast-check\lib\cjs\fast-check.js:1208:19)
          at asyncRunIt (D:\OpenSource\SnippetBox\frontend\node_modules\fast-check\lib\cjs\fast-check.js:2503:15)
          at Object.<anonymous> (D:\OpenSource\SnippetBox\frontend\tests\property\SnippetProperty.test.ts:106:7)

    [0m [90m 407 |[39m           console[33m.[39mlog([32m`Generated vector for snippet: ${snippetId}`[39m)[33m;[39m
     [90m 408 |[39m         } [36mcatch[39m (error) {
    [31m[1m>[22m[39m[90m 409 |[39m           console[33m.[39merror([32m`Failed to generate vector for snippet ${snippetId}:`[3
9m[33m,[39m error)[33m;[39m
     [90m     |[39m                   [31m[1m^[22m[39m
     [90m 410 |[39m         }
     [90m 411 |[39m       }
     [90m 412 |[39m     } [36mfinally[39m {[0m

      at SnippetManager.processVectorGenerationQueue (src/main/services/SnippetManager.ts:409:19)

    console.error
      Failed to generate vector for snippet snippet-571ckc0qx: TypeError: dbManager.getDb is not a function
          at VectorStore.initialize (D:\OpenSource\SnippetBox\frontend\src\main\services\VectorStore.ts:21:26)
          at VectorStore.addVector (D:\OpenSource\SnippetBox\frontend\src\main\services\VectorStore.ts:27:10)
          at SnippetManager.processVectorGenerationQueue (D:\OpenSource\SnippetBox\frontend\src\main\services\SnippetManager.ts:406:34)
          at SnippetManager.generateVectorForSnippet (D:\OpenSource\SnippetBox\frontend\src\main\services\SnippetManager.ts:388:10)
          at SnippetManager.createSnippet (D:\OpenSource\SnippetBox\frontend\src\main\services\SnippetManager.ts:72:12)
          at processTicksAndRejections (node:internal/process/task_queues:105:5)
          at D:\OpenSource\SnippetBox\frontend\tests\property\SnippetProperty.test.ts:144:31
          at AsyncProperty.run (D:\OpenSource\SnippetBox\frontend\node_modules\fast-check\lib\cjs\fast-check.js:1208:19)
          at asyncRunIt (D:\OpenSource\SnippetBox\frontend\node_modules\fast-check\lib\cjs\fast-check.js:2503:15)
          at Object.<anonymous> (D:\OpenSource\SnippetBox\frontend\tests\property\SnippetProperty.test.ts:106:7)

    [0m [90m 407 |[39m           console[33m.[39mlog([32m`Generated vector for snippet: ${snippetId}`[39m)[33m;[39m
     [90m 408 |[39m         } [36mcatch[39m (error) {
    [31m[1m>[22m[39m[90m 409 |[39m           console[33m.[39merror([32m`Failed to generate vector for snippet ${snippetId}:`[3
9m[33m,[39m error)[33m;[39m
     [90m     |[39m                   [31m[1m^[22m[39m
     [90m 410 |[39m         }
     [90m 411 |[39m       }
     [90m 412 |[39m     } [36mfinally[39m {[0m

      at SnippetManager.processVectorGenerationQueue (src/main/services/SnippetManager.ts:409:19)

    console.error
      Failed to generate vector for snippet snippet-4vktfpvgx: TypeError: dbManager.getDb is not a function
          at VectorStore.initialize (D:\OpenSource\SnippetBox\frontend\src\main\services\VectorStore.ts:21:26)
          at VectorStore.addVector (D:\OpenSource\SnippetBox\frontend\src\main\services\VectorStore.ts:27:10)
          at SnippetManager.processVectorGenerationQueue (D:\OpenSource\SnippetBox\frontend\src\main\services\SnippetManager.ts:406:34)
          at SnippetManager.generateVectorForSnippet (D:\OpenSource\SnippetBox\frontend\src\main\services\SnippetManager.ts:388:10)
          at SnippetManager.createSnippet (D:\OpenSource\SnippetBox\frontend\src\main\services\SnippetManager.ts:72:12)
          at processTicksAndRejections (node:internal/process/task_queues:105:5)
          at D:\OpenSource\SnippetBox\frontend\tests\property\SnippetProperty.test.ts:144:31
          at AsyncProperty.run (D:\OpenSource\SnippetBox\frontend\node_modules\fast-check\lib\cjs\fast-check.js:1208:19)
          at asyncRunIt (D:\OpenSource\SnippetBox\frontend\node_modules\fast-check\lib\cjs\fast-check.js:2503:15)
          at Object.<anonymous> (D:\OpenSource\SnippetBox\frontend\tests\property\SnippetProperty.test.ts:106:7)

    [0m [90m 407 |[39m           console[33m.[39mlog([32m`Generated vector for snippet: ${snippetId}`[39m)[33m;[39m
     [90m 408 |[39m         } [36mcatch[39m (error) {
    [31m[1m>[22m[39m[90m 409 |[39m           console[33m.[39merror([32m`Failed to generate vector for snippet ${snippetId}:`[3
9m[33m,[39m error)[33m;[39m
     [90m     |[39m                   [31m[1m^[22m[39m
     [90m 410 |[39m         }
     [90m 411 |[39m       }
     [90m 412 |[39m     } [36mfinally[39m {[0m

      at SnippetManager.processVectorGenerationQueue (src/main/services/SnippetManager.ts:409:19)

    console.error
      Failed to generate vector for snippet snippet-4bl5n9qg2: TypeError: dbManager.getDb is not a function
          at VectorStore.initialize (D:\OpenSource\SnippetBox\frontend\src\main\services\VectorStore.ts:21:26)
          at VectorStore.addVector (D:\OpenSource\SnippetBox\frontend\src\main\services\VectorStore.ts:27:10)
          at SnippetManager.processVectorGenerationQueue (D:\OpenSource\SnippetBox\frontend\src\main\services\SnippetManager.ts:406:34)
          at SnippetManager.generateVectorForSnippet (D:\OpenSource\SnippetBox\frontend\src\main\services\SnippetManager.ts:388:10)
          at SnippetManager.createSnippet (D:\OpenSource\SnippetBox\frontend\src\main\services\SnippetManager.ts:72:12)
          at processTicksAndRejections (node:internal/process/task_queues:105:5)
          at D:\OpenSource\SnippetBox\frontend\tests\property\SnippetProperty.test.ts:144:31
          at AsyncProperty.run (D:\OpenSource\SnippetBox\frontend\node_modules\fast-check\lib\cjs\fast-check.js:1208:19)
          at asyncRunIt (D:\OpenSource\SnippetBox\frontend\node_modules\fast-check\lib\cjs\fast-check.js:2503:15)
          at Object.<anonymous> (D:\OpenSource\SnippetBox\frontend\tests\property\SnippetProperty.test.ts:106:7)

    [0m [90m 407 |[39m           console[33m.[39mlog([32m`Generated vector for snippet: ${snippetId}`[39m)[33m;[39m
     [90m 408 |[39m         } [36mcatch[39m (error) {
    [31m[1m>[22m[39m[90m 409 |[39m           console[33m.[39merror([32m`Failed to generate vector for snippet ${snippetId}:`[3
9m[33m,[39m error)[33m;[39m
     [90m     |[39m                   [31m[1m^[22m[39m
     [90m 410 |[39m         }
     [90m 411 |[39m       }
     [90m 412 |[39m     } [36mfinally[39m {[0m

      at SnippetManager.processVectorGenerationQueue (src/main/services/SnippetManager.ts:409:19)

    console.error
      Failed to generate vector for snippet snippet-4nz65qrzb: TypeError: dbManager.getDb is not a function
          at VectorStore.initialize (D:\OpenSource\SnippetBox\frontend\src\main\services\VectorStore.ts:21:26)
          at VectorStore.addVector (D:\OpenSource\SnippetBox\frontend\src\main\services\VectorStore.ts:27:10)
          at SnippetManager.processVectorGenerationQueue (D:\OpenSource\SnippetBox\frontend\src\main\services\SnippetManager.ts:406:34)
          at SnippetManager.generateVectorForSnippet (D:\OpenSource\SnippetBox\frontend\src\main\services\SnippetManager.ts:388:10)
          at SnippetManager.createSnippet (D:\OpenSource\SnippetBox\frontend\src\main\services\SnippetManager.ts:72:12)
          at processTicksAndRejections (node:internal/process/task_queues:105:5)
          at D:\OpenSource\SnippetBox\frontend\tests\property\SnippetProperty.test.ts:144:31
          at AsyncProperty.run (D:\OpenSource\SnippetBox\frontend\node_modules\fast-check\lib\cjs\fast-check.js:1208:19)
          at asyncRunIt (D:\OpenSource\SnippetBox\frontend\node_modules\fast-check\lib\cjs\fast-check.js:2503:15)
          at Object.<anonymous> (D:\OpenSource\SnippetBox\frontend\tests\property\SnippetProperty.test.ts:106:7)

    [0m [90m 407 |[39m           console[33m.[39mlog([32m`Generated vector for snippet: ${snippetId}`[39m)[33m;[39m
     [90m 408 |[39m         } [36mcatch[39m (error) {
    [31m[1m>[22m[39m[90m 409 |[39m           console[33m.[39merror([32m`Failed to generate vector for snippet ${snippetId}:`[3
9m[33m,[39m error)[33m;[39m
     [90m     |[39m                   [31m[1m^[22m[39m
     [90m 410 |[39m         }
     [90m 411 |[39m       }
     [90m 412 |[39m     } [36mfinally[39m {[0m

      at SnippetManager.processVectorGenerationQueue (src/main/services/SnippetManager.ts:409:19)

    console.error
      Failed to generate vector for snippet snippet-9c6mialkp: TypeError: dbManager.getDb is not a function
          at VectorStore.initialize (D:\OpenSource\SnippetBox\frontend\src\main\services\VectorStore.ts:21:26)
          at VectorStore.addVector (D:\OpenSource\SnippetBox\frontend\src\main\services\VectorStore.ts:27:10)
          at SnippetManager.processVectorGenerationQueue (D:\OpenSource\SnippetBox\frontend\src\main\services\SnippetManager.ts:406:34)
          at SnippetManager.generateVectorForSnippet (D:\OpenSource\SnippetBox\frontend\src\main\services\SnippetManager.ts:388:10)
          at SnippetManager.createSnippet (D:\OpenSource\SnippetBox\frontend\src\main\services\SnippetManager.ts:72:12)
          at processTicksAndRejections (node:internal/process/task_queues:105:5)
          at D:\OpenSource\SnippetBox\frontend\tests\property\SnippetProperty.test.ts:144:31
          at AsyncProperty.run (D:\OpenSource\SnippetBox\frontend\node_modules\fast-check\lib\cjs\fast-check.js:1208:19)
          at asyncRunIt (D:\OpenSource\SnippetBox\frontend\node_modules\fast-check\lib\cjs\fast-check.js:2503:15)
          at Object.<anonymous> (D:\OpenSource\SnippetBox\frontend\tests\property\SnippetProperty.test.ts:106:7)

    [0m [90m 407 |[39m           console[33m.[39mlog([32m`Generated vector for snippet: ${snippetId}`[39m)[33m;[39m
     [90m 408 |[39m         } [36mcatch[39m (error) {
    [31m[1m>[22m[39m[90m 409 |[39m           console[33m.[39merror([32m`Failed to generate vector for snippet ${snippetId}:`[3
9m[33m,[39m error)[33m;[39m
     [90m     |[39m                   [31m[1m^[22m[39m
     [90m 410 |[39m         }
     [90m 411 |[39m       }
     [90m 412 |[39m     } [36mfinally[39m {[0m

      at SnippetManager.processVectorGenerationQueue (src/main/services/SnippetManager.ts:409:19)

    console.error
      Failed to generate vector for snippet snippet-47a0856wn: TypeError: dbManager.getDb is not a function
          at VectorStore.initialize (D:\OpenSource\SnippetBox\frontend\src\main\services\VectorStore.ts:21:26)
          at VectorStore.addVector (D:\OpenSource\SnippetBox\frontend\src\main\services\VectorStore.ts:27:10)
          at SnippetManager.processVectorGenerationQueue (D:\OpenSource\SnippetBox\frontend\src\main\services\SnippetManager.ts:406:34)
          at SnippetManager.generateVectorForSnippet (D:\OpenSource\SnippetBox\frontend\src\main\services\SnippetManager.ts:388:10)
          at SnippetManager.createSnippet (D:\OpenSource\SnippetBox\frontend\src\main\services\SnippetManager.ts:72:12)
          at processTicksAndRejections (node:internal/process/task_queues:105:5)
          at D:\OpenSource\SnippetBox\frontend\tests\property\SnippetProperty.test.ts:144:31
          at AsyncProperty.run (D:\OpenSource\SnippetBox\frontend\node_modules\fast-check\lib\cjs\fast-check.js:1208:19)
          at asyncRunIt (D:\OpenSource\SnippetBox\frontend\node_modules\fast-check\lib\cjs\fast-check.js:2503:15)
          at Object.<anonymous> (D:\OpenSource\SnippetBox\frontend\tests\property\SnippetProperty.test.ts:106:7)

    [0m [90m 407 |[39m           console[33m.[39mlog([32m`Generated vector for snippet: ${snippetId}`[39m)[33m;[39m
     [90m 408 |[39m         } [36mcatch[39m (error) {
    [31m[1m>[22m[39m[90m 409 |[39m           console[33m.[39merror([32m`Failed to generate vector for snippet ${snippetId}:`[3
9m[33m,[39m error)[33m;[39m
     [90m     |[39m                   [31m[1m^[22m[39m
     [90m 410 |[39m         }
     [90m 411 |[39m       }
     [90m 412 |[39m     } [36mfinally[39m {[0m

      at SnippetManager.processVectorGenerationQueue (src/main/services/SnippetManager.ts:409:19)

    console.error
      Failed to generate vector for snippet snippet-nyqfob939: TypeError: dbManager.getDb is not a function
          at VectorStore.initialize (D:\OpenSource\SnippetBox\frontend\src\main\services\VectorStore.ts:21:26)
          at VectorStore.addVector (D:\OpenSource\SnippetBox\frontend\src\main\services\VectorStore.ts:27:10)
          at SnippetManager.processVectorGenerationQueue (D:\OpenSource\SnippetBox\frontend\src\main\services\SnippetManager.ts:406:34)
          at SnippetManager.generateVectorForSnippet (D:\OpenSource\SnippetBox\frontend\src\main\services\SnippetManager.ts:388:10)
          at SnippetManager.createSnippet (D:\OpenSource\SnippetBox\frontend\src\main\services\SnippetManager.ts:72:12)
          at processTicksAndRejections (node:internal/process/task_queues:105:5)
          at D:\OpenSource\SnippetBox\frontend\tests\property\SnippetProperty.test.ts:144:31
          at AsyncProperty.run (D:\OpenSource\SnippetBox\frontend\node_modules\fast-check\lib\cjs\fast-check.js:1208:19)
          at asyncRunIt (D:\OpenSource\SnippetBox\frontend\node_modules\fast-check\lib\cjs\fast-check.js:2503:15)
          at Object.<anonymous> (D:\OpenSource\SnippetBox\frontend\tests\property\SnippetProperty.test.ts:106:7)

    [0m [90m 407 |[39m           console[33m.[39mlog([32m`Generated vector for snippet: ${snippetId}`[39m)[33m;[39m
     [90m 408 |[39m         } [36mcatch[39m (error) {
    [31m[1m>[22m[39m[90m 409 |[39m           console[33m.[39merror([32m`Failed to generate vector for snippet ${snippetId}:`[3
9m[33m,[39m error)[33m;[39m
     [90m     |[39m                   [31m[1m^[22m[39m
     [90m 410 |[39m         }
     [90m 411 |[39m       }
     [90m 412 |[39m     } [36mfinally[39m {[0m

      at SnippetManager.processVectorGenerationQueue (src/main/services/SnippetManager.ts:409:19)

    console.error
      Failed to generate vector for snippet snippet-pebyphhd2: TypeError: dbManager.getDb is not a function
          at VectorStore.initialize (D:\OpenSource\SnippetBox\frontend\src\main\services\VectorStore.ts:21:26)
          at VectorStore.addVector (D:\OpenSource\SnippetBox\frontend\src\main\services\VectorStore.ts:27:10)
          at SnippetManager.processVectorGenerationQueue (D:\OpenSource\SnippetBox\frontend\src\main\services\SnippetManager.ts:406:34)
          at SnippetManager.generateVectorForSnippet (D:\OpenSource\SnippetBox\frontend\src\main\services\SnippetManager.ts:388:10)
          at SnippetManager.createSnippet (D:\OpenSource\SnippetBox\frontend\src\main\services\SnippetManager.ts:72:12)
          at processTicksAndRejections (node:internal/process/task_queues:105:5)
          at D:\OpenSource\SnippetBox\frontend\tests\property\SnippetProperty.test.ts:144:31
          at AsyncProperty.run (D:\OpenSource\SnippetBox\frontend\node_modules\fast-check\lib\cjs\fast-check.js:1208:19)
          at asyncRunIt (D:\OpenSource\SnippetBox\frontend\node_modules\fast-check\lib\cjs\fast-check.js:2503:15)
          at Object.<anonymous> (D:\OpenSource\SnippetBox\frontend\tests\property\SnippetProperty.test.ts:106:7)

    [0m [90m 407 |[39m           console[33m.[39mlog([32m`Generated vector for snippet: ${snippetId}`[39m)[33m;[39m
     [90m 408 |[39m         } [36mcatch[39m (error) {
    [31m[1m>[22m[39m[90m 409 |[39m           console[33m.[39merror([32m`Failed to generate vector for snippet ${snippetId}:`[3
9m[33m,[39m error)[33m;[39m
     [90m     |[39m                   [31m[1m^[22m[39m
     [90m 410 |[39m         }
     [90m 411 |[39m       }
     [90m 412 |[39m     } [36mfinally[39m {[0m

      at SnippetManager.processVectorGenerationQueue (src/main/services/SnippetManager.ts:409:19)

    console.error
      Failed to generate vector for snippet snippet-rsz0x6qys: TypeError: dbManager.getDb is not a function
          at VectorStore.initialize (D:\OpenSource\SnippetBox\frontend\src\main\services\VectorStore.ts:21:26)
          at VectorStore.addVector (D:\OpenSource\SnippetBox\frontend\src\main\services\VectorStore.ts:27:10)
          at SnippetManager.processVectorGenerationQueue (D:\OpenSource\SnippetBox\frontend\src\main\services\SnippetManager.ts:406:34)
          at SnippetManager.generateVectorForSnippet (D:\OpenSource\SnippetBox\frontend\src\main\services\SnippetManager.ts:388:10)
          at SnippetManager.createSnippet (D:\OpenSource\SnippetBox\frontend\src\main\services\SnippetManager.ts:72:12)
          at processTicksAndRejections (node:internal/process/task_queues:105:5)
          at D:\OpenSource\SnippetBox\frontend\tests\property\SnippetProperty.test.ts:144:31
          at AsyncProperty.run (D:\OpenSource\SnippetBox\frontend\node_modules\fast-check\lib\cjs\fast-check.js:1208:19)
          at asyncRunIt (D:\OpenSource\SnippetBox\frontend\node_modules\fast-check\lib\cjs\fast-check.js:2503:15)
          at Object.<anonymous> (D:\OpenSource\SnippetBox\frontend\tests\property\SnippetProperty.test.ts:106:7)

    [0m [90m 407 |[39m           console[33m.[39mlog([32m`Generated vector for snippet: ${snippetId}`[39m)[33m;[39m
     [90m 408 |[39m         } [36mcatch[39m (error) {
    [31m[1m>[22m[39m[90m 409 |[39m           console[33m.[39merror([32m`Failed to generate vector for snippet ${snippetId}:`[3
9m[33m,[39m error)[33m;[39m
     [90m     |[39m                   [31m[1m^[22m[39m
     [90m 410 |[39m         }
     [90m 411 |[39m       }
     [90m 412 |[39m     } [36mfinally[39m {[0m

      at SnippetManager.processVectorGenerationQueue (src/main/services/SnippetManager.ts:409:19)

    console.error
      Failed to generate vector for snippet snippet-k22wooiou: TypeError: dbManager.getDb is not a function
          at VectorStore.initialize (D:\OpenSource\SnippetBox\frontend\src\main\services\VectorStore.ts:21:26)
          at VectorStore.addVector (D:\OpenSource\SnippetBox\frontend\src\main\services\VectorStore.ts:27:10)
          at SnippetManager.processVectorGenerationQueue (D:\OpenSource\SnippetBox\frontend\src\main\services\SnippetManager.ts:406:34)
          at SnippetManager.generateVectorForSnippet (D:\OpenSource\SnippetBox\frontend\src\main\services\SnippetManager.ts:388:10)
          at SnippetManager.createSnippet (D:\OpenSource\SnippetBox\frontend\src\main\services\SnippetManager.ts:72:12)
          at processTicksAndRejections (node:internal/process/task_queues:105:5)
          at D:\OpenSource\SnippetBox\frontend\tests\property\SnippetProperty.test.ts:144:31
          at AsyncProperty.run (D:\OpenSource\SnippetBox\frontend\node_modules\fast-check\lib\cjs\fast-check.js:1208:19)
          at asyncRunIt (D:\OpenSource\SnippetBox\frontend\node_modules\fast-check\lib\cjs\fast-check.js:2503:15)
          at Object.<anonymous> (D:\OpenSource\SnippetBox\frontend\tests\property\SnippetProperty.test.ts:106:7)

    [0m [90m 407 |[39m           console[33m.[39mlog([32m`Generated vector for snippet: ${snippetId}`[39m)[33m;[39m
     [90m 408 |[39m         } [36mcatch[39m (error) {
    [31m[1m>[22m[39m[90m 409 |[39m           console[33m.[39merror([32m`Failed to generate vector for snippet ${snippetId}:`[3
9m[33m,[39m error)[33m;[39m
     [90m     |[39m                   [31m[1m^[22m[39m
     [90m 410 |[39m         }
     [90m 411 |[39m       }
     [90m 412 |[39m     } [36mfinally[39m {[0m

      at SnippetManager.processVectorGenerationQueue (src/main/services/SnippetManager.ts:409:19)

    console.error
      Failed to generate vector for snippet snippet-0ee5wagck: TypeError: dbManager.getDb is not a function
          at VectorStore.initialize (D:\OpenSource\SnippetBox\frontend\src\main\services\VectorStore.ts:21:26)
          at VectorStore.addVector (D:\OpenSource\SnippetBox\frontend\src\main\services\VectorStore.ts:27:10)
          at SnippetManager.processVectorGenerationQueue (D:\OpenSource\SnippetBox\frontend\src\main\services\SnippetManager.ts:406:34)
          at SnippetManager.generateVectorForSnippet (D:\OpenSource\SnippetBox\frontend\src\main\services\SnippetManager.ts:388:10)
          at SnippetManager.createSnippet (D:\OpenSource\SnippetBox\frontend\src\main\services\SnippetManager.ts:72:12)
          at processTicksAndRejections (node:internal/process/task_queues:105:5)
          at D:\OpenSource\SnippetBox\frontend\tests\property\SnippetProperty.test.ts:144:31
          at AsyncProperty.run (D:\OpenSource\SnippetBox\frontend\node_modules\fast-check\lib\cjs\fast-check.js:1208:19)
          at asyncRunIt (D:\OpenSource\SnippetBox\frontend\node_modules\fast-check\lib\cjs\fast-check.js:2503:15)
          at Object.<anonymous> (D:\OpenSource\SnippetBox\frontend\tests\property\SnippetProperty.test.ts:106:7)

    [0m [90m 407 |[39m           console[33m.[39mlog([32m`Generated vector for snippet: ${snippetId}`[39m)[33m;[39m
     [90m 408 |[39m         } [36mcatch[39m (error) {
    [31m[1m>[22m[39m[90m 409 |[39m           console[33m.[39merror([32m`Failed to generate vector for snippet ${snippetId}:`[3
9m[33m,[39m error)[33m;[39m
     [90m     |[39m                   [31m[1m^[22m[39m
     [90m 410 |[39m         }
     [90m 411 |[39m       }
     [90m 412 |[39m     } [36mfinally[39m {[0m

      at SnippetManager.processVectorGenerationQueue (src/main/services/SnippetManager.ts:409:19)

    console.error
      Failed to generate vector for snippet snippet-qqi25le8s: TypeError: dbManager.getDb is not a function
          at VectorStore.initialize (D:\OpenSource\SnippetBox\frontend\src\main\services\VectorStore.ts:21:26)
          at VectorStore.addVector (D:\OpenSource\SnippetBox\frontend\src\main\services\VectorStore.ts:27:10)
          at SnippetManager.processVectorGenerationQueue (D:\OpenSource\SnippetBox\frontend\src\main\services\SnippetManager.ts:406:34)
          at SnippetManager.generateVectorForSnippet (D:\OpenSource\SnippetBox\frontend\src\main\services\SnippetManager.ts:388:10)
          at SnippetManager.createSnippet (D:\OpenSource\SnippetBox\frontend\src\main\services\SnippetManager.ts:72:12)
          at processTicksAndRejections (node:internal/process/task_queues:105:5)
          at D:\OpenSource\SnippetBox\frontend\tests\property\SnippetProperty.test.ts:144:31
          at AsyncProperty.run (D:\OpenSource\SnippetBox\frontend\node_modules\fast-check\lib\cjs\fast-check.js:1208:19)
          at asyncRunIt (D:\OpenSource\SnippetBox\frontend\node_modules\fast-check\lib\cjs\fast-check.js:2503:15)
          at Object.<anonymous> (D:\OpenSource\SnippetBox\frontend\tests\property\SnippetProperty.test.ts:106:7)

    [0m [90m 407 |[39m           console[33m.[39mlog([32m`Generated vector for snippet: ${snippetId}`[39m)[33m;[39m
     [90m 408 |[39m         } [36mcatch[39m (error) {
    [31m[1m>[22m[39m[90m 409 |[39m           console[33m.[39merror([32m`Failed to generate vector for snippet ${snippetId}:`[3
9m[33m,[39m error)[33m;[39m
     [90m     |[39m                   [31m[1m^[22m[39m
     [90m 410 |[39m         }
     [90m 411 |[39m       }
     [90m 412 |[39m     } [36mfinally[39m {[0m

      at SnippetManager.processVectorGenerationQueue (src/main/services/SnippetManager.ts:409:19)

    console.error
      Failed to generate vector for snippet snippet-d6vh42jc3: TypeError: dbManager.getDb is not a function
          at VectorStore.initialize (D:\OpenSource\SnippetBox\frontend\src\main\services\VectorStore.ts:21:26)
          at VectorStore.addVector (D:\OpenSource\SnippetBox\frontend\src\main\services\VectorStore.ts:27:10)
          at SnippetManager.processVectorGenerationQueue (D:\OpenSource\SnippetBox\frontend\src\main\services\SnippetManager.ts:406:34)
          at SnippetManager.generateVectorForSnippet (D:\OpenSource\SnippetBox\frontend\src\main\services\SnippetManager.ts:388:10)
          at SnippetManager.createSnippet (D:\OpenSource\SnippetBox\frontend\src\main\services\SnippetManager.ts:72:12)
          at processTicksAndRejections (node:internal/process/task_queues:105:5)
          at D:\OpenSource\SnippetBox\frontend\tests\property\SnippetProperty.test.ts:144:31
          at AsyncProperty.run (D:\OpenSource\SnippetBox\frontend\node_modules\fast-check\lib\cjs\fast-check.js:1208:19)
          at asyncRunIt (D:\OpenSource\SnippetBox\frontend\node_modules\fast-check\lib\cjs\fast-check.js:2503:15)
          at Object.<anonymous> (D:\OpenSource\SnippetBox\frontend\tests\property\SnippetProperty.test.ts:106:7)

    [0m [90m 407 |[39m           console[33m.[39mlog([32m`Generated vector for snippet: ${snippetId}`[39m)[33m;[39m
     [90m 408 |[39m         } [36mcatch[39m (error) {
    [31m[1m>[22m[39m[90m 409 |[39m           console[33m.[39merror([32m`Failed to generate vector for snippet ${snippetId}:`[3
9m[33m,[39m error)[33m;[39m
     [90m     |[39m                   [31m[1m^[22m[39m
     [90m 410 |[39m         }
     [90m 411 |[39m       }
     [90m 412 |[39m     } [36mfinally[39m {[0m

      at SnippetManager.processVectorGenerationQueue (src/main/services/SnippetManager.ts:409:19)

    console.error
      Failed to generate vector for snippet snippet-nwu4rmswh: TypeError: dbManager.getDb is not a function
          at VectorStore.initialize (D:\OpenSource\SnippetBox\frontend\src\main\services\VectorStore.ts:21:26)
          at VectorStore.addVector (D:\OpenSource\SnippetBox\frontend\src\main\services\VectorStore.ts:27:10)
          at SnippetManager.processVectorGenerationQueue (D:\OpenSource\SnippetBox\frontend\src\main\services\SnippetManager.ts:406:34)
          at SnippetManager.generateVectorForSnippet (D:\OpenSource\SnippetBox\frontend\src\main\services\SnippetManager.ts:388:10)
          at SnippetManager.createSnippet (D:\OpenSource\SnippetBox\frontend\src\main\services\SnippetManager.ts:72:12)
          at processTicksAndRejections (node:internal/process/task_queues:105:5)
          at D:\OpenSource\SnippetBox\frontend\tests\property\SnippetProperty.test.ts:144:31
          at AsyncProperty.run (D:\OpenSource\SnippetBox\frontend\node_modules\fast-check\lib\cjs\fast-check.js:1208:19)
          at asyncRunIt (D:\OpenSource\SnippetBox\frontend\node_modules\fast-check\lib\cjs\fast-check.js:2503:15)
          at Object.<anonymous> (D:\OpenSource\SnippetBox\frontend\tests\property\SnippetProperty.test.ts:106:7)

    [0m [90m 407 |[39m           console[33m.[39mlog([32m`Generated vector for snippet: ${snippetId}`[39m)[33m;[39m
     [90m 408 |[39m         } [36mcatch[39m (error) {
    [31m[1m>[22m[39m[90m 409 |[39m           console[33m.[39merror([32m`Failed to generate vector for snippet ${snippetId}:`[3
9m[33m,[39m error)[33m;[39m
     [90m     |[39m                   [31m[1m^[22m[39m
     [90m 410 |[39m         }
     [90m 411 |[39m       }
     [90m 412 |[39m     } [36mfinally[39m {[0m

      at SnippetManager.processVectorGenerationQueue (src/main/services/SnippetManager.ts:409:19)

    console.error
      Failed to generate vector for snippet snippet-yh6zw35h4: TypeError: dbManager.getDb is not a function
          at VectorStore.initialize (D:\OpenSource\SnippetBox\frontend\src\main\services\VectorStore.ts:21:26)
          at VectorStore.addVector (D:\OpenSource\SnippetBox\frontend\src\main\services\VectorStore.ts:27:10)
          at SnippetManager.processVectorGenerationQueue (D:\OpenSource\SnippetBox\frontend\src\main\services\SnippetManager.ts:406:34)
          at SnippetManager.generateVectorForSnippet (D:\OpenSource\SnippetBox\frontend\src\main\services\SnippetManager.ts:388:10)
          at SnippetManager.createSnippet (D:\OpenSource\SnippetBox\frontend\src\main\services\SnippetManager.ts:72:12)
          at processTicksAndRejections (node:internal/process/task_queues:105:5)
          at D:\OpenSource\SnippetBox\frontend\tests\property\SnippetProperty.test.ts:144:31
          at AsyncProperty.run (D:\OpenSource\SnippetBox\frontend\node_modules\fast-check\lib\cjs\fast-check.js:1208:19)
          at asyncRunIt (D:\OpenSource\SnippetBox\frontend\node_modules\fast-check\lib\cjs\fast-check.js:2503:15)
          at Object.<anonymous> (D:\OpenSource\SnippetBox\frontend\tests\property\SnippetProperty.test.ts:106:7)

    [0m [90m 407 |[39m           console[33m.[39mlog([32m`Generated vector for snippet: ${snippetId}`[39m)[33m;[39m
     [90m 408 |[39m         } [36mcatch[39m (error) {
    [31m[1m>[22m[39m[90m 409 |[39m           console[33m.[39merror([32m`Failed to generate vector for snippet ${snippetId}:`[3
9m[33m,[39m error)[33m;[39m
     [90m     |[39m                   [31m[1m^[22m[39m
     [90m 410 |[39m         }
     [90m 411 |[39m       }
     [90m 412 |[39m     } [36mfinally[39m {[0m

      at SnippetManager.processVectorGenerationQueue (src/main/services/SnippetManager.ts:409:19)

    console.error
      Failed to generate vector for snippet snippet-fbzfouq0n: TypeError: dbManager.getDb is not a function
          at VectorStore.initialize (D:\OpenSource\SnippetBox\frontend\src\main\services\VectorStore.ts:21:26)
          at VectorStore.addVector (D:\OpenSource\SnippetBox\frontend\src\main\services\VectorStore.ts:27:10)
          at SnippetManager.processVectorGenerationQueue (D:\OpenSource\SnippetBox\frontend\src\main\services\SnippetManager.ts:406:34)
          at SnippetManager.generateVectorForSnippet (D:\OpenSource\SnippetBox\frontend\src\main\services\SnippetManager.ts:388:10)
          at SnippetManager.createSnippet (D:\OpenSource\SnippetBox\frontend\src\main\services\SnippetManager.ts:72:12)
          at processTicksAndRejections (node:internal/process/task_queues:105:5)
          at D:\OpenSource\SnippetBox\frontend\tests\property\SnippetProperty.test.ts:144:31
          at AsyncProperty.run (D:\OpenSource\SnippetBox\frontend\node_modules\fast-check\lib\cjs\fast-check.js:1208:19)
          at asyncRunIt (D:\OpenSource\SnippetBox\frontend\node_modules\fast-check\lib\cjs\fast-check.js:2503:15)
          at Object.<anonymous> (D:\OpenSource\SnippetBox\frontend\tests\property\SnippetProperty.test.ts:106:7)

    [0m [90m 407 |[39m           console[33m.[39mlog([32m`Generated vector for snippet: ${snippetId}`[39m)[33m;[39m
     [90m 408 |[39m         } [36mcatch[39m (error) {
    [31m[1m>[22m[39m[90m 409 |[39m           console[33m.[39merror([32m`Failed to generate vector for snippet ${snippetId}:`[3
9m[33m,[39m error)[33m;[39m
     [90m     |[39m                   [31m[1m^[22m[39m
     [90m 410 |[39m         }
     [90m 411 |[39m       }
     [90m 412 |[39m     } [36mfinally[39m {[0m

      at SnippetManager.processVectorGenerationQueue (src/main/services/SnippetManager.ts:409:19)

    console.error
      Failed to generate vector for snippet snippet-c2mk9ma5v: TypeError: dbManager.getDb is not a function
          at VectorStore.initialize (D:\OpenSource\SnippetBox\frontend\src\main\services\VectorStore.ts:21:26)
          at VectorStore.addVector (D:\OpenSource\SnippetBox\frontend\src\main\services\VectorStore.ts:27:10)
          at SnippetManager.processVectorGenerationQueue (D:\OpenSource\SnippetBox\frontend\src\main\services\SnippetManager.ts:406:34)
          at SnippetManager.generateVectorForSnippet (D:\OpenSource\SnippetBox\frontend\src\main\services\SnippetManager.ts:388:10)
          at SnippetManager.createSnippet (D:\OpenSource\SnippetBox\frontend\src\main\services\SnippetManager.ts:72:12)
          at processTicksAndRejections (node:internal/process/task_queues:105:5)
          at D:\OpenSource\SnippetBox\frontend\tests\property\SnippetProperty.test.ts:144:31
          at AsyncProperty.run (D:\OpenSource\SnippetBox\frontend\node_modules\fast-check\lib\cjs\fast-check.js:1208:19)
          at asyncRunIt (D:\OpenSource\SnippetBox\frontend\node_modules\fast-check\lib\cjs\fast-check.js:2503:15)
          at Object.<anonymous> (D:\OpenSource\SnippetBox\frontend\tests\property\SnippetProperty.test.ts:106:7)

    [0m [90m 407 |[39m           console[33m.[39mlog([32m`Generated vector for snippet: ${snippetId}`[39m)[33m;[39m
     [90m 408 |[39m         } [36mcatch[39m (error) {
    [31m[1m>[22m[39m[90m 409 |[39m           console[33m.[39merror([32m`Failed to generate vector for snippet ${snippetId}:`[3
9m[33m,[39m error)[33m;[39m
     [90m     |[39m                   [31m[1m^[22m[39m
     [90m 410 |[39m         }
     [90m 411 |[39m       }
     [90m 412 |[39m     } [36mfinally[39m {[0m

      at SnippetManager.processVectorGenerationQueue (src/main/services/SnippetManager.ts:409:19)

    console.error
      Failed to generate vector for snippet snippet-9soi7z0b4: TypeError: dbManager.getDb is not a function
          at VectorStore.initialize (D:\OpenSource\SnippetBox\frontend\src\main\services\VectorStore.ts:21:26)
          at VectorStore.addVector (D:\OpenSource\SnippetBox\frontend\src\main\services\VectorStore.ts:27:10)
          at SnippetManager.processVectorGenerationQueue (D:\OpenSource\SnippetBox\frontend\src\main\services\SnippetManager.ts:406:34)
          at SnippetManager.generateVectorForSnippet (D:\OpenSource\SnippetBox\frontend\src\main\services\SnippetManager.ts:388:10)
          at SnippetManager.createSnippet (D:\OpenSource\SnippetBox\frontend\src\main\services\SnippetManager.ts:72:12)
          at processTicksAndRejections (node:internal/process/task_queues:105:5)
          at D:\OpenSource\SnippetBox\frontend\tests\property\SnippetProperty.test.ts:144:31
          at AsyncProperty.run (D:\OpenSource\SnippetBox\frontend\node_modules\fast-check\lib\cjs\fast-check.js:1208:19)
          at asyncRunIt (D:\OpenSource\SnippetBox\frontend\node_modules\fast-check\lib\cjs\fast-check.js:2503:15)
          at Object.<anonymous> (D:\OpenSource\SnippetBox\frontend\tests\property\SnippetProperty.test.ts:106:7)

    [0m [90m 407 |[39m           console[33m.[39mlog([32m`Generated vector for snippet: ${snippetId}`[39m)[33m;[39m
     [90m 408 |[39m         } [36mcatch[39m (error) {
    [31m[1m>[22m[39m[90m 409 |[39m           console[33m.[39merror([32m`Failed to generate vector for snippet ${snippetId}:`[3
9m[33m,[39m error)[33m;[39m
     [90m     |[39m                   [31m[1m^[22m[39m
     [90m 410 |[39m         }
     [90m 411 |[39m       }
     [90m 412 |[39m     } [36mfinally[39m {[0m

      at SnippetManager.processVectorGenerationQueue (src/main/services/SnippetManager.ts:409:19)

    console.error
      Failed to generate vector for snippet snippet-tyc3l70to: TypeError: dbManager.getDb is not a function
          at VectorStore.initialize (D:\OpenSource\SnippetBox\frontend\src\main\services\VectorStore.ts:21:26)
          at VectorStore.addVector (D:\OpenSource\SnippetBox\frontend\src\main\services\VectorStore.ts:27:10)
          at SnippetManager.processVectorGenerationQueue (D:\OpenSource\SnippetBox\frontend\src\main\services\SnippetManager.ts:406:34)
          at SnippetManager.generateVectorForSnippet (D:\OpenSource\SnippetBox\frontend\src\main\services\SnippetManager.ts:388:10)
          at SnippetManager.createSnippet (D:\OpenSource\SnippetBox\frontend\src\main\services\SnippetManager.ts:72:12)
          at processTicksAndRejections (node:internal/process/task_queues:105:5)
          at D:\OpenSource\SnippetBox\frontend\tests\property\SnippetProperty.test.ts:144:31
          at AsyncProperty.run (D:\OpenSource\SnippetBox\frontend\node_modules\fast-check\lib\cjs\fast-check.js:1208:19)
          at asyncRunIt (D:\OpenSource\SnippetBox\frontend\node_modules\fast-check\lib\cjs\fast-check.js:2503:15)
          at Object.<anonymous> (D:\OpenSource\SnippetBox\frontend\tests\property\SnippetProperty.test.ts:106:7)

    [0m [90m 407 |[39m           console[33m.[39mlog([32m`Generated vector for snippet: ${snippetId}`[39m)[33m;[39m
     [90m 408 |[39m         } [36mcatch[39m (error) {
    [31m[1m>[22m[39m[90m 409 |[39m           console[33m.[39merror([32m`Failed to generate vector for snippet ${snippetId}:`[3
9m[33m,[39m error)[33m;[39m
     [90m     |[39m                   [31m[1m^[22m[39m
     [90m 410 |[39m         }
     [90m 411 |[39m       }
     [90m 412 |[39m     } [36mfinally[39m {[0m

      at SnippetManager.processVectorGenerationQueue (src/main/services/SnippetManager.ts:409:19)

    console.error
      Failed to generate vector for snippet snippet-rr1st1sjx: TypeError: dbManager.getDb is not a function
          at VectorStore.initialize (D:\OpenSource\SnippetBox\frontend\src\main\services\VectorStore.ts:21:26)
          at VectorStore.addVector (D:\OpenSource\SnippetBox\frontend\src\main\services\VectorStore.ts:27:10)
          at SnippetManager.processVectorGenerationQueue (D:\OpenSource\SnippetBox\frontend\src\main\services\SnippetManager.ts:406:34)
          at SnippetManager.generateVectorForSnippet (D:\OpenSource\SnippetBox\frontend\src\main\services\SnippetManager.ts:388:10)
          at SnippetManager.createSnippet (D:\OpenSource\SnippetBox\frontend\src\main\services\SnippetManager.ts:72:12)
          at processTicksAndRejections (node:internal/process/task_queues:105:5)
          at D:\OpenSource\SnippetBox\frontend\tests\property\SnippetProperty.test.ts:144:31
          at AsyncProperty.run (D:\OpenSource\SnippetBox\frontend\node_modules\fast-check\lib\cjs\fast-check.js:1208:19)
          at asyncRunIt (D:\OpenSource\SnippetBox\frontend\node_modules\fast-check\lib\cjs\fast-check.js:2503:15)
          at Object.<anonymous> (D:\OpenSource\SnippetBox\frontend\tests\property\SnippetProperty.test.ts:106:7)

    [0m [90m 407 |[39m           console[33m.[39mlog([32m`Generated vector for snippet: ${snippetId}`[39m)[33m;[39m
     [90m 408 |[39m         } [36mcatch[39m (error) {
    [31m[1m>[22m[39m[90m 409 |[39m           console[33m.[39merror([32m`Failed to generate vector for snippet ${snippetId}:`[3
9m[33m,[39m error)[33m;[39m
     [90m     |[39m                   [31m[1m^[22m[39m
     [90m 410 |[39m         }
     [90m 411 |[39m       }
     [90m 412 |[39m     } [36mfinally[39m {[0m

      at SnippetManager.processVectorGenerationQueue (src/main/services/SnippetManager.ts:409:19)

    console.error
      Failed to generate vector for snippet snippet-lytwhm2cz: TypeError: dbManager.getDb is not a function
          at VectorStore.initialize (D:\OpenSource\SnippetBox\frontend\src\main\services\VectorStore.ts:21:26)
          at VectorStore.addVector (D:\OpenSource\SnippetBox\frontend\src\main\services\VectorStore.ts:27:10)
          at SnippetManager.processVectorGenerationQueue (D:\OpenSource\SnippetBox\frontend\src\main\services\SnippetManager.ts:406:34)
          at SnippetManager.generateVectorForSnippet (D:\OpenSource\SnippetBox\frontend\src\main\services\SnippetManager.ts:388:10)
          at SnippetManager.createSnippet (D:\OpenSource\SnippetBox\frontend\src\main\services\SnippetManager.ts:72:12)
          at processTicksAndRejections (node:internal/process/task_queues:105:5)
          at D:\OpenSource\SnippetBox\frontend\tests\property\SnippetProperty.test.ts:144:31
          at AsyncProperty.run (D:\OpenSource\SnippetBox\frontend\node_modules\fast-check\lib\cjs\fast-check.js:1208:19)
          at asyncRunIt (D:\OpenSource\SnippetBox\frontend\node_modules\fast-check\lib\cjs\fast-check.js:2503:15)
          at Object.<anonymous> (D:\OpenSource\SnippetBox\frontend\tests\property\SnippetProperty.test.ts:106:7)

    [0m [90m 407 |[39m           console[33m.[39mlog([32m`Generated vector for snippet: ${snippetId}`[39m)[33m;[39m
     [90m 408 |[39m         } [36mcatch[39m (error) {
    [31m[1m>[22m[39m[90m 409 |[39m           console[33m.[39merror([32m`Failed to generate vector for snippet ${snippetId}:`[3
9m[33m,[39m error)[33m;[39m
     [90m     |[39m                   [31m[1m^[22m[39m
     [90m 410 |[39m         }
     [90m 411 |[39m       }
     [90m 412 |[39m     } [36mfinally[39m {[0m

      at SnippetManager.processVectorGenerationQueue (src/main/services/SnippetManager.ts:409:19)

    console.error
      Failed to generate vector for snippet snippet-rphtzmdkw: TypeError: dbManager.getDb is not a function
          at VectorStore.initialize (D:\OpenSource\SnippetBox\frontend\src\main\services\VectorStore.ts:21:26)
          at VectorStore.addVector (D:\OpenSource\SnippetBox\frontend\src\main\services\VectorStore.ts:27:10)
          at SnippetManager.processVectorGenerationQueue (D:\OpenSource\SnippetBox\frontend\src\main\services\SnippetManager.ts:406:34)
          at SnippetManager.generateVectorForSnippet (D:\OpenSource\SnippetBox\frontend\src\main\services\SnippetManager.ts:388:10)
          at SnippetManager.createSnippet (D:\OpenSource\SnippetBox\frontend\src\main\services\SnippetManager.ts:72:12)
          at processTicksAndRejections (node:internal/process/task_queues:105:5)
          at D:\OpenSource\SnippetBox\frontend\tests\property\SnippetProperty.test.ts:144:31
          at AsyncProperty.run (D:\OpenSource\SnippetBox\frontend\node_modules\fast-check\lib\cjs\fast-check.js:1208:19)
          at asyncRunIt (D:\OpenSource\SnippetBox\frontend\node_modules\fast-check\lib\cjs\fast-check.js:2503:15)
          at Object.<anonymous> (D:\OpenSource\SnippetBox\frontend\tests\property\SnippetProperty.test.ts:106:7)

    [0m [90m 407 |[39m           console[33m.[39mlog([32m`Generated vector for snippet: ${snippetId}`[39m)[33m;[39m
     [90m 408 |[39m         } [36mcatch[39m (error) {
    [31m[1m>[22m[39m[90m 409 |[39m           console[33m.[39merror([32m`Failed to generate vector for snippet ${snippetId}:`[3
9m[33m,[39m error)[33m;[39m
     [90m     |[39m                   [31m[1m^[22m[39m
     [90m 410 |[39m         }
     [90m 411 |[39m       }
     [90m 412 |[39m     } [36mfinally[39m {[0m

      at SnippetManager.processVectorGenerationQueue (src/main/services/SnippetManager.ts:409:19)

    console.error
      Failed to generate vector for snippet snippet-4xa0ttlbg: TypeError: dbManager.getDb is not a function
          at VectorStore.initialize (D:\OpenSource\SnippetBox\frontend\src\main\services\VectorStore.ts:21:26)
          at VectorStore.addVector (D:\OpenSource\SnippetBox\frontend\src\main\services\VectorStore.ts:27:10)
          at SnippetManager.processVectorGenerationQueue (D:\OpenSource\SnippetBox\frontend\src\main\services\SnippetManager.ts:406:34)
          at SnippetManager.generateVectorForSnippet (D:\OpenSource\SnippetBox\frontend\src\main\services\SnippetManager.ts:388:10)
          at SnippetManager.createSnippet (D:\OpenSource\SnippetBox\frontend\src\main\services\SnippetManager.ts:72:12)
          at processTicksAndRejections (node:internal/process/task_queues:105:5)
          at D:\OpenSource\SnippetBox\frontend\tests\property\SnippetProperty.test.ts:144:31
          at AsyncProperty.run (D:\OpenSource\SnippetBox\frontend\node_modules\fast-check\lib\cjs\fast-check.js:1208:19)
          at asyncRunIt (D:\OpenSource\SnippetBox\frontend\node_modules\fast-check\lib\cjs\fast-check.js:2503:15)
          at Object.<anonymous> (D:\OpenSource\SnippetBox\frontend\tests\property\SnippetProperty.test.ts:106:7)

    [0m [90m 407 |[39m           console[33m.[39mlog([32m`Generated vector for snippet: ${snippetId}`[39m)[33m;[39m
     [90m 408 |[39m         } [36mcatch[39m (error) {
    [31m[1m>[22m[39m[90m 409 |[39m           console[33m.[39merror([32m`Failed to generate vector for snippet ${snippetId}:`[3
9m[33m,[39m error)[33m;[39m
     [90m     |[39m                   [31m[1m^[22m[39m
     [90m 410 |[39m         }
     [90m 411 |[39m       }
     [90m 412 |[39m     } [36mfinally[39m {[0m

      at SnippetManager.processVectorGenerationQueue (src/main/services/SnippetManager.ts:409:19)

    console.error
      Failed to generate vector for snippet snippet-f1bjknp07: TypeError: dbManager.getDb is not a function
          at VectorStore.initialize (D:\OpenSource\SnippetBox\frontend\src\main\services\VectorStore.ts:21:26)
          at VectorStore.addVector (D:\OpenSource\SnippetBox\frontend\src\main\services\VectorStore.ts:27:10)
          at SnippetManager.processVectorGenerationQueue (D:\OpenSource\SnippetBox\frontend\src\main\services\SnippetManager.ts:406:34)
          at SnippetManager.generateVectorForSnippet (D:\OpenSource\SnippetBox\frontend\src\main\services\SnippetManager.ts:388:10)
          at SnippetManager.createSnippet (D:\OpenSource\SnippetBox\frontend\src\main\services\SnippetManager.ts:72:12)
          at processTicksAndRejections (node:internal/process/task_queues:105:5)
          at D:\OpenSource\SnippetBox\frontend\tests\property\SnippetProperty.test.ts:144:31
          at AsyncProperty.run (D:\OpenSource\SnippetBox\frontend\node_modules\fast-check\lib\cjs\fast-check.js:1208:19)
          at asyncRunIt (D:\OpenSource\SnippetBox\frontend\node_modules\fast-check\lib\cjs\fast-check.js:2503:15)
          at Object.<anonymous> (D:\OpenSource\SnippetBox\frontend\tests\property\SnippetProperty.test.ts:106:7)

    [0m [90m 407 |[39m           console[33m.[39mlog([32m`Generated vector for snippet: ${snippetId}`[39m)[33m;[39m
     [90m 408 |[39m         } [36mcatch[39m (error) {
    [31m[1m>[22m[39m[90m 409 |[39m           console[33m.[39merror([32m`Failed to generate vector for snippet ${snippetId}:`[3
9m[33m,[39m error)[33m;[39m
     [90m     |[39m                   [31m[1m^[22m[39m
     [90m 410 |[39m         }
     [90m 411 |[39m       }
     [90m 412 |[39m     } [36mfinally[39m {[0m

      at SnippetManager.processVectorGenerationQueue (src/main/services/SnippetManager.ts:409:19)

    console.error
      Failed to generate vector for snippet snippet-btvw5i1r0: TypeError: dbManager.getDb is not a function
          at VectorStore.initialize (D:\OpenSource\SnippetBox\frontend\src\main\services\VectorStore.ts:21:26)
          at VectorStore.addVector (D:\OpenSource\SnippetBox\frontend\src\main\services\VectorStore.ts:27:10)
          at SnippetManager.processVectorGenerationQueue (D:\OpenSource\SnippetBox\frontend\src\main\services\SnippetManager.ts:406:34)
          at SnippetManager.generateVectorForSnippet (D:\OpenSource\SnippetBox\frontend\src\main\services\SnippetManager.ts:388:10)
          at SnippetManager.createSnippet (D:\OpenSource\SnippetBox\frontend\src\main\services\SnippetManager.ts:72:12)
          at processTicksAndRejections (node:internal/process/task_queues:105:5)
          at D:\OpenSource\SnippetBox\frontend\tests\property\SnippetProperty.test.ts:144:31
          at AsyncProperty.run (D:\OpenSource\SnippetBox\frontend\node_modules\fast-check\lib\cjs\fast-check.js:1208:19)
          at asyncRunIt (D:\OpenSource\SnippetBox\frontend\node_modules\fast-check\lib\cjs\fast-check.js:2503:15)
          at Object.<anonymous> (D:\OpenSource\SnippetBox\frontend\tests\property\SnippetProperty.test.ts:106:7)

    [0m [90m 407 |[39m           console[33m.[39mlog([32m`Generated vector for snippet: ${snippetId}`[39m)[33m;[39m
     [90m 408 |[39m         } [36mcatch[39m (error) {
    [31m[1m>[22m[39m[90m 409 |[39m           console[33m.[39merror([32m`Failed to generate vector for snippet ${snippetId}:`[3
9m[33m,[39m error)[33m;[39m
     [90m     |[39m                   [31m[1m^[22m[39m
     [90m 410 |[39m         }
     [90m 411 |[39m       }
     [90m 412 |[39m     } [36mfinally[39m {[0m

      at SnippetManager.processVectorGenerationQueue (src/main/services/SnippetManager.ts:409:19)

    console.error
      Failed to generate vector for snippet snippet-ust2ye8bi: TypeError: dbManager.getDb is not a function
          at VectorStore.initialize (D:\OpenSource\SnippetBox\frontend\src\main\services\VectorStore.ts:21:26)
          at VectorStore.addVector (D:\OpenSource\SnippetBox\frontend\src\main\services\VectorStore.ts:27:10)
          at SnippetManager.processVectorGenerationQueue (D:\OpenSource\SnippetBox\frontend\src\main\services\SnippetManager.ts:406:34)
          at SnippetManager.generateVectorForSnippet (D:\OpenSource\SnippetBox\frontend\src\main\services\SnippetManager.ts:388:10)
          at SnippetManager.createSnippet (D:\OpenSource\SnippetBox\frontend\src\main\services\SnippetManager.ts:72:12)
          at processTicksAndRejections (node:internal/process/task_queues:105:5)
          at D:\OpenSource\SnippetBox\frontend\tests\property\SnippetProperty.test.ts:144:31
          at AsyncProperty.run (D:\OpenSource\SnippetBox\frontend\node_modules\fast-check\lib\cjs\fast-check.js:1208:19)
          at asyncRunIt (D:\OpenSource\SnippetBox\frontend\node_modules\fast-check\lib\cjs\fast-check.js:2503:15)
          at Object.<anonymous> (D:\OpenSource\SnippetBox\frontend\tests\property\SnippetProperty.test.ts:106:7)

    [0m [90m 407 |[39m           console[33m.[39mlog([32m`Generated vector for snippet: ${snippetId}`[39m)[33m;[39m
     [90m 408 |[39m         } [36mcatch[39m (error) {
    [31m[1m>[22m[39m[90m 409 |[39m           console[33m.[39merror([32m`Failed to generate vector for snippet ${snippetId}:`[3
9m[33m,[39m error)[33m;[39m
     [90m     |[39m                   [31m[1m^[22m[39m
     [90m 410 |[39m         }
     [90m 411 |[39m       }
     [90m 412 |[39m     } [36mfinally[39m {[0m

      at SnippetManager.processVectorGenerationQueue (src/main/services/SnippetManager.ts:409:19)

    console.error
      Failed to generate vector for snippet snippet-3a14ukhar: TypeError: dbManager.getDb is not a function
          at VectorStore.initialize (D:\OpenSource\SnippetBox\frontend\src\main\services\VectorStore.ts:21:26)
          at VectorStore.addVector (D:\OpenSource\SnippetBox\frontend\src\main\services\VectorStore.ts:27:10)
          at SnippetManager.processVectorGenerationQueue (D:\OpenSource\SnippetBox\frontend\src\main\services\SnippetManager.ts:406:34)
          at SnippetManager.generateVectorForSnippet (D:\OpenSource\SnippetBox\frontend\src\main\services\SnippetManager.ts:388:10)
          at SnippetManager.createSnippet (D:\OpenSource\SnippetBox\frontend\src\main\services\SnippetManager.ts:72:12)
          at processTicksAndRejections (node:internal/process/task_queues:105:5)
          at D:\OpenSource\SnippetBox\frontend\tests\property\SnippetProperty.test.ts:144:31
          at AsyncProperty.run (D:\OpenSource\SnippetBox\frontend\node_modules\fast-check\lib\cjs\fast-check.js:1208:19)
          at asyncRunIt (D:\OpenSource\SnippetBox\frontend\node_modules\fast-check\lib\cjs\fast-check.js:2503:15)
          at Object.<anonymous> (D:\OpenSource\SnippetBox\frontend\tests\property\SnippetProperty.test.ts:106:7)

    [0m [90m 407 |[39m           console[33m.[39mlog([32m`Generated vector for snippet: ${snippetId}`[39m)[33m;[39m
     [90m 408 |[39m         } [36mcatch[39m (error) {
    [31m[1m>[22m[39m[90m 409 |[39m           console[33m.[39merror([32m`Failed to generate vector for snippet ${snippetId}:`[3
9m[33m,[39m error)[33m;[39m
     [90m     |[39m                   [31m[1m^[22m[39m
     [90m 410 |[39m         }
     [90m 411 |[39m       }
     [90m 412 |[39m     } [36mfinally[39m {[0m

      at SnippetManager.processVectorGenerationQueue (src/main/services/SnippetManager.ts:409:19)

    console.error
      Failed to generate vector for snippet snippet-tg80s3puk: TypeError: dbManager.getDb is not a function
          at VectorStore.initialize (D:\OpenSource\SnippetBox\frontend\src\main\services\VectorStore.ts:21:26)
          at VectorStore.addVector (D:\OpenSource\SnippetBox\frontend\src\main\services\VectorStore.ts:27:10)
          at SnippetManager.processVectorGenerationQueue (D:\OpenSource\SnippetBox\frontend\src\main\services\SnippetManager.ts:406:34)
          at SnippetManager.generateVectorForSnippet (D:\OpenSource\SnippetBox\frontend\src\main\services\SnippetManager.ts:388:10)
          at SnippetManager.createSnippet (D:\OpenSource\SnippetBox\frontend\src\main\services\SnippetManager.ts:72:12)
          at processTicksAndRejections (node:internal/process/task_queues:105:5)
          at D:\OpenSource\SnippetBox\frontend\tests\property\SnippetProperty.test.ts:144:31
          at AsyncProperty.run (D:\OpenSource\SnippetBox\frontend\node_modules\fast-check\lib\cjs\fast-check.js:1208:19)
          at asyncRunIt (D:\OpenSource\SnippetBox\frontend\node_modules\fast-check\lib\cjs\fast-check.js:2503:15)
          at Object.<anonymous> (D:\OpenSource\SnippetBox\frontend\tests\property\SnippetProperty.test.ts:106:7)

    [0m [90m 407 |[39m           console[33m.[39mlog([32m`Generated vector for snippet: ${snippetId}`[39m)[33m;[39m
     [90m 408 |[39m         } [36mcatch[39m (error) {
    [31m[1m>[22m[39m[90m 409 |[39m           console[33m.[39merror([32m`Failed to generate vector for snippet ${snippetId}:`[3
9m[33m,[39m error)[33m;[39m
     [90m     |[39m                   [31m[1m^[22m[39m
     [90m 410 |[39m         }
     [90m 411 |[39m       }
     [90m 412 |[39m     } [36mfinally[39m {[0m

      at SnippetManager.processVectorGenerationQueue (src/main/services/SnippetManager.ts:409:19)

    console.error
      Failed to generate vector for snippet snippet-ye4ugf42k: TypeError: dbManager.getDb is not a function
          at VectorStore.initialize (D:\OpenSource\SnippetBox\frontend\src\main\services\VectorStore.ts:21:26)
          at VectorStore.addVector (D:\OpenSource\SnippetBox\frontend\src\main\services\VectorStore.ts:27:10)
          at SnippetManager.processVectorGenerationQueue (D:\OpenSource\SnippetBox\frontend\src\main\services\SnippetManager.ts:406:34)
          at SnippetManager.generateVectorForSnippet (D:\OpenSource\SnippetBox\frontend\src\main\services\SnippetManager.ts:388:10)
          at SnippetManager.createSnippet (D:\OpenSource\SnippetBox\frontend\src\main\services\SnippetManager.ts:72:12)
          at processTicksAndRejections (node:internal/process/task_queues:105:5)
          at D:\OpenSource\SnippetBox\frontend\tests\property\SnippetProperty.test.ts:144:31
          at AsyncProperty.run (D:\OpenSource\SnippetBox\frontend\node_modules\fast-check\lib\cjs\fast-check.js:1208:19)
          at asyncRunIt (D:\OpenSource\SnippetBox\frontend\node_modules\fast-check\lib\cjs\fast-check.js:2503:15)
          at Object.<anonymous> (D:\OpenSource\SnippetBox\frontend\tests\property\SnippetProperty.test.ts:106:7)

    [0m [90m 407 |[39m           console[33m.[39mlog([32m`Generated vector for snippet: ${snippetId}`[39m)[33m;[39m
     [90m 408 |[39m         } [36mcatch[39m (error) {
    [31m[1m>[22m[39m[90m 409 |[39m           console[33m.[39merror([32m`Failed to generate vector for snippet ${snippetId}:`[3
9m[33m,[39m error)[33m;[39m
     [90m     |[39m                   [31m[1m^[22m[39m
     [90m 410 |[39m         }
     [90m 411 |[39m       }
     [90m 412 |[39m     } [36mfinally[39m {[0m

      at SnippetManager.processVectorGenerationQueue (src/main/services/SnippetManager.ts:409:19)

    console.error
      Failed to generate vector for snippet snippet-c6upko0jk: TypeError: dbManager.getDb is not a function
          at VectorStore.initialize (D:\OpenSource\SnippetBox\frontend\src\main\services\VectorStore.ts:21:26)
          at VectorStore.addVector (D:\OpenSource\SnippetBox\frontend\src\main\services\VectorStore.ts:27:10)
          at SnippetManager.processVectorGenerationQueue (D:\OpenSource\SnippetBox\frontend\src\main\services\SnippetManager.ts:406:34)
          at SnippetManager.generateVectorForSnippet (D:\OpenSource\SnippetBox\frontend\src\main\services\SnippetManager.ts:388:10)
          at SnippetManager.createSnippet (D:\OpenSource\SnippetBox\frontend\src\main\services\SnippetManager.ts:72:12)
          at processTicksAndRejections (node:internal/process/task_queues:105:5)
          at D:\OpenSource\SnippetBox\frontend\tests\property\SnippetProperty.test.ts:144:31
          at AsyncProperty.run (D:\OpenSource\SnippetBox\frontend\node_modules\fast-check\lib\cjs\fast-check.js:1208:19)
          at asyncRunIt (D:\OpenSource\SnippetBox\frontend\node_modules\fast-check\lib\cjs\fast-check.js:2503:15)
          at Object.<anonymous> (D:\OpenSource\SnippetBox\frontend\tests\property\SnippetProperty.test.ts:106:7)

    [0m [90m 407 |[39m           console[33m.[39mlog([32m`Generated vector for snippet: ${snippetId}`[39m)[33m;[39m
     [90m 408 |[39m         } [36mcatch[39m (error) {
    [31m[1m>[22m[39m[90m 409 |[39m           console[33m.[39merror([32m`Failed to generate vector for snippet ${snippetId}:`[3
9m[33m,[39m error)[33m;[39m
     [90m     |[39m                   [31m[1m^[22m[39m
     [90m 410 |[39m         }
     [90m 411 |[39m       }
     [90m 412 |[39m     } [36mfinally[39m {[0m

      at SnippetManager.processVectorGenerationQueue (src/main/services/SnippetManager.ts:409:19)

    console.error
      Failed to generate vector for snippet snippet-cv1t8y6dq: TypeError: dbManager.getDb is not a function
          at VectorStore.initialize (D:\OpenSource\SnippetBox\frontend\src\main\services\VectorStore.ts:21:26)
          at VectorStore.addVector (D:\OpenSource\SnippetBox\frontend\src\main\services\VectorStore.ts:27:10)
          at SnippetManager.processVectorGenerationQueue (D:\OpenSource\SnippetBox\frontend\src\main\services\SnippetManager.ts:406:34)
          at SnippetManager.generateVectorForSnippet (D:\OpenSource\SnippetBox\frontend\src\main\services\SnippetManager.ts:388:10)
          at SnippetManager.createSnippet (D:\OpenSource\SnippetBox\frontend\src\main\services\SnippetManager.ts:72:12)
          at processTicksAndRejections (node:internal/process/task_queues:105:5)
          at D:\OpenSource\SnippetBox\frontend\tests\property\SnippetProperty.test.ts:144:31
          at AsyncProperty.run (D:\OpenSource\SnippetBox\frontend\node_modules\fast-check\lib\cjs\fast-check.js:1208:19)
          at asyncRunIt (D:\OpenSource\SnippetBox\frontend\node_modules\fast-check\lib\cjs\fast-check.js:2503:15)
          at Object.<anonymous> (D:\OpenSource\SnippetBox\frontend\tests\property\SnippetProperty.test.ts:106:7)

    [0m [90m 407 |[39m           console[33m.[39mlog([32m`Generated vector for snippet: ${snippetId}`[39m)[33m;[39m
     [90m 408 |[39m         } [36mcatch[39m (error) {
    [31m[1m>[22m[39m[90m 409 |[39m           console[33m.[39merror([32m`Failed to generate vector for snippet ${snippetId}:`[3
9m[33m,[39m error)[33m;[39m
     [90m     |[39m                   [31m[1m^[22m[39m
     [90m 410 |[39m         }
     [90m 411 |[39m       }
     [90m 412 |[39m     } [36mfinally[39m {[0m

      at SnippetManager.processVectorGenerationQueue (src/main/services/SnippetManager.ts:409:19)

    console.error
      Failed to generate vector for snippet snippet-ki9r2n67v: TypeError: dbManager.getDb is not a function
          at VectorStore.initialize (D:\OpenSource\SnippetBox\frontend\src\main\services\VectorStore.ts:21:26)
          at VectorStore.addVector (D:\OpenSource\SnippetBox\frontend\src\main\services\VectorStore.ts:27:10)
          at SnippetManager.processVectorGenerationQueue (D:\OpenSource\SnippetBox\frontend\src\main\services\SnippetManager.ts:406:34)
          at SnippetManager.generateVectorForSnippet (D:\OpenSource\SnippetBox\frontend\src\main\services\SnippetManager.ts:388:10)
          at SnippetManager.createSnippet (D:\OpenSource\SnippetBox\frontend\src\main\services\SnippetManager.ts:72:12)
          at processTicksAndRejections (node:internal/process/task_queues:105:5)
          at D:\OpenSource\SnippetBox\frontend\tests\property\SnippetProperty.test.ts:144:31
          at AsyncProperty.run (D:\OpenSource\SnippetBox\frontend\node_modules\fast-check\lib\cjs\fast-check.js:1208:19)
          at asyncRunIt (D:\OpenSource\SnippetBox\frontend\node_modules\fast-check\lib\cjs\fast-check.js:2503:15)
          at Object.<anonymous> (D:\OpenSource\SnippetBox\frontend\tests\property\SnippetProperty.test.ts:106:7)

    [0m [90m 407 |[39m           console[33m.[39mlog([32m`Generated vector for snippet: ${snippetId}`[39m)[33m;[39m
     [90m 408 |[39m         } [36mcatch[39m (error) {
    [31m[1m>[22m[39m[90m 409 |[39m           console[33m.[39merror([32m`Failed to generate vector for snippet ${snippetId}:`[3
9m[33m,[39m error)[33m;[39m
     [90m     |[39m                   [31m[1m^[22m[39m
     [90m 410 |[39m         }
     [90m 411 |[39m       }
     [90m 412 |[39m     } [36mfinally[39m {[0m

      at SnippetManager.processVectorGenerationQueue (src/main/services/SnippetManager.ts:409:19)

    console.error
      Failed to generate vector for snippet snippet-bnlhgecc4: TypeError: dbManager.getDb is not a function
          at VectorStore.initialize (D:\OpenSource\SnippetBox\frontend\src\main\services\VectorStore.ts:21:26)
          at VectorStore.addVector (D:\OpenSource\SnippetBox\frontend\src\main\services\VectorStore.ts:27:10)
          at SnippetManager.processVectorGenerationQueue (D:\OpenSource\SnippetBox\frontend\src\main\services\SnippetManager.ts:406:34)
          at SnippetManager.generateVectorForSnippet (D:\OpenSource\SnippetBox\frontend\src\main\services\SnippetManager.ts:388:10)
          at SnippetManager.createSnippet (D:\OpenSource\SnippetBox\frontend\src\main\services\SnippetManager.ts:72:12)
          at processTicksAndRejections (node:internal/process/task_queues:105:5)
          at D:\OpenSource\SnippetBox\frontend\tests\property\SnippetProperty.test.ts:144:31
          at AsyncProperty.run (D:\OpenSource\SnippetBox\frontend\node_modules\fast-check\lib\cjs\fast-check.js:1208:19)
          at asyncRunIt (D:\OpenSource\SnippetBox\frontend\node_modules\fast-check\lib\cjs\fast-check.js:2503:15)
          at Object.<anonymous> (D:\OpenSource\SnippetBox\frontend\tests\property\SnippetProperty.test.ts:106:7)

    [0m [90m 407 |[39m           console[33m.[39mlog([32m`Generated vector for snippet: ${snippetId}`[39m)[33m;[39m
     [90m 408 |[39m         } [36mcatch[39m (error) {
    [31m[1m>[22m[39m[90m 409 |[39m           console[33m.[39merror([32m`Failed to generate vector for snippet ${snippetId}:`[3
9m[33m,[39m error)[33m;[39m
     [90m     |[39m                   [31m[1m^[22m[39m
     [90m 410 |[39m         }
     [90m 411 |[39m       }
     [90m 412 |[39m     } [36mfinally[39m {[0m

      at SnippetManager.processVectorGenerationQueue (src/main/services/SnippetManager.ts:409:19)

    console.error
      Failed to generate vector for snippet snippet-tr7imnoc0: TypeError: dbManager.getDb is not a function
          at VectorStore.initialize (D:\OpenSource\SnippetBox\frontend\src\main\services\VectorStore.ts:21:26)
          at VectorStore.addVector (D:\OpenSource\SnippetBox\frontend\src\main\services\VectorStore.ts:27:10)
          at SnippetManager.processVectorGenerationQueue (D:\OpenSource\SnippetBox\frontend\src\main\services\SnippetManager.ts:406:34)
          at SnippetManager.generateVectorForSnippet (D:\OpenSource\SnippetBox\frontend\src\main\services\SnippetManager.ts:388:10)
          at SnippetManager.createSnippet (D:\OpenSource\SnippetBox\frontend\src\main\services\SnippetManager.ts:72:12)
          at processTicksAndRejections (node:internal/process/task_queues:105:5)
          at D:\OpenSource\SnippetBox\frontend\tests\property\SnippetProperty.test.ts:144:31
          at AsyncProperty.run (D:\OpenSource\SnippetBox\frontend\node_modules\fast-check\lib\cjs\fast-check.js:1208:19)
          at asyncRunIt (D:\OpenSource\SnippetBox\frontend\node_modules\fast-check\lib\cjs\fast-check.js:2503:15)
          at Object.<anonymous> (D:\OpenSource\SnippetBox\frontend\tests\property\SnippetProperty.test.ts:106:7)

    [0m [90m 407 |[39m           console[33m.[39mlog([32m`Generated vector for snippet: ${snippetId}`[39m)[33m;[39m
     [90m 408 |[39m         } [36mcatch[39m (error) {
    [31m[1m>[22m[39m[90m 409 |[39m           console[33m.[39merror([32m`Failed to generate vector for snippet ${snippetId}:`[3
9m[33m,[39m error)[33m;[39m
     [90m     |[39m                   [31m[1m^[22m[39m
     [90m 410 |[39m         }
     [90m 411 |[39m       }
     [90m 412 |[39m     } [36mfinally[39m {[0m

      at SnippetManager.processVectorGenerationQueue (src/main/services/SnippetManager.ts:409:19)

    console.error
      Failed to generate vector for snippet snippet-c4ldjsfvo: TypeError: dbManager.getDb is not a function
          at VectorStore.initialize (D:\OpenSource\SnippetBox\frontend\src\main\services\VectorStore.ts:21:26)
          at VectorStore.addVector (D:\OpenSource\SnippetBox\frontend\src\main\services\VectorStore.ts:27:10)
          at SnippetManager.processVectorGenerationQueue (D:\OpenSource\SnippetBox\frontend\src\main\services\SnippetManager.ts:406:34)
          at SnippetManager.generateVectorForSnippet (D:\OpenSource\SnippetBox\frontend\src\main\services\SnippetManager.ts:388:10)
          at SnippetManager.createSnippet (D:\OpenSource\SnippetBox\frontend\src\main\services\SnippetManager.ts:72:12)
          at processTicksAndRejections (node:internal/process/task_queues:105:5)
          at D:\OpenSource\SnippetBox\frontend\tests\property\SnippetProperty.test.ts:144:31
          at AsyncProperty.run (D:\OpenSource\SnippetBox\frontend\node_modules\fast-check\lib\cjs\fast-check.js:1208:19)
          at asyncRunIt (D:\OpenSource\SnippetBox\frontend\node_modules\fast-check\lib\cjs\fast-check.js:2503:15)
          at Object.<anonymous> (D:\OpenSource\SnippetBox\frontend\tests\property\SnippetProperty.test.ts:106:7)

    [0m [90m 407 |[39m           console[33m.[39mlog([32m`Generated vector for snippet: ${snippetId}`[39m)[33m;[39m
     [90m 408 |[39m         } [36mcatch[39m (error) {
    [31m[1m>[22m[39m[90m 409 |[39m           console[33m.[39merror([32m`Failed to generate vector for snippet ${snippetId}:`[3
9m[33m,[39m error)[33m;[39m
     [90m     |[39m                   [31m[1m^[22m[39m
     [90m 410 |[39m         }
     [90m 411 |[39m       }
     [90m 412 |[39m     } [36mfinally[39m {[0m

      at SnippetManager.processVectorGenerationQueue (src/main/services/SnippetManager.ts:409:19)

    console.error
      Failed to generate vector for snippet snippet-wy61cbt9x: TypeError: dbManager.getDb is not a function
          at VectorStore.initialize (D:\OpenSource\SnippetBox\frontend\src\main\services\VectorStore.ts:21:26)
          at VectorStore.addVector (D:\OpenSource\SnippetBox\frontend\src\main\services\VectorStore.ts:27:10)
          at SnippetManager.processVectorGenerationQueue (D:\OpenSource\SnippetBox\frontend\src\main\services\SnippetManager.ts:406:34)
          at SnippetManager.generateVectorForSnippet (D:\OpenSource\SnippetBox\frontend\src\main\services\SnippetManager.ts:388:10)
          at SnippetManager.createSnippet (D:\OpenSource\SnippetBox\frontend\src\main\services\SnippetManager.ts:72:12)
          at processTicksAndRejections (node:internal/process/task_queues:105:5)
          at D:\OpenSource\SnippetBox\frontend\tests\property\SnippetProperty.test.ts:144:31
          at AsyncProperty.run (D:\OpenSource\SnippetBox\frontend\node_modules\fast-check\lib\cjs\fast-check.js:1208:19)
          at asyncRunIt (D:\OpenSource\SnippetBox\frontend\node_modules\fast-check\lib\cjs\fast-check.js:2503:15)
          at Object.<anonymous> (D:\OpenSource\SnippetBox\frontend\tests\property\SnippetProperty.test.ts:106:7)

    [0m [90m 407 |[39m           console[33m.[39mlog([32m`Generated vector for snippet: ${snippetId}`[39m)[33m;[39m
     [90m 408 |[39m         } [36mcatch[39m (error) {
    [31m[1m>[22m[39m[90m 409 |[39m           console[33m.[39merror([32m`Failed to generate vector for snippet ${snippetId}:`[3
9m[33m,[39m error)[33m;[39m
     [90m     |[39m                   [31m[1m^[22m[39m
     [90m 410 |[39m         }
     [90m 411 |[39m       }
     [90m 412 |[39m     } [36mfinally[39m {[0m

      at SnippetManager.processVectorGenerationQueue (src/main/services/SnippetManager.ts:409:19)

    console.error
      Failed to generate vector for snippet snippet-qts3plldb: TypeError: dbManager.getDb is not a function
          at VectorStore.initialize (D:\OpenSource\SnippetBox\frontend\src\main\services\VectorStore.ts:21:26)
          at VectorStore.addVector (D:\OpenSource\SnippetBox\frontend\src\main\services\VectorStore.ts:27:10)
          at SnippetManager.processVectorGenerationQueue (D:\OpenSource\SnippetBox\frontend\src\main\services\SnippetManager.ts:406:34)
          at SnippetManager.generateVectorForSnippet (D:\OpenSource\SnippetBox\frontend\src\main\services\SnippetManager.ts:388:10)
          at SnippetManager.createSnippet (D:\OpenSource\SnippetBox\frontend\src\main\services\SnippetManager.ts:72:12)
          at processTicksAndRejections (node:internal/process/task_queues:105:5)
          at D:\OpenSource\SnippetBox\frontend\tests\property\SnippetProperty.test.ts:144:31
          at AsyncProperty.run (D:\OpenSource\SnippetBox\frontend\node_modules\fast-check\lib\cjs\fast-check.js:1208:19)
          at asyncRunIt (D:\OpenSource\SnippetBox\frontend\node_modules\fast-check\lib\cjs\fast-check.js:2503:15)
          at Object.<anonymous> (D:\OpenSource\SnippetBox\frontend\tests\property\SnippetProperty.test.ts:106:7)

    [0m [90m 407 |[39m           console[33m.[39mlog([32m`Generated vector for snippet: ${snippetId}`[39m)[33m;[39m
     [90m 408 |[39m         } [36mcatch[39m (error) {
    [31m[1m>[22m[39m[90m 409 |[39m           console[33m.[39merror([32m`Failed to generate vector for snippet ${snippetId}:`[3
9m[33m,[39m error)[33m;[39m
     [90m     |[39m                   [31m[1m^[22m[39m
     [90m 410 |[39m         }
     [90m 411 |[39m       }
     [90m 412 |[39m     } [36mfinally[39m {[0m

      at SnippetManager.processVectorGenerationQueue (src/main/services/SnippetManager.ts:409:19)

    console.error
      Failed to generate vector for snippet snippet-ejehwvgbo: TypeError: dbManager.getDb is not a function
          at VectorStore.initialize (D:\OpenSource\SnippetBox\frontend\src\main\services\VectorStore.ts:21:26)
          at VectorStore.addVector (D:\OpenSource\SnippetBox\frontend\src\main\services\VectorStore.ts:27:10)
          at SnippetManager.processVectorGenerationQueue (D:\OpenSource\SnippetBox\frontend\src\main\services\SnippetManager.ts:406:34)
          at SnippetManager.generateVectorForSnippet (D:\OpenSource\SnippetBox\frontend\src\main\services\SnippetManager.ts:388:10)
          at SnippetManager.createSnippet (D:\OpenSource\SnippetBox\frontend\src\main\services\SnippetManager.ts:72:12)
          at processTicksAndRejections (node:internal/process/task_queues:105:5)
          at D:\OpenSource\SnippetBox\frontend\tests\property\SnippetProperty.test.ts:144:31
          at AsyncProperty.run (D:\OpenSource\SnippetBox\frontend\node_modules\fast-check\lib\cjs\fast-check.js:1208:19)
          at asyncRunIt (D:\OpenSource\SnippetBox\frontend\node_modules\fast-check\lib\cjs\fast-check.js:2503:15)
          at Object.<anonymous> (D:\OpenSource\SnippetBox\frontend\tests\property\SnippetProperty.test.ts:106:7)

    [0m [90m 407 |[39m           console[33m.[39mlog([32m`Generated vector for snippet: ${snippetId}`[39m)[33m;[39m
     [90m 408 |[39m         } [36mcatch[39m (error) {
    [31m[1m>[22m[39m[90m 409 |[39m           console[33m.[39merror([32m`Failed to generate vector for snippet ${snippetId}:`[3
9m[33m,[39m error)[33m;[39m
     [90m     |[39m                   [31m[1m^[22m[39m
     [90m 410 |[39m         }
     [90m 411 |[39m       }
     [90m 412 |[39m     } [36mfinally[39m {[0m

      at SnippetManager.processVectorGenerationQueue (src/main/services/SnippetManager.ts:409:19)

    console.error
      Failed to generate vector for snippet snippet-dg1vggwzz: TypeError: dbManager.getDb is not a function
          at VectorStore.initialize (D:\OpenSource\SnippetBox\frontend\src\main\services\VectorStore.ts:21:26)
          at VectorStore.addVector (D:\OpenSource\SnippetBox\frontend\src\main\services\VectorStore.ts:27:10)
          at SnippetManager.processVectorGenerationQueue (D:\OpenSource\SnippetBox\frontend\src\main\services\SnippetManager.ts:406:34)
          at SnippetManager.generateVectorForSnippet (D:\OpenSource\SnippetBox\frontend\src\main\services\SnippetManager.ts:388:10)
          at SnippetManager.createSnippet (D:\OpenSource\SnippetBox\frontend\src\main\services\SnippetManager.ts:72:12)
          at processTicksAndRejections (node:internal/process/task_queues:105:5)
          at D:\OpenSource\SnippetBox\frontend\tests\property\SnippetProperty.test.ts:144:31
          at AsyncProperty.run (D:\OpenSource\SnippetBox\frontend\node_modules\fast-check\lib\cjs\fast-check.js:1208:19)
          at asyncRunIt (D:\OpenSource\SnippetBox\frontend\node_modules\fast-check\lib\cjs\fast-check.js:2503:15)
          at Object.<anonymous> (D:\OpenSource\SnippetBox\frontend\tests\property\SnippetProperty.test.ts:106:7)

    [0m [90m 407 |[39m           console[33m.[39mlog([32m`Generated vector for snippet: ${snippetId}`[39m)[33m;[39m
     [90m 408 |[39m         } [36mcatch[39m (error) {
    [31m[1m>[22m[39m[90m 409 |[39m           console[33m.[39merror([32m`Failed to generate vector for snippet ${snippetId}:`[3
9m[33m,[39m error)[33m;[39m
     [90m     |[39m                   [31m[1m^[22m[39m
     [90m 410 |[39m         }
     [90m 411 |[39m       }
     [90m 412 |[39m     } [36mfinally[39m {[0m

      at SnippetManager.processVectorGenerationQueue (src/main/services/SnippetManager.ts:409:19)

    console.error
      Failed to generate vector for snippet snippet-le5k2yjqe: TypeError: dbManager.getDb is not a function
          at VectorStore.initialize (D:\OpenSource\SnippetBox\frontend\src\main\services\VectorStore.ts:21:26)
          at VectorStore.addVector (D:\OpenSource\SnippetBox\frontend\src\main\services\VectorStore.ts:27:10)
          at SnippetManager.processVectorGenerationQueue (D:\OpenSource\SnippetBox\frontend\src\main\services\SnippetManager.ts:406:34)
          at SnippetManager.generateVectorForSnippet (D:\OpenSource\SnippetBox\frontend\src\main\services\SnippetManager.ts:388:10)
          at SnippetManager.createSnippet (D:\OpenSource\SnippetBox\frontend\src\main\services\SnippetManager.ts:72:12)
          at processTicksAndRejections (node:internal/process/task_queues:105:5)
          at D:\OpenSource\SnippetBox\frontend\tests\property\SnippetProperty.test.ts:144:31
          at AsyncProperty.run (D:\OpenSource\SnippetBox\frontend\node_modules\fast-check\lib\cjs\fast-check.js:1208:19)
          at asyncRunIt (D:\OpenSource\SnippetBox\frontend\node_modules\fast-check\lib\cjs\fast-check.js:2503:15)
          at Object.<anonymous> (D:\OpenSource\SnippetBox\frontend\tests\property\SnippetProperty.test.ts:106:7)

    [0m [90m 407 |[39m           console[33m.[39mlog([32m`Generated vector for snippet: ${snippetId}`[39m)[33m;[39m
     [90m 408 |[39m         } [36mcatch[39m (error) {
    [31m[1m>[22m[39m[90m 409 |[39m           console[33m.[39merror([32m`Failed to generate vector for snippet ${snippetId}:`[3
9m[33m,[39m error)[33m;[39m
     [90m     |[39m                   [31m[1m^[22m[39m
     [90m 410 |[39m         }
     [90m 411 |[39m       }
     [90m 412 |[39m     } [36mfinally[39m {[0m

      at SnippetManager.processVectorGenerationQueue (src/main/services/SnippetManager.ts:409:19)

    console.error
      Failed to generate vector for snippet snippet-4v6l8yt4m: TypeError: dbManager.getDb is not a function
          at VectorStore.initialize (D:\OpenSource\SnippetBox\frontend\src\main\services\VectorStore.ts:21:26)
          at VectorStore.addVector (D:\OpenSource\SnippetBox\frontend\src\main\services\VectorStore.ts:27:10)
          at SnippetManager.processVectorGenerationQueue (D:\OpenSource\SnippetBox\frontend\src\main\services\SnippetManager.ts:406:34)
          at SnippetManager.generateVectorForSnippet (D:\OpenSource\SnippetBox\frontend\src\main\services\SnippetManager.ts:388:10)
          at SnippetManager.createSnippet (D:\OpenSource\SnippetBox\frontend\src\main\services\SnippetManager.ts:72:12)
          at processTicksAndRejections (node:internal/process/task_queues:105:5)
          at D:\OpenSource\SnippetBox\frontend\tests\property\SnippetProperty.test.ts:144:31
          at AsyncProperty.run (D:\OpenSource\SnippetBox\frontend\node_modules\fast-check\lib\cjs\fast-check.js:1208:19)
          at asyncRunIt (D:\OpenSource\SnippetBox\frontend\node_modules\fast-check\lib\cjs\fast-check.js:2503:15)
          at Object.<anonymous> (D:\OpenSource\SnippetBox\frontend\tests\property\SnippetProperty.test.ts:106:7)

    [0m [90m 407 |[39m           console[33m.[39mlog([32m`Generated vector for snippet: ${snippetId}`[39m)[33m;[39m
     [90m 408 |[39m         } [36mcatch[39m (error) {
    [31m[1m>[22m[39m[90m 409 |[39m           console[33m.[39merror([32m`Failed to generate vector for snippet ${snippetId}:`[3
9m[33m,[39m error)[33m;[39m
     [90m     |[39m                   [31m[1m^[22m[39m
     [90m 410 |[39m         }
     [90m 411 |[39m       }
     [90m 412 |[39m     } [36mfinally[39m {[0m

      at SnippetManager.processVectorGenerationQueue (src/main/services/SnippetManager.ts:409:19)

    console.error
      Failed to generate vector for snippet snippet-n1dgxtrwu: TypeError: dbManager.getDb is not a function
          at VectorStore.initialize (D:\OpenSource\SnippetBox\frontend\src\main\services\VectorStore.ts:21:26)
          at VectorStore.addVector (D:\OpenSource\SnippetBox\frontend\src\main\services\VectorStore.ts:27:10)
          at SnippetManager.processVectorGenerationQueue (D:\OpenSource\SnippetBox\frontend\src\main\services\SnippetManager.ts:406:34)
          at SnippetManager.generateVectorForSnippet (D:\OpenSource\SnippetBox\frontend\src\main\services\SnippetManager.ts:388:10)
          at SnippetManager.createSnippet (D:\OpenSource\SnippetBox\frontend\src\main\services\SnippetManager.ts:72:12)
          at processTicksAndRejections (node:internal/process/task_queues:105:5)
          at D:\OpenSource\SnippetBox\frontend\tests\property\SnippetProperty.test.ts:144:31
          at AsyncProperty.run (D:\OpenSource\SnippetBox\frontend\node_modules\fast-check\lib\cjs\fast-check.js:1208:19)
          at asyncRunIt (D:\OpenSource\SnippetBox\frontend\node_modules\fast-check\lib\cjs\fast-check.js:2503:15)
          at Object.<anonymous> (D:\OpenSource\SnippetBox\frontend\tests\property\SnippetProperty.test.ts:106:7)

    [0m [90m 407 |[39m           console[33m.[39mlog([32m`Generated vector for snippet: ${snippetId}`[39m)[33m;[39m
     [90m 408 |[39m         } [36mcatch[39m (error) {
    [31m[1m>[22m[39m[90m 409 |[39m           console[33m.[39merror([32m`Failed to generate vector for snippet ${snippetId}:`[3
9m[33m,[39m error)[33m;[39m
     [90m     |[39m                   [31m[1m^[22m[39m
     [90m 410 |[39m         }
     [90m 411 |[39m       }
     [90m 412 |[39m     } [36mfinally[39m {[0m

      at SnippetManager.processVectorGenerationQueue (src/main/services/SnippetManager.ts:409:19)

    console.error
      Failed to generate vector for snippet snippet-1cdwfmsds: TypeError: dbManager.getDb is not a function
          at VectorStore.initialize (D:\OpenSource\SnippetBox\frontend\src\main\services\VectorStore.ts:21:26)
          at VectorStore.addVector (D:\OpenSource\SnippetBox\frontend\src\main\services\VectorStore.ts:27:10)
          at SnippetManager.processVectorGenerationQueue (D:\OpenSource\SnippetBox\frontend\src\main\services\SnippetManager.ts:406:34)
          at SnippetManager.generateVectorForSnippet (D:\OpenSource\SnippetBox\frontend\src\main\services\SnippetManager.ts:388:10)
          at SnippetManager.createSnippet (D:\OpenSource\SnippetBox\frontend\src\main\services\SnippetManager.ts:72:12)
          at processTicksAndRejections (node:internal/process/task_queues:105:5)
          at D:\OpenSource\SnippetBox\frontend\tests\property\SnippetProperty.test.ts:144:31
          at AsyncProperty.run (D:\OpenSource\SnippetBox\frontend\node_modules\fast-check\lib\cjs\fast-check.js:1208:19)
          at asyncRunIt (D:\OpenSource\SnippetBox\frontend\node_modules\fast-check\lib\cjs\fast-check.js:2503:15)
          at Object.<anonymous> (D:\OpenSource\SnippetBox\frontend\tests\property\SnippetProperty.test.ts:106:7)

    [0m [90m 407 |[39m           console[33m.[39mlog([32m`Generated vector for snippet: ${snippetId}`[39m)[33m;[39m
     [90m 408 |[39m         } [36mcatch[39m (error) {
    [31m[1m>[22m[39m[90m 409 |[39m           console[33m.[39merror([32m`Failed to generate vector for snippet ${snippetId}:`[3
9m[33m,[39m error)[33m;[39m
     [90m     |[39m                   [31m[1m^[22m[39m
     [90m 410 |[39m         }
     [90m 411 |[39m       }
     [90m 412 |[39m     } [36mfinally[39m {[0m

      at SnippetManager.processVectorGenerationQueue (src/main/services/SnippetManager.ts:409:19)

    console.error
      Failed to generate vector for snippet snippet-sj7gsc3p7: TypeError: dbManager.getDb is not a function
          at VectorStore.initialize (D:\OpenSource\SnippetBox\frontend\src\main\services\VectorStore.ts:21:26)
          at VectorStore.addVector (D:\OpenSource\SnippetBox\frontend\src\main\services\VectorStore.ts:27:10)
          at SnippetManager.processVectorGenerationQueue (D:\OpenSource\SnippetBox\frontend\src\main\services\SnippetManager.ts:406:34)
          at SnippetManager.generateVectorForSnippet (D:\OpenSource\SnippetBox\frontend\src\main\services\SnippetManager.ts:388:10)
          at SnippetManager.createSnippet (D:\OpenSource\SnippetBox\frontend\src\main\services\SnippetManager.ts:72:12)
          at processTicksAndRejections (node:internal/process/task_queues:105:5)
          at D:\OpenSource\SnippetBox\frontend\tests\property\SnippetProperty.test.ts:144:31
          at AsyncProperty.run (D:\OpenSource\SnippetBox\frontend\node_modules\fast-check\lib\cjs\fast-check.js:1208:19)
          at asyncRunIt (D:\OpenSource\SnippetBox\frontend\node_modules\fast-check\lib\cjs\fast-check.js:2503:15)
          at Object.<anonymous> (D:\OpenSource\SnippetBox\frontend\tests\property\SnippetProperty.test.ts:106:7)

    [0m [90m 407 |[39m           console[33m.[39mlog([32m`Generated vector for snippet: ${snippetId}`[39m)[33m;[39m
     [90m 408 |[39m         } [36mcatch[39m (error) {
    [31m[1m>[22m[39m[90m 409 |[39m           console[33m.[39merror([32m`Failed to generate vector for snippet ${snippetId}:`[3
9m[33m,[39m error)[33m;[39m
     [90m     |[39m                   [31m[1m^[22m[39m
     [90m 410 |[39m         }
     [90m 411 |[39m       }
     [90m 412 |[39m     } [36mfinally[39m {[0m

      at SnippetManager.processVectorGenerationQueue (src/main/services/SnippetManager.ts:409:19)

    console.error
      Failed to generate vector for snippet snippet-nrhjsf01o: TypeError: dbManager.getDb is not a function
          at VectorStore.initialize (D:\OpenSource\SnippetBox\frontend\src\main\services\VectorStore.ts:21:26)
          at VectorStore.addVector (D:\OpenSource\SnippetBox\frontend\src\main\services\VectorStore.ts:27:10)
          at SnippetManager.processVectorGenerationQueue (D:\OpenSource\SnippetBox\frontend\src\main\services\SnippetManager.ts:406:34)
          at SnippetManager.generateVectorForSnippet (D:\OpenSource\SnippetBox\frontend\src\main\services\SnippetManager.ts:388:10)
          at SnippetManager.createSnippet (D:\OpenSource\SnippetBox\frontend\src\main\services\SnippetManager.ts:72:12)
          at processTicksAndRejections (node:internal/process/task_queues:105:5)
          at D:\OpenSource\SnippetBox\frontend\tests\property\SnippetProperty.test.ts:144:31
          at AsyncProperty.run (D:\OpenSource\SnippetBox\frontend\node_modules\fast-check\lib\cjs\fast-check.js:1208:19)
          at asyncRunIt (D:\OpenSource\SnippetBox\frontend\node_modules\fast-check\lib\cjs\fast-check.js:2503:15)
          at Object.<anonymous> (D:\OpenSource\SnippetBox\frontend\tests\property\SnippetProperty.test.ts:106:7)

    [0m [90m 407 |[39m           console[33m.[39mlog([32m`Generated vector for snippet: ${snippetId}`[39m)[33m;[39m
     [90m 408 |[39m         } [36mcatch[39m (error) {
    [31m[1m>[22m[39m[90m 409 |[39m           console[33m.[39merror([32m`Failed to generate vector for snippet ${snippetId}:`[3
9m[33m,[39m error)[33m;[39m
     [90m     |[39m                   [31m[1m^[22m[39m
     [90m 410 |[39m         }
     [90m 411 |[39m       }
     [90m 412 |[39m     } [36mfinally[39m {[0m

      at SnippetManager.processVectorGenerationQueue (src/main/services/SnippetManager.ts:409:19)

    console.error
      Failed to generate vector for snippet snippet-vf3rbctoc: TypeError: dbManager.getDb is not a function
          at VectorStore.initialize (D:\OpenSource\SnippetBox\frontend\src\main\services\VectorStore.ts:21:26)
          at VectorStore.addVector (D:\OpenSource\SnippetBox\frontend\src\main\services\VectorStore.ts:27:10)
          at SnippetManager.processVectorGenerationQueue (D:\OpenSource\SnippetBox\frontend\src\main\services\SnippetManager.ts:406:34)
          at SnippetManager.generateVectorForSnippet (D:\OpenSource\SnippetBox\frontend\src\main\services\SnippetManager.ts:388:10)
          at SnippetManager.createSnippet (D:\OpenSource\SnippetBox\frontend\src\main\services\SnippetManager.ts:72:12)
          at processTicksAndRejections (node:internal/process/task_queues:105:5)
          at D:\OpenSource\SnippetBox\frontend\tests\property\SnippetProperty.test.ts:144:31
          at AsyncProperty.run (D:\OpenSource\SnippetBox\frontend\node_modules\fast-check\lib\cjs\fast-check.js:1208:19)
          at asyncRunIt (D:\OpenSource\SnippetBox\frontend\node_modules\fast-check\lib\cjs\fast-check.js:2503:15)
          at Object.<anonymous> (D:\OpenSource\SnippetBox\frontend\tests\property\SnippetProperty.test.ts:106:7)

    [0m [90m 407 |[39m           console[33m.[39mlog([32m`Generated vector for snippet: ${snippetId}`[39m)[33m;[39m
     [90m 408 |[39m         } [36mcatch[39m (error) {
    [31m[1m>[22m[39m[90m 409 |[39m           console[33m.[39merror([32m`Failed to generate vector for snippet ${snippetId}:`[3
9m[33m,[39m error)[33m;[39m
     [90m     |[39m                   [31m[1m^[22m[39m
     [90m 410 |[39m         }
     [90m 411 |[39m       }
     [90m 412 |[39m     } [36mfinally[39m {[0m

      at SnippetManager.processVectorGenerationQueue (src/main/services/SnippetManager.ts:409:19)

    console.error
      Failed to generate vector for snippet snippet-j4h0jq0mu: TypeError: dbManager.getDb is not a function
          at VectorStore.initialize (D:\OpenSource\SnippetBox\frontend\src\main\services\VectorStore.ts:21:26)
          at VectorStore.addVector (D:\OpenSource\SnippetBox\frontend\src\main\services\VectorStore.ts:27:10)
          at SnippetManager.processVectorGenerationQueue (D:\OpenSource\SnippetBox\frontend\src\main\services\SnippetManager.ts:406:34)
          at SnippetManager.generateVectorForSnippet (D:\OpenSource\SnippetBox\frontend\src\main\services\SnippetManager.ts:388:10)
          at SnippetManager.createSnippet (D:\OpenSource\SnippetBox\frontend\src\main\services\SnippetManager.ts:72:12)
          at processTicksAndRejections (node:internal/process/task_queues:105:5)
          at D:\OpenSource\SnippetBox\frontend\tests\property\SnippetProperty.test.ts:144:31
          at AsyncProperty.run (D:\OpenSource\SnippetBox\frontend\node_modules\fast-check\lib\cjs\fast-check.js:1208:19)
          at asyncRunIt (D:\OpenSource\SnippetBox\frontend\node_modules\fast-check\lib\cjs\fast-check.js:2503:15)
          at Object.<anonymous> (D:\OpenSource\SnippetBox\frontend\tests\property\SnippetProperty.test.ts:106:7)

    [0m [90m 407 |[39m           console[33m.[39mlog([32m`Generated vector for snippet: ${snippetId}`[39m)[33m;[39m
     [90m 408 |[39m         } [36mcatch[39m (error) {
    [31m[1m>[22m[39m[90m 409 |[39m           console[33m.[39merror([32m`Failed to generate vector for snippet ${snippetId}:`[3
9m[33m,[39m error)[33m;[39m
     [90m     |[39m                   [31m[1m^[22m[39m
     [90m 410 |[39m         }
     [90m 411 |[39m       }
     [90m 412 |[39m     } [36mfinally[39m {[0m

      at SnippetManager.processVectorGenerationQueue (src/main/services/SnippetManager.ts:409:19)

    console.error
      Failed to generate vector for snippet snippet-cnk3pc410: TypeError: dbManager.getDb is not a function
          at VectorStore.initialize (D:\OpenSource\SnippetBox\frontend\src\main\services\VectorStore.ts:21:26)
          at VectorStore.addVector (D:\OpenSource\SnippetBox\frontend\src\main\services\VectorStore.ts:27:10)
          at SnippetManager.processVectorGenerationQueue (D:\OpenSource\SnippetBox\frontend\src\main\services\SnippetManager.ts:406:34)
          at SnippetManager.generateVectorForSnippet (D:\OpenSource\SnippetBox\frontend\src\main\services\SnippetManager.ts:388:10)
          at SnippetManager.createSnippet (D:\OpenSource\SnippetBox\frontend\src\main\services\SnippetManager.ts:72:12)
          at processTicksAndRejections (node:internal/process/task_queues:105:5)
          at D:\OpenSource\SnippetBox\frontend\tests\property\SnippetProperty.test.ts:144:31
          at AsyncProperty.run (D:\OpenSource\SnippetBox\frontend\node_modules\fast-check\lib\cjs\fast-check.js:1208:19)
          at asyncRunIt (D:\OpenSource\SnippetBox\frontend\node_modules\fast-check\lib\cjs\fast-check.js:2503:15)
          at Object.<anonymous> (D:\OpenSource\SnippetBox\frontend\tests\property\SnippetProperty.test.ts:106:7)

    [0m [90m 407 |[39m           console[33m.[39mlog([32m`Generated vector for snippet: ${snippetId}`[39m)[33m;[39m
     [90m 408 |[39m         } [36mcatch[39m (error) {
    [31m[1m>[22m[39m[90m 409 |[39m           console[33m.[39merror([32m`Failed to generate vector for snippet ${snippetId}:`[3
9m[33m,[39m error)[33m;[39m
     [90m     |[39m                   [31m[1m^[22m[39m
     [90m 410 |[39m         }
     [90m 411 |[39m       }
     [90m 412 |[39m     } [36mfinally[39m {[0m

      at SnippetManager.processVectorGenerationQueue (src/main/services/SnippetManager.ts:409:19)

    console.error
      Failed to generate vector for snippet snippet-logqhb9sw: TypeError: dbManager.getDb is not a function
          at VectorStore.initialize (D:\OpenSource\SnippetBox\frontend\src\main\services\VectorStore.ts:21:26)
          at VectorStore.addVector (D:\OpenSource\SnippetBox\frontend\src\main\services\VectorStore.ts:27:10)
          at SnippetManager.processVectorGenerationQueue (D:\OpenSource\SnippetBox\frontend\src\main\services\SnippetManager.ts:406:34)
          at SnippetManager.generateVectorForSnippet (D:\OpenSource\SnippetBox\frontend\src\main\services\SnippetManager.ts:388:10)
          at SnippetManager.createSnippet (D:\OpenSource\SnippetBox\frontend\src\main\services\SnippetManager.ts:72:12)
          at processTicksAndRejections (node:internal/process/task_queues:105:5)
          at D:\OpenSource\SnippetBox\frontend\tests\property\SnippetProperty.test.ts:144:31
          at AsyncProperty.run (D:\OpenSource\SnippetBox\frontend\node_modules\fast-check\lib\cjs\fast-check.js:1208:19)
          at asyncRunIt (D:\OpenSource\SnippetBox\frontend\node_modules\fast-check\lib\cjs\fast-check.js:2503:15)
          at Object.<anonymous> (D:\OpenSource\SnippetBox\frontend\tests\property\SnippetProperty.test.ts:106:7)

    [0m [90m 407 |[39m           console[33m.[39mlog([32m`Generated vector for snippet: ${snippetId}`[39m)[33m;[39m
     [90m 408 |[39m         } [36mcatch[39m (error) {
    [31m[1m>[22m[39m[90m 409 |[39m           console[33m.[39merror([32m`Failed to generate vector for snippet ${snippetId}:`[3
9m[33m,[39m error)[33m;[39m
     [90m     |[39m                   [31m[1m^[22m[39m
     [90m 410 |[39m         }
     [90m 411 |[39m       }
     [90m 412 |[39m     } [36mfinally[39m {[0m

      at SnippetManager.processVectorGenerationQueue (src/main/services/SnippetManager.ts:409:19)

    console.error
      Failed to generate vector for snippet snippet-9q9zprzrr: TypeError: dbManager.getDb is not a function
          at VectorStore.initialize (D:\OpenSource\SnippetBox\frontend\src\main\services\VectorStore.ts:21:26)
          at VectorStore.addVector (D:\OpenSource\SnippetBox\frontend\src\main\services\VectorStore.ts:27:10)
          at SnippetManager.processVectorGenerationQueue (D:\OpenSource\SnippetBox\frontend\src\main\services\SnippetManager.ts:406:34)
          at SnippetManager.generateVectorForSnippet (D:\OpenSource\SnippetBox\frontend\src\main\services\SnippetManager.ts:388:10)
          at SnippetManager.createSnippet (D:\OpenSource\SnippetBox\frontend\src\main\services\SnippetManager.ts:72:12)
          at processTicksAndRejections (node:internal/process/task_queues:105:5)
          at D:\OpenSource\SnippetBox\frontend\tests\property\SnippetProperty.test.ts:144:31
          at AsyncProperty.run (D:\OpenSource\SnippetBox\frontend\node_modules\fast-check\lib\cjs\fast-check.js:1208:19)
          at asyncRunIt (D:\OpenSource\SnippetBox\frontend\node_modules\fast-check\lib\cjs\fast-check.js:2503:15)
          at Object.<anonymous> (D:\OpenSource\SnippetBox\frontend\tests\property\SnippetProperty.test.ts:106:7)

    [0m [90m 407 |[39m           console[33m.[39mlog([32m`Generated vector for snippet: ${snippetId}`[39m)[33m;[39m
     [90m 408 |[39m         } [36mcatch[39m (error) {
    [31m[1m>[22m[39m[90m 409 |[39m           console[33m.[39merror([32m`Failed to generate vector for snippet ${snippetId}:`[3
9m[33m,[39m error)[33m;[39m
     [90m     |[39m                   [31m[1m^[22m[39m
     [90m 410 |[39m         }
     [90m 411 |[39m       }
     [90m 412 |[39m     } [36mfinally[39m {[0m

      at SnippetManager.processVectorGenerationQueue (src/main/services/SnippetManager.ts:409:19)

    console.error
      Failed to generate vector for snippet snippet-6nvf0lix6: TypeError: dbManager.getDb is not a function
          at VectorStore.initialize (D:\OpenSource\SnippetBox\frontend\src\main\services\VectorStore.ts:21:26)
          at VectorStore.addVector (D:\OpenSource\SnippetBox\frontend\src\main\services\VectorStore.ts:27:10)
          at SnippetManager.processVectorGenerationQueue (D:\OpenSource\SnippetBox\frontend\src\main\services\SnippetManager.ts:406:34)
          at SnippetManager.generateVectorForSnippet (D:\OpenSource\SnippetBox\frontend\src\main\services\SnippetManager.ts:388:10)
          at SnippetManager.createSnippet (D:\OpenSource\SnippetBox\frontend\src\main\services\SnippetManager.ts:72:12)
          at processTicksAndRejections (node:internal/process/task_queues:105:5)
          at D:\OpenSource\SnippetBox\frontend\tests\property\SnippetProperty.test.ts:144:31
          at AsyncProperty.run (D:\OpenSource\SnippetBox\frontend\node_modules\fast-check\lib\cjs\fast-check.js:1208:19)
          at asyncRunIt (D:\OpenSource\SnippetBox\frontend\node_modules\fast-check\lib\cjs\fast-check.js:2503:15)
          at Object.<anonymous> (D:\OpenSource\SnippetBox\frontend\tests\property\SnippetProperty.test.ts:106:7)

    [0m [90m 407 |[39m           console[33m.[39mlog([32m`Generated vector for snippet: ${snippetId}`[39m)[33m;[39m
     [90m 408 |[39m         } [36mcatch[39m (error) {
    [31m[1m>[22m[39m[90m 409 |[39m           console[33m.[39merror([32m`Failed to generate vector for snippet ${snippetId}:`[3
9m[33m,[39m error)[33m;[39m
     [90m     |[39m                   [31m[1m^[22m[39m
     [90m 410 |[39m         }
     [90m 411 |[39m       }
     [90m 412 |[39m     } [36mfinally[39m {[0m

      at SnippetManager.processVectorGenerationQueue (src/main/services/SnippetManager.ts:409:19)

    console.error
      Failed to generate vector for snippet snippet-56tvyfnjk: TypeError: dbManager.getDb is not a function
          at VectorStore.initialize (D:\OpenSource\SnippetBox\frontend\src\main\services\VectorStore.ts:21:26)
          at VectorStore.addVector (D:\OpenSource\SnippetBox\frontend\src\main\services\VectorStore.ts:27:10)
          at SnippetManager.processVectorGenerationQueue (D:\OpenSource\SnippetBox\frontend\src\main\services\SnippetManager.ts:406:34)
          at SnippetManager.generateVectorForSnippet (D:\OpenSource\SnippetBox\frontend\src\main\services\SnippetManager.ts:388:10)
          at SnippetManager.createSnippet (D:\OpenSource\SnippetBox\frontend\src\main\services\SnippetManager.ts:72:12)
          at processTicksAndRejections (node:internal/process/task_queues:105:5)
          at D:\OpenSource\SnippetBox\frontend\tests\property\SnippetProperty.test.ts:144:31
          at AsyncProperty.run (D:\OpenSource\SnippetBox\frontend\node_modules\fast-check\lib\cjs\fast-check.js:1208:19)
          at asyncRunIt (D:\OpenSource\SnippetBox\frontend\node_modules\fast-check\lib\cjs\fast-check.js:2503:15)
          at Object.<anonymous> (D:\OpenSource\SnippetBox\frontend\tests\property\SnippetProperty.test.ts:106:7)

    [0m [90m 407 |[39m           console[33m.[39mlog([32m`Generated vector for snippet: ${snippetId}`[39m)[33m;[39m
     [90m 408 |[39m         } [36mcatch[39m (error) {
    [31m[1m>[22m[39m[90m 409 |[39m           console[33m.[39merror([32m`Failed to generate vector for snippet ${snippetId}:`[3
9m[33m,[39m error)[33m;[39m
     [90m     |[39m                   [31m[1m^[22m[39m
     [90m 410 |[39m         }
     [90m 411 |[39m       }
     [90m 412 |[39m     } [36mfinally[39m {[0m

      at SnippetManager.processVectorGenerationQueue (src/main/services/SnippetManager.ts:409:19)

    console.error
      Failed to generate vector for snippet snippet-8jm9wc4d7: TypeError: dbManager.getDb is not a function
          at VectorStore.initialize (D:\OpenSource\SnippetBox\frontend\src\main\services\VectorStore.ts:21:26)
          at VectorStore.addVector (D:\OpenSource\SnippetBox\frontend\src\main\services\VectorStore.ts:27:10)
          at SnippetManager.processVectorGenerationQueue (D:\OpenSource\SnippetBox\frontend\src\main\services\SnippetManager.ts:406:34)
          at SnippetManager.generateVectorForSnippet (D:\OpenSource\SnippetBox\frontend\src\main\services\SnippetManager.ts:388:10)
          at SnippetManager.createSnippet (D:\OpenSource\SnippetBox\frontend\src\main\services\SnippetManager.ts:72:12)
          at processTicksAndRejections (node:internal/process/task_queues:105:5)
          at D:\OpenSource\SnippetBox\frontend\tests\property\SnippetProperty.test.ts:144:31
          at AsyncProperty.run (D:\OpenSource\SnippetBox\frontend\node_modules\fast-check\lib\cjs\fast-check.js:1208:19)
          at asyncRunIt (D:\OpenSource\SnippetBox\frontend\node_modules\fast-check\lib\cjs\fast-check.js:2503:15)
          at Object.<anonymous> (D:\OpenSource\SnippetBox\frontend\tests\property\SnippetProperty.test.ts:106:7)

    [0m [90m 407 |[39m           console[33m.[39mlog([32m`Generated vector for snippet: ${snippetId}`[39m)[33m;[39m
     [90m 408 |[39m         } [36mcatch[39m (error) {
    [31m[1m>[22m[39m[90m 409 |[39m           console[33m.[39merror([32m`Failed to generate vector for snippet ${snippetId}:`[3
9m[33m,[39m error)[33m;[39m
     [90m     |[39m                   [31m[1m^[22m[39m
     [90m 410 |[39m         }
     [90m 411 |[39m       }
     [90m 412 |[39m     } [36mfinally[39m {[0m

      at SnippetManager.processVectorGenerationQueue (src/main/services/SnippetManager.ts:409:19)

    console.error
      Failed to generate vector for snippet snippet-bznr8a212: TypeError: dbManager.getDb is not a function
          at VectorStore.initialize (D:\OpenSource\SnippetBox\frontend\src\main\services\VectorStore.ts:21:26)
          at VectorStore.addVector (D:\OpenSource\SnippetBox\frontend\src\main\services\VectorStore.ts:27:10)
          at SnippetManager.processVectorGenerationQueue (D:\OpenSource\SnippetBox\frontend\src\main\services\SnippetManager.ts:406:34)
          at SnippetManager.generateVectorForSnippet (D:\OpenSource\SnippetBox\frontend\src\main\services\SnippetManager.ts:388:10)
          at SnippetManager.createSnippet (D:\OpenSource\SnippetBox\frontend\src\main\services\SnippetManager.ts:72:12)
          at processTicksAndRejections (node:internal/process/task_queues:105:5)
          at D:\OpenSource\SnippetBox\frontend\tests\property\SnippetProperty.test.ts:144:31
          at AsyncProperty.run (D:\OpenSource\SnippetBox\frontend\node_modules\fast-check\lib\cjs\fast-check.js:1208:19)
          at asyncRunIt (D:\OpenSource\SnippetBox\frontend\node_modules\fast-check\lib\cjs\fast-check.js:2503:15)
          at Object.<anonymous> (D:\OpenSource\SnippetBox\frontend\tests\property\SnippetProperty.test.ts:106:7)

    [0m [90m 407 |[39m           console[33m.[39mlog([32m`Generated vector for snippet: ${snippetId}`[39m)[33m;[39m
     [90m 408 |[39m         } [36mcatch[39m (error) {
    [31m[1m>[22m[39m[90m 409 |[39m           console[33m.[39merror([32m`Failed to generate vector for snippet ${snippetId}:`[3
9m[33m,[39m error)[33m;[39m
     [90m     |[39m                   [31m[1m^[22m[39m
     [90m 410 |[39m         }
     [90m 411 |[39m       }
     [90m 412 |[39m     } [36mfinally[39m {[0m

      at SnippetManager.processVectorGenerationQueue (src/main/services/SnippetManager.ts:409:19)

    console.error
      Failed to generate vector for snippet snippet-dh70gr8bo: TypeError: dbManager.getDb is not a function
          at VectorStore.initialize (D:\OpenSource\SnippetBox\frontend\src\main\services\VectorStore.ts:21:26)
          at VectorStore.addVector (D:\OpenSource\SnippetBox\frontend\src\main\services\VectorStore.ts:27:10)
          at SnippetManager.processVectorGenerationQueue (D:\OpenSource\SnippetBox\frontend\src\main\services\SnippetManager.ts:406:34)
          at SnippetManager.generateVectorForSnippet (D:\OpenSource\SnippetBox\frontend\src\main\services\SnippetManager.ts:388:10)
          at SnippetManager.createSnippet (D:\OpenSource\SnippetBox\frontend\src\main\services\SnippetManager.ts:72:12)
          at processTicksAndRejections (node:internal/process/task_queues:105:5)
          at D:\OpenSource\SnippetBox\frontend\tests\property\SnippetProperty.test.ts:144:31
          at AsyncProperty.run (D:\OpenSource\SnippetBox\frontend\node_modules\fast-check\lib\cjs\fast-check.js:1208:19)
          at asyncRunIt (D:\OpenSource\SnippetBox\frontend\node_modules\fast-check\lib\cjs\fast-check.js:2503:15)
          at Object.<anonymous> (D:\OpenSource\SnippetBox\frontend\tests\property\SnippetProperty.test.ts:106:7)

    [0m [90m 407 |[39m           console[33m.[39mlog([32m`Generated vector for snippet: ${snippetId}`[39m)[33m;[39m
     [90m 408 |[39m         } [36mcatch[39m (error) {
    [31m[1m>[22m[39m[90m 409 |[39m           console[33m.[39merror([32m`Failed to generate vector for snippet ${snippetId}:`[3
9m[33m,[39m error)[33m;[39m
     [90m     |[39m                   [31m[1m^[22m[39m
     [90m 410 |[39m         }
     [90m 411 |[39m       }
     [90m 412 |[39m     } [36mfinally[39m {[0m

      at SnippetManager.processVectorGenerationQueue (src/main/services/SnippetManager.ts:409:19)

    console.error
      Failed to generate vector for snippet snippet-9559zcmy6: TypeError: dbManager.getDb is not a function
          at VectorStore.initialize (D:\OpenSource\SnippetBox\frontend\src\main\services\VectorStore.ts:21:26)
          at VectorStore.addVector (D:\OpenSource\SnippetBox\frontend\src\main\services\VectorStore.ts:27:10)
          at SnippetManager.processVectorGenerationQueue (D:\OpenSource\SnippetBox\frontend\src\main\services\SnippetManager.ts:406:34)
          at SnippetManager.generateVectorForSnippet (D:\OpenSource\SnippetBox\frontend\src\main\services\SnippetManager.ts:388:10)
          at SnippetManager.createSnippet (D:\OpenSource\SnippetBox\frontend\src\main\services\SnippetManager.ts:72:12)
          at processTicksAndRejections (node:internal/process/task_queues:105:5)
          at D:\OpenSource\SnippetBox\frontend\tests\property\SnippetProperty.test.ts:144:31
          at AsyncProperty.run (D:\OpenSource\SnippetBox\frontend\node_modules\fast-check\lib\cjs\fast-check.js:1208:19)
          at asyncRunIt (D:\OpenSource\SnippetBox\frontend\node_modules\fast-check\lib\cjs\fast-check.js:2503:15)
          at Object.<anonymous> (D:\OpenSource\SnippetBox\frontend\tests\property\SnippetProperty.test.ts:106:7)

    [0m [90m 407 |[39m           console[33m.[39mlog([32m`Generated vector for snippet: ${snippetId}`[39m)[33m;[39m
     [90m 408 |[39m         } [36mcatch[39m (error) {
    [31m[1m>[22m[39m[90m 409 |[39m           console[33m.[39merror([32m`Failed to generate vector for snippet ${snippetId}:`[3
9m[33m,[39m error)[33m;[39m
     [90m     |[39m                   [31m[1m^[22m[39m
     [90m 410 |[39m         }
     [90m 411 |[39m       }
     [90m 412 |[39m     } [36mfinally[39m {[0m

      at SnippetManager.processVectorGenerationQueue (src/main/services/SnippetManager.ts:409:19)

    console.error
      Failed to generate vector for snippet snippet-5kln9p3hw: TypeError: dbManager.getDb is not a function
          at VectorStore.initialize (D:\OpenSource\SnippetBox\frontend\src\main\services\VectorStore.ts:21:26)
          at VectorStore.addVector (D:\OpenSource\SnippetBox\frontend\src\main\services\VectorStore.ts:27:10)
          at SnippetManager.processVectorGenerationQueue (D:\OpenSource\SnippetBox\frontend\src\main\services\SnippetManager.ts:406:34)
          at SnippetManager.generateVectorForSnippet (D:\OpenSource\SnippetBox\frontend\src\main\services\SnippetManager.ts:388:10)
          at SnippetManager.createSnippet (D:\OpenSource\SnippetBox\frontend\src\main\services\SnippetManager.ts:72:12)
          at processTicksAndRejections (node:internal/process/task_queues:105:5)
          at D:\OpenSource\SnippetBox\frontend\tests\property\SnippetProperty.test.ts:144:31
          at AsyncProperty.run (D:\OpenSource\SnippetBox\frontend\node_modules\fast-check\lib\cjs\fast-check.js:1208:19)
          at asyncRunIt (D:\OpenSource\SnippetBox\frontend\node_modules\fast-check\lib\cjs\fast-check.js:2503:15)
          at Object.<anonymous> (D:\OpenSource\SnippetBox\frontend\tests\property\SnippetProperty.test.ts:106:7)

    [0m [90m 407 |[39m           console[33m.[39mlog([32m`Generated vector for snippet: ${snippetId}`[39m)[33m;[39m
     [90m 408 |[39m         } [36mcatch[39m (error) {
    [31m[1m>[22m[39m[90m 409 |[39m           console[33m.[39merror([32m`Failed to generate vector for snippet ${snippetId}:`[3
9m[33m,[39m error)[33m;[39m
     [90m     |[39m                   [31m[1m^[22m[39m
     [90m 410 |[39m         }
     [90m 411 |[39m       }
     [90m 412 |[39m     } [36mfinally[39m {[0m

      at SnippetManager.processVectorGenerationQueue (src/main/services/SnippetManager.ts:409:19)

    console.error
      Failed to generate vector for snippet snippet-549al5pf0: TypeError: dbManager.getDb is not a function
          at VectorStore.initialize (D:\OpenSource\SnippetBox\frontend\src\main\services\VectorStore.ts:21:26)
          at VectorStore.addVector (D:\OpenSource\SnippetBox\frontend\src\main\services\VectorStore.ts:27:10)
          at SnippetManager.processVectorGenerationQueue (D:\OpenSource\SnippetBox\frontend\src\main\services\SnippetManager.ts:406:34)
          at SnippetManager.generateVectorForSnippet (D:\OpenSource\SnippetBox\frontend\src\main\services\SnippetManager.ts:388:10)
          at SnippetManager.createSnippet (D:\OpenSource\SnippetBox\frontend\src\main\services\SnippetManager.ts:72:12)
          at processTicksAndRejections (node:internal/process/task_queues:105:5)
          at D:\OpenSource\SnippetBox\frontend\tests\property\SnippetProperty.test.ts:144:31
          at AsyncProperty.run (D:\OpenSource\SnippetBox\frontend\node_modules\fast-check\lib\cjs\fast-check.js:1208:19)
          at asyncRunIt (D:\OpenSource\SnippetBox\frontend\node_modules\fast-check\lib\cjs\fast-check.js:2503:15)
          at Object.<anonymous> (D:\OpenSource\SnippetBox\frontend\tests\property\SnippetProperty.test.ts:106:7)

    [0m [90m 407 |[39m           console[33m.[39mlog([32m`Generated vector for snippet: ${snippetId}`[39m)[33m;[39m
     [90m 408 |[39m         } [36mcatch[39m (error) {
    [31m[1m>[22m[39m[90m 409 |[39m           console[33m.[39merror([32m`Failed to generate vector for snippet ${snippetId}:`[3
9m[33m,[39m error)[33m;[39m
     [90m     |[39m                   [31m[1m^[22m[39m
     [90m 410 |[39m         }
     [90m 411 |[39m       }
     [90m 412 |[39m     } [36mfinally[39m {[0m

      at SnippetManager.processVectorGenerationQueue (src/main/services/SnippetManager.ts:409:19)

    console.error
      Failed to generate vector for snippet snippet-a8tj69c2z: TypeError: dbManager.getDb is not a function
          at VectorStore.initialize (D:\OpenSource\SnippetBox\frontend\src\main\services\VectorStore.ts:21:26)
          at VectorStore.addVector (D:\OpenSource\SnippetBox\frontend\src\main\services\VectorStore.ts:27:10)
          at SnippetManager.processVectorGenerationQueue (D:\OpenSource\SnippetBox\frontend\src\main\services\SnippetManager.ts:406:34)
          at SnippetManager.generateVectorForSnippet (D:\OpenSource\SnippetBox\frontend\src\main\services\SnippetManager.ts:388:10)
          at SnippetManager.createSnippet (D:\OpenSource\SnippetBox\frontend\src\main\services\SnippetManager.ts:72:12)
          at processTicksAndRejections (node:internal/process/task_queues:105:5)
          at D:\OpenSource\SnippetBox\frontend\tests\property\SnippetProperty.test.ts:144:31
          at AsyncProperty.run (D:\OpenSource\SnippetBox\frontend\node_modules\fast-check\lib\cjs\fast-check.js:1208:19)
          at asyncRunIt (D:\OpenSource\SnippetBox\frontend\node_modules\fast-check\lib\cjs\fast-check.js:2503:15)
          at Object.<anonymous> (D:\OpenSource\SnippetBox\frontend\tests\property\SnippetProperty.test.ts:106:7)

    [0m [90m 407 |[39m           console[33m.[39mlog([32m`Generated vector for snippet: ${snippetId}`[39m)[33m;[39m
     [90m 408 |[39m         } [36mcatch[39m (error) {
    [31m[1m>[22m[39m[90m 409 |[39m           console[33m.[39merror([32m`Failed to generate vector for snippet ${snippetId}:`[3
9m[33m,[39m error)[33m;[39m
     [90m     |[39m                   [31m[1m^[22m[39m
     [90m 410 |[39m         }
     [90m 411 |[39m       }
     [90m 412 |[39m     } [36mfinally[39m {[0m

      at SnippetManager.processVectorGenerationQueue (src/main/services/SnippetManager.ts:409:19)

    console.error
      Failed to generate vector for snippet snippet-ddu0clsn7: TypeError: dbManager.getDb is not a function
          at VectorStore.initialize (D:\OpenSource\SnippetBox\frontend\src\main\services\VectorStore.ts:21:26)
          at VectorStore.addVector (D:\OpenSource\SnippetBox\frontend\src\main\services\VectorStore.ts:27:10)
          at SnippetManager.processVectorGenerationQueue (D:\OpenSource\SnippetBox\frontend\src\main\services\SnippetManager.ts:406:34)
          at SnippetManager.generateVectorForSnippet (D:\OpenSource\SnippetBox\frontend\src\main\services\SnippetManager.ts:388:10)
          at SnippetManager.createSnippet (D:\OpenSource\SnippetBox\frontend\src\main\services\SnippetManager.ts:72:12)
          at processTicksAndRejections (node:internal/process/task_queues:105:5)
          at D:\OpenSource\SnippetBox\frontend\tests\property\SnippetProperty.test.ts:144:31
          at AsyncProperty.run (D:\OpenSource\SnippetBox\frontend\node_modules\fast-check\lib\cjs\fast-check.js:1208:19)
          at asyncRunIt (D:\OpenSource\SnippetBox\frontend\node_modules\fast-check\lib\cjs\fast-check.js:2503:15)
          at Object.<anonymous> (D:\OpenSource\SnippetBox\frontend\tests\property\SnippetProperty.test.ts:106:7)

    [0m [90m 407 |[39m           console[33m.[39mlog([32m`Generated vector for snippet: ${snippetId}`[39m)[33m;[39m
     [90m 408 |[39m         } [36mcatch[39m (error) {
    [31m[1m>[22m[39m[90m 409 |[39m           console[33m.[39merror([32m`Failed to generate vector for snippet ${snippetId}:`[3
9m[33m,[39m error)[33m;[39m
     [90m     |[39m                   [31m[1m^[22m[39m
     [90m 410 |[39m         }
     [90m 411 |[39m       }
     [90m 412 |[39m     } [36mfinally[39m {[0m

      at SnippetManager.processVectorGenerationQueue (src/main/services/SnippetManager.ts:409:19)

    console.error
      Failed to generate vector for snippet snippet-xkpum1fcf: TypeError: dbManager.getDb is not a function
          at VectorStore.initialize (D:\OpenSource\SnippetBox\frontend\src\main\services\VectorStore.ts:21:26)
          at VectorStore.addVector (D:\OpenSource\SnippetBox\frontend\src\main\services\VectorStore.ts:27:10)
          at SnippetManager.processVectorGenerationQueue (D:\OpenSource\SnippetBox\frontend\src\main\services\SnippetManager.ts:406:34)
          at SnippetManager.generateVectorForSnippet (D:\OpenSource\SnippetBox\frontend\src\main\services\SnippetManager.ts:388:10)
          at SnippetManager.createSnippet (D:\OpenSource\SnippetBox\frontend\src\main\services\SnippetManager.ts:72:12)
          at processTicksAndRejections (node:internal/process/task_queues:105:5)
          at D:\OpenSource\SnippetBox\frontend\tests\property\SnippetProperty.test.ts:144:31
          at AsyncProperty.run (D:\OpenSource\SnippetBox\frontend\node_modules\fast-check\lib\cjs\fast-check.js:1208:19)
          at asyncRunIt (D:\OpenSource\SnippetBox\frontend\node_modules\fast-check\lib\cjs\fast-check.js:2503:15)
          at Object.<anonymous> (D:\OpenSource\SnippetBox\frontend\tests\property\SnippetProperty.test.ts:106:7)

    [0m [90m 407 |[39m           console[33m.[39mlog([32m`Generated vector for snippet: ${snippetId}`[39m)[33m;[39m
     [90m 408 |[39m         } [36mcatch[39m (error) {
    [31m[1m>[22m[39m[90m 409 |[39m           console[33m.[39merror([32m`Failed to generate vector for snippet ${snippetId}:`[3
9m[33m,[39m error)[33m;[39m
     [90m     |[39m                   [31m[1m^[22m[39m
     [90m 410 |[39m         }
     [90m 411 |[39m       }
     [90m 412 |[39m     } [36mfinally[39m {[0m

      at SnippetManager.processVectorGenerationQueue (src/main/services/SnippetManager.ts:409:19)

    console.error
      Failed to generate vector for snippet snippet-0gtrjagws: TypeError: dbManager.getDb is not a function
          at VectorStore.initialize (D:\OpenSource\SnippetBox\frontend\src\main\services\VectorStore.ts:21:26)
          at VectorStore.addVector (D:\OpenSource\SnippetBox\frontend\src\main\services\VectorStore.ts:27:10)
          at SnippetManager.processVectorGenerationQueue (D:\OpenSource\SnippetBox\frontend\src\main\services\SnippetManager.ts:406:34)
          at SnippetManager.generateVectorForSnippet (D:\OpenSource\SnippetBox\frontend\src\main\services\SnippetManager.ts:388:10)
          at SnippetManager.createSnippet (D:\OpenSource\SnippetBox\frontend\src\main\services\SnippetManager.ts:72:12)
          at processTicksAndRejections (node:internal/process/task_queues:105:5)
          at D:\OpenSource\SnippetBox\frontend\tests\property\SnippetProperty.test.ts:144:31
          at AsyncProperty.run (D:\OpenSource\SnippetBox\frontend\node_modules\fast-check\lib\cjs\fast-check.js:1208:19)
          at asyncRunIt (D:\OpenSource\SnippetBox\frontend\node_modules\fast-check\lib\cjs\fast-check.js:2503:15)
          at Object.<anonymous> (D:\OpenSource\SnippetBox\frontend\tests\property\SnippetProperty.test.ts:106:7)

    [0m [90m 407 |[39m           console[33m.[39mlog([32m`Generated vector for snippet: ${snippetId}`[39m)[33m;[39m
     [90m 408 |[39m         } [36mcatch[39m (error) {
    [31m[1m>[22m[39m[90m 409 |[39m           console[33m.[39merror([32m`Failed to generate vector for snippet ${snippetId}:`[3
9m[33m,[39m error)[33m;[39m
     [90m     |[39m                   [31m[1m^[22m[39m
     [90m 410 |[39m         }
     [90m 411 |[39m       }
     [90m 412 |[39m     } [36mfinally[39m {[0m

      at SnippetManager.processVectorGenerationQueue (src/main/services/SnippetManager.ts:409:19)

    console.error
      Failed to generate vector for snippet snippet-1bo99jijo: TypeError: dbManager.getDb is not a function
          at VectorStore.initialize (D:\OpenSource\SnippetBox\frontend\src\main\services\VectorStore.ts:21:26)
          at VectorStore.addVector (D:\OpenSource\SnippetBox\frontend\src\main\services\VectorStore.ts:27:10)
          at SnippetManager.processVectorGenerationQueue (D:\OpenSource\SnippetBox\frontend\src\main\services\SnippetManager.ts:406:34)
          at SnippetManager.generateVectorForSnippet (D:\OpenSource\SnippetBox\frontend\src\main\services\SnippetManager.ts:388:10)
          at SnippetManager.createSnippet (D:\OpenSource\SnippetBox\frontend\src\main\services\SnippetManager.ts:72:12)
          at processTicksAndRejections (node:internal/process/task_queues:105:5)
          at D:\OpenSource\SnippetBox\frontend\tests\property\SnippetProperty.test.ts:144:31
          at AsyncProperty.run (D:\OpenSource\SnippetBox\frontend\node_modules\fast-check\lib\cjs\fast-check.js:1208:19)
          at asyncRunIt (D:\OpenSource\SnippetBox\frontend\node_modules\fast-check\lib\cjs\fast-check.js:2503:15)
          at Object.<anonymous> (D:\OpenSource\SnippetBox\frontend\tests\property\SnippetProperty.test.ts:106:7)

    [0m [90m 407 |[39m           console[33m.[39mlog([32m`Generated vector for snippet: ${snippetId}`[39m)[33m;[39m
     [90m 408 |[39m         } [36mcatch[39m (error) {
    [31m[1m>[22m[39m[90m 409 |[39m           console[33m.[39merror([32m`Failed to generate vector for snippet ${snippetId}:`[3
9m[33m,[39m error)[33m;[39m
     [90m     |[39m                   [31m[1m^[22m[39m
     [90m 410 |[39m         }
     [90m 411 |[39m       }
     [90m 412 |[39m     } [36mfinally[39m {[0m

      at SnippetManager.processVectorGenerationQueue (src/main/services/SnippetManager.ts:409:19)

    console.error
      Failed to generate vector for snippet snippet-dukd1rhg3: TypeError: dbManager.getDb is not a function
          at VectorStore.initialize (D:\OpenSource\SnippetBox\frontend\src\main\services\VectorStore.ts:21:26)
          at VectorStore.addVector (D:\OpenSource\SnippetBox\frontend\src\main\services\VectorStore.ts:27:10)
          at SnippetManager.processVectorGenerationQueue (D:\OpenSource\SnippetBox\frontend\src\main\services\SnippetManager.ts:406:34)
          at SnippetManager.generateVectorForSnippet (D:\OpenSource\SnippetBox\frontend\src\main\services\SnippetManager.ts:388:10)
          at SnippetManager.createSnippet (D:\OpenSource\SnippetBox\frontend\src\main\services\SnippetManager.ts:72:12)
          at processTicksAndRejections (node:internal/process/task_queues:105:5)
          at D:\OpenSource\SnippetBox\frontend\tests\property\SnippetProperty.test.ts:144:31
          at AsyncProperty.run (D:\OpenSource\SnippetBox\frontend\node_modules\fast-check\lib\cjs\fast-check.js:1208:19)
          at asyncRunIt (D:\OpenSource\SnippetBox\frontend\node_modules\fast-check\lib\cjs\fast-check.js:2503:15)
          at Object.<anonymous> (D:\OpenSource\SnippetBox\frontend\tests\property\SnippetProperty.test.ts:106:7)

    [0m [90m 407 |[39m           console[33m.[39mlog([32m`Generated vector for snippet: ${snippetId}`[39m)[33m;[39m
     [90m 408 |[39m         } [36mcatch[39m (error) {
    [31m[1m>[22m[39m[90m 409 |[39m           console[33m.[39merror([32m`Failed to generate vector for snippet ${snippetId}:`[3
9m[33m,[39m error)[33m;[39m
     [90m     |[39m                   [31m[1m^[22m[39m
     [90m 410 |[39m         }
     [90m 411 |[39m       }
     [90m 412 |[39m     } [36mfinally[39m {[0m

      at SnippetManager.processVectorGenerationQueue (src/main/services/SnippetManager.ts:409:19)

    console.error
      Failed to generate vector for snippet snippet-v1jyayhe1: TypeError: dbManager.getDb is not a function
          at VectorStore.initialize (D:\OpenSource\SnippetBox\frontend\src\main\services\VectorStore.ts:21:26)
          at VectorStore.addVector (D:\OpenSource\SnippetBox\frontend\src\main\services\VectorStore.ts:27:10)
          at SnippetManager.processVectorGenerationQueue (D:\OpenSource\SnippetBox\frontend\src\main\services\SnippetManager.ts:406:34)
          at SnippetManager.generateVectorForSnippet (D:\OpenSource\SnippetBox\frontend\src\main\services\SnippetManager.ts:388:10)
          at SnippetManager.createSnippet (D:\OpenSource\SnippetBox\frontend\src\main\services\SnippetManager.ts:72:12)
          at processTicksAndRejections (node:internal/process/task_queues:105:5)
          at D:\OpenSource\SnippetBox\frontend\tests\property\SnippetProperty.test.ts:144:31
          at AsyncProperty.run (D:\OpenSource\SnippetBox\frontend\node_modules\fast-check\lib\cjs\fast-check.js:1208:19)
          at asyncRunIt (D:\OpenSource\SnippetBox\frontend\node_modules\fast-check\lib\cjs\fast-check.js:2503:15)
          at Object.<anonymous> (D:\OpenSource\SnippetBox\frontend\tests\property\SnippetProperty.test.ts:106:7)

    [0m [90m 407 |[39m           console[33m.[39mlog([32m`Generated vector for snippet: ${snippetId}`[39m)[33m;[39m
     [90m 408 |[39m         } [36mcatch[39m (error) {
    [31m[1m>[22m[39m[90m 409 |[39m           console[33m.[39merror([32m`Failed to generate vector for snippet ${snippetId}:`[3
9m[33m,[39m error)[33m;[39m
     [90m     |[39m                   [31m[1m^[22m[39m
     [90m 410 |[39m         }
     [90m 411 |[39m       }
     [90m 412 |[39m     } [36mfinally[39m {[0m

      at SnippetManager.processVectorGenerationQueue (src/main/services/SnippetManager.ts:409:19)

    console.error
      Failed to generate vector for snippet snippet-ty9qf684f: TypeError: dbManager.getDb is not a function
          at VectorStore.initialize (D:\OpenSource\SnippetBox\frontend\src\main\services\VectorStore.ts:21:26)
          at VectorStore.addVector (D:\OpenSource\SnippetBox\frontend\src\main\services\VectorStore.ts:27:10)
          at SnippetManager.processVectorGenerationQueue (D:\OpenSource\SnippetBox\frontend\src\main\services\SnippetManager.ts:406:34)
          at SnippetManager.generateVectorForSnippet (D:\OpenSource\SnippetBox\frontend\src\main\services\SnippetManager.ts:388:10)
          at SnippetManager.createSnippet (D:\OpenSource\SnippetBox\frontend\src\main\services\SnippetManager.ts:72:12)
          at processTicksAndRejections (node:internal/process/task_queues:105:5)
          at D:\OpenSource\SnippetBox\frontend\tests\property\SnippetProperty.test.ts:144:31
          at AsyncProperty.run (D:\OpenSource\SnippetBox\frontend\node_modules\fast-check\lib\cjs\fast-check.js:1208:19)
          at asyncRunIt (D:\OpenSource\SnippetBox\frontend\node_modules\fast-check\lib\cjs\fast-check.js:2503:15)
          at Object.<anonymous> (D:\OpenSource\SnippetBox\frontend\tests\property\SnippetProperty.test.ts:106:7)

    [0m [90m 407 |[39m           console[33m.[39mlog([32m`Generated vector for snippet: ${snippetId}`[39m)[33m;[39m
     [90m 408 |[39m         } [36mcatch[39m (error) {
    [31m[1m>[22m[39m[90m 409 |[39m           console[33m.[39merror([32m`Failed to generate vector for snippet ${snippetId}:`[3
9m[33m,[39m error)[33m;[39m
     [90m     |[39m                   [31m[1m^[22m[39m
     [90m 410 |[39m         }
     [90m 411 |[39m       }
     [90m 412 |[39m     } [36mfinally[39m {[0m

      at SnippetManager.processVectorGenerationQueue (src/main/services/SnippetManager.ts:409:19)

    console.error
      Failed to generate vector for snippet snippet-rnfe05rx6: TypeError: dbManager.getDb is not a function
          at VectorStore.initialize (D:\OpenSource\SnippetBox\frontend\src\main\services\VectorStore.ts:21:26)
          at VectorStore.addVector (D:\OpenSource\SnippetBox\frontend\src\main\services\VectorStore.ts:27:10)
          at SnippetManager.processVectorGenerationQueue (D:\OpenSource\SnippetBox\frontend\src\main\services\SnippetManager.ts:406:34)
          at SnippetManager.generateVectorForSnippet (D:\OpenSource\SnippetBox\frontend\src\main\services\SnippetManager.ts:388:10)
          at SnippetManager.createSnippet (D:\OpenSource\SnippetBox\frontend\src\main\services\SnippetManager.ts:72:12)
          at processTicksAndRejections (node:internal/process/task_queues:105:5)
          at D:\OpenSource\SnippetBox\frontend\tests\property\SnippetProperty.test.ts:144:31
          at AsyncProperty.run (D:\OpenSource\SnippetBox\frontend\node_modules\fast-check\lib\cjs\fast-check.js:1208:19)
          at asyncRunIt (D:\OpenSource\SnippetBox\frontend\node_modules\fast-check\lib\cjs\fast-check.js:2503:15)
          at Object.<anonymous> (D:\OpenSource\SnippetBox\frontend\tests\property\SnippetProperty.test.ts:106:7)

    [0m [90m 407 |[39m           console[33m.[39mlog([32m`Generated vector for snippet: ${snippetId}`[39m)[33m;[39m
     [90m 408 |[39m         } [36mcatch[39m (error) {
    [31m[1m>[22m[39m[90m 409 |[39m           console[33m.[39merror([32m`Failed to generate vector for snippet ${snippetId}:`[3
9m[33m,[39m error)[33m;[39m
     [90m     |[39m                   [31m[1m^[22m[39m
     [90m 410 |[39m         }
     [90m 411 |[39m       }
     [90m 412 |[39m     } [36mfinally[39m {[0m

      at SnippetManager.processVectorGenerationQueue (src/main/services/SnippetManager.ts:409:19)

    console.error
      Failed to generate vector for snippet snippet-4mn887nxc: TypeError: dbManager.getDb is not a function
          at VectorStore.initialize (D:\OpenSource\SnippetBox\frontend\src\main\services\VectorStore.ts:21:26)
          at VectorStore.addVector (D:\OpenSource\SnippetBox\frontend\src\main\services\VectorStore.ts:27:10)
          at SnippetManager.processVectorGenerationQueue (D:\OpenSource\SnippetBox\frontend\src\main\services\SnippetManager.ts:406:34)
          at SnippetManager.generateVectorForSnippet (D:\OpenSource\SnippetBox\frontend\src\main\services\SnippetManager.ts:388:10)
          at SnippetManager.createSnippet (D:\OpenSource\SnippetBox\frontend\src\main\services\SnippetManager.ts:72:12)
          at processTicksAndRejections (node:internal/process/task_queues:105:5)
          at D:\OpenSource\SnippetBox\frontend\tests\property\SnippetProperty.test.ts:144:31
          at AsyncProperty.run (D:\OpenSource\SnippetBox\frontend\node_modules\fast-check\lib\cjs\fast-check.js:1208:19)
          at asyncRunIt (D:\OpenSource\SnippetBox\frontend\node_modules\fast-check\lib\cjs\fast-check.js:2503:15)
          at Object.<anonymous> (D:\OpenSource\SnippetBox\frontend\tests\property\SnippetProperty.test.ts:106:7)

    [0m [90m 407 |[39m           console[33m.[39mlog([32m`Generated vector for snippet: ${snippetId}`[39m)[33m;[39m
     [90m 408 |[39m         } [36mcatch[39m (error) {
    [31m[1m>[22m[39m[90m 409 |[39m           console[33m.[39merror([32m`Failed to generate vector for snippet ${snippetId}:`[3
9m[33m,[39m error)[33m;[39m
     [90m     |[39m                   [31m[1m^[22m[39m
     [90m 410 |[39m         }
     [90m 411 |[39m       }
     [90m 412 |[39m     } [36mfinally[39m {[0m

      at SnippetManager.processVectorGenerationQueue (src/main/services/SnippetManager.ts:409:19)

    console.error
      Failed to generate vector for snippet snippet-cwsxke316: TypeError: dbManager.getDb is not a function
          at VectorStore.initialize (D:\OpenSource\SnippetBox\frontend\src\main\services\VectorStore.ts:21:26)
          at VectorStore.addVector (D:\OpenSource\SnippetBox\frontend\src\main\services\VectorStore.ts:27:10)
          at SnippetManager.processVectorGenerationQueue (D:\OpenSource\SnippetBox\frontend\src\main\services\SnippetManager.ts:406:34)
          at SnippetManager.generateVectorForSnippet (D:\OpenSource\SnippetBox\frontend\src\main\services\SnippetManager.ts:388:10)
          at SnippetManager.createSnippet (D:\OpenSource\SnippetBox\frontend\src\main\services\SnippetManager.ts:72:12)
          at processTicksAndRejections (node:internal/process/task_queues:105:5)
          at D:\OpenSource\SnippetBox\frontend\tests\property\SnippetProperty.test.ts:144:31
          at AsyncProperty.run (D:\OpenSource\SnippetBox\frontend\node_modules\fast-check\lib\cjs\fast-check.js:1208:19)
          at asyncRunIt (D:\OpenSource\SnippetBox\frontend\node_modules\fast-check\lib\cjs\fast-check.js:2503:15)
          at Object.<anonymous> (D:\OpenSource\SnippetBox\frontend\tests\property\SnippetProperty.test.ts:106:7)

    [0m [90m 407 |[39m           console[33m.[39mlog([32m`Generated vector for snippet: ${snippetId}`[39m)[33m;[39m
     [90m 408 |[39m         } [36mcatch[39m (error) {
    [31m[1m>[22m[39m[90m 409 |[39m           console[33m.[39merror([32m`Failed to generate vector for snippet ${snippetId}:`[3
9m[33m,[39m error)[33m;[39m
     [90m     |[39m                   [31m[1m^[22m[39m
     [90m 410 |[39m         }
     [90m 411 |[39m       }
     [90m 412 |[39m     } [36mfinally[39m {[0m

      at SnippetManager.processVectorGenerationQueue (src/main/services/SnippetManager.ts:409:19)

    console.error
      Failed to generate vector for snippet snippet-2cf2hbhoo: TypeError: dbManager.getDb is not a function
          at VectorStore.initialize (D:\OpenSource\SnippetBox\frontend\src\main\services\VectorStore.ts:21:26)
          at VectorStore.addVector (D:\OpenSource\SnippetBox\frontend\src\main\services\VectorStore.ts:27:10)
          at SnippetManager.processVectorGenerationQueue (D:\OpenSource\SnippetBox\frontend\src\main\services\SnippetManager.ts:406:34)
          at SnippetManager.generateVectorForSnippet (D:\OpenSource\SnippetBox\frontend\src\main\services\SnippetManager.ts:388:10)
          at SnippetManager.createSnippet (D:\OpenSource\SnippetBox\frontend\src\main\services\SnippetManager.ts:72:12)
          at processTicksAndRejections (node:internal/process/task_queues:105:5)
          at D:\OpenSource\SnippetBox\frontend\tests\property\SnippetProperty.test.ts:144:31
          at AsyncProperty.run (D:\OpenSource\SnippetBox\frontend\node_modules\fast-check\lib\cjs\fast-check.js:1208:19)
          at asyncRunIt (D:\OpenSource\SnippetBox\frontend\node_modules\fast-check\lib\cjs\fast-check.js:2503:15)
          at Object.<anonymous> (D:\OpenSource\SnippetBox\frontend\tests\property\SnippetProperty.test.ts:106:7)

    [0m [90m 407 |[39m           console[33m.[39mlog([32m`Generated vector for snippet: ${snippetId}`[39m)[33m;[39m
     [90m 408 |[39m         } [36mcatch[39m (error) {
    [31m[1m>[22m[39m[90m 409 |[39m           console[33m.[39merror([32m`Failed to generate vector for snippet ${snippetId}:`[3
9m[33m,[39m error)[33m;[39m
     [90m     |[39m                   [31m[1m^[22m[39m
     [90m 410 |[39m         }
     [90m 411 |[39m       }
     [90m 412 |[39m     } [36mfinally[39m {[0m

      at SnippetManager.processVectorGenerationQueue (src/main/services/SnippetManager.ts:409:19)

    console.error
      Failed to generate vector for snippet snippet-kduro1e32: TypeError: dbManager.getDb is not a function
          at VectorStore.initialize (D:\OpenSource\SnippetBox\frontend\src\main\services\VectorStore.ts:21:26)
          at VectorStore.addVector (D:\OpenSource\SnippetBox\frontend\src\main\services\VectorStore.ts:27:10)
          at SnippetManager.processVectorGenerationQueue (D:\OpenSource\SnippetBox\frontend\src\main\services\SnippetManager.ts:406:34)
          at SnippetManager.generateVectorForSnippet (D:\OpenSource\SnippetBox\frontend\src\main\services\SnippetManager.ts:388:10)
          at SnippetManager.createSnippet (D:\OpenSource\SnippetBox\frontend\src\main\services\SnippetManager.ts:72:12)
          at processTicksAndRejections (node:internal/process/task_queues:105:5)
          at D:\OpenSource\SnippetBox\frontend\tests\property\SnippetProperty.test.ts:144:31
          at AsyncProperty.run (D:\OpenSource\SnippetBox\frontend\node_modules\fast-check\lib\cjs\fast-check.js:1208:19)
          at asyncRunIt (D:\OpenSource\SnippetBox\frontend\node_modules\fast-check\lib\cjs\fast-check.js:2503:15)
          at Object.<anonymous> (D:\OpenSource\SnippetBox\frontend\tests\property\SnippetProperty.test.ts:106:7)

    [0m [90m 407 |[39m           console[33m.[39mlog([32m`Generated vector for snippet: ${snippetId}`[39m)[33m;[39m
     [90m 408 |[39m         } [36mcatch[39m (error) {
    [31m[1m>[22m[39m[90m 409 |[39m           console[33m.[39merror([32m`Failed to generate vector for snippet ${snippetId}:`[3
9m[33m,[39m error)[33m;[39m
     [90m     |[39m                   [31m[1m^[22m[39m
     [90m 410 |[39m         }
     [90m 411 |[39m       }
     [90m 412 |[39m     } [36mfinally[39m {[0m

      at SnippetManager.processVectorGenerationQueue (src/main/services/SnippetManager.ts:409:19)

    console.error
      Failed to generate vector for snippet snippet-0eyz6pp49: TypeError: dbManager.getDb is not a function
          at VectorStore.initialize (D:\OpenSource\SnippetBox\frontend\src\main\services\VectorStore.ts:21:26)
          at VectorStore.addVector (D:\OpenSource\SnippetBox\frontend\src\main\services\VectorStore.ts:27:10)
          at SnippetManager.processVectorGenerationQueue (D:\OpenSource\SnippetBox\frontend\src\main\services\SnippetManager.ts:406:34)
          at SnippetManager.generateVectorForSnippet (D:\OpenSource\SnippetBox\frontend\src\main\services\SnippetManager.ts:388:10)
          at SnippetManager.createSnippet (D:\OpenSource\SnippetBox\frontend\src\main\services\SnippetManager.ts:72:12)
          at processTicksAndRejections (node:internal/process/task_queues:105:5)
          at D:\OpenSource\SnippetBox\frontend\tests\property\SnippetProperty.test.ts:144:31
          at AsyncProperty.run (D:\OpenSource\SnippetBox\frontend\node_modules\fast-check\lib\cjs\fast-check.js:1208:19)
          at asyncRunIt (D:\OpenSource\SnippetBox\frontend\node_modules\fast-check\lib\cjs\fast-check.js:2503:15)
          at Object.<anonymous> (D:\OpenSource\SnippetBox\frontend\tests\property\SnippetProperty.test.ts:106:7)

    [0m [90m 407 |[39m           console[33m.[39mlog([32m`Generated vector for snippet: ${snippetId}`[39m)[33m;[39m
     [90m 408 |[39m         } [36mcatch[39m (error) {
    [31m[1m>[22m[39m[90m 409 |[39m           console[33m.[39merror([32m`Failed to generate vector for snippet ${snippetId}:`[3
9m[33m,[39m error)[33m;[39m
     [90m     |[39m                   [31m[1m^[22m[39m
     [90m 410 |[39m         }
     [90m 411 |[39m       }
     [90m 412 |[39m     } [36mfinally[39m {[0m

      at SnippetManager.processVectorGenerationQueue (src/main/services/SnippetManager.ts:409:19)

    console.error
      Failed to generate vector for snippet snippet-n0pt74jwm: TypeError: dbManager.getDb is not a function
          at VectorStore.initialize (D:\OpenSource\SnippetBox\frontend\src\main\services\VectorStore.ts:21:26)
          at VectorStore.addVector (D:\OpenSource\SnippetBox\frontend\src\main\services\VectorStore.ts:27:10)
          at SnippetManager.processVectorGenerationQueue (D:\OpenSource\SnippetBox\frontend\src\main\services\SnippetManager.ts:406:34)
          at SnippetManager.generateVectorForSnippet (D:\OpenSource\SnippetBox\frontend\src\main\services\SnippetManager.ts:388:10)
          at SnippetManager.createSnippet (D:\OpenSource\SnippetBox\frontend\src\main\services\SnippetManager.ts:72:12)
          at processTicksAndRejections (node:internal/process/task_queues:105:5)
          at D:\OpenSource\SnippetBox\frontend\tests\property\SnippetProperty.test.ts:144:31
          at AsyncProperty.run (D:\OpenSource\SnippetBox\frontend\node_modules\fast-check\lib\cjs\fast-check.js:1208:19)
          at asyncRunIt (D:\OpenSource\SnippetBox\frontend\node_modules\fast-check\lib\cjs\fast-check.js:2503:15)
          at Object.<anonymous> (D:\OpenSource\SnippetBox\frontend\tests\property\SnippetProperty.test.ts:106:7)

    [0m [90m 407 |[39m           console[33m.[39mlog([32m`Generated vector for snippet: ${snippetId}`[39m)[33m;[39m
     [90m 408 |[39m         } [36mcatch[39m (error) {
    [31m[1m>[22m[39m[90m 409 |[39m           console[33m.[39merror([32m`Failed to generate vector for snippet ${snippetId}:`[3
9m[33m,[39m error)[33m;[39m
     [90m     |[39m                   [31m[1m^[22m[39m
     [90m 410 |[39m         }
     [90m 411 |[39m       }
     [90m 412 |[39m     } [36mfinally[39m {[0m

      at SnippetManager.processVectorGenerationQueue (src/main/services/SnippetManager.ts:409:19)

    console.error
      Failed to generate vector for snippet snippet-iugzklpi5: TypeError: dbManager.getDb is not a function
          at VectorStore.initialize (D:\OpenSource\SnippetBox\frontend\src\main\services\VectorStore.ts:21:26)
          at VectorStore.addVector (D:\OpenSource\SnippetBox\frontend\src\main\services\VectorStore.ts:27:10)
          at SnippetManager.processVectorGenerationQueue (D:\OpenSource\SnippetBox\frontend\src\main\services\SnippetManager.ts:406:34)
          at SnippetManager.generateVectorForSnippet (D:\OpenSource\SnippetBox\frontend\src\main\services\SnippetManager.ts:388:10)
          at SnippetManager.createSnippet (D:\OpenSource\SnippetBox\frontend\src\main\services\SnippetManager.ts:72:12)
          at processTicksAndRejections (node:internal/process/task_queues:105:5)
          at D:\OpenSource\SnippetBox\frontend\tests\property\SnippetProperty.test.ts:144:31
          at AsyncProperty.run (D:\OpenSource\SnippetBox\frontend\node_modules\fast-check\lib\cjs\fast-check.js:1208:19)
          at asyncRunIt (D:\OpenSource\SnippetBox\frontend\node_modules\fast-check\lib\cjs\fast-check.js:2503:15)
          at Object.<anonymous> (D:\OpenSource\SnippetBox\frontend\tests\property\SnippetProperty.test.ts:106:7)

    [0m [90m 407 |[39m           console[33m.[39mlog([32m`Generated vector for snippet: ${snippetId}`[39m)[33m;[39m
     [90m 408 |[39m         } [36mcatch[39m (error) {
    [31m[1m>[22m[39m[90m 409 |[39m           console[33m.[39merror([32m`Failed to generate vector for snippet ${snippetId}:`[3
9m[33m,[39m error)[33m;[39m
     [90m     |[39m                   [31m[1m^[22m[39m
     [90m 410 |[39m         }
     [90m 411 |[39m       }
     [90m 412 |[39m     } [36mfinally[39m {[0m

      at SnippetManager.processVectorGenerationQueue (src/main/services/SnippetManager.ts:409:19)

    console.error
      Failed to generate vector for snippet snippet-yrrwpxf7w: TypeError: dbManager.getDb is not a function
          at VectorStore.initialize (D:\OpenSource\SnippetBox\frontend\src\main\services\VectorStore.ts:21:26)
          at VectorStore.addVector (D:\OpenSource\SnippetBox\frontend\src\main\services\VectorStore.ts:27:10)
          at SnippetManager.processVectorGenerationQueue (D:\OpenSource\SnippetBox\frontend\src\main\services\SnippetManager.ts:406:34)
          at SnippetManager.generateVectorForSnippet (D:\OpenSource\SnippetBox\frontend\src\main\services\SnippetManager.ts:388:10)
          at SnippetManager.createSnippet (D:\OpenSource\SnippetBox\frontend\src\main\services\SnippetManager.ts:72:12)
          at processTicksAndRejections (node:internal/process/task_queues:105:5)
          at D:\OpenSource\SnippetBox\frontend\tests\property\SnippetProperty.test.ts:144:31
          at AsyncProperty.run (D:\OpenSource\SnippetBox\frontend\node_modules\fast-check\lib\cjs\fast-check.js:1208:19)
          at asyncRunIt (D:\OpenSource\SnippetBox\frontend\node_modules\fast-check\lib\cjs\fast-check.js:2503:15)
          at Object.<anonymous> (D:\OpenSource\SnippetBox\frontend\tests\property\SnippetProperty.test.ts:106:7)

    [0m [90m 407 |[39m           console[33m.[39mlog([32m`Generated vector for snippet: ${snippetId}`[39m)[33m;[39m
     [90m 408 |[39m         } [36mcatch[39m (error) {
    [31m[1m>[22m[39m[90m 409 |[39m           console[33m.[39merror([32m`Failed to generate vector for snippet ${snippetId}:`[3
9m[33m,[39m error)[33m;[39m
     [90m     |[39m                   [31m[1m^[22m[39m
     [90m 410 |[39m         }
     [90m 411 |[39m       }
     [90m 412 |[39m     } [36mfinally[39m {[0m

      at SnippetManager.processVectorGenerationQueue (src/main/services/SnippetManager.ts:409:19)

    console.error
      Failed to generate vector for snippet snippet-cisvs5h63: TypeError: dbManager.getDb is not a function
          at VectorStore.initialize (D:\OpenSource\SnippetBox\frontend\src\main\services\VectorStore.ts:21:26)
          at VectorStore.addVector (D:\OpenSource\SnippetBox\frontend\src\main\services\VectorStore.ts:27:10)
          at SnippetManager.processVectorGenerationQueue (D:\OpenSource\SnippetBox\frontend\src\main\services\SnippetManager.ts:406:34)
          at SnippetManager.generateVectorForSnippet (D:\OpenSource\SnippetBox\frontend\src\main\services\SnippetManager.ts:388:10)
          at SnippetManager.createSnippet (D:\OpenSource\SnippetBox\frontend\src\main\services\SnippetManager.ts:72:12)
          at processTicksAndRejections (node:internal/process/task_queues:105:5)
          at D:\OpenSource\SnippetBox\frontend\tests\property\SnippetProperty.test.ts:144:31
          at AsyncProperty.run (D:\OpenSource\SnippetBox\frontend\node_modules\fast-check\lib\cjs\fast-check.js:1208:19)
          at asyncRunIt (D:\OpenSource\SnippetBox\frontend\node_modules\fast-check\lib\cjs\fast-check.js:2503:15)
          at Object.<anonymous> (D:\OpenSource\SnippetBox\frontend\tests\property\SnippetProperty.test.ts:106:7)

    [0m [90m 407 |[39m           console[33m.[39mlog([32m`Generated vector for snippet: ${snippetId}`[39m)[33m;[39m
     [90m 408 |[39m         } [36mcatch[39m (error) {
    [31m[1m>[22m[39m[90m 409 |[39m           console[33m.[39merror([32m`Failed to generate vector for snippet ${snippetId}:`[3
9m[33m,[39m error)[33m;[39m
     [90m     |[39m                   [31m[1m^[22m[39m
     [90m 410 |[39m         }
     [90m 411 |[39m       }
     [90m 412 |[39m     } [36mfinally[39m {[0m

      at SnippetManager.processVectorGenerationQueue (src/main/services/SnippetManager.ts:409:19)

    console.error
      Failed to generate vector for snippet snippet-gx30okgqh: TypeError: dbManager.getDb is not a function
          at VectorStore.initialize (D:\OpenSource\SnippetBox\frontend\src\main\services\VectorStore.ts:21:26)
          at VectorStore.addVector (D:\OpenSource\SnippetBox\frontend\src\main\services\VectorStore.ts:27:10)
          at SnippetManager.processVectorGenerationQueue (D:\OpenSource\SnippetBox\frontend\src\main\services\SnippetManager.ts:406:34)
          at SnippetManager.generateVectorForSnippet (D:\OpenSource\SnippetBox\frontend\src\main\services\SnippetManager.ts:388:10)
          at SnippetManager.createSnippet (D:\OpenSource\SnippetBox\frontend\src\main\services\SnippetManager.ts:72:12)
          at processTicksAndRejections (node:internal/process/task_queues:105:5)
          at D:\OpenSource\SnippetBox\frontend\tests\property\SnippetProperty.test.ts:144:31
          at AsyncProperty.run (D:\OpenSource\SnippetBox\frontend\node_modules\fast-check\lib\cjs\fast-check.js:1208:19)
          at asyncRunIt (D:\OpenSource\SnippetBox\frontend\node_modules\fast-check\lib\cjs\fast-check.js:2503:15)
          at Object.<anonymous> (D:\OpenSource\SnippetBox\frontend\tests\property\SnippetProperty.test.ts:106:7)

    [0m [90m 407 |[39m           console[33m.[39mlog([32m`Generated vector for snippet: ${snippetId}`[39m)[33m;[39m
     [90m 408 |[39m         } [36mcatch[39m (error) {
    [31m[1m>[22m[39m[90m 409 |[39m           console[33m.[39merror([32m`Failed to generate vector for snippet ${snippetId}:`[3
9m[33m,[39m error)[33m;[39m
     [90m     |[39m                   [31m[1m^[22m[39m
     [90m 410 |[39m         }
     [90m 411 |[39m       }
     [90m 412 |[39m     } [36mfinally[39m {[0m

      at SnippetManager.processVectorGenerationQueue (src/main/services/SnippetManager.ts:409:19)

    console.error
      Failed to generate vector for snippet snippet-b24wgcwed: TypeError: dbManager.getDb is not a function
          at VectorStore.initialize (D:\OpenSource\SnippetBox\frontend\src\main\services\VectorStore.ts:21:26)
          at VectorStore.addVector (D:\OpenSource\SnippetBox\frontend\src\main\services\VectorStore.ts:27:10)
          at SnippetManager.processVectorGenerationQueue (D:\OpenSource\SnippetBox\frontend\src\main\services\SnippetManager.ts:406:34)
          at SnippetManager.generateVectorForSnippet (D:\OpenSource\SnippetBox\frontend\src\main\services\SnippetManager.ts:388:10)
          at SnippetManager.createSnippet (D:\OpenSource\SnippetBox\frontend\src\main\services\SnippetManager.ts:72:12)
          at processTicksAndRejections (node:internal/process/task_queues:105:5)
          at D:\OpenSource\SnippetBox\frontend\tests\property\SnippetProperty.test.ts:144:31
          at AsyncProperty.run (D:\OpenSource\SnippetBox\frontend\node_modules\fast-check\lib\cjs\fast-check.js:1208:19)
          at asyncRunIt (D:\OpenSource\SnippetBox\frontend\node_modules\fast-check\lib\cjs\fast-check.js:2503:15)
          at Object.<anonymous> (D:\OpenSource\SnippetBox\frontend\tests\property\SnippetProperty.test.ts:106:7)

    [0m [90m 407 |[39m           console[33m.[39mlog([32m`Generated vector for snippet: ${snippetId}`[39m)[33m;[39m
     [90m 408 |[39m         } [36mcatch[39m (error) {
    [31m[1m>[22m[39m[90m 409 |[39m           console[33m.[39merror([32m`Failed to generate vector for snippet ${snippetId}:`[3
9m[33m,[39m error)[33m;[39m
     [90m     |[39m                   [31m[1m^[22m[39m
     [90m 410 |[39m         }
     [90m 411 |[39m       }
     [90m 412 |[39m     } [36mfinally[39m {[0m

      at SnippetManager.processVectorGenerationQueue (src/main/services/SnippetManager.ts:409:19)

    console.error
      Failed to generate vector for snippet snippet-jc23liu8r: TypeError: dbManager.getDb is not a function
          at VectorStore.initialize (D:\OpenSource\SnippetBox\frontend\src\main\services\VectorStore.ts:21:26)
          at VectorStore.addVector (D:\OpenSource\SnippetBox\frontend\src\main\services\VectorStore.ts:27:10)
          at SnippetManager.processVectorGenerationQueue (D:\OpenSource\SnippetBox\frontend\src\main\services\SnippetManager.ts:406:34)
          at SnippetManager.generateVectorForSnippet (D:\OpenSource\SnippetBox\frontend\src\main\services\SnippetManager.ts:388:10)
          at SnippetManager.createSnippet (D:\OpenSource\SnippetBox\frontend\src\main\services\SnippetManager.ts:72:12)
          at processTicksAndRejections (node:internal/process/task_queues:105:5)
          at D:\OpenSource\SnippetBox\frontend\tests\property\SnippetProperty.test.ts:144:31
          at AsyncProperty.run (D:\OpenSource\SnippetBox\frontend\node_modules\fast-check\lib\cjs\fast-check.js:1208:19)
          at asyncRunIt (D:\OpenSource\SnippetBox\frontend\node_modules\fast-check\lib\cjs\fast-check.js:2503:15)
          at Object.<anonymous> (D:\OpenSource\SnippetBox\frontend\tests\property\SnippetProperty.test.ts:106:7)

    [0m [90m 407 |[39m           console[33m.[39mlog([32m`Generated vector for snippet: ${snippetId}`[39m)[33m;[39m
     [90m 408 |[39m         } [36mcatch[39m (error) {
    [31m[1m>[22m[39m[90m 409 |[39m           console[33m.[39merror([32m`Failed to generate vector for snippet ${snippetId}:`[3
9m[33m,[39m error)[33m;[39m
     [90m     |[39m                   [31m[1m^[22m[39m
     [90m 410 |[39m         }
     [90m 411 |[39m       }
     [90m 412 |[39m     } [36mfinally[39m {[0m

      at SnippetManager.processVectorGenerationQueue (src/main/services/SnippetManager.ts:409:19)

    console.error
      Failed to generate vector for snippet snippet-4k155fkz0: TypeError: dbManager.getDb is not a function
          at VectorStore.initialize (D:\OpenSource\SnippetBox\frontend\src\main\services\VectorStore.ts:21:26)
          at VectorStore.addVector (D:\OpenSource\SnippetBox\frontend\src\main\services\VectorStore.ts:27:10)
          at SnippetManager.processVectorGenerationQueue (D:\OpenSource\SnippetBox\frontend\src\main\services\SnippetManager.ts:406:34)
          at SnippetManager.generateVectorForSnippet (D:\OpenSource\SnippetBox\frontend\src\main\services\SnippetManager.ts:388:10)
          at SnippetManager.createSnippet (D:\OpenSource\SnippetBox\frontend\src\main\services\SnippetManager.ts:72:12)
          at processTicksAndRejections (node:internal/process/task_queues:105:5)
          at D:\OpenSource\SnippetBox\frontend\tests\property\SnippetProperty.test.ts:144:31
          at AsyncProperty.run (D:\OpenSource\SnippetBox\frontend\node_modules\fast-check\lib\cjs\fast-check.js:1208:19)
          at asyncRunIt (D:\OpenSource\SnippetBox\frontend\node_modules\fast-check\lib\cjs\fast-check.js:2503:15)
          at Object.<anonymous> (D:\OpenSource\SnippetBox\frontend\tests\property\SnippetProperty.test.ts:106:7)

    [0m [90m 407 |[39m           console[33m.[39mlog([32m`Generated vector for snippet: ${snippetId}`[39m)[33m;[39m
     [90m 408 |[39m         } [36mcatch[39m (error) {
    [31m[1m>[22m[39m[90m 409 |[39m           console[33m.[39merror([32m`Failed to generate vector for snippet ${snippetId}:`[3
9m[33m,[39m error)[33m;[39m
     [90m     |[39m                   [31m[1m^[22m[39m
     [90m 410 |[39m         }
     [90m 411 |[39m       }
     [90m 412 |[39m     } [36mfinally[39m {[0m

      at SnippetManager.processVectorGenerationQueue (src/main/services/SnippetManager.ts:409:19)

    console.error
      Failed to generate vector for snippet snippet-k121mbkh6: TypeError: dbManager.getDb is not a function
          at VectorStore.initialize (D:\OpenSource\SnippetBox\frontend\src\main\services\VectorStore.ts:21:26)
          at VectorStore.addVector (D:\OpenSource\SnippetBox\frontend\src\main\services\VectorStore.ts:27:10)
          at SnippetManager.processVectorGenerationQueue (D:\OpenSource\SnippetBox\frontend\src\main\services\SnippetManager.ts:406:34)
          at SnippetManager.generateVectorForSnippet (D:\OpenSource\SnippetBox\frontend\src\main\services\SnippetManager.ts:388:10)
          at SnippetManager.createSnippet (D:\OpenSource\SnippetBox\frontend\src\main\services\SnippetManager.ts:72:12)
          at processTicksAndRejections (node:internal/process/task_queues:105:5)
          at D:\OpenSource\SnippetBox\frontend\tests\property\SnippetProperty.test.ts:144:31
          at AsyncProperty.run (D:\OpenSource\SnippetBox\frontend\node_modules\fast-check\lib\cjs\fast-check.js:1208:19)
          at asyncRunIt (D:\OpenSource\SnippetBox\frontend\node_modules\fast-check\lib\cjs\fast-check.js:2503:15)
          at Object.<anonymous> (D:\OpenSource\SnippetBox\frontend\tests\property\SnippetProperty.test.ts:106:7)

    [0m [90m 407 |[39m           console[33m.[39mlog([32m`Generated vector for snippet: ${snippetId}`[39m)[33m;[39m
     [90m 408 |[39m         } [36mcatch[39m (error) {
    [31m[1m>[22m[39m[90m 409 |[39m           console[33m.[39merror([32m`Failed to generate vector for snippet ${snippetId}:`[3
9m[33m,[39m error)[33m;[39m
     [90m     |[39m                   [31m[1m^[22m[39m
     [90m 410 |[39m         }
     [90m 411 |[39m       }
     [90m 412 |[39m     } [36mfinally[39m {[0m

      at SnippetManager.processVectorGenerationQueue (src/main/services/SnippetManager.ts:409:19)

    console.error
      Failed to generate vector for snippet snippet-mbp50yp9o: TypeError: dbManager.getDb is not a function
          at VectorStore.initialize (D:\OpenSource\SnippetBox\frontend\src\main\services\VectorStore.ts:21:26)
          at VectorStore.addVector (D:\OpenSource\SnippetBox\frontend\src\main\services\VectorStore.ts:27:10)
          at SnippetManager.processVectorGenerationQueue (D:\OpenSource\SnippetBox\frontend\src\main\services\SnippetManager.ts:406:34)
          at SnippetManager.generateVectorForSnippet (D:\OpenSource\SnippetBox\frontend\src\main\services\SnippetManager.ts:388:10)
          at SnippetManager.createSnippet (D:\OpenSource\SnippetBox\frontend\src\main\services\SnippetManager.ts:72:12)
          at processTicksAndRejections (node:internal/process/task_queues:105:5)
          at D:\OpenSource\SnippetBox\frontend\tests\property\SnippetProperty.test.ts:144:31
          at AsyncProperty.run (D:\OpenSource\SnippetBox\frontend\node_modules\fast-check\lib\cjs\fast-check.js:1208:19)
          at asyncRunIt (D:\OpenSource\SnippetBox\frontend\node_modules\fast-check\lib\cjs\fast-check.js:2503:15)
          at Object.<anonymous> (D:\OpenSource\SnippetBox\frontend\tests\property\SnippetProperty.test.ts:106:7)

    [0m [90m 407 |[39m           console[33m.[39mlog([32m`Generated vector for snippet: ${snippetId}`[39m)[33m;[39m
     [90m 408 |[39m         } [36mcatch[39m (error) {
    [31m[1m>[22m[39m[90m 409 |[39m           console[33m.[39merror([32m`Failed to generate vector for snippet ${snippetId}:`[3
9m[33m,[39m error)[33m;[39m
     [90m     |[39m                   [31m[1m^[22m[39m
     [90m 410 |[39m         }
     [90m 411 |[39m       }
     [90m 412 |[39m     } [36mfinally[39m {[0m

      at SnippetManager.processVectorGenerationQueue (src/main/services/SnippetManager.ts:409:19)

    console.error
      Failed to generate vector for snippet snippet-xlwe562wz: TypeError: dbManager.getDb is not a function
          at VectorStore.initialize (D:\OpenSource\SnippetBox\frontend\src\main\services\VectorStore.ts:21:26)
          at VectorStore.addVector (D:\OpenSource\SnippetBox\frontend\src\main\services\VectorStore.ts:27:10)
          at SnippetManager.processVectorGenerationQueue (D:\OpenSource\SnippetBox\frontend\src\main\services\SnippetManager.ts:406:34)
          at SnippetManager.generateVectorForSnippet (D:\OpenSource\SnippetBox\frontend\src\main\services\SnippetManager.ts:388:10)
          at SnippetManager.createSnippet (D:\OpenSource\SnippetBox\frontend\src\main\services\SnippetManager.ts:72:12)
          at processTicksAndRejections (node:internal/process/task_queues:105:5)
          at D:\OpenSource\SnippetBox\frontend\tests\property\SnippetProperty.test.ts:144:31
          at AsyncProperty.run (D:\OpenSource\SnippetBox\frontend\node_modules\fast-check\lib\cjs\fast-check.js:1208:19)
          at asyncRunIt (D:\OpenSource\SnippetBox\frontend\node_modules\fast-check\lib\cjs\fast-check.js:2503:15)
          at Object.<anonymous> (D:\OpenSource\SnippetBox\frontend\tests\property\SnippetProperty.test.ts:106:7)

    [0m [90m 407 |[39m           console[33m.[39mlog([32m`Generated vector for snippet: ${snippetId}`[39m)[33m;[39m
     [90m 408 |[39m         } [36mcatch[39m (error) {
    [31m[1m>[22m[39m[90m 409 |[39m           console[33m.[39merror([32m`Failed to generate vector for snippet ${snippetId}:`[3
9m[33m,[39m error)[33m;[39m
     [90m     |[39m                   [31m[1m^[22m[39m
     [90m 410 |[39m         }
     [90m 411 |[39m       }
     [90m 412 |[39m     } [36mfinally[39m {[0m

      at SnippetManager.processVectorGenerationQueue (src/main/services/SnippetManager.ts:409:19)

    console.error
      Failed to generate vector for snippet snippet-a0dnmb62l: TypeError: dbManager.getDb is not a function
          at VectorStore.initialize (D:\OpenSource\SnippetBox\frontend\src\main\services\VectorStore.ts:21:26)
          at VectorStore.addVector (D:\OpenSource\SnippetBox\frontend\src\main\services\VectorStore.ts:27:10)
          at SnippetManager.processVectorGenerationQueue (D:\OpenSource\SnippetBox\frontend\src\main\services\SnippetManager.ts:406:34)
          at SnippetManager.generateVectorForSnippet (D:\OpenSource\SnippetBox\frontend\src\main\services\SnippetManager.ts:388:10)
          at SnippetManager.createSnippet (D:\OpenSource\SnippetBox\frontend\src\main\services\SnippetManager.ts:72:12)
          at processTicksAndRejections (node:internal/process/task_queues:105:5)
          at D:\OpenSource\SnippetBox\frontend\tests\property\SnippetProperty.test.ts:144:31
          at AsyncProperty.run (D:\OpenSource\SnippetBox\frontend\node_modules\fast-check\lib\cjs\fast-check.js:1208:19)
          at asyncRunIt (D:\OpenSource\SnippetBox\frontend\node_modules\fast-check\lib\cjs\fast-check.js:2503:15)
          at Object.<anonymous> (D:\OpenSource\SnippetBox\frontend\tests\property\SnippetProperty.test.ts:106:7)

    [0m [90m 407 |[39m           console[33m.[39mlog([32m`Generated vector for snippet: ${snippetId}`[39m)[33m;[39m
     [90m 408 |[39m         } [36mcatch[39m (error) {
    [31m[1m>[22m[39m[90m 409 |[39m           console[33m.[39merror([32m`Failed to generate vector for snippet ${snippetId}:`[3
9m[33m,[39m error)[33m;[39m
     [90m     |[39m                   [31m[1m^[22m[39m
     [90m 410 |[39m         }
     [90m 411 |[39m       }
     [90m 412 |[39m     } [36mfinally[39m {[0m

      at SnippetManager.processVectorGenerationQueue (src/main/services/SnippetManager.ts:409:19)

    console.error
      Failed to generate vector for snippet snippet-cbrwvlpnp: TypeError: dbManager.getDb is not a function
          at VectorStore.initialize (D:\OpenSource\SnippetBox\frontend\src\main\services\VectorStore.ts:21:26)
          at VectorStore.addVector (D:\OpenSource\SnippetBox\frontend\src\main\services\VectorStore.ts:27:10)
          at SnippetManager.processVectorGenerationQueue (D:\OpenSource\SnippetBox\frontend\src\main\services\SnippetManager.ts:406:34)
          at SnippetManager.generateVectorForSnippet (D:\OpenSource\SnippetBox\frontend\src\main\services\SnippetManager.ts:388:10)
          at SnippetManager.createSnippet (D:\OpenSource\SnippetBox\frontend\src\main\services\SnippetManager.ts:72:12)
          at processTicksAndRejections (node:internal/process/task_queues:105:5)
          at D:\OpenSource\SnippetBox\frontend\tests\property\SnippetProperty.test.ts:144:31
          at AsyncProperty.run (D:\OpenSource\SnippetBox\frontend\node_modules\fast-check\lib\cjs\fast-check.js:1208:19)
          at asyncRunIt (D:\OpenSource\SnippetBox\frontend\node_modules\fast-check\lib\cjs\fast-check.js:2503:15)
          at Object.<anonymous> (D:\OpenSource\SnippetBox\frontend\tests\property\SnippetProperty.test.ts:106:7)

    [0m [90m 407 |[39m           console[33m.[39mlog([32m`Generated vector for snippet: ${snippetId}`[39m)[33m;[39m
     [90m 408 |[39m         } [36mcatch[39m (error) {
    [31m[1m>[22m[39m[90m 409 |[39m           console[33m.[39merror([32m`Failed to generate vector for snippet ${snippetId}:`[3
9m[33m,[39m error)[33m;[39m
     [90m     |[39m                   [31m[1m^[22m[39m
     [90m 410 |[39m         }
     [90m 411 |[39m       }
     [90m 412 |[39m     } [36mfinally[39m {[0m

      at SnippetManager.processVectorGenerationQueue (src/main/services/SnippetManager.ts:409:19)

    console.error
      Failed to generate vector for snippet snippet-cxvm1oz5a: TypeError: dbManager.getDb is not a function
          at VectorStore.initialize (D:\OpenSource\SnippetBox\frontend\src\main\services\VectorStore.ts:21:26)
          at VectorStore.addVector (D:\OpenSource\SnippetBox\frontend\src\main\services\VectorStore.ts:27:10)
          at SnippetManager.processVectorGenerationQueue (D:\OpenSource\SnippetBox\frontend\src\main\services\SnippetManager.ts:406:34)
          at SnippetManager.generateVectorForSnippet (D:\OpenSource\SnippetBox\frontend\src\main\services\SnippetManager.ts:388:10)
          at SnippetManager.createSnippet (D:\OpenSource\SnippetBox\frontend\src\main\services\SnippetManager.ts:72:12)
          at processTicksAndRejections (node:internal/process/task_queues:105:5)
          at D:\OpenSource\SnippetBox\frontend\tests\property\SnippetProperty.test.ts:144:31
          at AsyncProperty.run (D:\OpenSource\SnippetBox\frontend\node_modules\fast-check\lib\cjs\fast-check.js:1208:19)
          at asyncRunIt (D:\OpenSource\SnippetBox\frontend\node_modules\fast-check\lib\cjs\fast-check.js:2503:15)
          at Object.<anonymous> (D:\OpenSource\SnippetBox\frontend\tests\property\SnippetProperty.test.ts:106:7)

    [0m [90m 407 |[39m           console[33m.[39mlog([32m`Generated vector for snippet: ${snippetId}`[39m)[33m;[39m
     [90m 408 |[39m         } [36mcatch[39m (error) {
    [31m[1m>[22m[39m[90m 409 |[39m           console[33m.[39merror([32m`Failed to generate vector for snippet ${snippetId}:`[3
9m[33m,[39m error)[33m;[39m
     [90m     |[39m                   [31m[1m^[22m[39m
     [90m 410 |[39m         }
     [90m 411 |[39m       }
     [90m 412 |[39m     } [36mfinally[39m {[0m

      at SnippetManager.processVectorGenerationQueue (src/main/services/SnippetManager.ts:409:19)

    console.error
      Failed to generate vector for snippet snippet-mmebd1ax0: TypeError: dbManager.getDb is not a function
          at VectorStore.initialize (D:\OpenSource\SnippetBox\frontend\src\main\services\VectorStore.ts:21:26)
          at VectorStore.addVector (D:\OpenSource\SnippetBox\frontend\src\main\services\VectorStore.ts:27:10)
          at SnippetManager.processVectorGenerationQueue (D:\OpenSource\SnippetBox\frontend\src\main\services\SnippetManager.ts:406:34)
          at SnippetManager.generateVectorForSnippet (D:\OpenSource\SnippetBox\frontend\src\main\services\SnippetManager.ts:388:10)
          at SnippetManager.createSnippet (D:\OpenSource\SnippetBox\frontend\src\main\services\SnippetManager.ts:72:12)
          at processTicksAndRejections (node:internal/process/task_queues:105:5)
          at D:\OpenSource\SnippetBox\frontend\tests\property\SnippetProperty.test.ts:144:31
          at AsyncProperty.run (D:\OpenSource\SnippetBox\frontend\node_modules\fast-check\lib\cjs\fast-check.js:1208:19)
          at asyncRunIt (D:\OpenSource\SnippetBox\frontend\node_modules\fast-check\lib\cjs\fast-check.js:2503:15)
          at Object.<anonymous> (D:\OpenSource\SnippetBox\frontend\tests\property\SnippetProperty.test.ts:106:7)

    [0m [90m 407 |[39m           console[33m.[39mlog([32m`Generated vector for snippet: ${snippetId}`[39m)[33m;[39m
     [90m 408 |[39m         } [36mcatch[39m (error) {
    [31m[1m>[22m[39m[90m 409 |[39m           console[33m.[39merror([32m`Failed to generate vector for snippet ${snippetId}:`[3
9m[33m,[39m error)[33m;[39m
     [90m     |[39m                   [31m[1m^[22m[39m
     [90m 410 |[39m         }
     [90m 411 |[39m       }
     [90m 412 |[39m     } [36mfinally[39m {[0m

      at SnippetManager.processVectorGenerationQueue (src/main/services/SnippetManager.ts:409:19)

    console.error
      Failed to generate vector for snippet snippet-14g8q3e9j: TypeError: dbManager.getDb is not a function
          at VectorStore.initialize (D:\OpenSource\SnippetBox\frontend\src\main\services\VectorStore.ts:21:26)
          at VectorStore.addVector (D:\OpenSource\SnippetBox\frontend\src\main\services\VectorStore.ts:27:10)
          at SnippetManager.processVectorGenerationQueue (D:\OpenSource\SnippetBox\frontend\src\main\services\SnippetManager.ts:406:34)
          at SnippetManager.generateVectorForSnippet (D:\OpenSource\SnippetBox\frontend\src\main\services\SnippetManager.ts:388:10)
          at SnippetManager.createSnippet (D:\OpenSource\SnippetBox\frontend\src\main\services\SnippetManager.ts:72:12)
          at processTicksAndRejections (node:internal/process/task_queues:105:5)
          at D:\OpenSource\SnippetBox\frontend\tests\property\SnippetProperty.test.ts:144:31
          at AsyncProperty.run (D:\OpenSource\SnippetBox\frontend\node_modules\fast-check\lib\cjs\fast-check.js:1208:19)
          at asyncRunIt (D:\OpenSource\SnippetBox\frontend\node_modules\fast-check\lib\cjs\fast-check.js:2503:15)
          at Object.<anonymous> (D:\OpenSource\SnippetBox\frontend\tests\property\SnippetProperty.test.ts:106:7)

    [0m [90m 407 |[39m           console[33m.[39mlog([32m`Generated vector for snippet: ${snippetId}`[39m)[33m;[39m
     [90m 408 |[39m         } [36mcatch[39m (error) {
    [31m[1m>[22m[39m[90m 409 |[39m           console[33m.[39merror([32m`Failed to generate vector for snippet ${snippetId}:`[3
9m[33m,[39m error)[33m;[39m
     [90m     |[39m                   [31m[1m^[22m[39m
     [90m 410 |[39m         }
     [90m 411 |[39m       }
     [90m 412 |[39m     } [36mfinally[39m {[0m

      at SnippetManager.processVectorGenerationQueue (src/main/services/SnippetManager.ts:409:19)

    console.error
      Failed to generate vector for snippet snippet-l5xuzlomm: TypeError: dbManager.getDb is not a function
          at VectorStore.initialize (D:\OpenSource\SnippetBox\frontend\src\main\services\VectorStore.ts:21:26)
          at VectorStore.addVector (D:\OpenSource\SnippetBox\frontend\src\main\services\VectorStore.ts:27:10)
          at SnippetManager.processVectorGenerationQueue (D:\OpenSource\SnippetBox\frontend\src\main\services\SnippetManager.ts:406:34)
          at SnippetManager.generateVectorForSnippet (D:\OpenSource\SnippetBox\frontend\src\main\services\SnippetManager.ts:388:10)
          at SnippetManager.createSnippet (D:\OpenSource\SnippetBox\frontend\src\main\services\SnippetManager.ts:72:12)
          at processTicksAndRejections (node:internal/process/task_queues:105:5)
          at D:\OpenSource\SnippetBox\frontend\tests\property\SnippetProperty.test.ts:144:31
          at AsyncProperty.run (D:\OpenSource\SnippetBox\frontend\node_modules\fast-check\lib\cjs\fast-check.js:1208:19)
          at asyncRunIt (D:\OpenSource\SnippetBox\frontend\node_modules\fast-check\lib\cjs\fast-check.js:2503:15)
          at Object.<anonymous> (D:\OpenSource\SnippetBox\frontend\tests\property\SnippetProperty.test.ts:106:7)

    [0m [90m 407 |[39m           console[33m.[39mlog([32m`Generated vector for snippet: ${snippetId}`[39m)[33m;[39m
     [90m 408 |[39m         } [36mcatch[39m (error) {
    [31m[1m>[22m[39m[90m 409 |[39m           console[33m.[39merror([32m`Failed to generate vector for snippet ${snippetId}:`[3
9m[33m,[39m error)[33m;[39m
     [90m     |[39m                   [31m[1m^[22m[39m
     [90m 410 |[39m         }
     [90m 411 |[39m       }
     [90m 412 |[39m     } [36mfinally[39m {[0m

      at SnippetManager.processVectorGenerationQueue (src/main/services/SnippetManager.ts:409:19)

    console.error
      Failed to generate vector for snippet snippet-l37kk9ez5: TypeError: dbManager.getDb is not a function
          at VectorStore.initialize (D:\OpenSource\SnippetBox\frontend\src\main\services\VectorStore.ts:21:26)
          at VectorStore.addVector (D:\OpenSource\SnippetBox\frontend\src\main\services\VectorStore.ts:27:10)
          at SnippetManager.processVectorGenerationQueue (D:\OpenSource\SnippetBox\frontend\src\main\services\SnippetManager.ts:406:34)
          at SnippetManager.generateVectorForSnippet (D:\OpenSource\SnippetBox\frontend\src\main\services\SnippetManager.ts:388:10)
          at SnippetManager.createSnippet (D:\OpenSource\SnippetBox\frontend\src\main\services\SnippetManager.ts:72:12)
          at processTicksAndRejections (node:internal/process/task_queues:105:5)
          at D:\OpenSource\SnippetBox\frontend\tests\property\SnippetProperty.test.ts:144:31
          at AsyncProperty.run (D:\OpenSource\SnippetBox\frontend\node_modules\fast-check\lib\cjs\fast-check.js:1208:19)
          at asyncRunIt (D:\OpenSource\SnippetBox\frontend\node_modules\fast-check\lib\cjs\fast-check.js:2503:15)
          at Object.<anonymous> (D:\OpenSource\SnippetBox\frontend\tests\property\SnippetProperty.test.ts:106:7)

    [0m [90m 407 |[39m           console[33m.[39mlog([32m`Generated vector for snippet: ${snippetId}`[39m)[33m;[39m
     [90m 408 |[39m         } [36mcatch[39m (error) {
    [31m[1m>[22m[39m[90m 409 |[39m           console[33m.[39merror([32m`Failed to generate vector for snippet ${snippetId}:`[3
9m[33m,[39m error)[33m;[39m
     [90m     |[39m                   [31m[1m^[22m[39m
     [90m 410 |[39m         }
     [90m 411 |[39m       }
     [90m 412 |[39m     } [36mfinally[39m {[0m

      at SnippetManager.processVectorGenerationQueue (src/main/services/SnippetManager.ts:409:19)

    console.error
      Failed to generate vector for snippet snippet-l8kf3stiv: TypeError: dbManager.getDb is not a function
          at VectorStore.initialize (D:\OpenSource\SnippetBox\frontend\src\main\services\VectorStore.ts:21:26)
          at VectorStore.addVector (D:\OpenSource\SnippetBox\frontend\src\main\services\VectorStore.ts:27:10)
          at SnippetManager.processVectorGenerationQueue (D:\OpenSource\SnippetBox\frontend\src\main\services\SnippetManager.ts:406:34)
          at SnippetManager.generateVectorForSnippet (D:\OpenSource\SnippetBox\frontend\src\main\services\SnippetManager.ts:388:10)
          at SnippetManager.createSnippet (D:\OpenSource\SnippetBox\frontend\src\main\services\SnippetManager.ts:72:12)
          at processTicksAndRejections (node:internal/process/task_queues:105:5)
          at D:\OpenSource\SnippetBox\frontend\tests\property\SnippetProperty.test.ts:144:31
          at AsyncProperty.run (D:\OpenSource\SnippetBox\frontend\node_modules\fast-check\lib\cjs\fast-check.js:1208:19)
          at asyncRunIt (D:\OpenSource\SnippetBox\frontend\node_modules\fast-check\lib\cjs\fast-check.js:2503:15)
          at Object.<anonymous> (D:\OpenSource\SnippetBox\frontend\tests\property\SnippetProperty.test.ts:106:7)

    [0m [90m 407 |[39m           console[33m.[39mlog([32m`Generated vector for snippet: ${snippetId}`[39m)[33m;[39m
     [90m 408 |[39m         } [36mcatch[39m (error) {
    [31m[1m>[22m[39m[90m 409 |[39m           console[33m.[39merror([32m`Failed to generate vector for snippet ${snippetId}:`[3
9m[33m,[39m error)[33m;[39m
     [90m     |[39m                   [31m[1m^[22m[39m
     [90m 410 |[39m         }
     [90m 411 |[39m       }
     [90m 412 |[39m     } [36mfinally[39m {[0m

      at SnippetManager.processVectorGenerationQueue (src/main/services/SnippetManager.ts:409:19)

    console.error
      Failed to generate vector for snippet snippet-pryikd3ub: TypeError: dbManager.getDb is not a function
          at VectorStore.initialize (D:\OpenSource\SnippetBox\frontend\src\main\services\VectorStore.ts:21:26)
          at VectorStore.addVector (D:\OpenSource\SnippetBox\frontend\src\main\services\VectorStore.ts:27:10)
          at SnippetManager.processVectorGenerationQueue (D:\OpenSource\SnippetBox\frontend\src\main\services\SnippetManager.ts:406:34)
          at SnippetManager.generateVectorForSnippet (D:\OpenSource\SnippetBox\frontend\src\main\services\SnippetManager.ts:388:10)
          at SnippetManager.createSnippet (D:\OpenSource\SnippetBox\frontend\src\main\services\SnippetManager.ts:72:12)
          at processTicksAndRejections (node:internal/process/task_queues:105:5)
          at D:\OpenSource\SnippetBox\frontend\tests\property\SnippetProperty.test.ts:144:31
          at AsyncProperty.run (D:\OpenSource\SnippetBox\frontend\node_modules\fast-check\lib\cjs\fast-check.js:1208:19)
          at asyncRunIt (D:\OpenSource\SnippetBox\frontend\node_modules\fast-check\lib\cjs\fast-check.js:2503:15)
          at Object.<anonymous> (D:\OpenSource\SnippetBox\frontend\tests\property\SnippetProperty.test.ts:106:7)

    [0m [90m 407 |[39m           console[33m.[39mlog([32m`Generated vector for snippet: ${snippetId}`[39m)[33m;[39m
     [90m 408 |[39m         } [36mcatch[39m (error) {
    [31m[1m>[22m[39m[90m 409 |[39m           console[33m.[39merror([32m`Failed to generate vector for snippet ${snippetId}:`[3
9m[33m,[39m error)[33m;[39m
     [90m     |[39m                   [31m[1m^[22m[39m
     [90m 410 |[39m         }
     [90m 411 |[39m       }
     [90m 412 |[39m     } [36mfinally[39m {[0m

      at SnippetManager.processVectorGenerationQueue (src/main/services/SnippetManager.ts:409:19)

    console.error
      Failed to generate vector for snippet snippet-chwvqu06h: TypeError: dbManager.getDb is not a function
          at VectorStore.initialize (D:\OpenSource\SnippetBox\frontend\src\main\services\VectorStore.ts:21:26)
          at VectorStore.addVector (D:\OpenSource\SnippetBox\frontend\src\main\services\VectorStore.ts:27:10)
          at SnippetManager.processVectorGenerationQueue (D:\OpenSource\SnippetBox\frontend\src\main\services\SnippetManager.ts:406:34)
          at SnippetManager.generateVectorForSnippet (D:\OpenSource\SnippetBox\frontend\src\main\services\SnippetManager.ts:388:10)
          at SnippetManager.createSnippet (D:\OpenSource\SnippetBox\frontend\src\main\services\SnippetManager.ts:72:12)
          at processTicksAndRejections (node:internal/process/task_queues:105:5)
          at D:\OpenSource\SnippetBox\frontend\tests\property\SnippetProperty.test.ts:144:31
          at AsyncProperty.run (D:\OpenSource\SnippetBox\frontend\node_modules\fast-check\lib\cjs\fast-check.js:1208:19)
          at asyncRunIt (D:\OpenSource\SnippetBox\frontend\node_modules\fast-check\lib\cjs\fast-check.js:2503:15)
          at Object.<anonymous> (D:\OpenSource\SnippetBox\frontend\tests\property\SnippetProperty.test.ts:106:7)

    [0m [90m 407 |[39m           console[33m.[39mlog([32m`Generated vector for snippet: ${snippetId}`[39m)[33m;[39m
     [90m 408 |[39m         } [36mcatch[39m (error) {
    [31m[1m>[22m[39m[90m 409 |[39m           console[33m.[39merror([32m`Failed to generate vector for snippet ${snippetId}:`[3
9m[33m,[39m error)[33m;[39m
     [90m     |[39m                   [31m[1m^[22m[39m
     [90m 410 |[39m         }
     [90m 411 |[39m       }
     [90m 412 |[39m     } [36mfinally[39m {[0m

      at SnippetManager.processVectorGenerationQueue (src/main/services/SnippetManager.ts:409:19)

    console.error
      Failed to generate vector for snippet snippet-dxxbl759s: TypeError: dbManager.getDb is not a function
          at VectorStore.initialize (D:\OpenSource\SnippetBox\frontend\src\main\services\VectorStore.ts:21:26)
          at VectorStore.addVector (D:\OpenSource\SnippetBox\frontend\src\main\services\VectorStore.ts:27:10)
          at SnippetManager.processVectorGenerationQueue (D:\OpenSource\SnippetBox\frontend\src\main\services\SnippetManager.ts:406:34)
          at SnippetManager.generateVectorForSnippet (D:\OpenSource\SnippetBox\frontend\src\main\services\SnippetManager.ts:388:10)
          at SnippetManager.createSnippet (D:\OpenSource\SnippetBox\frontend\src\main\services\SnippetManager.ts:72:12)
          at processTicksAndRejections (node:internal/process/task_queues:105:5)
          at D:\OpenSource\SnippetBox\frontend\tests\property\SnippetProperty.test.ts:144:31
          at AsyncProperty.run (D:\OpenSource\SnippetBox\frontend\node_modules\fast-check\lib\cjs\fast-check.js:1208:19)
          at asyncRunIt (D:\OpenSource\SnippetBox\frontend\node_modules\fast-check\lib\cjs\fast-check.js:2503:15)
          at Object.<anonymous> (D:\OpenSource\SnippetBox\frontend\tests\property\SnippetProperty.test.ts:106:7)

    [0m [90m 407 |[39m           console[33m.[39mlog([32m`Generated vector for snippet: ${snippetId}`[39m)[33m;[39m
     [90m 408 |[39m         } [36mcatch[39m (error) {
    [31m[1m>[22m[39m[90m 409 |[39m           console[33m.[39merror([32m`Failed to generate vector for snippet ${snippetId}:`[3
9m[33m,[39m error)[33m;[39m
     [90m     |[39m                   [31m[1m^[22m[39m
     [90m 410 |[39m         }
     [90m 411 |[39m       }
     [90m 412 |[39m     } [36mfinally[39m {[0m

      at SnippetManager.processVectorGenerationQueue (src/main/services/SnippetManager.ts:409:19)

    console.error
      Failed to generate vector for snippet snippet-a4vb13yyt: TypeError: dbManager.getDb is not a function
          at VectorStore.initialize (D:\OpenSource\SnippetBox\frontend\src\main\services\VectorStore.ts:21:26)
          at VectorStore.addVector (D:\OpenSource\SnippetBox\frontend\src\main\services\VectorStore.ts:27:10)
          at SnippetManager.processVectorGenerationQueue (D:\OpenSource\SnippetBox\frontend\src\main\services\SnippetManager.ts:406:34)
          at SnippetManager.generateVectorForSnippet (D:\OpenSource\SnippetBox\frontend\src\main\services\SnippetManager.ts:388:10)
          at SnippetManager.createSnippet (D:\OpenSource\SnippetBox\frontend\src\main\services\SnippetManager.ts:72:12)
          at processTicksAndRejections (node:internal/process/task_queues:105:5)
          at D:\OpenSource\SnippetBox\frontend\tests\property\SnippetProperty.test.ts:144:31
          at AsyncProperty.run (D:\OpenSource\SnippetBox\frontend\node_modules\fast-check\lib\cjs\fast-check.js:1208:19)
          at asyncRunIt (D:\OpenSource\SnippetBox\frontend\node_modules\fast-check\lib\cjs\fast-check.js:2503:15)
          at Object.<anonymous> (D:\OpenSource\SnippetBox\frontend\tests\property\SnippetProperty.test.ts:106:7)

    [0m [90m 407 |[39m           console[33m.[39mlog([32m`Generated vector for snippet: ${snippetId}`[39m)[33m;[39m
     [90m 408 |[39m         } [36mcatch[39m (error) {
    [31m[1m>[22m[39m[90m 409 |[39m           console[33m.[39merror([32m`Failed to generate vector for snippet ${snippetId}:`[3
9m[33m,[39m error)[33m;[39m
     [90m     |[39m                   [31m[1m^[22m[39m
     [90m 410 |[39m         }
     [90m 411 |[39m       }
     [90m 412 |[39m     } [36mfinally[39m {[0m

      at SnippetManager.processVectorGenerationQueue (src/main/services/SnippetManager.ts:409:19)

    console.error
      Failed to generate vector for snippet snippet-6ftz2xzyt: TypeError: dbManager.getDb is not a function
          at VectorStore.initialize (D:\OpenSource\SnippetBox\frontend\src\main\services\VectorStore.ts:21:26)
          at VectorStore.addVector (D:\OpenSource\SnippetBox\frontend\src\main\services\VectorStore.ts:27:10)
          at SnippetManager.processVectorGenerationQueue (D:\OpenSource\SnippetBox\frontend\src\main\services\SnippetManager.ts:406:34)
          at SnippetManager.generateVectorForSnippet (D:\OpenSource\SnippetBox\frontend\src\main\services\SnippetManager.ts:388:10)
          at SnippetManager.createSnippet (D:\OpenSource\SnippetBox\frontend\src\main\services\SnippetManager.ts:72:12)
          at processTicksAndRejections (node:internal/process/task_queues:105:5)
          at D:\OpenSource\SnippetBox\frontend\tests\property\SnippetProperty.test.ts:144:31
          at AsyncProperty.run (D:\OpenSource\SnippetBox\frontend\node_modules\fast-check\lib\cjs\fast-check.js:1208:19)
          at asyncRunIt (D:\OpenSource\SnippetBox\frontend\node_modules\fast-check\lib\cjs\fast-check.js:2503:15)
          at Object.<anonymous> (D:\OpenSource\SnippetBox\frontend\tests\property\SnippetProperty.test.ts:106:7)

    [0m [90m 407 |[39m           console[33m.[39mlog([32m`Generated vector for snippet: ${snippetId}`[39m)[33m;[39m
     [90m 408 |[39m         } [36mcatch[39m (error) {
    [31m[1m>[22m[39m[90m 409 |[39m           console[33m.[39merror([32m`Failed to generate vector for snippet ${snippetId}:`[3
9m[33m,[39m error)[33m;[39m
     [90m     |[39m                   [31m[1m^[22m[39m
     [90m 410 |[39m         }
     [90m 411 |[39m       }
     [90m 412 |[39m     } [36mfinally[39m {[0m

      at SnippetManager.processVectorGenerationQueue (src/main/services/SnippetManager.ts:409:19)

    console.error
      Failed to generate vector for snippet snippet-8i0ddgqn4: TypeError: dbManager.getDb is not a function
          at VectorStore.initialize (D:\OpenSource\SnippetBox\frontend\src\main\services\VectorStore.ts:21:26)
          at VectorStore.addVector (D:\OpenSource\SnippetBox\frontend\src\main\services\VectorStore.ts:27:10)
          at SnippetManager.processVectorGenerationQueue (D:\OpenSource\SnippetBox\frontend\src\main\services\SnippetManager.ts:406:34)
          at SnippetManager.generateVectorForSnippet (D:\OpenSource\SnippetBox\frontend\src\main\services\SnippetManager.ts:388:10)
          at SnippetManager.createSnippet (D:\OpenSource\SnippetBox\frontend\src\main\services\SnippetManager.ts:72:12)
          at processTicksAndRejections (node:internal/process/task_queues:105:5)
          at D:\OpenSource\SnippetBox\frontend\tests\property\SnippetProperty.test.ts:144:31
          at AsyncProperty.run (D:\OpenSource\SnippetBox\frontend\node_modules\fast-check\lib\cjs\fast-check.js:1208:19)
          at asyncRunIt (D:\OpenSource\SnippetBox\frontend\node_modules\fast-check\lib\cjs\fast-check.js:2503:15)
          at Object.<anonymous> (D:\OpenSource\SnippetBox\frontend\tests\property\SnippetProperty.test.ts:106:7)

    [0m [90m 407 |[39m           console[33m.[39mlog([32m`Generated vector for snippet: ${snippetId}`[39m)[33m;[39m
     [90m 408 |[39m         } [36mcatch[39m (error) {
    [31m[1m>[22m[39m[90m 409 |[39m           console[33m.[39merror([32m`Failed to generate vector for snippet ${snippetId}:`[3
9m[33m,[39m error)[33m;[39m
     [90m     |[39m                   [31m[1m^[22m[39m
     [90m 410 |[39m         }
     [90m 411 |[39m       }
     [90m 412 |[39m     } [36mfinally[39m {[0m

      at SnippetManager.processVectorGenerationQueue (src/main/services/SnippetManager.ts:409:19)

    console.error
      Failed to generate vector for snippet snippet-5p5bijhvb: TypeError: dbManager.getDb is not a function
          at VectorStore.initialize (D:\OpenSource\SnippetBox\frontend\src\main\services\VectorStore.ts:21:26)
          at VectorStore.addVector (D:\OpenSource\SnippetBox\frontend\src\main\services\VectorStore.ts:27:10)
          at SnippetManager.processVectorGenerationQueue (D:\OpenSource\SnippetBox\frontend\src\main\services\SnippetManager.ts:406:34)
          at SnippetManager.generateVectorForSnippet (D:\OpenSource\SnippetBox\frontend\src\main\services\SnippetManager.ts:388:10)
          at SnippetManager.createSnippet (D:\OpenSource\SnippetBox\frontend\src\main\services\SnippetManager.ts:72:12)
          at processTicksAndRejections (node:internal/process/task_queues:105:5)
          at D:\OpenSource\SnippetBox\frontend\tests\property\SnippetProperty.test.ts:144:31
          at AsyncProperty.run (D:\OpenSource\SnippetBox\frontend\node_modules\fast-check\lib\cjs\fast-check.js:1208:19)
          at asyncRunIt (D:\OpenSource\SnippetBox\frontend\node_modules\fast-check\lib\cjs\fast-check.js:2503:15)
          at Object.<anonymous> (D:\OpenSource\SnippetBox\frontend\tests\property\SnippetProperty.test.ts:106:7)

    [0m [90m 407 |[39m           console[33m.[39mlog([32m`Generated vector for snippet: ${snippetId}`[39m)[33m;[39m
     [90m 408 |[39m         } [36mcatch[39m (error) {
    [31m[1m>[22m[39m[90m 409 |[39m           console[33m.[39merror([32m`Failed to generate vector for snippet ${snippetId}:`[3
9m[33m,[39m error)[33m;[39m
     [90m     |[39m                   [31m[1m^[22m[39m
     [90m 410 |[39m         }
     [90m 411 |[39m       }
     [90m 412 |[39m     } [36mfinally[39m {[0m

      at SnippetManager.processVectorGenerationQueue (src/main/services/SnippetManager.ts:409:19)

    console.error
      Failed to generate vector for snippet snippet-93iz7z7ls: TypeError: dbManager.getDb is not a function
          at VectorStore.initialize (D:\OpenSource\SnippetBox\frontend\src\main\services\VectorStore.ts:21:26)
          at VectorStore.addVector (D:\OpenSource\SnippetBox\frontend\src\main\services\VectorStore.ts:27:10)
          at SnippetManager.processVectorGenerationQueue (D:\OpenSource\SnippetBox\frontend\src\main\services\SnippetManager.ts:406:34)
          at SnippetManager.generateVectorForSnippet (D:\OpenSource\SnippetBox\frontend\src\main\services\SnippetManager.ts:388:10)
          at SnippetManager.createSnippet (D:\OpenSource\SnippetBox\frontend\src\main\services\SnippetManager.ts:72:12)
          at processTicksAndRejections (node:internal/process/task_queues:105:5)
          at D:\OpenSource\SnippetBox\frontend\tests\property\SnippetProperty.test.ts:144:31
          at AsyncProperty.run (D:\OpenSource\SnippetBox\frontend\node_modules\fast-check\lib\cjs\fast-check.js:1208:19)
          at asyncRunIt (D:\OpenSource\SnippetBox\frontend\node_modules\fast-check\lib\cjs\fast-check.js:2503:15)
          at Object.<anonymous> (D:\OpenSource\SnippetBox\frontend\tests\property\SnippetProperty.test.ts:106:7)

    [0m [90m 407 |[39m           console[33m.[39mlog([32m`Generated vector for snippet: ${snippetId}`[39m)[33m;[39m
     [90m 408 |[39m         } [36mcatch[39m (error) {
    [31m[1m>[22m[39m[90m 409 |[39m           console[33m.[39merror([32m`Failed to generate vector for snippet ${snippetId}:`[3
9m[33m,[39m error)[33m;[39m
     [90m     |[39m                   [31m[1m^[22m[39m
     [90m 410 |[39m         }
     [90m 411 |[39m       }
     [90m 412 |[39m     } [36mfinally[39m {[0m

      at SnippetManager.processVectorGenerationQueue (src/main/services/SnippetManager.ts:409:19)

    console.error
      Failed to generate vector for snippet snippet-wzw2oc0zx: TypeError: dbManager.getDb is not a function
          at VectorStore.initialize (D:\OpenSource\SnippetBox\frontend\src\main\services\VectorStore.ts:21:26)
          at VectorStore.addVector (D:\OpenSource\SnippetBox\frontend\src\main\services\VectorStore.ts:27:10)
          at SnippetManager.processVectorGenerationQueue (D:\OpenSource\SnippetBox\frontend\src\main\services\SnippetManager.ts:406:34)
          at SnippetManager.generateVectorForSnippet (D:\OpenSource\SnippetBox\frontend\src\main\services\SnippetManager.ts:388:10)
          at SnippetManager.createSnippet (D:\OpenSource\SnippetBox\frontend\src\main\services\SnippetManager.ts:72:12)
          at processTicksAndRejections (node:internal/process/task_queues:105:5)
          at D:\OpenSource\SnippetBox\frontend\tests\property\SnippetProperty.test.ts:144:31
          at AsyncProperty.run (D:\OpenSource\SnippetBox\frontend\node_modules\fast-check\lib\cjs\fast-check.js:1208:19)
          at asyncRunIt (D:\OpenSource\SnippetBox\frontend\node_modules\fast-check\lib\cjs\fast-check.js:2503:15)
          at Object.<anonymous> (D:\OpenSource\SnippetBox\frontend\tests\property\SnippetProperty.test.ts:106:7)

    [0m [90m 407 |[39m           console[33m.[39mlog([32m`Generated vector for snippet: ${snippetId}`[39m)[33m;[39m
     [90m 408 |[39m         } [36mcatch[39m (error) {
    [31m[1m>[22m[39m[90m 409 |[39m           console[33m.[39merror([32m`Failed to generate vector for snippet ${snippetId}:`[3
9m[33m,[39m error)[33m;[39m
     [90m     |[39m                   [31m[1m^[22m[39m
     [90m 410 |[39m         }
     [90m 411 |[39m       }
     [90m 412 |[39m     } [36mfinally[39m {[0m

      at SnippetManager.processVectorGenerationQueue (src/main/services/SnippetManager.ts:409:19)

    console.error
      Failed to generate vector for snippet snippet-viw0k336g: TypeError: dbManager.getDb is not a function
          at VectorStore.initialize (D:\OpenSource\SnippetBox\frontend\src\main\services\VectorStore.ts:21:26)
          at VectorStore.addVector (D:\OpenSource\SnippetBox\frontend\src\main\services\VectorStore.ts:27:10)
          at SnippetManager.processVectorGenerationQueue (D:\OpenSource\SnippetBox\frontend\src\main\services\SnippetManager.ts:406:34)
          at SnippetManager.generateVectorForSnippet (D:\OpenSource\SnippetBox\frontend\src\main\services\SnippetManager.ts:388:10)
          at SnippetManager.createSnippet (D:\OpenSource\SnippetBox\frontend\src\main\services\SnippetManager.ts:72:12)
          at processTicksAndRejections (node:internal/process/task_queues:105:5)
          at D:\OpenSource\SnippetBox\frontend\tests\property\SnippetProperty.test.ts:144:31
          at AsyncProperty.run (D:\OpenSource\SnippetBox\frontend\node_modules\fast-check\lib\cjs\fast-check.js:1208:19)
          at asyncRunIt (D:\OpenSource\SnippetBox\frontend\node_modules\fast-check\lib\cjs\fast-check.js:2503:15)
          at Object.<anonymous> (D:\OpenSource\SnippetBox\frontend\tests\property\SnippetProperty.test.ts:106:7)

    [0m [90m 407 |[39m           console[33m.[39mlog([32m`Generated vector for snippet: ${snippetId}`[39m)[33m;[39m
     [90m 408 |[39m         } [36mcatch[39m (error) {
    [31m[1m>[22m[39m[90m 409 |[39m           console[33m.[39merror([32m`Failed to generate vector for snippet ${snippetId}:`[3
9m[33m,[39m error)[33m;[39m
     [90m     |[39m                   [31m[1m^[22m[39m
     [90m 410 |[39m         }
     [90m 411 |[39m       }
     [90m 412 |[39m     } [36mfinally[39m {[0m

      at SnippetManager.processVectorGenerationQueue (src/main/services/SnippetManager.ts:409:19)

    console.error
      Failed to generate vector for snippet snippet-ogjxv0er1: TypeError: dbManager.getDb is not a function
          at VectorStore.initialize (D:\OpenSource\SnippetBox\frontend\src\main\services\VectorStore.ts:21:26)
          at VectorStore.addVector (D:\OpenSource\SnippetBox\frontend\src\main\services\VectorStore.ts:27:10)
          at SnippetManager.processVectorGenerationQueue (D:\OpenSource\SnippetBox\frontend\src\main\services\SnippetManager.ts:406:34)
          at SnippetManager.generateVectorForSnippet (D:\OpenSource\SnippetBox\frontend\src\main\services\SnippetManager.ts:388:10)
          at SnippetManager.createSnippet (D:\OpenSource\SnippetBox\frontend\src\main\services\SnippetManager.ts:72:12)
          at processTicksAndRejections (node:internal/process/task_queues:105:5)
          at D:\OpenSource\SnippetBox\frontend\tests\property\SnippetProperty.test.ts:144:31
          at AsyncProperty.run (D:\OpenSource\SnippetBox\frontend\node_modules\fast-check\lib\cjs\fast-check.js:1208:19)
          at asyncRunIt (D:\OpenSource\SnippetBox\frontend\node_modules\fast-check\lib\cjs\fast-check.js:2503:15)
          at Object.<anonymous> (D:\OpenSource\SnippetBox\frontend\tests\property\SnippetProperty.test.ts:106:7)

    [0m [90m 407 |[39m           console[33m.[39mlog([32m`Generated vector for snippet: ${snippetId}`[39m)[33m;[39m
     [90m 408 |[39m         } [36mcatch[39m (error) {
    [31m[1m>[22m[39m[90m 409 |[39m           console[33m.[39merror([32m`Failed to generate vector for snippet ${snippetId}:`[3
9m[33m,[39m error)[33m;[39m
     [90m     |[39m                   [31m[1m^[22m[39m
     [90m 410 |[39m         }
     [90m 411 |[39m       }
     [90m 412 |[39m     } [36mfinally[39m {[0m

      at SnippetManager.processVectorGenerationQueue (src/main/services/SnippetManager.ts:409:19)

    console.error
      Failed to generate vector for snippet snippet-6ccyh4pun: TypeError: dbManager.getDb is not a function
          at VectorStore.initialize (D:\OpenSource\SnippetBox\frontend\src\main\services\VectorStore.ts:21:26)
          at VectorStore.addVector (D:\OpenSource\SnippetBox\frontend\src\main\services\VectorStore.ts:27:10)
          at SnippetManager.processVectorGenerationQueue (D:\OpenSource\SnippetBox\frontend\src\main\services\SnippetManager.ts:406:34)
          at SnippetManager.generateVectorForSnippet (D:\OpenSource\SnippetBox\frontend\src\main\services\SnippetManager.ts:388:10)
          at SnippetManager.createSnippet (D:\OpenSource\SnippetBox\frontend\src\main\services\SnippetManager.ts:72:12)
          at processTicksAndRejections (node:internal/process/task_queues:105:5)
          at D:\OpenSource\SnippetBox\frontend\tests\property\SnippetProperty.test.ts:144:31
          at AsyncProperty.run (D:\OpenSource\SnippetBox\frontend\node_modules\fast-check\lib\cjs\fast-check.js:1208:19)
          at asyncRunIt (D:\OpenSource\SnippetBox\frontend\node_modules\fast-check\lib\cjs\fast-check.js:2503:15)
          at Object.<anonymous> (D:\OpenSource\SnippetBox\frontend\tests\property\SnippetProperty.test.ts:106:7)

    [0m [90m 407 |[39m           console[33m.[39mlog([32m`Generated vector for snippet: ${snippetId}`[39m)[33m;[39m
     [90m 408 |[39m         } [36mcatch[39m (error) {
    [31m[1m>[22m[39m[90m 409 |[39m           console[33m.[39merror([32m`Failed to generate vector for snippet ${snippetId}:`[3
9m[33m,[39m error)[33m;[39m
     [90m     |[39m                   [31m[1m^[22m[39m
     [90m 410 |[39m         }
     [90m 411 |[39m       }
     [90m 412 |[39m     } [36mfinally[39m {[0m

      at SnippetManager.processVectorGenerationQueue (src/main/services/SnippetManager.ts:409:19)

    console.error
      Failed to generate vector for snippet snippet-fmalpj93v: TypeError: dbManager.getDb is not a function
          at VectorStore.initialize (D:\OpenSource\SnippetBox\frontend\src\main\services\VectorStore.ts:21:26)
          at VectorStore.addVector (D:\OpenSource\SnippetBox\frontend\src\main\services\VectorStore.ts:27:10)
          at SnippetManager.processVectorGenerationQueue (D:\OpenSource\SnippetBox\frontend\src\main\services\SnippetManager.ts:406:34)
          at SnippetManager.generateVectorForSnippet (D:\OpenSource\SnippetBox\frontend\src\main\services\SnippetManager.ts:388:10)
          at SnippetManager.createSnippet (D:\OpenSource\SnippetBox\frontend\src\main\services\SnippetManager.ts:72:12)
          at processTicksAndRejections (node:internal/process/task_queues:105:5)
          at D:\OpenSource\SnippetBox\frontend\tests\property\SnippetProperty.test.ts:144:31
          at AsyncProperty.run (D:\OpenSource\SnippetBox\frontend\node_modules\fast-check\lib\cjs\fast-check.js:1208:19)
          at asyncRunIt (D:\OpenSource\SnippetBox\frontend\node_modules\fast-check\lib\cjs\fast-check.js:2503:15)
          at Object.<anonymous> (D:\OpenSource\SnippetBox\frontend\tests\property\SnippetProperty.test.ts:106:7)

    [0m [90m 407 |[39m           console[33m.[39mlog([32m`Generated vector for snippet: ${snippetId}`[39m)[33m;[39m
     [90m 408 |[39m         } [36mcatch[39m (error) {
    [31m[1m>[22m[39m[90m 409 |[39m           console[33m.[39merror([32m`Failed to generate vector for snippet ${snippetId}:`[3
9m[33m,[39m error)[33m;[39m
     [90m     |[39m                   [31m[1m^[22m[39m
     [90m 410 |[39m         }
     [90m 411 |[39m       }
     [90m 412 |[39m     } [36mfinally[39m {[0m

      at SnippetManager.processVectorGenerationQueue (src/main/services/SnippetManager.ts:409:19)

    console.error
      Failed to generate vector for snippet snippet-a64yegv08: TypeError: dbManager.getDb is not a function
          at VectorStore.initialize (D:\OpenSource\SnippetBox\frontend\src\main\services\VectorStore.ts:21:26)
          at VectorStore.addVector (D:\OpenSource\SnippetBox\frontend\src\main\services\VectorStore.ts:27:10)
          at SnippetManager.processVectorGenerationQueue (D:\OpenSource\SnippetBox\frontend\src\main\services\SnippetManager.ts:406:34)
          at SnippetManager.generateVectorForSnippet (D:\OpenSource\SnippetBox\frontend\src\main\services\SnippetManager.ts:388:10)
          at SnippetManager.createSnippet (D:\OpenSource\SnippetBox\frontend\src\main\services\SnippetManager.ts:72:12)
          at processTicksAndRejections (node:internal/process/task_queues:105:5)
          at D:\OpenSource\SnippetBox\frontend\tests\property\SnippetProperty.test.ts:144:31
          at AsyncProperty.run (D:\OpenSource\SnippetBox\frontend\node_modules\fast-check\lib\cjs\fast-check.js:1208:19)
          at asyncRunIt (D:\OpenSource\SnippetBox\frontend\node_modules\fast-check\lib\cjs\fast-check.js:2503:15)
          at Object.<anonymous> (D:\OpenSource\SnippetBox\frontend\tests\property\SnippetProperty.test.ts:106:7)

    [0m [90m 407 |[39m           console[33m.[39mlog([32m`Generated vector for snippet: ${snippetId}`[39m)[33m;[39m
     [90m 408 |[39m         } [36mcatch[39m (error) {
    [31m[1m>[22m[39m[90m 409 |[39m           console[33m.[39merror([32m`Failed to generate vector for snippet ${snippetId}:`[3
9m[33m,[39m error)[33m;[39m
     [90m     |[39m                   [31m[1m^[22m[39m
     [90m 410 |[39m         }
     [90m 411 |[39m       }
     [90m 412 |[39m     } [36mfinally[39m {[0m

      at SnippetManager.processVectorGenerationQueue (src/main/services/SnippetManager.ts:409:19)

    console.error
      Failed to generate vector for snippet snippet-4qn9fz5vh: TypeError: dbManager.getDb is not a function
          at VectorStore.initialize (D:\OpenSource\SnippetBox\frontend\src\main\services\VectorStore.ts:21:26)
          at VectorStore.addVector (D:\OpenSource\SnippetBox\frontend\src\main\services\VectorStore.ts:27:10)
          at SnippetManager.processVectorGenerationQueue (D:\OpenSource\SnippetBox\frontend\src\main\services\SnippetManager.ts:406:34)
          at SnippetManager.generateVectorForSnippet (D:\OpenSource\SnippetBox\frontend\src\main\services\SnippetManager.ts:388:10)
          at SnippetManager.createSnippet (D:\OpenSource\SnippetBox\frontend\src\main\services\SnippetManager.ts:72:12)
          at processTicksAndRejections (node:internal/process/task_queues:105:5)
          at D:\OpenSource\SnippetBox\frontend\tests\property\SnippetProperty.test.ts:144:31
          at AsyncProperty.run (D:\OpenSource\SnippetBox\frontend\node_modules\fast-check\lib\cjs\fast-check.js:1208:19)
          at asyncRunIt (D:\OpenSource\SnippetBox\frontend\node_modules\fast-check\lib\cjs\fast-check.js:2503:15)
          at Object.<anonymous> (D:\OpenSource\SnippetBox\frontend\tests\property\SnippetProperty.test.ts:106:7)

    [0m [90m 407 |[39m           console[33m.[39mlog([32m`Generated vector for snippet: ${snippetId}`[39m)[33m;[39m
     [90m 408 |[39m         } [36mcatch[39m (error) {
    [31m[1m>[22m[39m[90m 409 |[39m           console[33m.[39merror([32m`Failed to generate vector for snippet ${snippetId}:`[3
9m[33m,[39m error)[33m;[39m
     [90m     |[39m                   [31m[1m^[22m[39m
     [90m 410 |[39m         }
     [90m 411 |[39m       }
     [90m 412 |[39m     } [36mfinally[39m {[0m

      at SnippetManager.processVectorGenerationQueue (src/main/services/SnippetManager.ts:409:19)

    console.error
      Failed to generate vector for snippet snippet-y6hcy9k28: TypeError: dbManager.getDb is not a function
          at VectorStore.initialize (D:\OpenSource\SnippetBox\frontend\src\main\services\VectorStore.ts:21:26)
          at VectorStore.addVector (D:\OpenSource\SnippetBox\frontend\src\main\services\VectorStore.ts:27:10)
          at SnippetManager.processVectorGenerationQueue (D:\OpenSource\SnippetBox\frontend\src\main\services\SnippetManager.ts:406:34)
          at SnippetManager.generateVectorForSnippet (D:\OpenSource\SnippetBox\frontend\src\main\services\SnippetManager.ts:388:10)
          at SnippetManager.createSnippet (D:\OpenSource\SnippetBox\frontend\src\main\services\SnippetManager.ts:72:12)
          at processTicksAndRejections (node:internal/process/task_queues:105:5)
          at D:\OpenSource\SnippetBox\frontend\tests\property\SnippetProperty.test.ts:144:31
          at AsyncProperty.run (D:\OpenSource\SnippetBox\frontend\node_modules\fast-check\lib\cjs\fast-check.js:1208:19)
          at asyncRunIt (D:\OpenSource\SnippetBox\frontend\node_modules\fast-check\lib\cjs\fast-check.js:2503:15)
          at Object.<anonymous> (D:\OpenSource\SnippetBox\frontend\tests\property\SnippetProperty.test.ts:106:7)

    [0m [90m 407 |[39m           console[33m.[39mlog([32m`Generated vector for snippet: ${snippetId}`[39m)[33m;[39m
     [90m 408 |[39m         } [36mcatch[39m (error) {
    [31m[1m>[22m[39m[90m 409 |[39m           console[33m.[39merror([32m`Failed to generate vector for snippet ${snippetId}:`[3
9m[33m,[39m error)[33m;[39m
     [90m     |[39m                   [31m[1m^[22m[39m
     [90m 410 |[39m         }
     [90m 411 |[39m       }
     [90m 412 |[39m     } [36mfinally[39m {[0m

      at SnippetManager.processVectorGenerationQueue (src/main/services/SnippetManager.ts:409:19)

    console.error
      Failed to generate vector for snippet snippet-r47r0cs1p: TypeError: dbManager.getDb is not a function
          at VectorStore.initialize (D:\OpenSource\SnippetBox\frontend\src\main\services\VectorStore.ts:21:26)
          at VectorStore.addVector (D:\OpenSource\SnippetBox\frontend\src\main\services\VectorStore.ts:27:10)
          at SnippetManager.processVectorGenerationQueue (D:\OpenSource\SnippetBox\frontend\src\main\services\SnippetManager.ts:406:34)
          at SnippetManager.generateVectorForSnippet (D:\OpenSource\SnippetBox\frontend\src\main\services\SnippetManager.ts:388:10)
          at SnippetManager.createSnippet (D:\OpenSource\SnippetBox\frontend\src\main\services\SnippetManager.ts:72:12)
          at processTicksAndRejections (node:internal/process/task_queues:105:5)
          at D:\OpenSource\SnippetBox\frontend\tests\property\SnippetProperty.test.ts:144:31
          at AsyncProperty.run (D:\OpenSource\SnippetBox\frontend\node_modules\fast-check\lib\cjs\fast-check.js:1208:19)
          at asyncRunIt (D:\OpenSource\SnippetBox\frontend\node_modules\fast-check\lib\cjs\fast-check.js:2503:15)
          at Object.<anonymous> (D:\OpenSource\SnippetBox\frontend\tests\property\SnippetProperty.test.ts:106:7)

    [0m [90m 407 |[39m           console[33m.[39mlog([32m`Generated vector for snippet: ${snippetId}`[39m)[33m;[39m
     [90m 408 |[39m         } [36mcatch[39m (error) {
    [31m[1m>[22m[39m[90m 409 |[39m           console[33m.[39merror([32m`Failed to generate vector for snippet ${snippetId}:`[3
9m[33m,[39m error)[33m;[39m
     [90m     |[39m                   [31m[1m^[22m[39m
     [90m 410 |[39m         }
     [90m 411 |[39m       }
     [90m 412 |[39m     } [36mfinally[39m {[0m

      at SnippetManager.processVectorGenerationQueue (src/main/services/SnippetManager.ts:409:19)

    console.error
      Failed to generate vector for snippet snippet-o14llppzy: TypeError: dbManager.getDb is not a function
          at VectorStore.initialize (D:\OpenSource\SnippetBox\frontend\src\main\services\VectorStore.ts:21:26)
          at VectorStore.addVector (D:\OpenSource\SnippetBox\frontend\src\main\services\VectorStore.ts:27:10)
          at SnippetManager.processVectorGenerationQueue (D:\OpenSource\SnippetBox\frontend\src\main\services\SnippetManager.ts:406:34)
          at SnippetManager.generateVectorForSnippet (D:\OpenSource\SnippetBox\frontend\src\main\services\SnippetManager.ts:388:10)
          at SnippetManager.createSnippet (D:\OpenSource\SnippetBox\frontend\src\main\services\SnippetManager.ts:72:12)
          at processTicksAndRejections (node:internal/process/task_queues:105:5)
          at D:\OpenSource\SnippetBox\frontend\tests\property\SnippetProperty.test.ts:144:31
          at AsyncProperty.run (D:\OpenSource\SnippetBox\frontend\node_modules\fast-check\lib\cjs\fast-check.js:1208:19)
          at asyncRunIt (D:\OpenSource\SnippetBox\frontend\node_modules\fast-check\lib\cjs\fast-check.js:2503:15)
          at Object.<anonymous> (D:\OpenSource\SnippetBox\frontend\tests\property\SnippetProperty.test.ts:106:7)

    [0m [90m 407 |[39m           console[33m.[39mlog([32m`Generated vector for snippet: ${snippetId}`[39m)[33m;[39m
     [90m 408 |[39m         } [36mcatch[39m (error) {
    [31m[1m>[22m[39m[90m 409 |[39m           console[33m.[39merror([32m`Failed to generate vector for snippet ${snippetId}:`[3
9m[33m,[39m error)[33m;[39m
     [90m     |[39m                   [31m[1m^[22m[39m
     [90m 410 |[39m         }
     [90m 411 |[39m       }
     [90m 412 |[39m     } [36mfinally[39m {[0m

      at SnippetManager.processVectorGenerationQueue (src/main/services/SnippetManager.ts:409:19)

    console.error
      Failed to generate vector for snippet snippet-v2tjjzbz8: TypeError: dbManager.getDb is not a function
          at VectorStore.initialize (D:\OpenSource\SnippetBox\frontend\src\main\services\VectorStore.ts:21:26)
          at VectorStore.addVector (D:\OpenSource\SnippetBox\frontend\src\main\services\VectorStore.ts:27:10)
          at SnippetManager.processVectorGenerationQueue (D:\OpenSource\SnippetBox\frontend\src\main\services\SnippetManager.ts:406:34)
          at SnippetManager.generateVectorForSnippet (D:\OpenSource\SnippetBox\frontend\src\main\services\SnippetManager.ts:388:10)
          at SnippetManager.createSnippet (D:\OpenSource\SnippetBox\frontend\src\main\services\SnippetManager.ts:72:12)
          at processTicksAndRejections (node:internal/process/task_queues:105:5)
          at D:\OpenSource\SnippetBox\frontend\tests\property\SnippetProperty.test.ts:144:31
          at AsyncProperty.run (D:\OpenSource\SnippetBox\frontend\node_modules\fast-check\lib\cjs\fast-check.js:1208:19)
          at asyncRunIt (D:\OpenSource\SnippetBox\frontend\node_modules\fast-check\lib\cjs\fast-check.js:2503:15)
          at Object.<anonymous> (D:\OpenSource\SnippetBox\frontend\tests\property\SnippetProperty.test.ts:106:7)

    [0m [90m 407 |[39m           console[33m.[39mlog([32m`Generated vector for snippet: ${snippetId}`[39m)[33m;[39m
     [90m 408 |[39m         } [36mcatch[39m (error) {
    [31m[1m>[22m[39m[90m 409 |[39m           console[33m.[39merror([32m`Failed to generate vector for snippet ${snippetId}:`[3
9m[33m,[39m error)[33m;[39m
     [90m     |[39m                   [31m[1m^[22m[39m
     [90m 410 |[39m         }
     [90m 411 |[39m       }
     [90m 412 |[39m     } [36mfinally[39m {[0m

      at SnippetManager.processVectorGenerationQueue (src/main/services/SnippetManager.ts:409:19)

    console.error
      Failed to generate vector for snippet snippet-zfiirjoa0: TypeError: dbManager.getDb is not a function
          at VectorStore.initialize (D:\OpenSource\SnippetBox\frontend\src\main\services\VectorStore.ts:21:26)
          at VectorStore.addVector (D:\OpenSource\SnippetBox\frontend\src\main\services\VectorStore.ts:27:10)
          at SnippetManager.processVectorGenerationQueue (D:\OpenSource\SnippetBox\frontend\src\main\services\SnippetManager.ts:406:34)
          at SnippetManager.generateVectorForSnippet (D:\OpenSource\SnippetBox\frontend\src\main\services\SnippetManager.ts:388:10)
          at SnippetManager.createSnippet (D:\OpenSource\SnippetBox\frontend\src\main\services\SnippetManager.ts:72:12)
          at processTicksAndRejections (node:internal/process/task_queues:105:5)
          at D:\OpenSource\SnippetBox\frontend\tests\property\SnippetProperty.test.ts:144:31
          at AsyncProperty.run (D:\OpenSource\SnippetBox\frontend\node_modules\fast-check\lib\cjs\fast-check.js:1208:19)
          at asyncRunIt (D:\OpenSource\SnippetBox\frontend\node_modules\fast-check\lib\cjs\fast-check.js:2503:15)
          at Object.<anonymous> (D:\OpenSource\SnippetBox\frontend\tests\property\SnippetProperty.test.ts:106:7)

    [0m [90m 407 |[39m           console[33m.[39mlog([32m`Generated vector for snippet: ${snippetId}`[39m)[33m;[39m
     [90m 408 |[39m         } [36mcatch[39m (error) {
    [31m[1m>[22m[39m[90m 409 |[39m           console[33m.[39merror([32m`Failed to generate vector for snippet ${snippetId}:`[3
9m[33m,[39m error)[33m;[39m
     [90m     |[39m                   [31m[1m^[22m[39m
     [90m 410 |[39m         }
     [90m 411 |[39m       }
     [90m 412 |[39m     } [36mfinally[39m {[0m

      at SnippetManager.processVectorGenerationQueue (src/main/services/SnippetManager.ts:409:19)

    console.error
      Failed to generate vector for snippet snippet-c0jkjutpx: TypeError: dbManager.getDb is not a function
          at VectorStore.initialize (D:\OpenSource\SnippetBox\frontend\src\main\services\VectorStore.ts:21:26)
          at VectorStore.addVector (D:\OpenSource\SnippetBox\frontend\src\main\services\VectorStore.ts:27:10)
          at SnippetManager.processVectorGenerationQueue (D:\OpenSource\SnippetBox\frontend\src\main\services\SnippetManager.ts:406:34)
          at SnippetManager.generateVectorForSnippet (D:\OpenSource\SnippetBox\frontend\src\main\services\SnippetManager.ts:388:10)
          at SnippetManager.createSnippet (D:\OpenSource\SnippetBox\frontend\src\main\services\SnippetManager.ts:72:12)
          at processTicksAndRejections (node:internal/process/task_queues:105:5)
          at D:\OpenSource\SnippetBox\frontend\tests\property\SnippetProperty.test.ts:144:31
          at AsyncProperty.run (D:\OpenSource\SnippetBox\frontend\node_modules\fast-check\lib\cjs\fast-check.js:1208:19)
          at asyncRunIt (D:\OpenSource\SnippetBox\frontend\node_modules\fast-check\lib\cjs\fast-check.js:2503:15)
          at Object.<anonymous> (D:\OpenSource\SnippetBox\frontend\tests\property\SnippetProperty.test.ts:106:7)

    [0m [90m 407 |[39m           console[33m.[39mlog([32m`Generated vector for snippet: ${snippetId}`[39m)[33m;[39m
     [90m 408 |[39m         } [36mcatch[39m (error) {
    [31m[1m>[22m[39m[90m 409 |[39m           console[33m.[39merror([32m`Failed to generate vector for snippet ${snippetId}:`[3
9m[33m,[39m error)[33m;[39m
     [90m     |[39m                   [31m[1m^[22m[39m
     [90m 410 |[39m         }
     [90m 411 |[39m       }
     [90m 412 |[39m     } [36mfinally[39m {[0m

      at SnippetManager.processVectorGenerationQueue (src/main/services/SnippetManager.ts:409:19)

    console.error
      Failed to generate vector for snippet snippet-zd497xfo6: TypeError: dbManager.getDb is not a function
          at VectorStore.initialize (D:\OpenSource\SnippetBox\frontend\src\main\services\VectorStore.ts:21:26)
          at VectorStore.addVector (D:\OpenSource\SnippetBox\frontend\src\main\services\VectorStore.ts:27:10)
          at SnippetManager.processVectorGenerationQueue (D:\OpenSource\SnippetBox\frontend\src\main\services\SnippetManager.ts:406:34)
          at SnippetManager.generateVectorForSnippet (D:\OpenSource\SnippetBox\frontend\src\main\services\SnippetManager.ts:388:10)
          at SnippetManager.createSnippet (D:\OpenSource\SnippetBox\frontend\src\main\services\SnippetManager.ts:72:12)
          at processTicksAndRejections (node:internal/process/task_queues:105:5)
          at D:\OpenSource\SnippetBox\frontend\tests\property\SnippetProperty.test.ts:144:31
          at AsyncProperty.run (D:\OpenSource\SnippetBox\frontend\node_modules\fast-check\lib\cjs\fast-check.js:1208:19)
          at asyncRunIt (D:\OpenSource\SnippetBox\frontend\node_modules\fast-check\lib\cjs\fast-check.js:2503:15)
          at Object.<anonymous> (D:\OpenSource\SnippetBox\frontend\tests\property\SnippetProperty.test.ts:106:7)

    [0m [90m 407 |[39m           console[33m.[39mlog([32m`Generated vector for snippet: ${snippetId}`[39m)[33m;[39m
     [90m 408 |[39m         } [36mcatch[39m (error) {
    [31m[1m>[22m[39m[90m 409 |[39m           console[33m.[39merror([32m`Failed to generate vector for snippet ${snippetId}:`[3
9m[33m,[39m error)[33m;[39m
     [90m     |[39m                   [31m[1m^[22m[39m
     [90m 410 |[39m         }
     [90m 411 |[39m       }
     [90m 412 |[39m     } [36mfinally[39m {[0m

      at SnippetManager.processVectorGenerationQueue (src/main/services/SnippetManager.ts:409:19)

    console.error
      Failed to generate vector for snippet snippet-pt8rx6u9f: TypeError: dbManager.getDb is not a function
          at VectorStore.initialize (D:\OpenSource\SnippetBox\frontend\src\main\services\VectorStore.ts:21:26)
          at VectorStore.addVector (D:\OpenSource\SnippetBox\frontend\src\main\services\VectorStore.ts:27:10)
          at SnippetManager.processVectorGenerationQueue (D:\OpenSource\SnippetBox\frontend\src\main\services\SnippetManager.ts:406:34)
          at SnippetManager.generateVectorForSnippet (D:\OpenSource\SnippetBox\frontend\src\main\services\SnippetManager.ts:388:10)
          at SnippetManager.createSnippet (D:\OpenSource\SnippetBox\frontend\src\main\services\SnippetManager.ts:72:12)
          at processTicksAndRejections (node:internal/process/task_queues:105:5)
          at D:\OpenSource\SnippetBox\frontend\tests\property\SnippetProperty.test.ts:144:31
          at AsyncProperty.run (D:\OpenSource\SnippetBox\frontend\node_modules\fast-check\lib\cjs\fast-check.js:1208:19)
          at asyncRunIt (D:\OpenSource\SnippetBox\frontend\node_modules\fast-check\lib\cjs\fast-check.js:2503:15)
          at Object.<anonymous> (D:\OpenSource\SnippetBox\frontend\tests\property\SnippetProperty.test.ts:106:7)

    [0m [90m 407 |[39m           console[33m.[39mlog([32m`Generated vector for snippet: ${snippetId}`[39m)[33m;[39m
     [90m 408 |[39m         } [36mcatch[39m (error) {
    [31m[1m>[22m[39m[90m 409 |[39m           console[33m.[39merror([32m`Failed to generate vector for snippet ${snippetId}:`[3
9m[33m,[39m error)[33m;[39m
     [90m     |[39m                   [31m[1m^[22m[39m
     [90m 410 |[39m         }
     [90m 411 |[39m       }
     [90m 412 |[39m     } [36mfinally[39m {[0m

      at SnippetManager.processVectorGenerationQueue (src/main/services/SnippetManager.ts:409:19)

    console.error
      Failed to generate vector for snippet snippet-utq6mzjjq: TypeError: dbManager.getDb is not a function
          at VectorStore.initialize (D:\OpenSource\SnippetBox\frontend\src\main\services\VectorStore.ts:21:26)
          at VectorStore.addVector (D:\OpenSource\SnippetBox\frontend\src\main\services\VectorStore.ts:27:10)
          at SnippetManager.processVectorGenerationQueue (D:\OpenSource\SnippetBox\frontend\src\main\services\SnippetManager.ts:406:34)
          at SnippetManager.generateVectorForSnippet (D:\OpenSource\SnippetBox\frontend\src\main\services\SnippetManager.ts:388:10)
          at SnippetManager.createSnippet (D:\OpenSource\SnippetBox\frontend\src\main\services\SnippetManager.ts:72:12)
          at processTicksAndRejections (node:internal/process/task_queues:105:5)
          at D:\OpenSource\SnippetBox\frontend\tests\property\SnippetProperty.test.ts:144:31
          at AsyncProperty.run (D:\OpenSource\SnippetBox\frontend\node_modules\fast-check\lib\cjs\fast-check.js:1208:19)
          at asyncRunIt (D:\OpenSource\SnippetBox\frontend\node_modules\fast-check\lib\cjs\fast-check.js:2503:15)
          at Object.<anonymous> (D:\OpenSource\SnippetBox\frontend\tests\property\SnippetProperty.test.ts:106:7)

    [0m [90m 407 |[39m           console[33m.[39mlog([32m`Generated vector for snippet: ${snippetId}`[39m)[33m;[39m
     [90m 408 |[39m         } [36mcatch[39m (error) {
    [31m[1m>[22m[39m[90m 409 |[39m           console[33m.[39merror([32m`Failed to generate vector for snippet ${snippetId}:`[3
9m[33m,[39m error)[33m;[39m
     [90m     |[39m                   [31m[1m^[22m[39m
     [90m 410 |[39m         }
     [90m 411 |[39m       }
     [90m 412 |[39m     } [36mfinally[39m {[0m

      at SnippetManager.processVectorGenerationQueue (src/main/services/SnippetManager.ts:409:19)

    console.error
      Failed to generate vector for snippet snippet-1mxn86375: TypeError: dbManager.getDb is not a function
          at VectorStore.initialize (D:\OpenSource\SnippetBox\frontend\src\main\services\VectorStore.ts:21:26)
          at VectorStore.addVector (D:\OpenSource\SnippetBox\frontend\src\main\services\VectorStore.ts:27:10)
          at SnippetManager.processVectorGenerationQueue (D:\OpenSource\SnippetBox\frontend\src\main\services\SnippetManager.ts:406:34)
          at SnippetManager.generateVectorForSnippet (D:\OpenSource\SnippetBox\frontend\src\main\services\SnippetManager.ts:388:10)
          at SnippetManager.createSnippet (D:\OpenSource\SnippetBox\frontend\src\main\services\SnippetManager.ts:72:12)
          at processTicksAndRejections (node:internal/process/task_queues:105:5)
          at D:\OpenSource\SnippetBox\frontend\tests\property\SnippetProperty.test.ts:144:31
          at AsyncProperty.run (D:\OpenSource\SnippetBox\frontend\node_modules\fast-check\lib\cjs\fast-check.js:1208:19)
          at asyncRunIt (D:\OpenSource\SnippetBox\frontend\node_modules\fast-check\lib\cjs\fast-check.js:2503:15)
          at Object.<anonymous> (D:\OpenSource\SnippetBox\frontend\tests\property\SnippetProperty.test.ts:106:7)

    [0m [90m 407 |[39m           console[33m.[39mlog([32m`Generated vector for snippet: ${snippetId}`[39m)[33m;[39m
     [90m 408 |[39m         } [36mcatch[39m (error) {
    [31m[1m>[22m[39m[90m 409 |[39m           console[33m.[39merror([32m`Failed to generate vector for snippet ${snippetId}:`[3
9m[33m,[39m error)[33m;[39m
     [90m     |[39m                   [31m[1m^[22m[39m
     [90m 410 |[39m         }
     [90m 411 |[39m       }
     [90m 412 |[39m     } [36mfinally[39m {[0m

      at SnippetManager.processVectorGenerationQueue (src/main/services/SnippetManager.ts:409:19)

    console.error
      Failed to generate vector for snippet snippet-dzbr9mjff: TypeError: dbManager.getDb is not a function
          at VectorStore.initialize (D:\OpenSource\SnippetBox\frontend\src\main\services\VectorStore.ts:21:26)
          at VectorStore.addVector (D:\OpenSource\SnippetBox\frontend\src\main\services\VectorStore.ts:27:10)
          at SnippetManager.processVectorGenerationQueue (D:\OpenSource\SnippetBox\frontend\src\main\services\SnippetManager.ts:406:34)
          at SnippetManager.generateVectorForSnippet (D:\OpenSource\SnippetBox\frontend\src\main\services\SnippetManager.ts:388:10)
          at SnippetManager.createSnippet (D:\OpenSource\SnippetBox\frontend\src\main\services\SnippetManager.ts:72:12)
          at processTicksAndRejections (node:internal/process/task_queues:105:5)
          at D:\OpenSource\SnippetBox\frontend\tests\property\SnippetProperty.test.ts:144:31
          at AsyncProperty.run (D:\OpenSource\SnippetBox\frontend\node_modules\fast-check\lib\cjs\fast-check.js:1208:19)
          at asyncRunIt (D:\OpenSource\SnippetBox\frontend\node_modules\fast-check\lib\cjs\fast-check.js:2503:15)
          at Object.<anonymous> (D:\OpenSource\SnippetBox\frontend\tests\property\SnippetProperty.test.ts:106:7)

    [0m [90m 407 |[39m           console[33m.[39mlog([32m`Generated vector for snippet: ${snippetId}`[39m)[33m;[39m
     [90m 408 |[39m         } [36mcatch[39m (error) {
    [31m[1m>[22m[39m[90m 409 |[39m           console[33m.[39merror([32m`Failed to generate vector for snippet ${snippetId}:`[3
9m[33m,[39m error)[33m;[39m
     [90m     |[39m                   [31m[1m^[22m[39m
     [90m 410 |[39m         }
     [90m 411 |[39m       }
     [90m 412 |[39m     } [36mfinally[39m {[0m

      at SnippetManager.processVectorGenerationQueue (src/main/services/SnippetManager.ts:409:19)

    console.error
      Failed to generate vector for snippet snippet-6qfw1emkk: TypeError: dbManager.getDb is not a function
          at VectorStore.initialize (D:\OpenSource\SnippetBox\frontend\src\main\services\VectorStore.ts:21:26)
          at VectorStore.addVector (D:\OpenSource\SnippetBox\frontend\src\main\services\VectorStore.ts:27:10)
          at SnippetManager.processVectorGenerationQueue (D:\OpenSource\SnippetBox\frontend\src\main\services\SnippetManager.ts:406:34)
          at SnippetManager.generateVectorForSnippet (D:\OpenSource\SnippetBox\frontend\src\main\services\SnippetManager.ts:388:10)
          at SnippetManager.createSnippet (D:\OpenSource\SnippetBox\frontend\src\main\services\SnippetManager.ts:72:12)
          at processTicksAndRejections (node:internal/process/task_queues:105:5)
          at D:\OpenSource\SnippetBox\frontend\tests\property\SnippetProperty.test.ts:144:31
          at AsyncProperty.run (D:\OpenSource\SnippetBox\frontend\node_modules\fast-check\lib\cjs\fast-check.js:1208:19)
          at asyncRunIt (D:\OpenSource\SnippetBox\frontend\node_modules\fast-check\lib\cjs\fast-check.js:2503:15)
          at Object.<anonymous> (D:\OpenSource\SnippetBox\frontend\tests\property\SnippetProperty.test.ts:106:7)

    [0m [90m 407 |[39m           console[33m.[39mlog([32m`Generated vector for snippet: ${snippetId}`[39m)[33m;[39m
     [90m 408 |[39m         } [36mcatch[39m (error) {
    [31m[1m>[22m[39m[90m 409 |[39m           console[33m.[39merror([32m`Failed to generate vector for snippet ${snippetId}:`[3
9m[33m,[39m error)[33m;[39m
     [90m     |[39m                   [31m[1m^[22m[39m
     [90m 410 |[39m         }
     [90m 411 |[39m       }
     [90m 412 |[39m     } [36mfinally[39m {[0m

      at SnippetManager.processVectorGenerationQueue (src/main/services/SnippetManager.ts:409:19)

    console.error
      Failed to generate vector for snippet snippet-x45z5jqs2: TypeError: dbManager.getDb is not a function
          at VectorStore.initialize (D:\OpenSource\SnippetBox\frontend\src\main\services\VectorStore.ts:21:26)
          at VectorStore.addVector (D:\OpenSource\SnippetBox\frontend\src\main\services\VectorStore.ts:27:10)
          at SnippetManager.processVectorGenerationQueue (D:\OpenSource\SnippetBox\frontend\src\main\services\SnippetManager.ts:406:34)
          at SnippetManager.generateVectorForSnippet (D:\OpenSource\SnippetBox\frontend\src\main\services\SnippetManager.ts:388:10)
          at SnippetManager.createSnippet (D:\OpenSource\SnippetBox\frontend\src\main\services\SnippetManager.ts:72:12)
          at processTicksAndRejections (node:internal/process/task_queues:105:5)
          at D:\OpenSource\SnippetBox\frontend\tests\property\SnippetProperty.test.ts:144:31
          at AsyncProperty.run (D:\OpenSource\SnippetBox\frontend\node_modules\fast-check\lib\cjs\fast-check.js:1208:19)
          at asyncRunIt (D:\OpenSource\SnippetBox\frontend\node_modules\fast-check\lib\cjs\fast-check.js:2503:15)
          at Object.<anonymous> (D:\OpenSource\SnippetBox\frontend\tests\property\SnippetProperty.test.ts:106:7)

    [0m [90m 407 |[39m           console[33m.[39mlog([32m`Generated vector for snippet: ${snippetId}`[39m)[33m;[39m
     [90m 408 |[39m         } [36mcatch[39m (error) {
    [31m[1m>[22m[39m[90m 409 |[39m           console[33m.[39merror([32m`Failed to generate vector for snippet ${snippetId}:`[3
9m[33m,[39m error)[33m;[39m
     [90m     |[39m                   [31m[1m^[22m[39m
     [90m 410 |[39m         }
     [90m 411 |[39m       }
     [90m 412 |[39m     } [36mfinally[39m {[0m

      at SnippetManager.processVectorGenerationQueue (src/main/services/SnippetManager.ts:409:19)

    console.error
      Failed to generate vector for snippet snippet-29nibjp7i: TypeError: dbManager.getDb is not a function
          at VectorStore.initialize (D:\OpenSource\SnippetBox\frontend\src\main\services\VectorStore.ts:21:26)
          at VectorStore.addVector (D:\OpenSource\SnippetBox\frontend\src\main\services\VectorStore.ts:27:10)
          at SnippetManager.processVectorGenerationQueue (D:\OpenSource\SnippetBox\frontend\src\main\services\SnippetManager.ts:406:34)
          at SnippetManager.generateVectorForSnippet (D:\OpenSource\SnippetBox\frontend\src\main\services\SnippetManager.ts:388:10)
          at SnippetManager.createSnippet (D:\OpenSource\SnippetBox\frontend\src\main\services\SnippetManager.ts:72:12)
          at processTicksAndRejections (node:internal/process/task_queues:105:5)
          at D:\OpenSource\SnippetBox\frontend\tests\property\SnippetProperty.test.ts:144:31
          at AsyncProperty.run (D:\OpenSource\SnippetBox\frontend\node_modules\fast-check\lib\cjs\fast-check.js:1208:19)
          at asyncRunIt (D:\OpenSource\SnippetBox\frontend\node_modules\fast-check\lib\cjs\fast-check.js:2503:15)
          at Object.<anonymous> (D:\OpenSource\SnippetBox\frontend\tests\property\SnippetProperty.test.ts:106:7)

    [0m [90m 407 |[39m           console[33m.[39mlog([32m`Generated vector for snippet: ${snippetId}`[39m)[33m;[39m
     [90m 408 |[39m         } [36mcatch[39m (error) {
    [31m[1m>[22m[39m[90m 409 |[39m           console[33m.[39merror([32m`Failed to generate vector for snippet ${snippetId}:`[3
9m[33m,[39m error)[33m;[39m
     [90m     |[39m                   [31m[1m^[22m[39m
     [90m 410 |[39m         }
     [90m 411 |[39m       }
     [90m 412 |[39m     } [36mfinally[39m {[0m

      at SnippetManager.processVectorGenerationQueue (src/main/services/SnippetManager.ts:409:19)

    console.error
      Failed to generate vector for snippet snippet-x9mwmyapy: TypeError: dbManager.getDb is not a function
          at VectorStore.initialize (D:\OpenSource\SnippetBox\frontend\src\main\services\VectorStore.ts:21:26)
          at VectorStore.addVector (D:\OpenSource\SnippetBox\frontend\src\main\services\VectorStore.ts:27:10)
          at SnippetManager.processVectorGenerationQueue (D:\OpenSource\SnippetBox\frontend\src\main\services\SnippetManager.ts:406:34)
          at SnippetManager.generateVectorForSnippet (D:\OpenSource\SnippetBox\frontend\src\main\services\SnippetManager.ts:388:10)
          at SnippetManager.createSnippet (D:\OpenSource\SnippetBox\frontend\src\main\services\SnippetManager.ts:72:12)
          at processTicksAndRejections (node:internal/process/task_queues:105:5)
          at D:\OpenSource\SnippetBox\frontend\tests\property\SnippetProperty.test.ts:144:31
          at AsyncProperty.run (D:\OpenSource\SnippetBox\frontend\node_modules\fast-check\lib\cjs\fast-check.js:1208:19)
          at asyncRunIt (D:\OpenSource\SnippetBox\frontend\node_modules\fast-check\lib\cjs\fast-check.js:2503:15)
          at Object.<anonymous> (D:\OpenSource\SnippetBox\frontend\tests\property\SnippetProperty.test.ts:106:7)

    [0m [90m 407 |[39m           console[33m.[39mlog([32m`Generated vector for snippet: ${snippetId}`[39m)[33m;[39m
     [90m 408 |[39m         } [36mcatch[39m (error) {
    [31m[1m>[22m[39m[90m 409 |[39m           console[33m.[39merror([32m`Failed to generate vector for snippet ${snippetId}:`[3
9m[33m,[39m error)[33m;[39m
     [90m     |[39m                   [31m[1m^[22m[39m
     [90m 410 |[39m         }
     [90m 411 |[39m       }
     [90m 412 |[39m     } [36mfinally[39m {[0m

      at SnippetManager.processVectorGenerationQueue (src/main/services/SnippetManager.ts:409:19)

    console.error
      Failed to generate vector for snippet snippet-9go2bbw7n: TypeError: dbManager.getDb is not a function
          at VectorStore.initialize (D:\OpenSource\SnippetBox\frontend\src\main\services\VectorStore.ts:21:26)
          at VectorStore.addVector (D:\OpenSource\SnippetBox\frontend\src\main\services\VectorStore.ts:27:10)
          at SnippetManager.processVectorGenerationQueue (D:\OpenSource\SnippetBox\frontend\src\main\services\SnippetManager.ts:406:34)
          at SnippetManager.generateVectorForSnippet (D:\OpenSource\SnippetBox\frontend\src\main\services\SnippetManager.ts:388:10)
          at SnippetManager.createSnippet (D:\OpenSource\SnippetBox\frontend\src\main\services\SnippetManager.ts:72:12)
          at processTicksAndRejections (node:internal/process/task_queues:105:5)
          at D:\OpenSource\SnippetBox\frontend\tests\property\SnippetProperty.test.ts:144:31
          at AsyncProperty.run (D:\OpenSource\SnippetBox\frontend\node_modules\fast-check\lib\cjs\fast-check.js:1208:19)
          at asyncRunIt (D:\OpenSource\SnippetBox\frontend\node_modules\fast-check\lib\cjs\fast-check.js:2503:15)
          at Object.<anonymous> (D:\OpenSource\SnippetBox\frontend\tests\property\SnippetProperty.test.ts:106:7)

    [0m [90m 407 |[39m           console[33m.[39mlog([32m`Generated vector for snippet: ${snippetId}`[39m)[33m;[39m
     [90m 408 |[39m         } [36mcatch[39m (error) {
    [31m[1m>[22m[39m[90m 409 |[39m           console[33m.[39merror([32m`Failed to generate vector for snippet ${snippetId}:`[3
9m[33m,[39m error)[33m;[39m
     [90m     |[39m                   [31m[1m^[22m[39m
     [90m 410 |[39m         }
     [90m 411 |[39m       }
     [90m 412 |[39m     } [36mfinally[39m {[0m

      at SnippetManager.processVectorGenerationQueue (src/main/services/SnippetManager.ts:409:19)

    console.error
      Failed to generate vector for snippet snippet-khgpf5k6r: TypeError: dbManager.getDb is not a function
          at VectorStore.initialize (D:\OpenSource\SnippetBox\frontend\src\main\services\VectorStore.ts:21:26)
          at VectorStore.addVector (D:\OpenSource\SnippetBox\frontend\src\main\services\VectorStore.ts:27:10)
          at SnippetManager.processVectorGenerationQueue (D:\OpenSource\SnippetBox\frontend\src\main\services\SnippetManager.ts:406:34)
          at SnippetManager.generateVectorForSnippet (D:\OpenSource\SnippetBox\frontend\src\main\services\SnippetManager.ts:388:10)
          at SnippetManager.createSnippet (D:\OpenSource\SnippetBox\frontend\src\main\services\SnippetManager.ts:72:12)
          at processTicksAndRejections (node:internal/process/task_queues:105:5)
          at D:\OpenSource\SnippetBox\frontend\tests\property\SnippetProperty.test.ts:144:31
          at AsyncProperty.run (D:\OpenSource\SnippetBox\frontend\node_modules\fast-check\lib\cjs\fast-check.js:1208:19)
          at asyncRunIt (D:\OpenSource\SnippetBox\frontend\node_modules\fast-check\lib\cjs\fast-check.js:2503:15)
          at Object.<anonymous> (D:\OpenSource\SnippetBox\frontend\tests\property\SnippetProperty.test.ts:106:7)

    [0m [90m 407 |[39m           console[33m.[39mlog([32m`Generated vector for snippet: ${snippetId}`[39m)[33m;[39m
     [90m 408 |[39m         } [36mcatch[39m (error) {
    [31m[1m>[22m[39m[90m 409 |[39m           console[33m.[39merror([32m`Failed to generate vector for snippet ${snippetId}:`[3
9m[33m,[39m error)[33m;[39m
     [90m     |[39m                   [31m[1m^[22m[39m
     [90m 410 |[39m         }
     [90m 411 |[39m       }
     [90m 412 |[39m     } [36mfinally[39m {[0m

      at SnippetManager.processVectorGenerationQueue (src/main/services/SnippetManager.ts:409:19)

    console.error
      Failed to generate vector for snippet snippet-hhkn026hi: TypeError: dbManager.getDb is not a function
          at VectorStore.initialize (D:\OpenSource\SnippetBox\frontend\src\main\services\VectorStore.ts:21:26)
          at VectorStore.addVector (D:\OpenSource\SnippetBox\frontend\src\main\services\VectorStore.ts:27:10)
          at SnippetManager.processVectorGenerationQueue (D:\OpenSource\SnippetBox\frontend\src\main\services\SnippetManager.ts:406:34)
          at SnippetManager.generateVectorForSnippet (D:\OpenSource\SnippetBox\frontend\src\main\services\SnippetManager.ts:388:10)
          at SnippetManager.createSnippet (D:\OpenSource\SnippetBox\frontend\src\main\services\SnippetManager.ts:72:12)
          at processTicksAndRejections (node:internal/process/task_queues:105:5)
          at D:\OpenSource\SnippetBox\frontend\tests\property\SnippetProperty.test.ts:144:31
          at AsyncProperty.run (D:\OpenSource\SnippetBox\frontend\node_modules\fast-check\lib\cjs\fast-check.js:1208:19)
          at asyncRunIt (D:\OpenSource\SnippetBox\frontend\node_modules\fast-check\lib\cjs\fast-check.js:2503:15)
          at Object.<anonymous> (D:\OpenSource\SnippetBox\frontend\tests\property\SnippetProperty.test.ts:106:7)

    [0m [90m 407 |[39m           console[33m.[39mlog([32m`Generated vector for snippet: ${snippetId}`[39m)[33m;[39m
     [90m 408 |[39m         } [36mcatch[39m (error) {
    [31m[1m>[22m[39m[90m 409 |[39m           console[33m.[39merror([32m`Failed to generate vector for snippet ${snippetId}:`[3
9m[33m,[39m error)[33m;[39m
     [90m     |[39m                   [31m[1m^[22m[39m
     [90m 410 |[39m         }
     [90m 411 |[39m       }
     [90m 412 |[39m     } [36mfinally[39m {[0m

      at SnippetManager.processVectorGenerationQueue (src/main/services/SnippetManager.ts:409:19)

    console.error
      Failed to generate vector for snippet snippet-0e4ouamc7: TypeError: dbManager.getDb is not a function
          at VectorStore.initialize (D:\OpenSource\SnippetBox\frontend\src\main\services\VectorStore.ts:21:26)
          at VectorStore.addVector (D:\OpenSource\SnippetBox\frontend\src\main\services\VectorStore.ts:27:10)
          at SnippetManager.processVectorGenerationQueue (D:\OpenSource\SnippetBox\frontend\src\main\services\SnippetManager.ts:406:34)
          at SnippetManager.generateVectorForSnippet (D:\OpenSource\SnippetBox\frontend\src\main\services\SnippetManager.ts:388:10)
          at SnippetManager.createSnippet (D:\OpenSource\SnippetBox\frontend\src\main\services\SnippetManager.ts:72:12)
          at processTicksAndRejections (node:internal/process/task_queues:105:5)
          at D:\OpenSource\SnippetBox\frontend\tests\property\SnippetProperty.test.ts:144:31
          at AsyncProperty.run (D:\OpenSource\SnippetBox\frontend\node_modules\fast-check\lib\cjs\fast-check.js:1208:19)
          at asyncRunIt (D:\OpenSource\SnippetBox\frontend\node_modules\fast-check\lib\cjs\fast-check.js:2503:15)
          at Object.<anonymous> (D:\OpenSource\SnippetBox\frontend\tests\property\SnippetProperty.test.ts:106:7)

    [0m [90m 407 |[39m           console[33m.[39mlog([32m`Generated vector for snippet: ${snippetId}`[39m)[33m;[39m
     [90m 408 |[39m         } [36mcatch[39m (error) {
    [31m[1m>[22m[39m[90m 409 |[39m           console[33m.[39merror([32m`Failed to generate vector for snippet ${snippetId}:`[3
9m[33m,[39m error)[33m;[39m
     [90m     |[39m                   [31m[1m^[22m[39m
     [90m 410 |[39m         }
     [90m 411 |[39m       }
     [90m 412 |[39m     } [36mfinally[39m {[0m

      at SnippetManager.processVectorGenerationQueue (src/main/services/SnippetManager.ts:409:19)

    console.error
      Failed to generate vector for snippet snippet-ki79u5t2d: TypeError: dbManager.getDb is not a function
          at VectorStore.initialize (D:\OpenSource\SnippetBox\frontend\src\main\services\VectorStore.ts:21:26)
          at VectorStore.addVector (D:\OpenSource\SnippetBox\frontend\src\main\services\VectorStore.ts:27:10)
          at SnippetManager.processVectorGenerationQueue (D:\OpenSource\SnippetBox\frontend\src\main\services\SnippetManager.ts:406:34)
          at SnippetManager.generateVectorForSnippet (D:\OpenSource\SnippetBox\frontend\src\main\services\SnippetManager.ts:388:10)
          at SnippetManager.createSnippet (D:\OpenSource\SnippetBox\frontend\src\main\services\SnippetManager.ts:72:12)
          at processTicksAndRejections (node:internal/process/task_queues:105:5)
          at D:\OpenSource\SnippetBox\frontend\tests\property\SnippetProperty.test.ts:144:31
          at AsyncProperty.run (D:\OpenSource\SnippetBox\frontend\node_modules\fast-check\lib\cjs\fast-check.js:1208:19)
          at asyncRunIt (D:\OpenSource\SnippetBox\frontend\node_modules\fast-check\lib\cjs\fast-check.js:2503:15)
          at Object.<anonymous> (D:\OpenSource\SnippetBox\frontend\tests\property\SnippetProperty.test.ts:106:7)

    [0m [90m 407 |[39m           console[33m.[39mlog([32m`Generated vector for snippet: ${snippetId}`[39m)[33m;[39m
     [90m 408 |[39m         } [36mcatch[39m (error) {
    [31m[1m>[22m[39m[90m 409 |[39m           console[33m.[39merror([32m`Failed to generate vector for snippet ${snippetId}:`[3
9m[33m,[39m error)[33m;[39m
     [90m     |[39m                   [31m[1m^[22m[39m
     [90m 410 |[39m         }
     [90m 411 |[39m       }
     [90m 412 |[39m     } [36mfinally[39m {[0m

      at SnippetManager.processVectorGenerationQueue (src/main/services/SnippetManager.ts:409:19)

    console.error
      Failed to generate vector for snippet snippet-c3560m4oj: TypeError: dbManager.getDb is not a function
          at VectorStore.initialize (D:\OpenSource\SnippetBox\frontend\src\main\services\VectorStore.ts:21:26)
          at VectorStore.addVector (D:\OpenSource\SnippetBox\frontend\src\main\services\VectorStore.ts:27:10)
          at SnippetManager.processVectorGenerationQueue (D:\OpenSource\SnippetBox\frontend\src\main\services\SnippetManager.ts:406:34)
          at SnippetManager.generateVectorForSnippet (D:\OpenSource\SnippetBox\frontend\src\main\services\SnippetManager.ts:388:10)
          at SnippetManager.createSnippet (D:\OpenSource\SnippetBox\frontend\src\main\services\SnippetManager.ts:72:12)
          at processTicksAndRejections (node:internal/process/task_queues:105:5)
          at D:\OpenSource\SnippetBox\frontend\tests\property\SnippetProperty.test.ts:144:31
          at AsyncProperty.run (D:\OpenSource\SnippetBox\frontend\node_modules\fast-check\lib\cjs\fast-check.js:1208:19)
          at asyncRunIt (D:\OpenSource\SnippetBox\frontend\node_modules\fast-check\lib\cjs\fast-check.js:2503:15)
          at Object.<anonymous> (D:\OpenSource\SnippetBox\frontend\tests\property\SnippetProperty.test.ts:106:7)

    [0m [90m 407 |[39m           console[33m.[39mlog([32m`Generated vector for snippet: ${snippetId}`[39m)[33m;[39m
     [90m 408 |[39m         } [36mcatch[39m (error) {
    [31m[1m>[22m[39m[90m 409 |[39m           console[33m.[39merror([32m`Failed to generate vector for snippet ${snippetId}:`[3
9m[33m,[39m error)[33m;[39m
     [90m     |[39m                   [31m[1m^[22m[39m
     [90m 410 |[39m         }
     [90m 411 |[39m       }
     [90m 412 |[39m     } [36mfinally[39m {[0m

      at SnippetManager.processVectorGenerationQueue (src/main/services/SnippetManager.ts:409:19)

    console.error
      Failed to generate vector for snippet snippet-v6rdzp27n: TypeError: dbManager.getDb is not a function
          at VectorStore.initialize (D:\OpenSource\SnippetBox\frontend\src\main\services\VectorStore.ts:21:26)
          at VectorStore.addVector (D:\OpenSource\SnippetBox\frontend\src\main\services\VectorStore.ts:27:10)
          at SnippetManager.processVectorGenerationQueue (D:\OpenSource\SnippetBox\frontend\src\main\services\SnippetManager.ts:406:34)
          at SnippetManager.generateVectorForSnippet (D:\OpenSource\SnippetBox\frontend\src\main\services\SnippetManager.ts:388:10)
          at SnippetManager.createSnippet (D:\OpenSource\SnippetBox\frontend\src\main\services\SnippetManager.ts:72:12)
          at processTicksAndRejections (node:internal/process/task_queues:105:5)
          at D:\OpenSource\SnippetBox\frontend\tests\property\SnippetProperty.test.ts:144:31
          at AsyncProperty.run (D:\OpenSource\SnippetBox\frontend\node_modules\fast-check\lib\cjs\fast-check.js:1208:19)
          at asyncRunIt (D:\OpenSource\SnippetBox\frontend\node_modules\fast-check\lib\cjs\fast-check.js:2503:15)
          at Object.<anonymous> (D:\OpenSource\SnippetBox\frontend\tests\property\SnippetProperty.test.ts:106:7)

    [0m [90m 407 |[39m           console[33m.[39mlog([32m`Generated vector for snippet: ${snippetId}`[39m)[33m;[39m
     [90m 408 |[39m         } [36mcatch[39m (error) {
    [31m[1m>[22m[39m[90m 409 |[39m           console[33m.[39merror([32m`Failed to generate vector for snippet ${snippetId}:`[3
9m[33m,[39m error)[33m;[39m
     [90m     |[39m                   [31m[1m^[22m[39m
     [90m 410 |[39m         }
     [90m 411 |[39m       }
     [90m 412 |[39m     } [36mfinally[39m {[0m

      at SnippetManager.processVectorGenerationQueue (src/main/services/SnippetManager.ts:409:19)

    console.error
      Failed to generate vector for snippet snippet-yjvdwfh7v: TypeError: dbManager.getDb is not a function
          at VectorStore.initialize (D:\OpenSource\SnippetBox\frontend\src\main\services\VectorStore.ts:21:26)
          at VectorStore.addVector (D:\OpenSource\SnippetBox\frontend\src\main\services\VectorStore.ts:27:10)
          at SnippetManager.processVectorGenerationQueue (D:\OpenSource\SnippetBox\frontend\src\main\services\SnippetManager.ts:406:34)
          at SnippetManager.generateVectorForSnippet (D:\OpenSource\SnippetBox\frontend\src\main\services\SnippetManager.ts:388:10)
          at SnippetManager.createSnippet (D:\OpenSource\SnippetBox\frontend\src\main\services\SnippetManager.ts:72:12)
          at processTicksAndRejections (node:internal/process/task_queues:105:5)
          at D:\OpenSource\SnippetBox\frontend\tests\property\SnippetProperty.test.ts:144:31
          at AsyncProperty.run (D:\OpenSource\SnippetBox\frontend\node_modules\fast-check\lib\cjs\fast-check.js:1208:19)
          at asyncRunIt (D:\OpenSource\SnippetBox\frontend\node_modules\fast-check\lib\cjs\fast-check.js:2503:15)
          at Object.<anonymous> (D:\OpenSource\SnippetBox\frontend\tests\property\SnippetProperty.test.ts:106:7)

    [0m [90m 407 |[39m           console[33m.[39mlog([32m`Generated vector for snippet: ${snippetId}`[39m)[33m;[39m
     [90m 408 |[39m         } [36mcatch[39m (error) {
    [31m[1m>[22m[39m[90m 409 |[39m           console[33m.[39merror([32m`Failed to generate vector for snippet ${snippetId}:`[3
9m[33m,[39m error)[33m;[39m
     [90m     |[39m                   [31m[1m^[22m[39m
     [90m 410 |[39m         }
     [90m 411 |[39m       }
     [90m 412 |[39m     } [36mfinally[39m {[0m

      at SnippetManager.processVectorGenerationQueue (src/main/services/SnippetManager.ts:409:19)

    console.error
      Failed to generate vector for snippet snippet-yruhmufl3: TypeError: dbManager.getDb is not a function
          at VectorStore.initialize (D:\OpenSource\SnippetBox\frontend\src\main\services\VectorStore.ts:21:26)
          at VectorStore.addVector (D:\OpenSource\SnippetBox\frontend\src\main\services\VectorStore.ts:27:10)
          at SnippetManager.processVectorGenerationQueue (D:\OpenSource\SnippetBox\frontend\src\main\services\SnippetManager.ts:406:34)
          at SnippetManager.generateVectorForSnippet (D:\OpenSource\SnippetBox\frontend\src\main\services\SnippetManager.ts:388:10)
          at SnippetManager.createSnippet (D:\OpenSource\SnippetBox\frontend\src\main\services\SnippetManager.ts:72:12)
          at processTicksAndRejections (node:internal/process/task_queues:105:5)
          at D:\OpenSource\SnippetBox\frontend\tests\property\SnippetProperty.test.ts:144:31
          at AsyncProperty.run (D:\OpenSource\SnippetBox\frontend\node_modules\fast-check\lib\cjs\fast-check.js:1208:19)
          at asyncRunIt (D:\OpenSource\SnippetBox\frontend\node_modules\fast-check\lib\cjs\fast-check.js:2503:15)
          at Object.<anonymous> (D:\OpenSource\SnippetBox\frontend\tests\property\SnippetProperty.test.ts:106:7)

    [0m [90m 407 |[39m           console[33m.[39mlog([32m`Generated vector for snippet: ${snippetId}`[39m)[33m;[39m
     [90m 408 |[39m         } [36mcatch[39m (error) {
    [31m[1m>[22m[39m[90m 409 |[39m           console[33m.[39merror([32m`Failed to generate vector for snippet ${snippetId}:`[3
9m[33m,[39m error)[33m;[39m
     [90m     |[39m                   [31m[1m^[22m[39m
     [90m 410 |[39m         }
     [90m 411 |[39m       }
     [90m 412 |[39m     } [36mfinally[39m {[0m

      at SnippetManager.processVectorGenerationQueue (src/main/services/SnippetManager.ts:409:19)

    console.error
      Failed to generate vector for snippet snippet-155pkk9dk: TypeError: dbManager.getDb is not a function
          at VectorStore.initialize (D:\OpenSource\SnippetBox\frontend\src\main\services\VectorStore.ts:21:26)
          at VectorStore.addVector (D:\OpenSource\SnippetBox\frontend\src\main\services\VectorStore.ts:27:10)
          at SnippetManager.processVectorGenerationQueue (D:\OpenSource\SnippetBox\frontend\src\main\services\SnippetManager.ts:406:34)
          at SnippetManager.generateVectorForSnippet (D:\OpenSource\SnippetBox\frontend\src\main\services\SnippetManager.ts:388:10)
          at SnippetManager.createSnippet (D:\OpenSource\SnippetBox\frontend\src\main\services\SnippetManager.ts:72:12)
          at processTicksAndRejections (node:internal/process/task_queues:105:5)
          at D:\OpenSource\SnippetBox\frontend\tests\property\SnippetProperty.test.ts:144:31
          at AsyncProperty.run (D:\OpenSource\SnippetBox\frontend\node_modules\fast-check\lib\cjs\fast-check.js:1208:19)
          at asyncRunIt (D:\OpenSource\SnippetBox\frontend\node_modules\fast-check\lib\cjs\fast-check.js:2503:15)
          at Object.<anonymous> (D:\OpenSource\SnippetBox\frontend\tests\property\SnippetProperty.test.ts:106:7)

    [0m [90m 407 |[39m           console[33m.[39mlog([32m`Generated vector for snippet: ${snippetId}`[39m)[33m;[39m
     [90m 408 |[39m         } [36mcatch[39m (error) {
    [31m[1m>[22m[39m[90m 409 |[39m           console[33m.[39merror([32m`Failed to generate vector for snippet ${snippetId}:`[3
9m[33m,[39m error)[33m;[39m
     [90m     |[39m                   [31m[1m^[22m[39m
     [90m 410 |[39m         }
     [90m 411 |[39m       }
     [90m 412 |[39m     } [36mfinally[39m {[0m

      at SnippetManager.processVectorGenerationQueue (src/main/services/SnippetManager.ts:409:19)

    console.error
      Failed to generate vector for snippet snippet-zzftkx3ok: TypeError: dbManager.getDb is not a function
          at VectorStore.initialize (D:\OpenSource\SnippetBox\frontend\src\main\services\VectorStore.ts:21:26)
          at VectorStore.addVector (D:\OpenSource\SnippetBox\frontend\src\main\services\VectorStore.ts:27:10)
          at SnippetManager.processVectorGenerationQueue (D:\OpenSource\SnippetBox\frontend\src\main\services\SnippetManager.ts:406:34)
          at SnippetManager.generateVectorForSnippet (D:\OpenSource\SnippetBox\frontend\src\main\services\SnippetManager.ts:388:10)
          at SnippetManager.createSnippet (D:\OpenSource\SnippetBox\frontend\src\main\services\SnippetManager.ts:72:12)
          at processTicksAndRejections (node:internal/process/task_queues:105:5)
          at D:\OpenSource\SnippetBox\frontend\tests\property\SnippetProperty.test.ts:144:31
          at AsyncProperty.run (D:\OpenSource\SnippetBox\frontend\node_modules\fast-check\lib\cjs\fast-check.js:1208:19)
          at asyncRunIt (D:\OpenSource\SnippetBox\frontend\node_modules\fast-check\lib\cjs\fast-check.js:2503:15)
          at Object.<anonymous> (D:\OpenSource\SnippetBox\frontend\tests\property\SnippetProperty.test.ts:106:7)

    [0m [90m 407 |[39m           console[33m.[39mlog([32m`Generated vector for snippet: ${snippetId}`[39m)[33m;[39m
     [90m 408 |[39m         } [36mcatch[39m (error) {
    [31m[1m>[22m[39m[90m 409 |[39m           console[33m.[39merror([32m`Failed to generate vector for snippet ${snippetId}:`[3
9m[33m,[39m error)[33m;[39m
     [90m     |[39m                   [31m[1m^[22m[39m
     [90m 410 |[39m         }
     [90m 411 |[39m       }
     [90m 412 |[39m     } [36mfinally[39m {[0m

      at SnippetManager.processVectorGenerationQueue (src/main/services/SnippetManager.ts:409:19)

    console.error
      Failed to generate vector for snippet snippet-u4sw42bnb: TypeError: dbManager.getDb is not a function
          at VectorStore.initialize (D:\OpenSource\SnippetBox\frontend\src\main\services\VectorStore.ts:21:26)
          at VectorStore.addVector (D:\OpenSource\SnippetBox\frontend\src\main\services\VectorStore.ts:27:10)
          at SnippetManager.processVectorGenerationQueue (D:\OpenSource\SnippetBox\frontend\src\main\services\SnippetManager.ts:406:34)
          at SnippetManager.generateVectorForSnippet (D:\OpenSource\SnippetBox\frontend\src\main\services\SnippetManager.ts:388:10)
          at SnippetManager.createSnippet (D:\OpenSource\SnippetBox\frontend\src\main\services\SnippetManager.ts:72:12)
          at processTicksAndRejections (node:internal/process/task_queues:105:5)
          at D:\OpenSource\SnippetBox\frontend\tests\property\SnippetProperty.test.ts:144:31
          at AsyncProperty.run (D:\OpenSource\SnippetBox\frontend\node_modules\fast-check\lib\cjs\fast-check.js:1208:19)
          at asyncRunIt (D:\OpenSource\SnippetBox\frontend\node_modules\fast-check\lib\cjs\fast-check.js:2503:15)
          at Object.<anonymous> (D:\OpenSource\SnippetBox\frontend\tests\property\SnippetProperty.test.ts:106:7)

    [0m [90m 407 |[39m           console[33m.[39mlog([32m`Generated vector for snippet: ${snippetId}`[39m)[33m;[39m
     [90m 408 |[39m         } [36mcatch[39m (error) {
    [31m[1m>[22m[39m[90m 409 |[39m           console[33m.[39merror([32m`Failed to generate vector for snippet ${snippetId}:`[3
9m[33m,[39m error)[33m;[39m
     [90m     |[39m                   [31m[1m^[22m[39m
     [90m 410 |[39m         }
     [90m 411 |[39m       }
     [90m 412 |[39m     } [36mfinally[39m {[0m

      at SnippetManager.processVectorGenerationQueue (src/main/services/SnippetManager.ts:409:19)

    console.error
      Failed to generate vector for snippet snippet-zio8n11ps: TypeError: dbManager.getDb is not a function
          at VectorStore.initialize (D:\OpenSource\SnippetBox\frontend\src\main\services\VectorStore.ts:21:26)
          at VectorStore.addVector (D:\OpenSource\SnippetBox\frontend\src\main\services\VectorStore.ts:27:10)
          at SnippetManager.processVectorGenerationQueue (D:\OpenSource\SnippetBox\frontend\src\main\services\SnippetManager.ts:406:34)
          at SnippetManager.generateVectorForSnippet (D:\OpenSource\SnippetBox\frontend\src\main\services\SnippetManager.ts:388:10)
          at SnippetManager.createSnippet (D:\OpenSource\SnippetBox\frontend\src\main\services\SnippetManager.ts:72:12)
          at processTicksAndRejections (node:internal/process/task_queues:105:5)
          at D:\OpenSource\SnippetBox\frontend\tests\property\SnippetProperty.test.ts:144:31
          at AsyncProperty.run (D:\OpenSource\SnippetBox\frontend\node_modules\fast-check\lib\cjs\fast-check.js:1208:19)
          at asyncRunIt (D:\OpenSource\SnippetBox\frontend\node_modules\fast-check\lib\cjs\fast-check.js:2503:15)
          at Object.<anonymous> (D:\OpenSource\SnippetBox\frontend\tests\property\SnippetProperty.test.ts:106:7)

    [0m [90m 407 |[39m           console[33m.[39mlog([32m`Generated vector for snippet: ${snippetId}`[39m)[33m;[39m
     [90m 408 |[39m         } [36mcatch[39m (error) {
    [31m[1m>[22m[39m[90m 409 |[39m           console[33m.[39merror([32m`Failed to generate vector for snippet ${snippetId}:`[3
9m[33m,[39m error)[33m;[39m
     [90m     |[39m                   [31m[1m^[22m[39m
     [90m 410 |[39m         }
     [90m 411 |[39m       }
     [90m 412 |[39m     } [36mfinally[39m {[0m

      at SnippetManager.processVectorGenerationQueue (src/main/services/SnippetManager.ts:409:19)

    console.error
      Failed to generate vector for snippet snippet-h7xnu89u4: TypeError: dbManager.getDb is not a function
          at VectorStore.initialize (D:\OpenSource\SnippetBox\frontend\src\main\services\VectorStore.ts:21:26)
          at VectorStore.addVector (D:\OpenSource\SnippetBox\frontend\src\main\services\VectorStore.ts:27:10)
          at SnippetManager.processVectorGenerationQueue (D:\OpenSource\SnippetBox\frontend\src\main\services\SnippetManager.ts:406:34)
          at SnippetManager.generateVectorForSnippet (D:\OpenSource\SnippetBox\frontend\src\main\services\SnippetManager.ts:388:10)
          at SnippetManager.createSnippet (D:\OpenSource\SnippetBox\frontend\src\main\services\SnippetManager.ts:72:12)
          at processTicksAndRejections (node:internal/process/task_queues:105:5)
          at D:\OpenSource\SnippetBox\frontend\tests\property\SnippetProperty.test.ts:144:31
          at AsyncProperty.run (D:\OpenSource\SnippetBox\frontend\node_modules\fast-check\lib\cjs\fast-check.js:1208:19)
          at asyncRunIt (D:\OpenSource\SnippetBox\frontend\node_modules\fast-check\lib\cjs\fast-check.js:2503:15)
          at Object.<anonymous> (D:\OpenSource\SnippetBox\frontend\tests\property\SnippetProperty.test.ts:106:7)

    [0m [90m 407 |[39m           console[33m.[39mlog([32m`Generated vector for snippet: ${snippetId}`[39m)[33m;[39m
     [90m 408 |[39m         } [36mcatch[39m (error) {
    [31m[1m>[22m[39m[90m 409 |[39m           console[33m.[39merror([32m`Failed to generate vector for snippet ${snippetId}:`[3
9m[33m,[39m error)[33m;[39m
     [90m     |[39m                   [31m[1m^[22m[39m
     [90m 410 |[39m         }
     [90m 411 |[39m       }
     [90m 412 |[39m     } [36mfinally[39m {[0m

      at SnippetManager.processVectorGenerationQueue (src/main/services/SnippetManager.ts:409:19)

    console.error
      Failed to generate vector for snippet snippet-yfwaa4thm: TypeError: dbManager.getDb is not a function
          at VectorStore.initialize (D:\OpenSource\SnippetBox\frontend\src\main\services\VectorStore.ts:21:26)
          at VectorStore.addVector (D:\OpenSource\SnippetBox\frontend\src\main\services\VectorStore.ts:27:10)
          at SnippetManager.processVectorGenerationQueue (D:\OpenSource\SnippetBox\frontend\src\main\services\SnippetManager.ts:406:34)
          at SnippetManager.generateVectorForSnippet (D:\OpenSource\SnippetBox\frontend\src\main\services\SnippetManager.ts:388:10)
          at SnippetManager.createSnippet (D:\OpenSource\SnippetBox\frontend\src\main\services\SnippetManager.ts:72:12)
          at processTicksAndRejections (node:internal/process/task_queues:105:5)
          at D:\OpenSource\SnippetBox\frontend\tests\property\SnippetProperty.test.ts:144:31
          at AsyncProperty.run (D:\OpenSource\SnippetBox\frontend\node_modules\fast-check\lib\cjs\fast-check.js:1208:19)
          at asyncRunIt (D:\OpenSource\SnippetBox\frontend\node_modules\fast-check\lib\cjs\fast-check.js:2503:15)
          at Object.<anonymous> (D:\OpenSource\SnippetBox\frontend\tests\property\SnippetProperty.test.ts:106:7)

    [0m [90m 407 |[39m           console[33m.[39mlog([32m`Generated vector for snippet: ${snippetId}`[39m)[33m;[39m
     [90m 408 |[39m         } [36mcatch[39m (error) {
    [31m[1m>[22m[39m[90m 409 |[39m           console[33m.[39merror([32m`Failed to generate vector for snippet ${snippetId}:`[3
9m[33m,[39m error)[33m;[39m
     [90m     |[39m                   [31m[1m^[22m[39m
     [90m 410 |[39m         }
     [90m 411 |[39m       }
     [90m 412 |[39m     } [36mfinally[39m {[0m

      at SnippetManager.processVectorGenerationQueue (src/main/services/SnippetManager.ts:409:19)

    console.error
      Failed to generate vector for snippet snippet-48sp9eg2k: TypeError: dbManager.getDb is not a function
          at VectorStore.initialize (D:\OpenSource\SnippetBox\frontend\src\main\services\VectorStore.ts:21:26)
          at VectorStore.addVector (D:\OpenSource\SnippetBox\frontend\src\main\services\VectorStore.ts:27:10)
          at SnippetManager.processVectorGenerationQueue (D:\OpenSource\SnippetBox\frontend\src\main\services\SnippetManager.ts:406:34)
          at SnippetManager.generateVectorForSnippet (D:\OpenSource\SnippetBox\frontend\src\main\services\SnippetManager.ts:388:10)
          at SnippetManager.createSnippet (D:\OpenSource\SnippetBox\frontend\src\main\services\SnippetManager.ts:72:12)
          at processTicksAndRejections (node:internal/process/task_queues:105:5)
          at D:\OpenSource\SnippetBox\frontend\tests\property\SnippetProperty.test.ts:144:31
          at AsyncProperty.run (D:\OpenSource\SnippetBox\frontend\node_modules\fast-check\lib\cjs\fast-check.js:1208:19)
          at asyncRunIt (D:\OpenSource\SnippetBox\frontend\node_modules\fast-check\lib\cjs\fast-check.js:2503:15)
          at Object.<anonymous> (D:\OpenSource\SnippetBox\frontend\tests\property\SnippetProperty.test.ts:106:7)

    [0m [90m 407 |[39m           console[33m.[39mlog([32m`Generated vector for snippet: ${snippetId}`[39m)[33m;[39m
     [90m 408 |[39m         } [36mcatch[39m (error) {
    [31m[1m>[22m[39m[90m 409 |[39m           console[33m.[39merror([32m`Failed to generate vector for snippet ${snippetId}:`[3
9m[33m,[39m error)[33m;[39m
     [90m     |[39m                   [31m[1m^[22m[39m
     [90m 410 |[39m         }
     [90m 411 |[39m       }
     [90m 412 |[39m     } [36mfinally[39m {[0m

      at SnippetManager.processVectorGenerationQueue (src/main/services/SnippetManager.ts:409:19)

    console.error
      Failed to generate vector for snippet snippet-v9j1npw9p: TypeError: dbManager.getDb is not a function
          at VectorStore.initialize (D:\OpenSource\SnippetBox\frontend\src\main\services\VectorStore.ts:21:26)
          at VectorStore.addVector (D:\OpenSource\SnippetBox\frontend\src\main\services\VectorStore.ts:27:10)
          at SnippetManager.processVectorGenerationQueue (D:\OpenSource\SnippetBox\frontend\src\main\services\SnippetManager.ts:406:34)
          at SnippetManager.generateVectorForSnippet (D:\OpenSource\SnippetBox\frontend\src\main\services\SnippetManager.ts:388:10)
          at SnippetManager.createSnippet (D:\OpenSource\SnippetBox\frontend\src\main\services\SnippetManager.ts:72:12)
          at processTicksAndRejections (node:internal/process/task_queues:105:5)
          at D:\OpenSource\SnippetBox\frontend\tests\property\SnippetProperty.test.ts:144:31
          at AsyncProperty.run (D:\OpenSource\SnippetBox\frontend\node_modules\fast-check\lib\cjs\fast-check.js:1208:19)
          at asyncRunIt (D:\OpenSource\SnippetBox\frontend\node_modules\fast-check\lib\cjs\fast-check.js:2503:15)
          at Object.<anonymous> (D:\OpenSource\SnippetBox\frontend\tests\property\SnippetProperty.test.ts:106:7)

    [0m [90m 407 |[39m           console[33m.[39mlog([32m`Generated vector for snippet: ${snippetId}`[39m)[33m;[39m
     [90m 408 |[39m         } [36mcatch[39m (error) {
    [31m[1m>[22m[39m[90m 409 |[39m           console[33m.[39merror([32m`Failed to generate vector for snippet ${snippetId}:`[3
9m[33m,[39m error)[33m;[39m
     [90m     |[39m                   [31m[1m^[22m[39m
     [90m 410 |[39m         }
     [90m 411 |[39m       }
     [90m 412 |[39m     } [36mfinally[39m {[0m

      at SnippetManager.processVectorGenerationQueue (src/main/services/SnippetManager.ts:409:19)

    console.error
      Failed to generate vector for snippet snippet-e560sjvy5: TypeError: dbManager.getDb is not a function
          at VectorStore.initialize (D:\OpenSource\SnippetBox\frontend\src\main\services\VectorStore.ts:21:26)
          at VectorStore.addVector (D:\OpenSource\SnippetBox\frontend\src\main\services\VectorStore.ts:27:10)
          at SnippetManager.processVectorGenerationQueue (D:\OpenSource\SnippetBox\frontend\src\main\services\SnippetManager.ts:406:34)
          at SnippetManager.generateVectorForSnippet (D:\OpenSource\SnippetBox\frontend\src\main\services\SnippetManager.ts:388:10)
          at SnippetManager.createSnippet (D:\OpenSource\SnippetBox\frontend\src\main\services\SnippetManager.ts:72:12)
          at processTicksAndRejections (node:internal/process/task_queues:105:5)
          at D:\OpenSource\SnippetBox\frontend\tests\property\SnippetProperty.test.ts:144:31
          at AsyncProperty.run (D:\OpenSource\SnippetBox\frontend\node_modules\fast-check\lib\cjs\fast-check.js:1208:19)
          at asyncRunIt (D:\OpenSource\SnippetBox\frontend\node_modules\fast-check\lib\cjs\fast-check.js:2503:15)
          at Object.<anonymous> (D:\OpenSource\SnippetBox\frontend\tests\property\SnippetProperty.test.ts:106:7)

    [0m [90m 407 |[39m           console[33m.[39mlog([32m`Generated vector for snippet: ${snippetId}`[39m)[33m;[39m
     [90m 408 |[39m         } [36mcatch[39m (error) {
    [31m[1m>[22m[39m[90m 409 |[39m           console[33m.[39merror([32m`Failed to generate vector for snippet ${snippetId}:`[3
9m[33m,[39m error)[33m;[39m
     [90m     |[39m                   [31m[1m^[22m[39m
     [90m 410 |[39m         }
     [90m 411 |[39m       }
     [90m 412 |[39m     } [36mfinally[39m {[0m

      at SnippetManager.processVectorGenerationQueue (src/main/services/SnippetManager.ts:409:19)

    console.error
      Failed to generate vector for snippet snippet-mdch86yaw: TypeError: dbManager.getDb is not a function
          at VectorStore.initialize (D:\OpenSource\SnippetBox\frontend\src\main\services\VectorStore.ts:21:26)
          at VectorStore.addVector (D:\OpenSource\SnippetBox\frontend\src\main\services\VectorStore.ts:27:10)
          at SnippetManager.processVectorGenerationQueue (D:\OpenSource\SnippetBox\frontend\src\main\services\SnippetManager.ts:406:34)
          at SnippetManager.generateVectorForSnippet (D:\OpenSource\SnippetBox\frontend\src\main\services\SnippetManager.ts:388:10)
          at SnippetManager.createSnippet (D:\OpenSource\SnippetBox\frontend\src\main\services\SnippetManager.ts:72:12)
          at processTicksAndRejections (node:internal/process/task_queues:105:5)
          at D:\OpenSource\SnippetBox\frontend\tests\property\SnippetProperty.test.ts:144:31
          at AsyncProperty.run (D:\OpenSource\SnippetBox\frontend\node_modules\fast-check\lib\cjs\fast-check.js:1208:19)
          at asyncRunIt (D:\OpenSource\SnippetBox\frontend\node_modules\fast-check\lib\cjs\fast-check.js:2503:15)
          at Object.<anonymous> (D:\OpenSource\SnippetBox\frontend\tests\property\SnippetProperty.test.ts:106:7)

    [0m [90m 407 |[39m           console[33m.[39mlog([32m`Generated vector for snippet: ${snippetId}`[39m)[33m;[39m
     [90m 408 |[39m         } [36mcatch[39m (error) {
    [31m[1m>[22m[39m[90m 409 |[39m           console[33m.[39merror([32m`Failed to generate vector for snippet ${snippetId}:`[3
9m[33m,[39m error)[33m;[39m
     [90m     |[39m                   [31m[1m^[22m[39m
     [90m 410 |[39m         }
     [90m 411 |[39m       }
     [90m 412 |[39m     } [36mfinally[39m {[0m

      at SnippetManager.processVectorGenerationQueue (src/main/services/SnippetManager.ts:409:19)

    console.error
      Failed to generate vector for snippet snippet-9jw17u0fr: TypeError: dbManager.getDb is not a function
          at VectorStore.initialize (D:\OpenSource\SnippetBox\frontend\src\main\services\VectorStore.ts:21:26)
          at VectorStore.addVector (D:\OpenSource\SnippetBox\frontend\src\main\services\VectorStore.ts:27:10)
          at SnippetManager.processVectorGenerationQueue (D:\OpenSource\SnippetBox\frontend\src\main\services\SnippetManager.ts:406:34)
          at SnippetManager.generateVectorForSnippet (D:\OpenSource\SnippetBox\frontend\src\main\services\SnippetManager.ts:388:10)
          at SnippetManager.createSnippet (D:\OpenSource\SnippetBox\frontend\src\main\services\SnippetManager.ts:72:12)
          at processTicksAndRejections (node:internal/process/task_queues:105:5)
          at D:\OpenSource\SnippetBox\frontend\tests\property\SnippetProperty.test.ts:144:31
          at AsyncProperty.run (D:\OpenSource\SnippetBox\frontend\node_modules\fast-check\lib\cjs\fast-check.js:1208:19)
          at asyncRunIt (D:\OpenSource\SnippetBox\frontend\node_modules\fast-check\lib\cjs\fast-check.js:2503:15)
          at Object.<anonymous> (D:\OpenSource\SnippetBox\frontend\tests\property\SnippetProperty.test.ts:106:7)

    [0m [90m 407 |[39m           console[33m.[39mlog([32m`Generated vector for snippet: ${snippetId}`[39m)[33m;[39m
     [90m 408 |[39m         } [36mcatch[39m (error) {
    [31m[1m>[22m[39m[90m 409 |[39m           console[33m.[39merror([32m`Failed to generate vector for snippet ${snippetId}:`[3
9m[33m,[39m error)[33m;[39m
     [90m     |[39m                   [31m[1m^[22m[39m
     [90m 410 |[39m         }
     [90m 411 |[39m       }
     [90m 412 |[39m     } [36mfinally[39m {[0m

      at SnippetManager.processVectorGenerationQueue (src/main/services/SnippetManager.ts:409:19)

    console.error
      Failed to generate vector for snippet snippet-rivummwyx: TypeError: dbManager.getDb is not a function
          at VectorStore.initialize (D:\OpenSource\SnippetBox\frontend\src\main\services\VectorStore.ts:21:26)
          at VectorStore.addVector (D:\OpenSource\SnippetBox\frontend\src\main\services\VectorStore.ts:27:10)
          at SnippetManager.processVectorGenerationQueue (D:\OpenSource\SnippetBox\frontend\src\main\services\SnippetManager.ts:406:34)
          at SnippetManager.generateVectorForSnippet (D:\OpenSource\SnippetBox\frontend\src\main\services\SnippetManager.ts:388:10)
          at SnippetManager.createSnippet (D:\OpenSource\SnippetBox\frontend\src\main\services\SnippetManager.ts:72:12)
          at processTicksAndRejections (node:internal/process/task_queues:105:5)
          at D:\OpenSource\SnippetBox\frontend\tests\property\SnippetProperty.test.ts:144:31
          at AsyncProperty.run (D:\OpenSource\SnippetBox\frontend\node_modules\fast-check\lib\cjs\fast-check.js:1208:19)
          at asyncRunIt (D:\OpenSource\SnippetBox\frontend\node_modules\fast-check\lib\cjs\fast-check.js:2503:15)
          at Object.<anonymous> (D:\OpenSource\SnippetBox\frontend\tests\property\SnippetProperty.test.ts:106:7)

    [0m [90m 407 |[39m           console[33m.[39mlog([32m`Generated vector for snippet: ${snippetId}`[39m)[33m;[39m
     [90m 408 |[39m         } [36mcatch[39m (error) {
    [31m[1m>[22m[39m[90m 409 |[39m           console[33m.[39merror([32m`Failed to generate vector for snippet ${snippetId}:`[3
9m[33m,[39m error)[33m;[39m
     [90m     |[39m                   [31m[1m^[22m[39m
     [90m 410 |[39m         }
     [90m 411 |[39m       }
     [90m 412 |[39m     } [36mfinally[39m {[0m

      at SnippetManager.processVectorGenerationQueue (src/main/services/SnippetManager.ts:409:19)

    console.error
      Failed to generate vector for snippet snippet-l7u9qub57: TypeError: dbManager.getDb is not a function
          at VectorStore.initialize (D:\OpenSource\SnippetBox\frontend\src\main\services\VectorStore.ts:21:26)
          at VectorStore.addVector (D:\OpenSource\SnippetBox\frontend\src\main\services\VectorStore.ts:27:10)
          at SnippetManager.processVectorGenerationQueue (D:\OpenSource\SnippetBox\frontend\src\main\services\SnippetManager.ts:406:34)
          at SnippetManager.generateVectorForSnippet (D:\OpenSource\SnippetBox\frontend\src\main\services\SnippetManager.ts:388:10)
          at SnippetManager.createSnippet (D:\OpenSource\SnippetBox\frontend\src\main\services\SnippetManager.ts:72:12)
          at processTicksAndRejections (node:internal/process/task_queues:105:5)
          at D:\OpenSource\SnippetBox\frontend\tests\property\SnippetProperty.test.ts:144:31
          at AsyncProperty.run (D:\OpenSource\SnippetBox\frontend\node_modules\fast-check\lib\cjs\fast-check.js:1208:19)
          at asyncRunIt (D:\OpenSource\SnippetBox\frontend\node_modules\fast-check\lib\cjs\fast-check.js:2503:15)
          at Object.<anonymous> (D:\OpenSource\SnippetBox\frontend\tests\property\SnippetProperty.test.ts:106:7)

    [0m [90m 407 |[39m           console[33m.[39mlog([32m`Generated vector for snippet: ${snippetId}`[39m)[33m;[39m
     [90m 408 |[39m         } [36mcatch[39m (error) {
    [31m[1m>[22m[39m[90m 409 |[39m           console[33m.[39merror([32m`Failed to generate vector for snippet ${snippetId}:`[3
9m[33m,[39m error)[33m;[39m
     [90m     |[39m                   [31m[1m^[22m[39m
     [90m 410 |[39m         }
     [90m 411 |[39m       }
     [90m 412 |[39m     } [36mfinally[39m {[0m

      at SnippetManager.processVectorGenerationQueue (src/main/services/SnippetManager.ts:409:19)

    console.error
      Failed to generate vector for snippet snippet-5nspslslr: TypeError: dbManager.getDb is not a function
          at VectorStore.initialize (D:\OpenSource\SnippetBox\frontend\src\main\services\VectorStore.ts:21:26)
          at VectorStore.addVector (D:\OpenSource\SnippetBox\frontend\src\main\services\VectorStore.ts:27:10)
          at SnippetManager.processVectorGenerationQueue (D:\OpenSource\SnippetBox\frontend\src\main\services\SnippetManager.ts:406:34)
          at SnippetManager.generateVectorForSnippet (D:\OpenSource\SnippetBox\frontend\src\main\services\SnippetManager.ts:388:10)
          at SnippetManager.createSnippet (D:\OpenSource\SnippetBox\frontend\src\main\services\SnippetManager.ts:72:12)
          at processTicksAndRejections (node:internal/process/task_queues:105:5)
          at D:\OpenSource\SnippetBox\frontend\tests\property\SnippetProperty.test.ts:144:31
          at AsyncProperty.run (D:\OpenSource\SnippetBox\frontend\node_modules\fast-check\lib\cjs\fast-check.js:1208:19)
          at asyncRunIt (D:\OpenSource\SnippetBox\frontend\node_modules\fast-check\lib\cjs\fast-check.js:2503:15)
          at Object.<anonymous> (D:\OpenSource\SnippetBox\frontend\tests\property\SnippetProperty.test.ts:106:7)

    [0m [90m 407 |[39m           console[33m.[39mlog([32m`Generated vector for snippet: ${snippetId}`[39m)[33m;[39m
     [90m 408 |[39m         } [36mcatch[39m (error) {
    [31m[1m>[22m[39m[90m 409 |[39m           console[33m.[39merror([32m`Failed to generate vector for snippet ${snippetId}:`[3
9m[33m,[39m error)[33m;[39m
     [90m     |[39m                   [31m[1m^[22m[39m
     [90m 410 |[39m         }
     [90m 411 |[39m       }
     [90m 412 |[39m     } [36mfinally[39m {[0m

      at SnippetManager.processVectorGenerationQueue (src/main/services/SnippetManager.ts:409:19)

    console.error
      Failed to generate vector for snippet snippet-p7gagju8i: TypeError: dbManager.getDb is not a function
          at VectorStore.initialize (D:\OpenSource\SnippetBox\frontend\src\main\services\VectorStore.ts:21:26)
          at VectorStore.addVector (D:\OpenSource\SnippetBox\frontend\src\main\services\VectorStore.ts:27:10)
          at SnippetManager.processVectorGenerationQueue (D:\OpenSource\SnippetBox\frontend\src\main\services\SnippetManager.ts:406:34)
          at SnippetManager.generateVectorForSnippet (D:\OpenSource\SnippetBox\frontend\src\main\services\SnippetManager.ts:388:10)
          at SnippetManager.createSnippet (D:\OpenSource\SnippetBox\frontend\src\main\services\SnippetManager.ts:72:12)
          at processTicksAndRejections (node:internal/process/task_queues:105:5)
          at D:\OpenSource\SnippetBox\frontend\tests\property\SnippetProperty.test.ts:144:31
          at AsyncProperty.run (D:\OpenSource\SnippetBox\frontend\node_modules\fast-check\lib\cjs\fast-check.js:1208:19)
          at asyncRunIt (D:\OpenSource\SnippetBox\frontend\node_modules\fast-check\lib\cjs\fast-check.js:2503:15)
          at Object.<anonymous> (D:\OpenSource\SnippetBox\frontend\tests\property\SnippetProperty.test.ts:106:7)

    [0m [90m 407 |[39m           console[33m.[39mlog([32m`Generated vector for snippet: ${snippetId}`[39m)[33m;[39m
     [90m 408 |[39m         } [36mcatch[39m (error) {
    [31m[1m>[22m[39m[90m 409 |[39m           console[33m.[39merror([32m`Failed to generate vector for snippet ${snippetId}:`[3
9m[33m,[39m error)[33m;[39m
     [90m     |[39m                   [31m[1m^[22m[39m
     [90m 410 |[39m         }
     [90m 411 |[39m       }
     [90m 412 |[39m     } [36mfinally[39m {[0m

      at SnippetManager.processVectorGenerationQueue (src/main/services/SnippetManager.ts:409:19)

    console.error
      Failed to generate vector for snippet snippet-0clgbxgnc: TypeError: dbManager.getDb is not a function
          at VectorStore.initialize (D:\OpenSource\SnippetBox\frontend\src\main\services\VectorStore.ts:21:26)
          at VectorStore.addVector (D:\OpenSource\SnippetBox\frontend\src\main\services\VectorStore.ts:27:10)
          at SnippetManager.processVectorGenerationQueue (D:\OpenSource\SnippetBox\frontend\src\main\services\SnippetManager.ts:406:34)
          at SnippetManager.generateVectorForSnippet (D:\OpenSource\SnippetBox\frontend\src\main\services\SnippetManager.ts:388:10)
          at SnippetManager.createSnippet (D:\OpenSource\SnippetBox\frontend\src\main\services\SnippetManager.ts:72:12)
          at processTicksAndRejections (node:internal/process/task_queues:105:5)
          at D:\OpenSource\SnippetBox\frontend\tests\property\SnippetProperty.test.ts:144:31
          at AsyncProperty.run (D:\OpenSource\SnippetBox\frontend\node_modules\fast-check\lib\cjs\fast-check.js:1208:19)
          at asyncRunIt (D:\OpenSource\SnippetBox\frontend\node_modules\fast-check\lib\cjs\fast-check.js:2503:15)
          at Object.<anonymous> (D:\OpenSource\SnippetBox\frontend\tests\property\SnippetProperty.test.ts:106:7)

    [0m [90m 407 |[39m           console[33m.[39mlog([32m`Generated vector for snippet: ${snippetId}`[39m)[33m;[39m
     [90m 408 |[39m         } [36mcatch[39m (error) {
    [31m[1m>[22m[39m[90m 409 |[39m           console[33m.[39merror([32m`Failed to generate vector for snippet ${snippetId}:`[3
9m[33m,[39m error)[33m;[39m
     [90m     |[39m                   [31m[1m^[22m[39m
     [90m 410 |[39m         }
     [90m 411 |[39m       }
     [90m 412 |[39m     } [36mfinally[39m {[0m

      at SnippetManager.processVectorGenerationQueue (src/main/services/SnippetManager.ts:409:19)

    console.error
      Failed to generate vector for snippet snippet-o9z44yvjb: TypeError: dbManager.getDb is not a function
          at VectorStore.initialize (D:\OpenSource\SnippetBox\frontend\src\main\services\VectorStore.ts:21:26)
          at VectorStore.addVector (D:\OpenSource\SnippetBox\frontend\src\main\services\VectorStore.ts:27:10)
          at SnippetManager.processVectorGenerationQueue (D:\OpenSource\SnippetBox\frontend\src\main\services\SnippetManager.ts:406:34)
          at SnippetManager.generateVectorForSnippet (D:\OpenSource\SnippetBox\frontend\src\main\services\SnippetManager.ts:388:10)
          at SnippetManager.createSnippet (D:\OpenSource\SnippetBox\frontend\src\main\services\SnippetManager.ts:72:12)
          at processTicksAndRejections (node:internal/process/task_queues:105:5)
          at D:\OpenSource\SnippetBox\frontend\tests\property\SnippetProperty.test.ts:144:31
          at AsyncProperty.run (D:\OpenSource\SnippetBox\frontend\node_modules\fast-check\lib\cjs\fast-check.js:1208:19)
          at asyncRunIt (D:\OpenSource\SnippetBox\frontend\node_modules\fast-check\lib\cjs\fast-check.js:2503:15)
          at Object.<anonymous> (D:\OpenSource\SnippetBox\frontend\tests\property\SnippetProperty.test.ts:106:7)

    [0m [90m 407 |[39m           console[33m.[39mlog([32m`Generated vector for snippet: ${snippetId}`[39m)[33m;[39m
     [90m 408 |[39m         } [36mcatch[39m (error) {
    [31m[1m>[22m[39m[90m 409 |[39m           console[33m.[39merror([32m`Failed to generate vector for snippet ${snippetId}:`[3
9m[33m,[39m error)[33m;[39m
     [90m     |[39m                   [31m[1m^[22m[39m
     [90m 410 |[39m         }
     [90m 411 |[39m       }
     [90m 412 |[39m     } [36mfinally[39m {[0m

      at SnippetManager.processVectorGenerationQueue (src/main/services/SnippetManager.ts:409:19)

    console.error
      Failed to generate vector for snippet snippet-gc5u3r726: TypeError: dbManager.getDb is not a function
          at VectorStore.initialize (D:\OpenSource\SnippetBox\frontend\src\main\services\VectorStore.ts:21:26)
          at VectorStore.addVector (D:\OpenSource\SnippetBox\frontend\src\main\services\VectorStore.ts:27:10)
          at SnippetManager.processVectorGenerationQueue (D:\OpenSource\SnippetBox\frontend\src\main\services\SnippetManager.ts:406:34)
          at SnippetManager.generateVectorForSnippet (D:\OpenSource\SnippetBox\frontend\src\main\services\SnippetManager.ts:388:10)
          at SnippetManager.createSnippet (D:\OpenSource\SnippetBox\frontend\src\main\services\SnippetManager.ts:72:12)
          at processTicksAndRejections (node:internal/process/task_queues:105:5)
          at D:\OpenSource\SnippetBox\frontend\tests\property\SnippetProperty.test.ts:144:31
          at AsyncProperty.run (D:\OpenSource\SnippetBox\frontend\node_modules\fast-check\lib\cjs\fast-check.js:1208:19)
          at asyncRunIt (D:\OpenSource\SnippetBox\frontend\node_modules\fast-check\lib\cjs\fast-check.js:2503:15)
          at Object.<anonymous> (D:\OpenSource\SnippetBox\frontend\tests\property\SnippetProperty.test.ts:106:7)

    [0m [90m 407 |[39m           console[33m.[39mlog([32m`Generated vector for snippet: ${snippetId}`[39m)[33m;[39m
     [90m 408 |[39m         } [36mcatch[39m (error) {
    [31m[1m>[22m[39m[90m 409 |[39m           console[33m.[39merror([32m`Failed to generate vector for snippet ${snippetId}:`[3
9m[33m,[39m error)[33m;[39m
     [90m     |[39m                   [31m[1m^[22m[39m
     [90m 410 |[39m         }
     [90m 411 |[39m       }
     [90m 412 |[39m     } [36mfinally[39m {[0m

      at SnippetManager.processVectorGenerationQueue (src/main/services/SnippetManager.ts:409:19)

    console.error
      Failed to generate vector for snippet snippet-dd0xfnpam: TypeError: dbManager.getDb is not a function
          at VectorStore.initialize (D:\OpenSource\SnippetBox\frontend\src\main\services\VectorStore.ts:21:26)
          at VectorStore.addVector (D:\OpenSource\SnippetBox\frontend\src\main\services\VectorStore.ts:27:10)
          at SnippetManager.processVectorGenerationQueue (D:\OpenSource\SnippetBox\frontend\src\main\services\SnippetManager.ts:406:34)
          at SnippetManager.generateVectorForSnippet (D:\OpenSource\SnippetBox\frontend\src\main\services\SnippetManager.ts:388:10)
          at SnippetManager.createSnippet (D:\OpenSource\SnippetBox\frontend\src\main\services\SnippetManager.ts:72:12)
          at processTicksAndRejections (node:internal/process/task_queues:105:5)
          at D:\OpenSource\SnippetBox\frontend\tests\property\SnippetProperty.test.ts:144:31
          at AsyncProperty.run (D:\OpenSource\SnippetBox\frontend\node_modules\fast-check\lib\cjs\fast-check.js:1208:19)
          at asyncRunIt (D:\OpenSource\SnippetBox\frontend\node_modules\fast-check\lib\cjs\fast-check.js:2503:15)
          at Object.<anonymous> (D:\OpenSource\SnippetBox\frontend\tests\property\SnippetProperty.test.ts:106:7)

    [0m [90m 407 |[39m           console[33m.[39mlog([32m`Generated vector for snippet: ${snippetId}`[39m)[33m;[39m
     [90m 408 |[39m         } [36mcatch[39m (error) {
    [31m[1m>[22m[39m[90m 409 |[39m           console[33m.[39merror([32m`Failed to generate vector for snippet ${snippetId}:`[3
9m[33m,[39m error)[33m;[39m
     [90m     |[39m                   [31m[1m^[22m[39m
     [90m 410 |[39m         }
     [90m 411 |[39m       }
     [90m 412 |[39m     } [36mfinally[39m {[0m

      at SnippetManager.processVectorGenerationQueue (src/main/services/SnippetManager.ts:409:19)

    console.error
      Failed to generate vector for snippet snippet-c9b9djq3c: TypeError: dbManager.getDb is not a function
          at VectorStore.initialize (D:\OpenSource\SnippetBox\frontend\src\main\services\VectorStore.ts:21:26)
          at VectorStore.addVector (D:\OpenSource\SnippetBox\frontend\src\main\services\VectorStore.ts:27:10)
          at SnippetManager.processVectorGenerationQueue (D:\OpenSource\SnippetBox\frontend\src\main\services\SnippetManager.ts:406:34)
          at SnippetManager.generateVectorForSnippet (D:\OpenSource\SnippetBox\frontend\src\main\services\SnippetManager.ts:388:10)
          at SnippetManager.createSnippet (D:\OpenSource\SnippetBox\frontend\src\main\services\SnippetManager.ts:72:12)
          at processTicksAndRejections (node:internal/process/task_queues:105:5)
          at D:\OpenSource\SnippetBox\frontend\tests\property\SnippetProperty.test.ts:144:31
          at AsyncProperty.run (D:\OpenSource\SnippetBox\frontend\node_modules\fast-check\lib\cjs\fast-check.js:1208:19)
          at asyncRunIt (D:\OpenSource\SnippetBox\frontend\node_modules\fast-check\lib\cjs\fast-check.js:2503:15)
          at Object.<anonymous> (D:\OpenSource\SnippetBox\frontend\tests\property\SnippetProperty.test.ts:106:7)

    [0m [90m 407 |[39m           console[33m.[39mlog([32m`Generated vector for snippet: ${snippetId}`[39m)[33m;[39m
     [90m 408 |[39m         } [36mcatch[39m (error) {
    [31m[1m>[22m[39m[90m 409 |[39m           console[33m.[39merror([32m`Failed to generate vector for snippet ${snippetId}:`[3
9m[33m,[39m error)[33m;[39m
     [90m     |[39m                   [31m[1m^[22m[39m
     [90m 410 |[39m         }
     [90m 411 |[39m       }
     [90m 412 |[39m     } [36mfinally[39m {[0m

      at SnippetManager.processVectorGenerationQueue (src/main/services/SnippetManager.ts:409:19)

    console.error
      Failed to generate vector for snippet snippet-j5pj2fidk: TypeError: dbManager.getDb is not a function
          at VectorStore.initialize (D:\OpenSource\SnippetBox\frontend\src\main\services\VectorStore.ts:21:26)
          at VectorStore.addVector (D:\OpenSource\SnippetBox\frontend\src\main\services\VectorStore.ts:27:10)
          at SnippetManager.processVectorGenerationQueue (D:\OpenSource\SnippetBox\frontend\src\main\services\SnippetManager.ts:406:34)
          at SnippetManager.generateVectorForSnippet (D:\OpenSource\SnippetBox\frontend\src\main\services\SnippetManager.ts:388:10)
          at SnippetManager.createSnippet (D:\OpenSource\SnippetBox\frontend\src\main\services\SnippetManager.ts:72:12)
          at processTicksAndRejections (node:internal/process/task_queues:105:5)
          at D:\OpenSource\SnippetBox\frontend\tests\property\SnippetProperty.test.ts:144:31
          at AsyncProperty.run (D:\OpenSource\SnippetBox\frontend\node_modules\fast-check\lib\cjs\fast-check.js:1208:19)
          at asyncRunIt (D:\OpenSource\SnippetBox\frontend\node_modules\fast-check\lib\cjs\fast-check.js:2503:15)
          at Object.<anonymous> (D:\OpenSource\SnippetBox\frontend\tests\property\SnippetProperty.test.ts:106:7)

    [0m [90m 407 |[39m           console[33m.[39mlog([32m`Generated vector for snippet: ${snippetId}`[39m)[33m;[39m
     [90m 408 |[39m         } [36mcatch[39m (error) {
    [31m[1m>[22m[39m[90m 409 |[39m           console[33m.[39merror([32m`Failed to generate vector for snippet ${snippetId}:`[3
9m[33m,[39m error)[33m;[39m
     [90m     |[39m                   [31m[1m^[22m[39m
     [90m 410 |[39m         }
     [90m 411 |[39m       }
     [90m 412 |[39m     } [36mfinally[39m {[0m

      at SnippetManager.processVectorGenerationQueue (src/main/services/SnippetManager.ts:409:19)

    console.error
      Failed to generate vector for snippet snippet-epdgjl9m8: TypeError: dbManager.getDb is not a function
          at VectorStore.initialize (D:\OpenSource\SnippetBox\frontend\src\main\services\VectorStore.ts:21:26)
          at VectorStore.addVector (D:\OpenSource\SnippetBox\frontend\src\main\services\VectorStore.ts:27:10)
          at SnippetManager.processVectorGenerationQueue (D:\OpenSource\SnippetBox\frontend\src\main\services\SnippetManager.ts:406:34)
          at SnippetManager.generateVectorForSnippet (D:\OpenSource\SnippetBox\frontend\src\main\services\SnippetManager.ts:388:10)
          at SnippetManager.createSnippet (D:\OpenSource\SnippetBox\frontend\src\main\services\SnippetManager.ts:72:12)
          at processTicksAndRejections (node:internal/process/task_queues:105:5)
          at D:\OpenSource\SnippetBox\frontend\tests\property\SnippetProperty.test.ts:144:31
          at AsyncProperty.run (D:\OpenSource\SnippetBox\frontend\node_modules\fast-check\lib\cjs\fast-check.js:1208:19)
          at asyncRunIt (D:\OpenSource\SnippetBox\frontend\node_modules\fast-check\lib\cjs\fast-check.js:2503:15)
          at Object.<anonymous> (D:\OpenSource\SnippetBox\frontend\tests\property\SnippetProperty.test.ts:106:7)

    [0m [90m 407 |[39m           console[33m.[39mlog([32m`Generated vector for snippet: ${snippetId}`[39m)[33m;[39m
     [90m 408 |[39m         } [36mcatch[39m (error) {
    [31m[1m>[22m[39m[90m 409 |[39m           console[33m.[39merror([32m`Failed to generate vector for snippet ${snippetId}:`[3
9m[33m,[39m error)[33m;[39m
     [90m     |[39m                   [31m[1m^[22m[39m
     [90m 410 |[39m         }
     [90m 411 |[39m       }
     [90m 412 |[39m     } [36mfinally[39m {[0m

      at SnippetManager.processVectorGenerationQueue (src/main/services/SnippetManager.ts:409:19)

    console.error
      Failed to generate vector for snippet snippet-9j2reurkf: TypeError: dbManager.getDb is not a function
          at VectorStore.initialize (D:\OpenSource\SnippetBox\frontend\src\main\services\VectorStore.ts:21:26)
          at VectorStore.addVector (D:\OpenSource\SnippetBox\frontend\src\main\services\VectorStore.ts:27:10)
          at SnippetManager.processVectorGenerationQueue (D:\OpenSource\SnippetBox\frontend\src\main\services\SnippetManager.ts:406:34)
          at SnippetManager.generateVectorForSnippet (D:\OpenSource\SnippetBox\frontend\src\main\services\SnippetManager.ts:388:10)
          at SnippetManager.createSnippet (D:\OpenSource\SnippetBox\frontend\src\main\services\SnippetManager.ts:72:12)
          at processTicksAndRejections (node:internal/process/task_queues:105:5)
          at D:\OpenSource\SnippetBox\frontend\tests\property\SnippetProperty.test.ts:144:31
          at AsyncProperty.run (D:\OpenSource\SnippetBox\frontend\node_modules\fast-check\lib\cjs\fast-check.js:1208:19)
          at asyncRunIt (D:\OpenSource\SnippetBox\frontend\node_modules\fast-check\lib\cjs\fast-check.js:2503:15)
          at Object.<anonymous> (D:\OpenSource\SnippetBox\frontend\tests\property\SnippetProperty.test.ts:106:7)

    [0m [90m 407 |[39m           console[33m.[39mlog([32m`Generated vector for snippet: ${snippetId}`[39m)[33m;[39m
     [90m 408 |[39m         } [36mcatch[39m (error) {
    [31m[1m>[22m[39m[90m 409 |[39m           console[33m.[39merror([32m`Failed to generate vector for snippet ${snippetId}:`[3
9m[33m,[39m error)[33m;[39m
     [90m     |[39m                   [31m[1m^[22m[39m
     [90m 410 |[39m         }
     [90m 411 |[39m       }
     [90m 412 |[39m     } [36mfinally[39m {[0m

      at SnippetManager.processVectorGenerationQueue (src/main/services/SnippetManager.ts:409:19)

    console.error
      Failed to generate vector for snippet snippet-00udgtlcm: TypeError: dbManager.getDb is not a function
          at VectorStore.initialize (D:\OpenSource\SnippetBox\frontend\src\main\services\VectorStore.ts:21:26)
          at VectorStore.addVector (D:\OpenSource\SnippetBox\frontend\src\main\services\VectorStore.ts:27:10)
          at SnippetManager.processVectorGenerationQueue (D:\OpenSource\SnippetBox\frontend\src\main\services\SnippetManager.ts:406:34)
          at SnippetManager.generateVectorForSnippet (D:\OpenSource\SnippetBox\frontend\src\main\services\SnippetManager.ts:388:10)
          at SnippetManager.createSnippet (D:\OpenSource\SnippetBox\frontend\src\main\services\SnippetManager.ts:72:12)
          at processTicksAndRejections (node:internal/process/task_queues:105:5)
          at D:\OpenSource\SnippetBox\frontend\tests\property\SnippetProperty.test.ts:144:31
          at AsyncProperty.run (D:\OpenSource\SnippetBox\frontend\node_modules\fast-check\lib\cjs\fast-check.js:1208:19)
          at asyncRunIt (D:\OpenSource\SnippetBox\frontend\node_modules\fast-check\lib\cjs\fast-check.js:2503:15)
          at Object.<anonymous> (D:\OpenSource\SnippetBox\frontend\tests\property\SnippetProperty.test.ts:106:7)

    [0m [90m 407 |[39m           console[33m.[39mlog([32m`Generated vector for snippet: ${snippetId}`[39m)[33m;[39m
     [90m 408 |[39m         } [36mcatch[39m (error) {
    [31m[1m>[22m[39m[90m 409 |[39m           console[33m.[39merror([32m`Failed to generate vector for snippet ${snippetId}:`[3
9m[33m,[39m error)[33m;[39m
     [90m     |[39m                   [31m[1m^[22m[39m
     [90m 410 |[39m         }
     [90m 411 |[39m       }
     [90m 412 |[39m     } [36mfinally[39m {[0m

      at SnippetManager.processVectorGenerationQueue (src/main/services/SnippetManager.ts:409:19)

    console.error
      Failed to generate vector for snippet snippet-5102un5hv: TypeError: dbManager.getDb is not a function
          at VectorStore.initialize (D:\OpenSource\SnippetBox\frontend\src\main\services\VectorStore.ts:21:26)
          at VectorStore.addVector (D:\OpenSource\SnippetBox\frontend\src\main\services\VectorStore.ts:27:10)
          at SnippetManager.processVectorGenerationQueue (D:\OpenSource\SnippetBox\frontend\src\main\services\SnippetManager.ts:406:34)
          at SnippetManager.generateVectorForSnippet (D:\OpenSource\SnippetBox\frontend\src\main\services\SnippetManager.ts:388:10)
          at SnippetManager.createSnippet (D:\OpenSource\SnippetBox\frontend\src\main\services\SnippetManager.ts:72:12)
          at processTicksAndRejections (node:internal/process/task_queues:105:5)
          at D:\OpenSource\SnippetBox\frontend\tests\property\SnippetProperty.test.ts:144:31
          at AsyncProperty.run (D:\OpenSource\SnippetBox\frontend\node_modules\fast-check\lib\cjs\fast-check.js:1208:19)
          at asyncRunIt (D:\OpenSource\SnippetBox\frontend\node_modules\fast-check\lib\cjs\fast-check.js:2503:15)
          at Object.<anonymous> (D:\OpenSource\SnippetBox\frontend\tests\property\SnippetProperty.test.ts:106:7)

    [0m [90m 407 |[39m           console[33m.[39mlog([32m`Generated vector for snippet: ${snippetId}`[39m)[33m;[39m
     [90m 408 |[39m         } [36mcatch[39m (error) {
    [31m[1m>[22m[39m[90m 409 |[39m           console[33m.[39merror([32m`Failed to generate vector for snippet ${snippetId}:`[3
9m[33m,[39m error)[33m;[39m
     [90m     |[39m                   [31m[1m^[22m[39m
     [90m 410 |[39m         }
     [90m 411 |[39m       }
     [90m 412 |[39m     } [36mfinally[39m {[0m

      at SnippetManager.processVectorGenerationQueue (src/main/services/SnippetManager.ts:409:19)

    console.error
      Failed to generate vector for snippet snippet-e624812o1: TypeError: dbManager.getDb is not a function
          at VectorStore.initialize (D:\OpenSource\SnippetBox\frontend\src\main\services\VectorStore.ts:21:26)
          at VectorStore.addVector (D:\OpenSource\SnippetBox\frontend\src\main\services\VectorStore.ts:27:10)
          at SnippetManager.processVectorGenerationQueue (D:\OpenSource\SnippetBox\frontend\src\main\services\SnippetManager.ts:406:34)
          at SnippetManager.generateVectorForSnippet (D:\OpenSource\SnippetBox\frontend\src\main\services\SnippetManager.ts:388:10)
          at SnippetManager.createSnippet (D:\OpenSource\SnippetBox\frontend\src\main\services\SnippetManager.ts:72:12)
          at processTicksAndRejections (node:internal/process/task_queues:105:5)
          at D:\OpenSource\SnippetBox\frontend\tests\property\SnippetProperty.test.ts:144:31
          at AsyncProperty.run (D:\OpenSource\SnippetBox\frontend\node_modules\fast-check\lib\cjs\fast-check.js:1208:19)
          at asyncRunIt (D:\OpenSource\SnippetBox\frontend\node_modules\fast-check\lib\cjs\fast-check.js:2503:15)
          at Object.<anonymous> (D:\OpenSource\SnippetBox\frontend\tests\property\SnippetProperty.test.ts:106:7)

    [0m [90m 407 |[39m           console[33m.[39mlog([32m`Generated vector for snippet: ${snippetId}`[39m)[33m;[39m
     [90m 408 |[39m         } [36mcatch[39m (error) {
    [31m[1m>[22m[39m[90m 409 |[39m           console[33m.[39merror([32m`Failed to generate vector for snippet ${snippetId}:`[3
9m[33m,[39m error)[33m;[39m
     [90m     |[39m                   [31m[1m^[22m[39m
     [90m 410 |[39m         }
     [90m 411 |[39m       }
     [90m 412 |[39m     } [36mfinally[39m {[0m

      at SnippetManager.processVectorGenerationQueue (src/main/services/SnippetManager.ts:409:19)

    console.error
      Failed to generate vector for snippet snippet-132d5jlgy: TypeError: dbManager.getDb is not a function
          at VectorStore.initialize (D:\OpenSource\SnippetBox\frontend\src\main\services\VectorStore.ts:21:26)
          at VectorStore.addVector (D:\OpenSource\SnippetBox\frontend\src\main\services\VectorStore.ts:27:10)
          at SnippetManager.processVectorGenerationQueue (D:\OpenSource\SnippetBox\frontend\src\main\services\SnippetManager.ts:406:34)
          at SnippetManager.generateVectorForSnippet (D:\OpenSource\SnippetBox\frontend\src\main\services\SnippetManager.ts:388:10)
          at SnippetManager.createSnippet (D:\OpenSource\SnippetBox\frontend\src\main\services\SnippetManager.ts:72:12)
          at processTicksAndRejections (node:internal/process/task_queues:105:5)
          at D:\OpenSource\SnippetBox\frontend\tests\property\SnippetProperty.test.ts:144:31
          at AsyncProperty.run (D:\OpenSource\SnippetBox\frontend\node_modules\fast-check\lib\cjs\fast-check.js:1208:19)
          at asyncRunIt (D:\OpenSource\SnippetBox\frontend\node_modules\fast-check\lib\cjs\fast-check.js:2503:15)
          at Object.<anonymous> (D:\OpenSource\SnippetBox\frontend\tests\property\SnippetProperty.test.ts:106:7)

    [0m [90m 407 |[39m           console[33m.[39mlog([32m`Generated vector for snippet: ${snippetId}`[39m)[33m;[39m
     [90m 408 |[39m         } [36mcatch[39m (error) {
    [31m[1m>[22m[39m[90m 409 |[39m           console[33m.[39merror([32m`Failed to generate vector for snippet ${snippetId}:`[3
9m[33m,[39m error)[33m;[39m
     [90m     |[39m                   [31m[1m^[22m[39m
     [90m 410 |[39m         }
     [90m 411 |[39m       }
     [90m 412 |[39m     } [36mfinally[39m {[0m

      at SnippetManager.processVectorGenerationQueue (src/main/services/SnippetManager.ts:409:19)

    console.error
      Failed to generate vector for snippet snippet-t7e46nfrg: TypeError: dbManager.getDb is not a function
          at VectorStore.initialize (D:\OpenSource\SnippetBox\frontend\src\main\services\VectorStore.ts:21:26)
          at VectorStore.addVector (D:\OpenSource\SnippetBox\frontend\src\main\services\VectorStore.ts:27:10)
          at SnippetManager.processVectorGenerationQueue (D:\OpenSource\SnippetBox\frontend\src\main\services\SnippetManager.ts:406:34)
          at SnippetManager.generateVectorForSnippet (D:\OpenSource\SnippetBox\frontend\src\main\services\SnippetManager.ts:388:10)
          at SnippetManager.createSnippet (D:\OpenSource\SnippetBox\frontend\src\main\services\SnippetManager.ts:72:12)
          at processTicksAndRejections (node:internal/process/task_queues:105:5)
          at D:\OpenSource\SnippetBox\frontend\tests\property\SnippetProperty.test.ts:144:31
          at AsyncProperty.run (D:\OpenSource\SnippetBox\frontend\node_modules\fast-check\lib\cjs\fast-check.js:1208:19)
          at asyncRunIt (D:\OpenSource\SnippetBox\frontend\node_modules\fast-check\lib\cjs\fast-check.js:2503:15)
          at Object.<anonymous> (D:\OpenSource\SnippetBox\frontend\tests\property\SnippetProperty.test.ts:106:7)

    [0m [90m 407 |[39m           console[33m.[39mlog([32m`Generated vector for snippet: ${snippetId}`[39m)[33m;[39m
     [90m 408 |[39m         } [36mcatch[39m (error) {
    [31m[1m>[22m[39m[90m 409 |[39m           console[33m.[39merror([32m`Failed to generate vector for snippet ${snippetId}:`[3
9m[33m,[39m error)[33m;[39m
     [90m     |[39m                   [31m[1m^[22m[39m
     [90m 410 |[39m         }
     [90m 411 |[39m       }
     [90m 412 |[39m     } [36mfinally[39m {[0m

      at SnippetManager.processVectorGenerationQueue (src/main/services/SnippetManager.ts:409:19)

    console.error
      Failed to generate vector for snippet snippet-24xq0l0q6: TypeError: dbManager.getDb is not a function
          at VectorStore.initialize (D:\OpenSource\SnippetBox\frontend\src\main\services\VectorStore.ts:21:26)
          at VectorStore.addVector (D:\OpenSource\SnippetBox\frontend\src\main\services\VectorStore.ts:27:10)
          at SnippetManager.processVectorGenerationQueue (D:\OpenSource\SnippetBox\frontend\src\main\services\SnippetManager.ts:406:34)
          at SnippetManager.generateVectorForSnippet (D:\OpenSource\SnippetBox\frontend\src\main\services\SnippetManager.ts:388:10)
          at SnippetManager.createSnippet (D:\OpenSource\SnippetBox\frontend\src\main\services\SnippetManager.ts:72:12)
          at processTicksAndRejections (node:internal/process/task_queues:105:5)
          at D:\OpenSource\SnippetBox\frontend\tests\property\SnippetProperty.test.ts:144:31
          at AsyncProperty.run (D:\OpenSource\SnippetBox\frontend\node_modules\fast-check\lib\cjs\fast-check.js:1208:19)
          at asyncRunIt (D:\OpenSource\SnippetBox\frontend\node_modules\fast-check\lib\cjs\fast-check.js:2503:15)
          at Object.<anonymous> (D:\OpenSource\SnippetBox\frontend\tests\property\SnippetProperty.test.ts:106:7)

    [0m [90m 407 |[39m           console[33m.[39mlog([32m`Generated vector for snippet: ${snippetId}`[39m)[33m;[39m
     [90m 408 |[39m         } [36mcatch[39m (error) {
    [31m[1m>[22m[39m[90m 409 |[39m           console[33m.[39merror([32m`Failed to generate vector for snippet ${snippetId}:`[3
9m[33m,[39m error)[33m;[39m
     [90m     |[39m                   [31m[1m^[22m[39m
     [90m 410 |[39m         }
     [90m 411 |[39m       }
     [90m 412 |[39m     } [36mfinally[39m {[0m

      at SnippetManager.processVectorGenerationQueue (src/main/services/SnippetManager.ts:409:19)

    console.error
      Failed to generate vector for snippet snippet-yt6a8s2z1: TypeError: dbManager.getDb is not a function
          at VectorStore.initialize (D:\OpenSource\SnippetBox\frontend\src\main\services\VectorStore.ts:21:26)
          at VectorStore.addVector (D:\OpenSource\SnippetBox\frontend\src\main\services\VectorStore.ts:27:10)
          at SnippetManager.processVectorGenerationQueue (D:\OpenSource\SnippetBox\frontend\src\main\services\SnippetManager.ts:406:34)
          at SnippetManager.generateVectorForSnippet (D:\OpenSource\SnippetBox\frontend\src\main\services\SnippetManager.ts:388:10)
          at SnippetManager.createSnippet (D:\OpenSource\SnippetBox\frontend\src\main\services\SnippetManager.ts:72:12)
          at processTicksAndRejections (node:internal/process/task_queues:105:5)
          at D:\OpenSource\SnippetBox\frontend\tests\property\SnippetProperty.test.ts:144:31
          at AsyncProperty.run (D:\OpenSource\SnippetBox\frontend\node_modules\fast-check\lib\cjs\fast-check.js:1208:19)
          at asyncRunIt (D:\OpenSource\SnippetBox\frontend\node_modules\fast-check\lib\cjs\fast-check.js:2503:15)
          at Object.<anonymous> (D:\OpenSource\SnippetBox\frontend\tests\property\SnippetProperty.test.ts:106:7)

    [0m [90m 407 |[39m           console[33m.[39mlog([32m`Generated vector for snippet: ${snippetId}`[39m)[33m;[39m
     [90m 408 |[39m         } [36mcatch[39m (error) {
    [31m[1m>[22m[39m[90m 409 |[39m           console[33m.[39merror([32m`Failed to generate vector for snippet ${snippetId}:`[3
9m[33m,[39m error)[33m;[39m
     [90m     |[39m                   [31m[1m^[22m[39m
     [90m 410 |[39m         }
     [90m 411 |[39m       }
     [90m 412 |[39m     } [36mfinally[39m {[0m

      at SnippetManager.processVectorGenerationQueue (src/main/services/SnippetManager.ts:409:19)

    console.error
      Failed to generate vector for snippet snippet-sg83s18ug: TypeError: dbManager.getDb is not a function
          at VectorStore.initialize (D:\OpenSource\SnippetBox\frontend\src\main\services\VectorStore.ts:21:26)
          at VectorStore.addVector (D:\OpenSource\SnippetBox\frontend\src\main\services\VectorStore.ts:27:10)
          at SnippetManager.processVectorGenerationQueue (D:\OpenSource\SnippetBox\frontend\src\main\services\SnippetManager.ts:406:34)
          at SnippetManager.generateVectorForSnippet (D:\OpenSource\SnippetBox\frontend\src\main\services\SnippetManager.ts:388:10)
          at SnippetManager.createSnippet (D:\OpenSource\SnippetBox\frontend\src\main\services\SnippetManager.ts:72:12)
          at processTicksAndRejections (node:internal/process/task_queues:105:5)
          at D:\OpenSource\SnippetBox\frontend\tests\property\SnippetProperty.test.ts:144:31
          at AsyncProperty.run (D:\OpenSource\SnippetBox\frontend\node_modules\fast-check\lib\cjs\fast-check.js:1208:19)
          at asyncRunIt (D:\OpenSource\SnippetBox\frontend\node_modules\fast-check\lib\cjs\fast-check.js:2503:15)
          at Object.<anonymous> (D:\OpenSource\SnippetBox\frontend\tests\property\SnippetProperty.test.ts:106:7)

    [0m [90m 407 |[39m           console[33m.[39mlog([32m`Generated vector for snippet: ${snippetId}`[39m)[33m;[39m
     [90m 408 |[39m         } [36mcatch[39m (error) {
    [31m[1m>[22m[39m[90m 409 |[39m           console[33m.[39merror([32m`Failed to generate vector for snippet ${snippetId}:`[3
9m[33m,[39m error)[33m;[39m
     [90m     |[39m                   [31m[1m^[22m[39m
     [90m 410 |[39m         }
     [90m 411 |[39m       }
     [90m 412 |[39m     } [36mfinally[39m {[0m

      at SnippetManager.processVectorGenerationQueue (src/main/services/SnippetManager.ts:409:19)

    console.error
      Failed to generate vector for snippet snippet-zmk7wnpxq: TypeError: dbManager.getDb is not a function
          at VectorStore.initialize (D:\OpenSource\SnippetBox\frontend\src\main\services\VectorStore.ts:21:26)
          at VectorStore.addVector (D:\OpenSource\SnippetBox\frontend\src\main\services\VectorStore.ts:27:10)
          at SnippetManager.processVectorGenerationQueue (D:\OpenSource\SnippetBox\frontend\src\main\services\SnippetManager.ts:406:34)
          at SnippetManager.generateVectorForSnippet (D:\OpenSource\SnippetBox\frontend\src\main\services\SnippetManager.ts:388:10)
          at SnippetManager.createSnippet (D:\OpenSource\SnippetBox\frontend\src\main\services\SnippetManager.ts:72:12)
          at processTicksAndRejections (node:internal/process/task_queues:105:5)
          at D:\OpenSource\SnippetBox\frontend\tests\property\SnippetProperty.test.ts:144:31
          at AsyncProperty.run (D:\OpenSource\SnippetBox\frontend\node_modules\fast-check\lib\cjs\fast-check.js:1208:19)
          at asyncRunIt (D:\OpenSource\SnippetBox\frontend\node_modules\fast-check\lib\cjs\fast-check.js:2503:15)
          at Object.<anonymous> (D:\OpenSource\SnippetBox\frontend\tests\property\SnippetProperty.test.ts:106:7)

    [0m [90m 407 |[39m           console[33m.[39mlog([32m`Generated vector for snippet: ${snippetId}`[39m)[33m;[39m
     [90m 408 |[39m         } [36mcatch[39m (error) {
    [31m[1m>[22m[39m[90m 409 |[39m           console[33m.[39merror([32m`Failed to generate vector for snippet ${snippetId}:`[3
9m[33m,[39m error)[33m;[39m
     [90m     |[39m                   [31m[1m^[22m[39m
     [90m 410 |[39m         }
     [90m 411 |[39m       }
     [90m 412 |[39m     } [36mfinally[39m {[0m

      at SnippetManager.processVectorGenerationQueue (src/main/services/SnippetManager.ts:409:19)

    console.error
      Failed to generate vector for snippet snippet-i0utsm1ps: TypeError: dbManager.getDb is not a function
          at VectorStore.initialize (D:\OpenSource\SnippetBox\frontend\src\main\services\VectorStore.ts:21:26)
          at VectorStore.addVector (D:\OpenSource\SnippetBox\frontend\src\main\services\VectorStore.ts:27:10)
          at SnippetManager.processVectorGenerationQueue (D:\OpenSource\SnippetBox\frontend\src\main\services\SnippetManager.ts:406:34)
          at SnippetManager.generateVectorForSnippet (D:\OpenSource\SnippetBox\frontend\src\main\services\SnippetManager.ts:388:10)
          at SnippetManager.createSnippet (D:\OpenSource\SnippetBox\frontend\src\main\services\SnippetManager.ts:72:12)
          at processTicksAndRejections (node:internal/process/task_queues:105:5)
          at D:\OpenSource\SnippetBox\frontend\tests\property\SnippetProperty.test.ts:144:31
          at AsyncProperty.run (D:\OpenSource\SnippetBox\frontend\node_modules\fast-check\lib\cjs\fast-check.js:1208:19)
          at asyncRunIt (D:\OpenSource\SnippetBox\frontend\node_modules\fast-check\lib\cjs\fast-check.js:2503:15)
          at Object.<anonymous> (D:\OpenSource\SnippetBox\frontend\tests\property\SnippetProperty.test.ts:106:7)

    [0m [90m 407 |[39m           console[33m.[39mlog([32m`Generated vector for snippet: ${snippetId}`[39m)[33m;[39m
     [90m 408 |[39m         } [36mcatch[39m (error) {
    [31m[1m>[22m[39m[90m 409 |[39m           console[33m.[39merror([32m`Failed to generate vector for snippet ${snippetId}:`[3
9m[33m,[39m error)[33m;[39m
     [90m     |[39m                   [31m[1m^[22m[39m
     [90m 410 |[39m         }
     [90m 411 |[39m       }
     [90m 412 |[39m     } [36mfinally[39m {[0m

      at SnippetManager.processVectorGenerationQueue (src/main/services/SnippetManager.ts:409:19)

    console.error
      Failed to generate vector for snippet snippet-he9u8vve5: TypeError: dbManager.getDb is not a function
          at VectorStore.initialize (D:\OpenSource\SnippetBox\frontend\src\main\services\VectorStore.ts:21:26)
          at VectorStore.addVector (D:\OpenSource\SnippetBox\frontend\src\main\services\VectorStore.ts:27:10)
          at SnippetManager.processVectorGenerationQueue (D:\OpenSource\SnippetBox\frontend\src\main\services\SnippetManager.ts:406:34)
          at SnippetManager.generateVectorForSnippet (D:\OpenSource\SnippetBox\frontend\src\main\services\SnippetManager.ts:388:10)
          at SnippetManager.createSnippet (D:\OpenSource\SnippetBox\frontend\src\main\services\SnippetManager.ts:72:12)
          at processTicksAndRejections (node:internal/process/task_queues:105:5)
          at D:\OpenSource\SnippetBox\frontend\tests\property\SnippetProperty.test.ts:144:31
          at AsyncProperty.run (D:\OpenSource\SnippetBox\frontend\node_modules\fast-check\lib\cjs\fast-check.js:1208:19)
          at asyncRunIt (D:\OpenSource\SnippetBox\frontend\node_modules\fast-check\lib\cjs\fast-check.js:2503:15)
          at Object.<anonymous> (D:\OpenSource\SnippetBox\frontend\tests\property\SnippetProperty.test.ts:106:7)

    [0m [90m 407 |[39m           console[33m.[39mlog([32m`Generated vector for snippet: ${snippetId}`[39m)[33m;[39m
     [90m 408 |[39m         } [36mcatch[39m (error) {
    [31m[1m>[22m[39m[90m 409 |[39m           console[33m.[39merror([32m`Failed to generate vector for snippet ${snippetId}:`[3
9m[33m,[39m error)[33m;[39m
     [90m     |[39m                   [31m[1m^[22m[39m
     [90m 410 |[39m         }
     [90m 411 |[39m       }
     [90m 412 |[39m     } [36mfinally[39m {[0m

      at SnippetManager.processVectorGenerationQueue (src/main/services/SnippetManager.ts:409:19)

    console.error
      Failed to generate vector for snippet snippet-0sp5cj5q7: TypeError: dbManager.getDb is not a function
          at VectorStore.initialize (D:\OpenSource\SnippetBox\frontend\src\main\services\VectorStore.ts:21:26)
          at VectorStore.addVector (D:\OpenSource\SnippetBox\frontend\src\main\services\VectorStore.ts:27:10)
          at SnippetManager.processVectorGenerationQueue (D:\OpenSource\SnippetBox\frontend\src\main\services\SnippetManager.ts:406:34)
          at SnippetManager.generateVectorForSnippet (D:\OpenSource\SnippetBox\frontend\src\main\services\SnippetManager.ts:388:10)
          at SnippetManager.createSnippet (D:\OpenSource\SnippetBox\frontend\src\main\services\SnippetManager.ts:72:12)
          at processTicksAndRejections (node:internal/process/task_queues:105:5)
          at D:\OpenSource\SnippetBox\frontend\tests\property\SnippetProperty.test.ts:144:31
          at AsyncProperty.run (D:\OpenSource\SnippetBox\frontend\node_modules\fast-check\lib\cjs\fast-check.js:1208:19)
          at asyncRunIt (D:\OpenSource\SnippetBox\frontend\node_modules\fast-check\lib\cjs\fast-check.js:2503:15)
          at Object.<anonymous> (D:\OpenSource\SnippetBox\frontend\tests\property\SnippetProperty.test.ts:106:7)

    [0m [90m 407 |[39m           console[33m.[39mlog([32m`Generated vector for snippet: ${snippetId}`[39m)[33m;[39m
     [90m 408 |[39m         } [36mcatch[39m (error) {
    [31m[1m>[22m[39m[90m 409 |[39m           console[33m.[39merror([32m`Failed to generate vector for snippet ${snippetId}:`[3
9m[33m,[39m error)[33m;[39m
     [90m     |[39m                   [31m[1m^[22m[39m
     [90m 410 |[39m         }
     [90m 411 |[39m       }
     [90m 412 |[39m     } [36mfinally[39m {[0m

      at SnippetManager.processVectorGenerationQueue (src/main/services/SnippetManager.ts:409:19)

    console.error
      Failed to generate vector for snippet snippet-xroxbmuyz: TypeError: dbManager.getDb is not a function
          at VectorStore.initialize (D:\OpenSource\SnippetBox\frontend\src\main\services\VectorStore.ts:21:26)
          at VectorStore.addVector (D:\OpenSource\SnippetBox\frontend\src\main\services\VectorStore.ts:27:10)
          at SnippetManager.processVectorGenerationQueue (D:\OpenSource\SnippetBox\frontend\src\main\services\SnippetManager.ts:406:34)
          at SnippetManager.generateVectorForSnippet (D:\OpenSource\SnippetBox\frontend\src\main\services\SnippetManager.ts:388:10)
          at SnippetManager.createSnippet (D:\OpenSource\SnippetBox\frontend\src\main\services\SnippetManager.ts:72:12)
          at processTicksAndRejections (node:internal/process/task_queues:105:5)
          at D:\OpenSource\SnippetBox\frontend\tests\property\SnippetProperty.test.ts:144:31
          at AsyncProperty.run (D:\OpenSource\SnippetBox\frontend\node_modules\fast-check\lib\cjs\fast-check.js:1208:19)
          at asyncRunIt (D:\OpenSource\SnippetBox\frontend\node_modules\fast-check\lib\cjs\fast-check.js:2503:15)
          at Object.<anonymous> (D:\OpenSource\SnippetBox\frontend\tests\property\SnippetProperty.test.ts:106:7)

    [0m [90m 407 |[39m           console[33m.[39mlog([32m`Generated vector for snippet: ${snippetId}`[39m)[33m;[39m
     [90m 408 |[39m         } [36mcatch[39m (error) {
    [31m[1m>[22m[39m[90m 409 |[39m           console[33m.[39merror([32m`Failed to generate vector for snippet ${snippetId}:`[3
9m[33m,[39m error)[33m;[39m
     [90m     |[39m                   [31m[1m^[22m[39m
     [90m 410 |[39m         }
     [90m 411 |[39m       }
     [90m 412 |[39m     } [36mfinally[39m {[0m

      at SnippetManager.processVectorGenerationQueue (src/main/services/SnippetManager.ts:409:19)

    console.error
      Failed to generate vector for snippet snippet-llltqeqyo: TypeError: dbManager.getDb is not a function
          at VectorStore.initialize (D:\OpenSource\SnippetBox\frontend\src\main\services\VectorStore.ts:21:26)
          at VectorStore.addVector (D:\OpenSource\SnippetBox\frontend\src\main\services\VectorStore.ts:27:10)
          at SnippetManager.processVectorGenerationQueue (D:\OpenSource\SnippetBox\frontend\src\main\services\SnippetManager.ts:406:34)
          at SnippetManager.generateVectorForSnippet (D:\OpenSource\SnippetBox\frontend\src\main\services\SnippetManager.ts:388:10)
          at SnippetManager.createSnippet (D:\OpenSource\SnippetBox\frontend\src\main\services\SnippetManager.ts:72:12)
          at processTicksAndRejections (node:internal/process/task_queues:105:5)
          at D:\OpenSource\SnippetBox\frontend\tests\property\SnippetProperty.test.ts:144:31
          at AsyncProperty.run (D:\OpenSource\SnippetBox\frontend\node_modules\fast-check\lib\cjs\fast-check.js:1208:19)
          at asyncRunIt (D:\OpenSource\SnippetBox\frontend\node_modules\fast-check\lib\cjs\fast-check.js:2503:15)
          at Object.<anonymous> (D:\OpenSource\SnippetBox\frontend\tests\property\SnippetProperty.test.ts:106:7)

    [0m [90m 407 |[39m           console[33m.[39mlog([32m`Generated vector for snippet: ${snippetId}`[39m)[33m;[39m
     [90m 408 |[39m         } [36mcatch[39m (error) {
    [31m[1m>[22m[39m[90m 409 |[39m           console[33m.[39merror([32m`Failed to generate vector for snippet ${snippetId}:`[3
9m[33m,[39m error)[33m;[39m
     [90m     |[39m                   [31m[1m^[22m[39m
     [90m 410 |[39m         }
     [90m 411 |[39m       }
     [90m 412 |[39m     } [36mfinally[39m {[0m

      at SnippetManager.processVectorGenerationQueue (src/main/services/SnippetManager.ts:409:19)

    console.error
      Failed to generate vector for snippet snippet-4jl6s2m7m: TypeError: dbManager.getDb is not a function
          at VectorStore.initialize (D:\OpenSource\SnippetBox\frontend\src\main\services\VectorStore.ts:21:26)
          at VectorStore.addVector (D:\OpenSource\SnippetBox\frontend\src\main\services\VectorStore.ts:27:10)
          at SnippetManager.processVectorGenerationQueue (D:\OpenSource\SnippetBox\frontend\src\main\services\SnippetManager.ts:406:34)
          at SnippetManager.generateVectorForSnippet (D:\OpenSource\SnippetBox\frontend\src\main\services\SnippetManager.ts:388:10)
          at SnippetManager.createSnippet (D:\OpenSource\SnippetBox\frontend\src\main\services\SnippetManager.ts:72:12)
          at processTicksAndRejections (node:internal/process/task_queues:105:5)
          at D:\OpenSource\SnippetBox\frontend\tests\property\SnippetProperty.test.ts:144:31
          at AsyncProperty.run (D:\OpenSource\SnippetBox\frontend\node_modules\fast-check\lib\cjs\fast-check.js:1208:19)
          at asyncRunIt (D:\OpenSource\SnippetBox\frontend\node_modules\fast-check\lib\cjs\fast-check.js:2503:15)
          at Object.<anonymous> (D:\OpenSource\SnippetBox\frontend\tests\property\SnippetProperty.test.ts:106:7)

    [0m [90m 407 |[39m           console[33m.[39mlog([32m`Generated vector for snippet: ${snippetId}`[39m)[33m;[39m
     [90m 408 |[39m         } [36mcatch[39m (error) {
    [31m[1m>[22m[39m[90m 409 |[39m           console[33m.[39merror([32m`Failed to generate vector for snippet ${snippetId}:`[3
9m[33m,[39m error)[33m;[39m
     [90m     |[39m                   [31m[1m^[22m[39m
     [90m 410 |[39m         }
     [90m 411 |[39m       }
     [90m 412 |[39m     } [36mfinally[39m {[0m

      at SnippetManager.processVectorGenerationQueue (src/main/services/SnippetManager.ts:409:19)

    console.error
      Failed to generate vector for snippet snippet-ys2r99h3y: TypeError: dbManager.getDb is not a function
          at VectorStore.initialize (D:\OpenSource\SnippetBox\frontend\src\main\services\VectorStore.ts:21:26)
          at VectorStore.addVector (D:\OpenSource\SnippetBox\frontend\src\main\services\VectorStore.ts:27:10)
          at SnippetManager.processVectorGenerationQueue (D:\OpenSource\SnippetBox\frontend\src\main\services\SnippetManager.ts:406:34)
          at SnippetManager.generateVectorForSnippet (D:\OpenSource\SnippetBox\frontend\src\main\services\SnippetManager.ts:388:10)
          at SnippetManager.createSnippet (D:\OpenSource\SnippetBox\frontend\src\main\services\SnippetManager.ts:72:12)
          at processTicksAndRejections (node:internal/process/task_queues:105:5)
          at D:\OpenSource\SnippetBox\frontend\tests\property\SnippetProperty.test.ts:144:31
          at AsyncProperty.run (D:\OpenSource\SnippetBox\frontend\node_modules\fast-check\lib\cjs\fast-check.js:1208:19)
          at asyncRunIt (D:\OpenSource\SnippetBox\frontend\node_modules\fast-check\lib\cjs\fast-check.js:2503:15)
          at Object.<anonymous> (D:\OpenSource\SnippetBox\frontend\tests\property\SnippetProperty.test.ts:106:7)

    [0m [90m 407 |[39m           console[33m.[39mlog([32m`Generated vector for snippet: ${snippetId}`[39m)[33m;[39m
     [90m 408 |[39m         } [36mcatch[39m (error) {
    [31m[1m>[22m[39m[90m 409 |[39m           console[33m.[39merror([32m`Failed to generate vector for snippet ${snippetId}:`[3
9m[33m,[39m error)[33m;[39m
     [90m     |[39m                   [31m[1m^[22m[39m
     [90m 410 |[39m         }
     [90m 411 |[39m       }
     [90m 412 |[39m     } [36mfinally[39m {[0m

      at SnippetManager.processVectorGenerationQueue (src/main/services/SnippetManager.ts:409:19)

    console.error
      Failed to generate vector for snippet snippet-nk1nate4c: TypeError: dbManager.getDb is not a function
          at VectorStore.initialize (D:\OpenSource\SnippetBox\frontend\src\main\services\VectorStore.ts:21:26)
          at VectorStore.addVector (D:\OpenSource\SnippetBox\frontend\src\main\services\VectorStore.ts:27:10)
          at SnippetManager.processVectorGenerationQueue (D:\OpenSource\SnippetBox\frontend\src\main\services\SnippetManager.ts:406:34)
          at SnippetManager.generateVectorForSnippet (D:\OpenSource\SnippetBox\frontend\src\main\services\SnippetManager.ts:388:10)
          at SnippetManager.createSnippet (D:\OpenSource\SnippetBox\frontend\src\main\services\SnippetManager.ts:72:12)
          at processTicksAndRejections (node:internal/process/task_queues:105:5)
          at D:\OpenSource\SnippetBox\frontend\tests\property\SnippetProperty.test.ts:144:31
          at AsyncProperty.run (D:\OpenSource\SnippetBox\frontend\node_modules\fast-check\lib\cjs\fast-check.js:1208:19)
          at asyncRunIt (D:\OpenSource\SnippetBox\frontend\node_modules\fast-check\lib\cjs\fast-check.js:2503:15)
          at Object.<anonymous> (D:\OpenSource\SnippetBox\frontend\tests\property\SnippetProperty.test.ts:106:7)

    [0m [90m 407 |[39m           console[33m.[39mlog([32m`Generated vector for snippet: ${snippetId}`[39m)[33m;[39m
     [90m 408 |[39m         } [36mcatch[39m (error) {
    [31m[1m>[22m[39m[90m 409 |[39m           console[33m.[39merror([32m`Failed to generate vector for snippet ${snippetId}:`[3
9m[33m,[39m error)[33m;[39m
     [90m     |[39m                   [31m[1m^[22m[39m
     [90m 410 |[39m         }
     [90m 411 |[39m       }
     [90m 412 |[39m     } [36mfinally[39m {[0m

      at SnippetManager.processVectorGenerationQueue (src/main/services/SnippetManager.ts:409:19)

    console.error
      Failed to generate vector for snippet snippet-416fvdz40: TypeError: dbManager.getDb is not a function
          at VectorStore.initialize (D:\OpenSource\SnippetBox\frontend\src\main\services\VectorStore.ts:21:26)
          at VectorStore.addVector (D:\OpenSource\SnippetBox\frontend\src\main\services\VectorStore.ts:27:10)
          at SnippetManager.processVectorGenerationQueue (D:\OpenSource\SnippetBox\frontend\src\main\services\SnippetManager.ts:406:34)
          at SnippetManager.generateVectorForSnippet (D:\OpenSource\SnippetBox\frontend\src\main\services\SnippetManager.ts:388:10)
          at SnippetManager.createSnippet (D:\OpenSource\SnippetBox\frontend\src\main\services\SnippetManager.ts:72:12)
          at processTicksAndRejections (node:internal/process/task_queues:105:5)
          at D:\OpenSource\SnippetBox\frontend\tests\property\SnippetProperty.test.ts:144:31
          at AsyncProperty.run (D:\OpenSource\SnippetBox\frontend\node_modules\fast-check\lib\cjs\fast-check.js:1208:19)
          at asyncRunIt (D:\OpenSource\SnippetBox\frontend\node_modules\fast-check\lib\cjs\fast-check.js:2503:15)
          at Object.<anonymous> (D:\OpenSource\SnippetBox\frontend\tests\property\SnippetProperty.test.ts:106:7)

    [0m [90m 407 |[39m           console[33m.[39mlog([32m`Generated vector for snippet: ${snippetId}`[39m)[33m;[39m
     [90m 408 |[39m         } [36mcatch[39m (error) {
    [31m[1m>[22m[39m[90m 409 |[39m           console[33m.[39merror([32m`Failed to generate vector for snippet ${snippetId}:`[3
9m[33m,[39m error)[33m;[39m
     [90m     |[39m                   [31m[1m^[22m[39m
     [90m 410 |[39m         }
     [90m 411 |[39m       }
     [90m 412 |[39m     } [36mfinally[39m {[0m

      at SnippetManager.processVectorGenerationQueue (src/main/services/SnippetManager.ts:409:19)

    console.error
      Failed to generate vector for snippet snippet-s04qa71hz: TypeError: dbManager.getDb is not a function
          at VectorStore.initialize (D:\OpenSource\SnippetBox\frontend\src\main\services\VectorStore.ts:21:26)
          at VectorStore.addVector (D:\OpenSource\SnippetBox\frontend\src\main\services\VectorStore.ts:27:10)
          at SnippetManager.processVectorGenerationQueue (D:\OpenSource\SnippetBox\frontend\src\main\services\SnippetManager.ts:406:34)
          at SnippetManager.generateVectorForSnippet (D:\OpenSource\SnippetBox\frontend\src\main\services\SnippetManager.ts:388:10)
          at SnippetManager.createSnippet (D:\OpenSource\SnippetBox\frontend\src\main\services\SnippetManager.ts:72:12)
          at processTicksAndRejections (node:internal/process/task_queues:105:5)
          at D:\OpenSource\SnippetBox\frontend\tests\property\SnippetProperty.test.ts:144:31
          at AsyncProperty.run (D:\OpenSource\SnippetBox\frontend\node_modules\fast-check\lib\cjs\fast-check.js:1208:19)
          at asyncRunIt (D:\OpenSource\SnippetBox\frontend\node_modules\fast-check\lib\cjs\fast-check.js:2503:15)
          at Object.<anonymous> (D:\OpenSource\SnippetBox\frontend\tests\property\SnippetProperty.test.ts:106:7)

    [0m [90m 407 |[39m           console[33m.[39mlog([32m`Generated vector for snippet: ${snippetId}`[39m)[33m;[39m
     [90m 408 |[39m         } [36mcatch[39m (error) {
    [31m[1m>[22m[39m[90m 409 |[39m           console[33m.[39merror([32m`Failed to generate vector for snippet ${snippetId}:`[3
9m[33m,[39m error)[33m;[39m
     [90m     |[39m                   [31m[1m^[22m[39m
     [90m 410 |[39m         }
     [90m 411 |[39m       }
     [90m 412 |[39m     } [36mfinally[39m {[0m

      at SnippetManager.processVectorGenerationQueue (src/main/services/SnippetManager.ts:409:19)

    console.error
      Failed to generate vector for snippet snippet-wpvn0yhp1: TypeError: dbManager.getDb is not a function
          at VectorStore.initialize (D:\OpenSource\SnippetBox\frontend\src\main\services\VectorStore.ts:21:26)
          at VectorStore.addVector (D:\OpenSource\SnippetBox\frontend\src\main\services\VectorStore.ts:27:10)
          at SnippetManager.processVectorGenerationQueue (D:\OpenSource\SnippetBox\frontend\src\main\services\SnippetManager.ts:406:34)
          at SnippetManager.generateVectorForSnippet (D:\OpenSource\SnippetBox\frontend\src\main\services\SnippetManager.ts:388:10)
          at SnippetManager.createSnippet (D:\OpenSource\SnippetBox\frontend\src\main\services\SnippetManager.ts:72:12)
          at processTicksAndRejections (node:internal/process/task_queues:105:5)
          at D:\OpenSource\SnippetBox\frontend\tests\property\SnippetProperty.test.ts:144:31
          at AsyncProperty.run (D:\OpenSource\SnippetBox\frontend\node_modules\fast-check\lib\cjs\fast-check.js:1208:19)
          at asyncRunIt (D:\OpenSource\SnippetBox\frontend\node_modules\fast-check\lib\cjs\fast-check.js:2503:15)
          at Object.<anonymous> (D:\OpenSource\SnippetBox\frontend\tests\property\SnippetProperty.test.ts:106:7)

    [0m [90m 407 |[39m           console[33m.[39mlog([32m`Generated vector for snippet: ${snippetId}`[39m)[33m;[39m
     [90m 408 |[39m         } [36mcatch[39m (error) {
    [31m[1m>[22m[39m[90m 409 |[39m           console[33m.[39merror([32m`Failed to generate vector for snippet ${snippetId}:`[3
9m[33m,[39m error)[33m;[39m
     [90m     |[39m                   [31m[1m^[22m[39m
     [90m 410 |[39m         }
     [90m 411 |[39m       }
     [90m 412 |[39m     } [36mfinally[39m {[0m

      at SnippetManager.processVectorGenerationQueue (src/main/services/SnippetManager.ts:409:19)

    console.error
      Failed to generate vector for snippet snippet-fjwcgxmbk: TypeError: dbManager.getDb is not a function
          at VectorStore.initialize (D:\OpenSource\SnippetBox\frontend\src\main\services\VectorStore.ts:21:26)
          at VectorStore.addVector (D:\OpenSource\SnippetBox\frontend\src\main\services\VectorStore.ts:27:10)
          at SnippetManager.processVectorGenerationQueue (D:\OpenSource\SnippetBox\frontend\src\main\services\SnippetManager.ts:406:34)
          at SnippetManager.generateVectorForSnippet (D:\OpenSource\SnippetBox\frontend\src\main\services\SnippetManager.ts:388:10)
          at SnippetManager.createSnippet (D:\OpenSource\SnippetBox\frontend\src\main\services\SnippetManager.ts:72:12)
          at processTicksAndRejections (node:internal/process/task_queues:105:5)
          at D:\OpenSource\SnippetBox\frontend\tests\property\SnippetProperty.test.ts:144:31
          at AsyncProperty.run (D:\OpenSource\SnippetBox\frontend\node_modules\fast-check\lib\cjs\fast-check.js:1208:19)
          at asyncRunIt (D:\OpenSource\SnippetBox\frontend\node_modules\fast-check\lib\cjs\fast-check.js:2503:15)
          at Object.<anonymous> (D:\OpenSource\SnippetBox\frontend\tests\property\SnippetProperty.test.ts:106:7)

    [0m [90m 407 |[39m           console[33m.[39mlog([32m`Generated vector for snippet: ${snippetId}`[39m)[33m;[39m
     [90m 408 |[39m         } [36mcatch[39m (error) {
    [31m[1m>[22m[39m[90m 409 |[39m           console[33m.[39merror([32m`Failed to generate vector for snippet ${snippetId}:`[3
9m[33m,[39m error)[33m;[39m
     [90m     |[39m                   [31m[1m^[22m[39m
     [90m 410 |[39m         }
     [90m 411 |[39m       }
     [90m 412 |[39m     } [36mfinally[39m {[0m

      at SnippetManager.processVectorGenerationQueue (src/main/services/SnippetManager.ts:409:19)

    console.error
      Failed to generate vector for snippet snippet-zreg4ia9w: TypeError: dbManager.getDb is not a function
          at VectorStore.initialize (D:\OpenSource\SnippetBox\frontend\src\main\services\VectorStore.ts:21:26)
          at VectorStore.addVector (D:\OpenSource\SnippetBox\frontend\src\main\services\VectorStore.ts:27:10)
          at SnippetManager.processVectorGenerationQueue (D:\OpenSource\SnippetBox\frontend\src\main\services\SnippetManager.ts:406:34)
          at SnippetManager.generateVectorForSnippet (D:\OpenSource\SnippetBox\frontend\src\main\services\SnippetManager.ts:388:10)
          at SnippetManager.createSnippet (D:\OpenSource\SnippetBox\frontend\src\main\services\SnippetManager.ts:72:12)
          at processTicksAndRejections (node:internal/process/task_queues:105:5)
          at D:\OpenSource\SnippetBox\frontend\tests\property\SnippetProperty.test.ts:144:31
          at AsyncProperty.run (D:\OpenSource\SnippetBox\frontend\node_modules\fast-check\lib\cjs\fast-check.js:1208:19)
          at asyncRunIt (D:\OpenSource\SnippetBox\frontend\node_modules\fast-check\lib\cjs\fast-check.js:2503:15)
          at Object.<anonymous> (D:\OpenSource\SnippetBox\frontend\tests\property\SnippetProperty.test.ts:106:7)

    [0m [90m 407 |[39m           console[33m.[39mlog([32m`Generated vector for snippet: ${snippetId}`[39m)[33m;[39m
     [90m 408 |[39m         } [36mcatch[39m (error) {
    [31m[1m>[22m[39m[90m 409 |[39m           console[33m.[39merror([32m`Failed to generate vector for snippet ${snippetId}:`[3
9m[33m,[39m error)[33m;[39m
     [90m     |[39m                   [31m[1m^[22m[39m
     [90m 410 |[39m         }
     [90m 411 |[39m       }
     [90m 412 |[39m     } [36mfinally[39m {[0m

      at SnippetManager.processVectorGenerationQueue (src/main/services/SnippetManager.ts:409:19)

    console.error
      Failed to generate vector for snippet snippet-rihah7ziq: TypeError: dbManager.getDb is not a function
          at VectorStore.initialize (D:\OpenSource\SnippetBox\frontend\src\main\services\VectorStore.ts:21:26)
          at VectorStore.addVector (D:\OpenSource\SnippetBox\frontend\src\main\services\VectorStore.ts:27:10)
          at SnippetManager.processVectorGenerationQueue (D:\OpenSource\SnippetBox\frontend\src\main\services\SnippetManager.ts:406:34)
          at SnippetManager.generateVectorForSnippet (D:\OpenSource\SnippetBox\frontend\src\main\services\SnippetManager.ts:388:10)
          at SnippetManager.createSnippet (D:\OpenSource\SnippetBox\frontend\src\main\services\SnippetManager.ts:72:12)
          at processTicksAndRejections (node:internal/process/task_queues:105:5)
          at D:\OpenSource\SnippetBox\frontend\tests\property\SnippetProperty.test.ts:144:31
          at AsyncProperty.run (D:\OpenSource\SnippetBox\frontend\node_modules\fast-check\lib\cjs\fast-check.js:1208:19)
          at asyncRunIt (D:\OpenSource\SnippetBox\frontend\node_modules\fast-check\lib\cjs\fast-check.js:2503:15)
          at Object.<anonymous> (D:\OpenSource\SnippetBox\frontend\tests\property\SnippetProperty.test.ts:106:7)

    [0m [90m 407 |[39m           console[33m.[39mlog([32m`Generated vector for snippet: ${snippetId}`[39m)[33m;[39m
     [90m 408 |[39m         } [36mcatch[39m (error) {
    [31m[1m>[22m[39m[90m 409 |[39m           console[33m.[39merror([32m`Failed to generate vector for snippet ${snippetId}:`[3
9m[33m,[39m error)[33m;[39m
     [90m     |[39m                   [31m[1m^[22m[39m
     [90m 410 |[39m         }
     [90m 411 |[39m       }
     [90m 412 |[39m     } [36mfinally[39m {[0m

      at SnippetManager.processVectorGenerationQueue (src/main/services/SnippetManager.ts:409:19)

    console.error
      Failed to generate vector for snippet snippet-p9jtts985: TypeError: dbManager.getDb is not a function
          at VectorStore.initialize (D:\OpenSource\SnippetBox\frontend\src\main\services\VectorStore.ts:21:26)
          at VectorStore.addVector (D:\OpenSource\SnippetBox\frontend\src\main\services\VectorStore.ts:27:10)
          at SnippetManager.processVectorGenerationQueue (D:\OpenSource\SnippetBox\frontend\src\main\services\SnippetManager.ts:406:34)
          at SnippetManager.generateVectorForSnippet (D:\OpenSource\SnippetBox\frontend\src\main\services\SnippetManager.ts:388:10)
          at SnippetManager.createSnippet (D:\OpenSource\SnippetBox\frontend\src\main\services\SnippetManager.ts:72:12)
          at processTicksAndRejections (node:internal/process/task_queues:105:5)
          at D:\OpenSource\SnippetBox\frontend\tests\property\SnippetProperty.test.ts:144:31
          at AsyncProperty.run (D:\OpenSource\SnippetBox\frontend\node_modules\fast-check\lib\cjs\fast-check.js:1208:19)
          at asyncRunIt (D:\OpenSource\SnippetBox\frontend\node_modules\fast-check\lib\cjs\fast-check.js:2503:15)
          at Object.<anonymous> (D:\OpenSource\SnippetBox\frontend\tests\property\SnippetProperty.test.ts:106:7)

    [0m [90m 407 |[39m           console[33m.[39mlog([32m`Generated vector for snippet: ${snippetId}`[39m)[33m;[39m
     [90m 408 |[39m         } [36mcatch[39m (error) {
    [31m[1m>[22m[39m[90m 409 |[39m           console[33m.[39merror([32m`Failed to generate vector for snippet ${snippetId}:`[3
9m[33m,[39m error)[33m;[39m
     [90m     |[39m                   [31m[1m^[22m[39m
     [90m 410 |[39m         }
     [90m 411 |[39m       }
     [90m 412 |[39m     } [36mfinally[39m {[0m

      at SnippetManager.processVectorGenerationQueue (src/main/services/SnippetManager.ts:409:19)

    console.error
      Failed to generate vector for snippet snippet-31noywxdy: TypeError: dbManager.getDb is not a function
          at VectorStore.initialize (D:\OpenSource\SnippetBox\frontend\src\main\services\VectorStore.ts:21:26)
          at VectorStore.addVector (D:\OpenSource\SnippetBox\frontend\src\main\services\VectorStore.ts:27:10)
          at SnippetManager.processVectorGenerationQueue (D:\OpenSource\SnippetBox\frontend\src\main\services\SnippetManager.ts:406:34)
          at SnippetManager.generateVectorForSnippet (D:\OpenSource\SnippetBox\frontend\src\main\services\SnippetManager.ts:388:10)
          at SnippetManager.createSnippet (D:\OpenSource\SnippetBox\frontend\src\main\services\SnippetManager.ts:72:12)
          at processTicksAndRejections (node:internal/process/task_queues:105:5)
          at D:\OpenSource\SnippetBox\frontend\tests\property\SnippetProperty.test.ts:144:31
          at AsyncProperty.run (D:\OpenSource\SnippetBox\frontend\node_modules\fast-check\lib\cjs\fast-check.js:1208:19)
          at asyncRunIt (D:\OpenSource\SnippetBox\frontend\node_modules\fast-check\lib\cjs\fast-check.js:2503:15)
          at Object.<anonymous> (D:\OpenSource\SnippetBox\frontend\tests\property\SnippetProperty.test.ts:106:7)

    [0m [90m 407 |[39m           console[33m.[39mlog([32m`Generated vector for snippet: ${snippetId}`[39m)[33m;[39m
     [90m 408 |[39m         } [36mcatch[39m (error) {
    [31m[1m>[22m[39m[90m 409 |[39m           console[33m.[39merror([32m`Failed to generate vector for snippet ${snippetId}:`[3
9m[33m,[39m error)[33m;[39m
     [90m     |[39m                   [31m[1m^[22m[39m
     [90m 410 |[39m         }
     [90m 411 |[39m       }
     [90m 412 |[39m     } [36mfinally[39m {[0m

      at SnippetManager.processVectorGenerationQueue (src/main/services/SnippetManager.ts:409:19)

    console.error
      Failed to generate vector for snippet snippet-64h76t7na: TypeError: dbManager.getDb is not a function
          at VectorStore.initialize (D:\OpenSource\SnippetBox\frontend\src\main\services\VectorStore.ts:21:26)
          at VectorStore.addVector (D:\OpenSource\SnippetBox\frontend\src\main\services\VectorStore.ts:27:10)
          at SnippetManager.processVectorGenerationQueue (D:\OpenSource\SnippetBox\frontend\src\main\services\SnippetManager.ts:406:34)
          at SnippetManager.generateVectorForSnippet (D:\OpenSource\SnippetBox\frontend\src\main\services\SnippetManager.ts:388:10)
          at SnippetManager.createSnippet (D:\OpenSource\SnippetBox\frontend\src\main\services\SnippetManager.ts:72:12)
          at processTicksAndRejections (node:internal/process/task_queues:105:5)
          at D:\OpenSource\SnippetBox\frontend\tests\property\SnippetProperty.test.ts:144:31
          at AsyncProperty.run (D:\OpenSource\SnippetBox\frontend\node_modules\fast-check\lib\cjs\fast-check.js:1208:19)
          at asyncRunIt (D:\OpenSource\SnippetBox\frontend\node_modules\fast-check\lib\cjs\fast-check.js:2503:15)
          at Object.<anonymous> (D:\OpenSource\SnippetBox\frontend\tests\property\SnippetProperty.test.ts:106:7)

    [0m [90m 407 |[39m           console[33m.[39mlog([32m`Generated vector for snippet: ${snippetId}`[39m)[33m;[39m
     [90m 408 |[39m         } [36mcatch[39m (error) {
    [31m[1m>[22m[39m[90m 409 |[39m           console[33m.[39merror([32m`Failed to generate vector for snippet ${snippetId}:`[3
9m[33m,[39m error)[33m;[39m
     [90m     |[39m                   [31m[1m^[22m[39m
     [90m 410 |[39m         }
     [90m 411 |[39m       }
     [90m 412 |[39m     } [36mfinally[39m {[0m

      at SnippetManager.processVectorGenerationQueue (src/main/services/SnippetManager.ts:409:19)

    console.error
      Failed to generate vector for snippet snippet-l3pmmgja7: TypeError: dbManager.getDb is not a function
          at VectorStore.initialize (D:\OpenSource\SnippetBox\frontend\src\main\services\VectorStore.ts:21:26)
          at VectorStore.addVector (D:\OpenSource\SnippetBox\frontend\src\main\services\VectorStore.ts:27:10)
          at SnippetManager.processVectorGenerationQueue (D:\OpenSource\SnippetBox\frontend\src\main\services\SnippetManager.ts:406:34)
          at SnippetManager.generateVectorForSnippet (D:\OpenSource\SnippetBox\frontend\src\main\services\SnippetManager.ts:388:10)
          at SnippetManager.createSnippet (D:\OpenSource\SnippetBox\frontend\src\main\services\SnippetManager.ts:72:12)
          at processTicksAndRejections (node:internal/process/task_queues:105:5)
          at D:\OpenSource\SnippetBox\frontend\tests\property\SnippetProperty.test.ts:144:31
          at AsyncProperty.run (D:\OpenSource\SnippetBox\frontend\node_modules\fast-check\lib\cjs\fast-check.js:1208:19)
          at asyncRunIt (D:\OpenSource\SnippetBox\frontend\node_modules\fast-check\lib\cjs\fast-check.js:2503:15)
          at Object.<anonymous> (D:\OpenSource\SnippetBox\frontend\tests\property\SnippetProperty.test.ts:106:7)

    [0m [90m 407 |[39m           console[33m.[39mlog([32m`Generated vector for snippet: ${snippetId}`[39m)[33m;[39m
     [90m 408 |[39m         } [36mcatch[39m (error) {
    [31m[1m>[22m[39m[90m 409 |[39m           console[33m.[39merror([32m`Failed to generate vector for snippet ${snippetId}:`[3
9m[33m,[39m error)[33m;[39m
     [90m     |[39m                   [31m[1m^[22m[39m
     [90m 410 |[39m         }
     [90m 411 |[39m       }
     [90m 412 |[39m     } [36mfinally[39m {[0m

      at SnippetManager.processVectorGenerationQueue (src/main/services/SnippetManager.ts:409:19)

    console.error
      Failed to generate vector for snippet snippet-afds3n6ss: TypeError: dbManager.getDb is not a function
          at VectorStore.initialize (D:\OpenSource\SnippetBox\frontend\src\main\services\VectorStore.ts:21:26)
          at VectorStore.addVector (D:\OpenSource\SnippetBox\frontend\src\main\services\VectorStore.ts:27:10)
          at SnippetManager.processVectorGenerationQueue (D:\OpenSource\SnippetBox\frontend\src\main\services\SnippetManager.ts:406:34)
          at SnippetManager.generateVectorForSnippet (D:\OpenSource\SnippetBox\frontend\src\main\services\SnippetManager.ts:388:10)
          at SnippetManager.createSnippet (D:\OpenSource\SnippetBox\frontend\src\main\services\SnippetManager.ts:72:12)
          at processTicksAndRejections (node:internal/process/task_queues:105:5)
          at D:\OpenSource\SnippetBox\frontend\tests\property\SnippetProperty.test.ts:144:31
          at AsyncProperty.run (D:\OpenSource\SnippetBox\frontend\node_modules\fast-check\lib\cjs\fast-check.js:1208:19)
          at asyncRunIt (D:\OpenSource\SnippetBox\frontend\node_modules\fast-check\lib\cjs\fast-check.js:2503:15)
          at Object.<anonymous> (D:\OpenSource\SnippetBox\frontend\tests\property\SnippetProperty.test.ts:106:7)

    [0m [90m 407 |[39m           console[33m.[39mlog([32m`Generated vector for snippet: ${snippetId}`[39m)[33m;[39m
     [90m 408 |[39m         } [36mcatch[39m (error) {
    [31m[1m>[22m[39m[90m 409 |[39m           console[33m.[39merror([32m`Failed to generate vector for snippet ${snippetId}:`[3
9m[33m,[39m error)[33m;[39m
     [90m     |[39m                   [31m[1m^[22m[39m
     [90m 410 |[39m         }
     [90m 411 |[39m       }
     [90m 412 |[39m     } [36mfinally[39m {[0m

      at SnippetManager.processVectorGenerationQueue (src/main/services/SnippetManager.ts:409:19)

    console.error
      Failed to generate vector for snippet snippet-7aqg181bc: TypeError: dbManager.getDb is not a function
          at VectorStore.initialize (D:\OpenSource\SnippetBox\frontend\src\main\services\VectorStore.ts:21:26)
          at VectorStore.addVector (D:\OpenSource\SnippetBox\frontend\src\main\services\VectorStore.ts:27:10)
          at SnippetManager.processVectorGenerationQueue (D:\OpenSource\SnippetBox\frontend\src\main\services\SnippetManager.ts:406:34)
          at SnippetManager.generateVectorForSnippet (D:\OpenSource\SnippetBox\frontend\src\main\services\SnippetManager.ts:388:10)
          at SnippetManager.createSnippet (D:\OpenSource\SnippetBox\frontend\src\main\services\SnippetManager.ts:72:12)
          at processTicksAndRejections (node:internal/process/task_queues:105:5)
          at D:\OpenSource\SnippetBox\frontend\tests\property\SnippetProperty.test.ts:144:31
          at AsyncProperty.run (D:\OpenSource\SnippetBox\frontend\node_modules\fast-check\lib\cjs\fast-check.js:1208:19)
          at asyncRunIt (D:\OpenSource\SnippetBox\frontend\node_modules\fast-check\lib\cjs\fast-check.js:2503:15)
          at Object.<anonymous> (D:\OpenSource\SnippetBox\frontend\tests\property\SnippetProperty.test.ts:106:7)

    [0m [90m 407 |[39m           console[33m.[39mlog([32m`Generated vector for snippet: ${snippetId}`[39m)[33m;[39m
     [90m 408 |[39m         } [36mcatch[39m (error) {
    [31m[1m>[22m[39m[90m 409 |[39m           console[33m.[39merror([32m`Failed to generate vector for snippet ${snippetId}:`[3
9m[33m,[39m error)[33m;[39m
     [90m     |[39m                   [31m[1m^[22m[39m
     [90m 410 |[39m         }
     [90m 411 |[39m       }
     [90m 412 |[39m     } [36mfinally[39m {[0m

      at SnippetManager.processVectorGenerationQueue (src/main/services/SnippetManager.ts:409:19)

    console.error
      Failed to generate vector for snippet snippet-9p772zwez: TypeError: dbManager.getDb is not a function
          at VectorStore.initialize (D:\OpenSource\SnippetBox\frontend\src\main\services\VectorStore.ts:21:26)
          at VectorStore.addVector (D:\OpenSource\SnippetBox\frontend\src\main\services\VectorStore.ts:27:10)
          at SnippetManager.processVectorGenerationQueue (D:\OpenSource\SnippetBox\frontend\src\main\services\SnippetManager.ts:406:34)
          at SnippetManager.generateVectorForSnippet (D:\OpenSource\SnippetBox\frontend\src\main\services\SnippetManager.ts:388:10)
          at SnippetManager.createSnippet (D:\OpenSource\SnippetBox\frontend\src\main\services\SnippetManager.ts:72:12)
          at processTicksAndRejections (node:internal/process/task_queues:105:5)
          at D:\OpenSource\SnippetBox\frontend\tests\property\SnippetProperty.test.ts:144:31
          at AsyncProperty.run (D:\OpenSource\SnippetBox\frontend\node_modules\fast-check\lib\cjs\fast-check.js:1208:19)
          at asyncRunIt (D:\OpenSource\SnippetBox\frontend\node_modules\fast-check\lib\cjs\fast-check.js:2503:15)
          at Object.<anonymous> (D:\OpenSource\SnippetBox\frontend\tests\property\SnippetProperty.test.ts:106:7)

    [0m [90m 407 |[39m           console[33m.[39mlog([32m`Generated vector for snippet: ${snippetId}`[39m)[33m;[39m
     [90m 408 |[39m         } [36mcatch[39m (error) {
    [31m[1m>[22m[39m[90m 409 |[39m           console[33m.[39merror([32m`Failed to generate vector for snippet ${snippetId}:`[3
9m[33m,[39m error)[33m;[39m
     [90m     |[39m                   [31m[1m^[22m[39m
     [90m 410 |[39m         }
     [90m 411 |[39m       }
     [90m 412 |[39m     } [36mfinally[39m {[0m

      at SnippetManager.processVectorGenerationQueue (src/main/services/SnippetManager.ts:409:19)

    console.error
      Failed to generate vector for snippet snippet-21jt7efgz: TypeError: dbManager.getDb is not a function
          at VectorStore.initialize (D:\OpenSource\SnippetBox\frontend\src\main\services\VectorStore.ts:21:26)
          at VectorStore.addVector (D:\OpenSource\SnippetBox\frontend\src\main\services\VectorStore.ts:27:10)
          at SnippetManager.processVectorGenerationQueue (D:\OpenSource\SnippetBox\frontend\src\main\services\SnippetManager.ts:406:34)
          at SnippetManager.generateVectorForSnippet (D:\OpenSource\SnippetBox\frontend\src\main\services\SnippetManager.ts:388:10)
          at SnippetManager.createSnippet (D:\OpenSource\SnippetBox\frontend\src\main\services\SnippetManager.ts:72:12)
          at processTicksAndRejections (node:internal/process/task_queues:105:5)
          at D:\OpenSource\SnippetBox\frontend\tests\property\SnippetProperty.test.ts:144:31
          at AsyncProperty.run (D:\OpenSource\SnippetBox\frontend\node_modules\fast-check\lib\cjs\fast-check.js:1208:19)
          at asyncRunIt (D:\OpenSource\SnippetBox\frontend\node_modules\fast-check\lib\cjs\fast-check.js:2503:15)
          at Object.<anonymous> (D:\OpenSource\SnippetBox\frontend\tests\property\SnippetProperty.test.ts:106:7)

    [0m [90m 407 |[39m           console[33m.[39mlog([32m`Generated vector for snippet: ${snippetId}`[39m)[33m;[39m
     [90m 408 |[39m         } [36mcatch[39m (error) {
    [31m[1m>[22m[39m[90m 409 |[39m           console[33m.[39merror([32m`Failed to generate vector for snippet ${snippetId}:`[3
9m[33m,[39m error)[33m;[39m
     [90m     |[39m                   [31m[1m^[22m[39m
     [90m 410 |[39m         }
     [90m 411 |[39m       }
     [90m 412 |[39m     } [36mfinally[39m {[0m

      at SnippetManager.processVectorGenerationQueue (src/main/services/SnippetManager.ts:409:19)

    console.error
      Failed to generate vector for snippet snippet-nh95beh1z: TypeError: dbManager.getDb is not a function
          at VectorStore.initialize (D:\OpenSource\SnippetBox\frontend\src\main\services\VectorStore.ts:21:26)
          at VectorStore.addVector (D:\OpenSource\SnippetBox\frontend\src\main\services\VectorStore.ts:27:10)
          at SnippetManager.processVectorGenerationQueue (D:\OpenSource\SnippetBox\frontend\src\main\services\SnippetManager.ts:406:34)
          at SnippetManager.generateVectorForSnippet (D:\OpenSource\SnippetBox\frontend\src\main\services\SnippetManager.ts:388:10)
          at SnippetManager.createSnippet (D:\OpenSource\SnippetBox\frontend\src\main\services\SnippetManager.ts:72:12)
          at processTicksAndRejections (node:internal/process/task_queues:105:5)
          at D:\OpenSource\SnippetBox\frontend\tests\property\SnippetProperty.test.ts:144:31
          at AsyncProperty.run (D:\OpenSource\SnippetBox\frontend\node_modules\fast-check\lib\cjs\fast-check.js:1208:19)
          at asyncRunIt (D:\OpenSource\SnippetBox\frontend\node_modules\fast-check\lib\cjs\fast-check.js:2503:15)
          at Object.<anonymous> (D:\OpenSource\SnippetBox\frontend\tests\property\SnippetProperty.test.ts:106:7)

    [0m [90m 407 |[39m           console[33m.[39mlog([32m`Generated vector for snippet: ${snippetId}`[39m)[33m;[39m
     [90m 408 |[39m         } [36mcatch[39m (error) {
    [31m[1m>[22m[39m[90m 409 |[39m           console[33m.[39merror([32m`Failed to generate vector for snippet ${snippetId}:`[3
9m[33m,[39m error)[33m;[39m
     [90m     |[39m                   [31m[1m^[22m[39m
     [90m 410 |[39m         }
     [90m 411 |[39m       }
     [90m 412 |[39m     } [36mfinally[39m {[0m

      at SnippetManager.processVectorGenerationQueue (src/main/services/SnippetManager.ts:409:19)

    console.error
      Failed to generate vector for snippet snippet-ks5t97585: TypeError: dbManager.getDb is not a function
          at VectorStore.initialize (D:\OpenSource\SnippetBox\frontend\src\main\services\VectorStore.ts:21:26)
          at VectorStore.addVector (D:\OpenSource\SnippetBox\frontend\src\main\services\VectorStore.ts:27:10)
          at SnippetManager.processVectorGenerationQueue (D:\OpenSource\SnippetBox\frontend\src\main\services\SnippetManager.ts:406:34)
          at SnippetManager.generateVectorForSnippet (D:\OpenSource\SnippetBox\frontend\src\main\services\SnippetManager.ts:388:10)
          at SnippetManager.createSnippet (D:\OpenSource\SnippetBox\frontend\src\main\services\SnippetManager.ts:72:12)
          at processTicksAndRejections (node:internal/process/task_queues:105:5)
          at D:\OpenSource\SnippetBox\frontend\tests\property\SnippetProperty.test.ts:144:31
          at AsyncProperty.run (D:\OpenSource\SnippetBox\frontend\node_modules\fast-check\lib\cjs\fast-check.js:1208:19)
          at asyncRunIt (D:\OpenSource\SnippetBox\frontend\node_modules\fast-check\lib\cjs\fast-check.js:2503:15)
          at Object.<anonymous> (D:\OpenSource\SnippetBox\frontend\tests\property\SnippetProperty.test.ts:106:7)

    [0m [90m 407 |[39m           console[33m.[39mlog([32m`Generated vector for snippet: ${snippetId}`[39m)[33m;[39m
     [90m 408 |[39m         } [36mcatch[39m (error) {
    [31m[1m>[22m[39m[90m 409 |[39m           console[33m.[39merror([32m`Failed to generate vector for snippet ${snippetId}:`[3
9m[33m,[39m error)[33m;[39m
     [90m     |[39m                   [31m[1m^[22m[39m
     [90m 410 |[39m         }
     [90m 411 |[39m       }
     [90m 412 |[39m     } [36mfinally[39m {[0m

      at SnippetManager.processVectorGenerationQueue (src/main/services/SnippetManager.ts:409:19)

    console.error
      Failed to generate vector for snippet snippet-vgnsfbp8q: TypeError: dbManager.getDb is not a function
          at VectorStore.initialize (D:\OpenSource\SnippetBox\frontend\src\main\services\VectorStore.ts:21:26)
          at VectorStore.addVector (D:\OpenSource\SnippetBox\frontend\src\main\services\VectorStore.ts:27:10)
          at SnippetManager.processVectorGenerationQueue (D:\OpenSource\SnippetBox\frontend\src\main\services\SnippetManager.ts:406:34)
          at SnippetManager.generateVectorForSnippet (D:\OpenSource\SnippetBox\frontend\src\main\services\SnippetManager.ts:388:10)
          at SnippetManager.createSnippet (D:\OpenSource\SnippetBox\frontend\src\main\services\SnippetManager.ts:72:12)
          at processTicksAndRejections (node:internal/process/task_queues:105:5)
          at D:\OpenSource\SnippetBox\frontend\tests\property\SnippetProperty.test.ts:144:31
          at AsyncProperty.run (D:\OpenSource\SnippetBox\frontend\node_modules\fast-check\lib\cjs\fast-check.js:1208:19)
          at asyncRunIt (D:\OpenSource\SnippetBox\frontend\node_modules\fast-check\lib\cjs\fast-check.js:2503:15)
          at Object.<anonymous> (D:\OpenSource\SnippetBox\frontend\tests\property\SnippetProperty.test.ts:106:7)

    [0m [90m 407 |[39m           console[33m.[39mlog([32m`Generated vector for snippet: ${snippetId}`[39m)[33m;[39m
     [90m 408 |[39m         } [36mcatch[39m (error) {
    [31m[1m>[22m[39m[90m 409 |[39m           console[33m.[39merror([32m`Failed to generate vector for snippet ${snippetId}:`[3
9m[33m,[39m error)[33m;[39m
     [90m     |[39m                   [31m[1m^[22m[39m
     [90m 410 |[39m         }
     [90m 411 |[39m       }
     [90m 412 |[39m     } [36mfinally[39m {[0m

      at SnippetManager.processVectorGenerationQueue (src/main/services/SnippetManager.ts:409:19)

    console.error
      Failed to generate vector for snippet snippet-us55bkxrp: TypeError: dbManager.getDb is not a function
          at VectorStore.initialize (D:\OpenSource\SnippetBox\frontend\src\main\services\VectorStore.ts:21:26)
          at VectorStore.addVector (D:\OpenSource\SnippetBox\frontend\src\main\services\VectorStore.ts:27:10)
          at SnippetManager.processVectorGenerationQueue (D:\OpenSource\SnippetBox\frontend\src\main\services\SnippetManager.ts:406:34)
          at SnippetManager.generateVectorForSnippet (D:\OpenSource\SnippetBox\frontend\src\main\services\SnippetManager.ts:388:10)
          at SnippetManager.createSnippet (D:\OpenSource\SnippetBox\frontend\src\main\services\SnippetManager.ts:72:12)
          at processTicksAndRejections (node:internal/process/task_queues:105:5)
          at D:\OpenSource\SnippetBox\frontend\tests\property\SnippetProperty.test.ts:144:31
          at AsyncProperty.run (D:\OpenSource\SnippetBox\frontend\node_modules\fast-check\lib\cjs\fast-check.js:1208:19)
          at asyncRunIt (D:\OpenSource\SnippetBox\frontend\node_modules\fast-check\lib\cjs\fast-check.js:2503:15)
          at Object.<anonymous> (D:\OpenSource\SnippetBox\frontend\tests\property\SnippetProperty.test.ts:106:7)

    [0m [90m 407 |[39m           console[33m.[39mlog([32m`Generated vector for snippet: ${snippetId}`[39m)[33m;[39m
     [90m 408 |[39m         } [36mcatch[39m (error) {
    [31m[1m>[22m[39m[90m 409 |[39m           console[33m.[39merror([32m`Failed to generate vector for snippet ${snippetId}:`[3
9m[33m,[39m error)[33m;[39m
     [90m     |[39m                   [31m[1m^[22m[39m
     [90m 410 |[39m         }
     [90m 411 |[39m       }
     [90m 412 |[39m     } [36mfinally[39m {[0m

      at SnippetManager.processVectorGenerationQueue (src/main/services/SnippetManager.ts:409:19)

    console.error
      Failed to generate vector for snippet snippet-7s3yvtxl1: TypeError: dbManager.getDb is not a function
          at VectorStore.initialize (D:\OpenSource\SnippetBox\frontend\src\main\services\VectorStore.ts:21:26)
          at VectorStore.addVector (D:\OpenSource\SnippetBox\frontend\src\main\services\VectorStore.ts:27:10)
          at SnippetManager.processVectorGenerationQueue (D:\OpenSource\SnippetBox\frontend\src\main\services\SnippetManager.ts:406:34)
          at SnippetManager.generateVectorForSnippet (D:\OpenSource\SnippetBox\frontend\src\main\services\SnippetManager.ts:388:10)
          at SnippetManager.createSnippet (D:\OpenSource\SnippetBox\frontend\src\main\services\SnippetManager.ts:72:12)
          at processTicksAndRejections (node:internal/process/task_queues:105:5)
          at D:\OpenSource\SnippetBox\frontend\tests\property\SnippetProperty.test.ts:144:31
          at AsyncProperty.run (D:\OpenSource\SnippetBox\frontend\node_modules\fast-check\lib\cjs\fast-check.js:1208:19)
          at asyncRunIt (D:\OpenSource\SnippetBox\frontend\node_modules\fast-check\lib\cjs\fast-check.js:2503:15)
          at Object.<anonymous> (D:\OpenSource\SnippetBox\frontend\tests\property\SnippetProperty.test.ts:106:7)

    [0m [90m 407 |[39m           console[33m.[39mlog([32m`Generated vector for snippet: ${snippetId}`[39m)[33m;[39m
     [90m 408 |[39m         } [36mcatch[39m (error) {
    [31m[1m>[22m[39m[90m 409 |[39m           console[33m.[39merror([32m`Failed to generate vector for snippet ${snippetId}:`[3
9m[33m,[39m error)[33m;[39m
     [90m     |[39m                   [31m[1m^[22m[39m
     [90m 410 |[39m         }
     [90m 411 |[39m       }
     [90m 412 |[39m     } [36mfinally[39m {[0m

      at SnippetManager.processVectorGenerationQueue (src/main/services/SnippetManager.ts:409:19)

    console.error
      Failed to generate vector for snippet snippet-kpyqwbdcq: TypeError: dbManager.getDb is not a function
          at VectorStore.initialize (D:\OpenSource\SnippetBox\frontend\src\main\services\VectorStore.ts:21:26)
          at VectorStore.addVector (D:\OpenSource\SnippetBox\frontend\src\main\services\VectorStore.ts:27:10)
          at SnippetManager.processVectorGenerationQueue (D:\OpenSource\SnippetBox\frontend\src\main\services\SnippetManager.ts:406:34)
          at SnippetManager.generateVectorForSnippet (D:\OpenSource\SnippetBox\frontend\src\main\services\SnippetManager.ts:388:10)
          at SnippetManager.createSnippet (D:\OpenSource\SnippetBox\frontend\src\main\services\SnippetManager.ts:72:12)
          at processTicksAndRejections (node:internal/process/task_queues:105:5)
          at D:\OpenSource\SnippetBox\frontend\tests\property\SnippetProperty.test.ts:144:31
          at AsyncProperty.run (D:\OpenSource\SnippetBox\frontend\node_modules\fast-check\lib\cjs\fast-check.js:1208:19)
          at asyncRunIt (D:\OpenSource\SnippetBox\frontend\node_modules\fast-check\lib\cjs\fast-check.js:2503:15)
          at Object.<anonymous> (D:\OpenSource\SnippetBox\frontend\tests\property\SnippetProperty.test.ts:106:7)

    [0m [90m 407 |[39m           console[33m.[39mlog([32m`Generated vector for snippet: ${snippetId}`[39m)[33m;[39m
     [90m 408 |[39m         } [36mcatch[39m (error) {
    [31m[1m>[22m[39m[90m 409 |[39m           console[33m.[39merror([32m`Failed to generate vector for snippet ${snippetId}:`[3
9m[33m,[39m error)[33m;[39m
     [90m     |[39m                   [31m[1m^[22m[39m
     [90m 410 |[39m         }
     [90m 411 |[39m       }
     [90m 412 |[39m     } [36mfinally[39m {[0m

      at SnippetManager.processVectorGenerationQueue (src/main/services/SnippetManager.ts:409:19)

    console.error
      Failed to generate vector for snippet snippet-gcwjs3srg: TypeError: dbManager.getDb is not a function
          at VectorStore.initialize (D:\OpenSource\SnippetBox\frontend\src\main\services\VectorStore.ts:21:26)
          at VectorStore.addVector (D:\OpenSource\SnippetBox\frontend\src\main\services\VectorStore.ts:27:10)
          at SnippetManager.processVectorGenerationQueue (D:\OpenSource\SnippetBox\frontend\src\main\services\SnippetManager.ts:406:34)
          at SnippetManager.generateVectorForSnippet (D:\OpenSource\SnippetBox\frontend\src\main\services\SnippetManager.ts:388:10)
          at SnippetManager.createSnippet (D:\OpenSource\SnippetBox\frontend\src\main\services\SnippetManager.ts:72:12)
          at processTicksAndRejections (node:internal/process/task_queues:105:5)
          at D:\OpenSource\SnippetBox\frontend\tests\property\SnippetProperty.test.ts:144:31
          at AsyncProperty.run (D:\OpenSource\SnippetBox\frontend\node_modules\fast-check\lib\cjs\fast-check.js:1208:19)
          at asyncRunIt (D:\OpenSource\SnippetBox\frontend\node_modules\fast-check\lib\cjs\fast-check.js:2503:15)
          at Object.<anonymous> (D:\OpenSource\SnippetBox\frontend\tests\property\SnippetProperty.test.ts:106:7)

    [0m [90m 407 |[39m           console[33m.[39mlog([32m`Generated vector for snippet: ${snippetId}`[39m)[33m;[39m
     [90m 408 |[39m         } [36mcatch[39m (error) {
    [31m[1m>[22m[39m[90m 409 |[39m           console[33m.[39merror([32m`Failed to generate vector for snippet ${snippetId}:`[3
9m[33m,[39m error)[33m;[39m
     [90m     |[39m                   [31m[1m^[22m[39m
     [90m 410 |[39m         }
     [90m 411 |[39m       }
     [90m 412 |[39m     } [36mfinally[39m {[0m

      at SnippetManager.processVectorGenerationQueue (src/main/services/SnippetManager.ts:409:19)

    console.error
      Failed to generate vector for snippet snippet-b39jr00r4: TypeError: dbManager.getDb is not a function
          at VectorStore.initialize (D:\OpenSource\SnippetBox\frontend\src\main\services\VectorStore.ts:21:26)
          at VectorStore.addVector (D:\OpenSource\SnippetBox\frontend\src\main\services\VectorStore.ts:27:10)
          at SnippetManager.processVectorGenerationQueue (D:\OpenSource\SnippetBox\frontend\src\main\services\SnippetManager.ts:406:34)
          at SnippetManager.generateVectorForSnippet (D:\OpenSource\SnippetBox\frontend\src\main\services\SnippetManager.ts:388:10)
          at SnippetManager.createSnippet (D:\OpenSource\SnippetBox\frontend\src\main\services\SnippetManager.ts:72:12)
          at processTicksAndRejections (node:internal/process/task_queues:105:5)
          at D:\OpenSource\SnippetBox\frontend\tests\property\SnippetProperty.test.ts:144:31
          at AsyncProperty.run (D:\OpenSource\SnippetBox\frontend\node_modules\fast-check\lib\cjs\fast-check.js:1208:19)
          at asyncRunIt (D:\OpenSource\SnippetBox\frontend\node_modules\fast-check\lib\cjs\fast-check.js:2503:15)
          at Object.<anonymous> (D:\OpenSource\SnippetBox\frontend\tests\property\SnippetProperty.test.ts:106:7)

    [0m [90m 407 |[39m           console[33m.[39mlog([32m`Generated vector for snippet: ${snippetId}`[39m)[33m;[39m
     [90m 408 |[39m         } [36mcatch[39m (error) {
    [31m[1m>[22m[39m[90m 409 |[39m           console[33m.[39merror([32m`Failed to generate vector for snippet ${snippetId}:`[3
9m[33m,[39m error)[33m;[39m
     [90m     |[39m                   [31m[1m^[22m[39m
     [90m 410 |[39m         }
     [90m 411 |[39m       }
     [90m 412 |[39m     } [36mfinally[39m {[0m

      at SnippetManager.processVectorGenerationQueue (src/main/services/SnippetManager.ts:409:19)

    console.error
      Failed to generate vector for snippet snippet-gjufmjcew: TypeError: dbManager.getDb is not a function
          at VectorStore.initialize (D:\OpenSource\SnippetBox\frontend\src\main\services\VectorStore.ts:21:26)
          at VectorStore.addVector (D:\OpenSource\SnippetBox\frontend\src\main\services\VectorStore.ts:27:10)
          at SnippetManager.processVectorGenerationQueue (D:\OpenSource\SnippetBox\frontend\src\main\services\SnippetManager.ts:406:34)
          at SnippetManager.generateVectorForSnippet (D:\OpenSource\SnippetBox\frontend\src\main\services\SnippetManager.ts:388:10)
          at SnippetManager.createSnippet (D:\OpenSource\SnippetBox\frontend\src\main\services\SnippetManager.ts:72:12)
          at processTicksAndRejections (node:internal/process/task_queues:105:5)
          at D:\OpenSource\SnippetBox\frontend\tests\property\SnippetProperty.test.ts:144:31
          at AsyncProperty.run (D:\OpenSource\SnippetBox\frontend\node_modules\fast-check\lib\cjs\fast-check.js:1208:19)
          at asyncRunIt (D:\OpenSource\SnippetBox\frontend\node_modules\fast-check\lib\cjs\fast-check.js:2503:15)
          at Object.<anonymous> (D:\OpenSource\SnippetBox\frontend\tests\property\SnippetProperty.test.ts:106:7)

    [0m [90m 407 |[39m           console[33m.[39mlog([32m`Generated vector for snippet: ${snippetId}`[39m)[33m;[39m
     [90m 408 |[39m         } [36mcatch[39m (error) {
    [31m[1m>[22m[39m[90m 409 |[39m           console[33m.[39merror([32m`Failed to generate vector for snippet ${snippetId}:`[3
9m[33m,[39m error)[33m;[39m
     [90m     |[39m                   [31m[1m^[22m[39m
     [90m 410 |[39m         }
     [90m 411 |[39m       }
     [90m 412 |[39m     } [36mfinally[39m {[0m

      at SnippetManager.processVectorGenerationQueue (src/main/services/SnippetManager.ts:409:19)

    console.error
      Failed to generate vector for snippet snippet-wyn0i9why: TypeError: dbManager.getDb is not a function
          at VectorStore.initialize (D:\OpenSource\SnippetBox\frontend\src\main\services\VectorStore.ts:21:26)
          at VectorStore.addVector (D:\OpenSource\SnippetBox\frontend\src\main\services\VectorStore.ts:27:10)
          at SnippetManager.processVectorGenerationQueue (D:\OpenSource\SnippetBox\frontend\src\main\services\SnippetManager.ts:406:34)
          at SnippetManager.generateVectorForSnippet (D:\OpenSource\SnippetBox\frontend\src\main\services\SnippetManager.ts:388:10)
          at SnippetManager.createSnippet (D:\OpenSource\SnippetBox\frontend\src\main\services\SnippetManager.ts:72:12)
          at processTicksAndRejections (node:internal/process/task_queues:105:5)
          at D:\OpenSource\SnippetBox\frontend\tests\property\SnippetProperty.test.ts:144:31
          at AsyncProperty.run (D:\OpenSource\SnippetBox\frontend\node_modules\fast-check\lib\cjs\fast-check.js:1208:19)
          at asyncRunIt (D:\OpenSource\SnippetBox\frontend\node_modules\fast-check\lib\cjs\fast-check.js:2503:15)
          at Object.<anonymous> (D:\OpenSource\SnippetBox\frontend\tests\property\SnippetProperty.test.ts:106:7)

    [0m [90m 407 |[39m           console[33m.[39mlog([32m`Generated vector for snippet: ${snippetId}`[39m)[33m;[39m
     [90m 408 |[39m         } [36mcatch[39m (error) {
    [31m[1m>[22m[39m[90m 409 |[39m           console[33m.[39merror([32m`Failed to generate vector for snippet ${snippetId}:`[3
9m[33m,[39m error)[33m;[39m
     [90m     |[39m                   [31m[1m^[22m[39m
     [90m 410 |[39m         }
     [90m 411 |[39m       }
     [90m 412 |[39m     } [36mfinally[39m {[0m

      at SnippetManager.processVectorGenerationQueue (src/main/services/SnippetManager.ts:409:19)

    console.error
      Failed to generate vector for snippet snippet-i39oehwry: TypeError: dbManager.getDb is not a function
          at VectorStore.initialize (D:\OpenSource\SnippetBox\frontend\src\main\services\VectorStore.ts:21:26)
          at VectorStore.addVector (D:\OpenSource\SnippetBox\frontend\src\main\services\VectorStore.ts:27:10)
          at SnippetManager.processVectorGenerationQueue (D:\OpenSource\SnippetBox\frontend\src\main\services\SnippetManager.ts:406:34)
          at SnippetManager.generateVectorForSnippet (D:\OpenSource\SnippetBox\frontend\src\main\services\SnippetManager.ts:388:10)
          at SnippetManager.createSnippet (D:\OpenSource\SnippetBox\frontend\src\main\services\SnippetManager.ts:72:12)
          at processTicksAndRejections (node:internal/process/task_queues:105:5)
          at D:\OpenSource\SnippetBox\frontend\tests\property\SnippetProperty.test.ts:144:31
          at AsyncProperty.run (D:\OpenSource\SnippetBox\frontend\node_modules\fast-check\lib\cjs\fast-check.js:1208:19)
          at asyncRunIt (D:\OpenSource\SnippetBox\frontend\node_modules\fast-check\lib\cjs\fast-check.js:2503:15)
          at Object.<anonymous> (D:\OpenSource\SnippetBox\frontend\tests\property\SnippetProperty.test.ts:106:7)

    [0m [90m 407 |[39m           console[33m.[39mlog([32m`Generated vector for snippet: ${snippetId}`[39m)[33m;[39m
     [90m 408 |[39m         } [36mcatch[39m (error) {
    [31m[1m>[22m[39m[90m 409 |[39m           console[33m.[39merror([32m`Failed to generate vector for snippet ${snippetId}:`[3
9m[33m,[39m error)[33m;[39m
     [90m     |[39m                   [31m[1m^[22m[39m
     [90m 410 |[39m         }
     [90m 411 |[39m       }
     [90m 412 |[39m     } [36mfinally[39m {[0m

      at SnippetManager.processVectorGenerationQueue (src/main/services/SnippetManager.ts:409:19)

    console.error
      Failed to generate vector for snippet snippet-v39q0g5v9: TypeError: dbManager.getDb is not a function
          at VectorStore.initialize (D:\OpenSource\SnippetBox\frontend\src\main\services\VectorStore.ts:21:26)
          at VectorStore.addVector (D:\OpenSource\SnippetBox\frontend\src\main\services\VectorStore.ts:27:10)
          at SnippetManager.processVectorGenerationQueue (D:\OpenSource\SnippetBox\frontend\src\main\services\SnippetManager.ts:406:34)
          at SnippetManager.generateVectorForSnippet (D:\OpenSource\SnippetBox\frontend\src\main\services\SnippetManager.ts:388:10)
          at SnippetManager.createSnippet (D:\OpenSource\SnippetBox\frontend\src\main\services\SnippetManager.ts:72:12)
          at processTicksAndRejections (node:internal/process/task_queues:105:5)
          at D:\OpenSource\SnippetBox\frontend\tests\property\SnippetProperty.test.ts:144:31
          at AsyncProperty.run (D:\OpenSource\SnippetBox\frontend\node_modules\fast-check\lib\cjs\fast-check.js:1208:19)
          at asyncRunIt (D:\OpenSource\SnippetBox\frontend\node_modules\fast-check\lib\cjs\fast-check.js:2503:15)
          at Object.<anonymous> (D:\OpenSource\SnippetBox\frontend\tests\property\SnippetProperty.test.ts:106:7)

    [0m [90m 407 |[39m           console[33m.[39mlog([32m`Generated vector for snippet: ${snippetId}`[39m)[33m;[39m
     [90m 408 |[39m         } [36mcatch[39m (error) {
    [31m[1m>[22m[39m[90m 409 |[39m           console[33m.[39merror([32m`Failed to generate vector for snippet ${snippetId}:`[3
9m[33m,[39m error)[33m;[39m
     [90m     |[39m                   [31m[1m^[22m[39m
     [90m 410 |[39m         }
     [90m 411 |[39m       }
     [90m 412 |[39m     } [36mfinally[39m {[0m

      at SnippetManager.processVectorGenerationQueue (src/main/services/SnippetManager.ts:409:19)

    console.error
      Failed to generate vector for snippet snippet-vorsuhf2n: TypeError: dbManager.getDb is not a function
          at VectorStore.initialize (D:\OpenSource\SnippetBox\frontend\src\main\services\VectorStore.ts:21:26)
          at VectorStore.addVector (D:\OpenSource\SnippetBox\frontend\src\main\services\VectorStore.ts:27:10)
          at SnippetManager.processVectorGenerationQueue (D:\OpenSource\SnippetBox\frontend\src\main\services\SnippetManager.ts:406:34)
          at SnippetManager.generateVectorForSnippet (D:\OpenSource\SnippetBox\frontend\src\main\services\SnippetManager.ts:388:10)
          at SnippetManager.createSnippet (D:\OpenSource\SnippetBox\frontend\src\main\services\SnippetManager.ts:72:12)
          at processTicksAndRejections (node:internal/process/task_queues:105:5)
          at D:\OpenSource\SnippetBox\frontend\tests\property\SnippetProperty.test.ts:144:31
          at AsyncProperty.run (D:\OpenSource\SnippetBox\frontend\node_modules\fast-check\lib\cjs\fast-check.js:1208:19)
          at asyncRunIt (D:\OpenSource\SnippetBox\frontend\node_modules\fast-check\lib\cjs\fast-check.js:2503:15)
          at Object.<anonymous> (D:\OpenSource\SnippetBox\frontend\tests\property\SnippetProperty.test.ts:106:7)

    [0m [90m 407 |[39m           console[33m.[39mlog([32m`Generated vector for snippet: ${snippetId}`[39m)[33m;[39m
     [90m 408 |[39m         } [36mcatch[39m (error) {
    [31m[1m>[22m[39m[90m 409 |[39m           console[33m.[39merror([32m`Failed to generate vector for snippet ${snippetId}:`[3
9m[33m,[39m error)[33m;[39m
     [90m     |[39m                   [31m[1m^[22m[39m
     [90m 410 |[39m         }
     [90m 411 |[39m       }
     [90m 412 |[39m     } [36mfinally[39m {[0m

      at SnippetManager.processVectorGenerationQueue (src/main/services/SnippetManager.ts:409:19)

    console.error
      Failed to generate vector for snippet snippet-0nn1ssyvj: TypeError: dbManager.getDb is not a function
          at VectorStore.initialize (D:\OpenSource\SnippetBox\frontend\src\main\services\VectorStore.ts:21:26)
          at VectorStore.addVector (D:\OpenSource\SnippetBox\frontend\src\main\services\VectorStore.ts:27:10)
          at SnippetManager.processVectorGenerationQueue (D:\OpenSource\SnippetBox\frontend\src\main\services\SnippetManager.ts:406:34)
          at SnippetManager.generateVectorForSnippet (D:\OpenSource\SnippetBox\frontend\src\main\services\SnippetManager.ts:388:10)
          at SnippetManager.createSnippet (D:\OpenSource\SnippetBox\frontend\src\main\services\SnippetManager.ts:72:12)
          at processTicksAndRejections (node:internal/process/task_queues:105:5)
          at D:\OpenSource\SnippetBox\frontend\tests\property\SnippetProperty.test.ts:144:31
          at AsyncProperty.run (D:\OpenSource\SnippetBox\frontend\node_modules\fast-check\lib\cjs\fast-check.js:1208:19)
          at asyncRunIt (D:\OpenSource\SnippetBox\frontend\node_modules\fast-check\lib\cjs\fast-check.js:2503:15)
          at Object.<anonymous> (D:\OpenSource\SnippetBox\frontend\tests\property\SnippetProperty.test.ts:106:7)

    [0m [90m 407 |[39m           console[33m.[39mlog([32m`Generated vector for snippet: ${snippetId}`[39m)[33m;[39m
     [90m 408 |[39m         } [36mcatch[39m (error) {
    [31m[1m>[22m[39m[90m 409 |[39m           console[33m.[39merror([32m`Failed to generate vector for snippet ${snippetId}:`[3
9m[33m,[39m error)[33m;[39m
     [90m     |[39m                   [31m[1m^[22m[39m
     [90m 410 |[39m         }
     [90m 411 |[39m       }
     [90m 412 |[39m     } [36mfinally[39m {[0m

      at SnippetManager.processVectorGenerationQueue (src/main/services/SnippetManager.ts:409:19)

    console.error
      Failed to generate vector for snippet snippet-pcwdoaln5: TypeError: dbManager.getDb is not a function
          at VectorStore.initialize (D:\OpenSource\SnippetBox\frontend\src\main\services\VectorStore.ts:21:26)
          at VectorStore.addVector (D:\OpenSource\SnippetBox\frontend\src\main\services\VectorStore.ts:27:10)
          at SnippetManager.processVectorGenerationQueue (D:\OpenSource\SnippetBox\frontend\src\main\services\SnippetManager.ts:406:34)
          at SnippetManager.generateVectorForSnippet (D:\OpenSource\SnippetBox\frontend\src\main\services\SnippetManager.ts:388:10)
          at SnippetManager.createSnippet (D:\OpenSource\SnippetBox\frontend\src\main\services\SnippetManager.ts:72:12)
          at processTicksAndRejections (node:internal/process/task_queues:105:5)
          at D:\OpenSource\SnippetBox\frontend\tests\property\SnippetProperty.test.ts:144:31
          at AsyncProperty.run (D:\OpenSource\SnippetBox\frontend\node_modules\fast-check\lib\cjs\fast-check.js:1208:19)
          at asyncRunIt (D:\OpenSource\SnippetBox\frontend\node_modules\fast-check\lib\cjs\fast-check.js:2503:15)
          at Object.<anonymous> (D:\OpenSource\SnippetBox\frontend\tests\property\SnippetProperty.test.ts:106:7)

    [0m [90m 407 |[39m           console[33m.[39mlog([32m`Generated vector for snippet: ${snippetId}`[39m)[33m;[39m
     [90m 408 |[39m         } [36mcatch[39m (error) {
    [31m[1m>[22m[39m[90m 409 |[39m           console[33m.[39merror([32m`Failed to generate vector for snippet ${snippetId}:`[3
9m[33m,[39m error)[33m;[39m
     [90m     |[39m                   [31m[1m^[22m[39m
     [90m 410 |[39m         }
     [90m 411 |[39m       }
     [90m 412 |[39m     } [36mfinally[39m {[0m

      at SnippetManager.processVectorGenerationQueue (src/main/services/SnippetManager.ts:409:19)

    console.error
      Failed to generate vector for snippet snippet-ljuaav631: TypeError: dbManager.getDb is not a function
          at VectorStore.initialize (D:\OpenSource\SnippetBox\frontend\src\main\services\VectorStore.ts:21:26)
          at VectorStore.addVector (D:\OpenSource\SnippetBox\frontend\src\main\services\VectorStore.ts:27:10)
          at SnippetManager.processVectorGenerationQueue (D:\OpenSource\SnippetBox\frontend\src\main\services\SnippetManager.ts:406:34)
          at SnippetManager.generateVectorForSnippet (D:\OpenSource\SnippetBox\frontend\src\main\services\SnippetManager.ts:388:10)
          at SnippetManager.createSnippet (D:\OpenSource\SnippetBox\frontend\src\main\services\SnippetManager.ts:72:12)
          at processTicksAndRejections (node:internal/process/task_queues:105:5)
          at D:\OpenSource\SnippetBox\frontend\tests\property\SnippetProperty.test.ts:144:31
          at AsyncProperty.run (D:\OpenSource\SnippetBox\frontend\node_modules\fast-check\lib\cjs\fast-check.js:1208:19)
          at asyncRunIt (D:\OpenSource\SnippetBox\frontend\node_modules\fast-check\lib\cjs\fast-check.js:2503:15)
          at Object.<anonymous> (D:\OpenSource\SnippetBox\frontend\tests\property\SnippetProperty.test.ts:106:7)

    [0m [90m 407 |[39m           console[33m.[39mlog([32m`Generated vector for snippet: ${snippetId}`[39m)[33m;[39m
     [90m 408 |[39m         } [36mcatch[39m (error) {
    [31m[1m>[22m[39m[90m 409 |[39m           console[33m.[39merror([32m`Failed to generate vector for snippet ${snippetId}:`[3
9m[33m,[39m error)[33m;[39m
     [90m     |[39m                   [31m[1m^[22m[39m
     [90m 410 |[39m         }
     [90m 411 |[39m       }
     [90m 412 |[39m     } [36mfinally[39m {[0m

      at SnippetManager.processVectorGenerationQueue (src/main/services/SnippetManager.ts:409:19)

    console.error
      Failed to generate vector for snippet snippet-l90bdp0q9: TypeError: dbManager.getDb is not a function
          at VectorStore.initialize (D:\OpenSource\SnippetBox\frontend\src\main\services\VectorStore.ts:21:26)
          at VectorStore.addVector (D:\OpenSource\SnippetBox\frontend\src\main\services\VectorStore.ts:27:10)
          at SnippetManager.processVectorGenerationQueue (D:\OpenSource\SnippetBox\frontend\src\main\services\SnippetManager.ts:406:34)
          at SnippetManager.generateVectorForSnippet (D:\OpenSource\SnippetBox\frontend\src\main\services\SnippetManager.ts:388:10)
          at SnippetManager.createSnippet (D:\OpenSource\SnippetBox\frontend\src\main\services\SnippetManager.ts:72:12)
          at processTicksAndRejections (node:internal/process/task_queues:105:5)
          at D:\OpenSource\SnippetBox\frontend\tests\property\SnippetProperty.test.ts:144:31
          at AsyncProperty.run (D:\OpenSource\SnippetBox\frontend\node_modules\fast-check\lib\cjs\fast-check.js:1208:19)
          at asyncRunIt (D:\OpenSource\SnippetBox\frontend\node_modules\fast-check\lib\cjs\fast-check.js:2503:15)
          at Object.<anonymous> (D:\OpenSource\SnippetBox\frontend\tests\property\SnippetProperty.test.ts:106:7)

    [0m [90m 407 |[39m           console[33m.[39mlog([32m`Generated vector for snippet: ${snippetId}`[39m)[33m;[39m
     [90m 408 |[39m         } [36mcatch[39m (error) {
    [31m[1m>[22m[39m[90m 409 |[39m           console[33m.[39merror([32m`Failed to generate vector for snippet ${snippetId}:`[3
9m[33m,[39m error)[33m;[39m
     [90m     |[39m                   [31m[1m^[22m[39m
     [90m 410 |[39m         }
     [90m 411 |[39m       }
     [90m 412 |[39m     } [36mfinally[39m {[0m

      at SnippetManager.processVectorGenerationQueue (src/main/services/SnippetManager.ts:409:19)

    console.error
      Failed to generate vector for snippet snippet-9fe8kbjad: TypeError: dbManager.getDb is not a function
          at VectorStore.initialize (D:\OpenSource\SnippetBox\frontend\src\main\services\VectorStore.ts:21:26)
          at VectorStore.addVector (D:\OpenSource\SnippetBox\frontend\src\main\services\VectorStore.ts:27:10)
          at SnippetManager.processVectorGenerationQueue (D:\OpenSource\SnippetBox\frontend\src\main\services\SnippetManager.ts:406:34)
          at SnippetManager.generateVectorForSnippet (D:\OpenSource\SnippetBox\frontend\src\main\services\SnippetManager.ts:388:10)
          at SnippetManager.createSnippet (D:\OpenSource\SnippetBox\frontend\src\main\services\SnippetManager.ts:72:12)
          at processTicksAndRejections (node:internal/process/task_queues:105:5)
          at D:\OpenSource\SnippetBox\frontend\tests\property\SnippetProperty.test.ts:144:31
          at AsyncProperty.run (D:\OpenSource\SnippetBox\frontend\node_modules\fast-check\lib\cjs\fast-check.js:1208:19)
          at asyncRunIt (D:\OpenSource\SnippetBox\frontend\node_modules\fast-check\lib\cjs\fast-check.js:2503:15)
          at Object.<anonymous> (D:\OpenSource\SnippetBox\frontend\tests\property\SnippetProperty.test.ts:106:7)

    [0m [90m 407 |[39m           console[33m.[39mlog([32m`Generated vector for snippet: ${snippetId}`[39m)[33m;[39m
     [90m 408 |[39m         } [36mcatch[39m (error) {
    [31m[1m>[22m[39m[90m 409 |[39m           console[33m.[39merror([32m`Failed to generate vector for snippet ${snippetId}:`[3
9m[33m,[39m error)[33m;[39m
     [90m     |[39m                   [31m[1m^[22m[39m
     [90m 410 |[39m         }
     [90m 411 |[39m       }
     [90m 412 |[39m     } [36mfinally[39m {[0m

      at SnippetManager.processVectorGenerationQueue (src/main/services/SnippetManager.ts:409:19)

    console.error
      Failed to generate vector for snippet snippet-107f36n36: TypeError: dbManager.getDb is not a function
          at VectorStore.initialize (D:\OpenSource\SnippetBox\frontend\src\main\services\VectorStore.ts:21:26)
          at VectorStore.addVector (D:\OpenSource\SnippetBox\frontend\src\main\services\VectorStore.ts:27:10)
          at SnippetManager.processVectorGenerationQueue (D:\OpenSource\SnippetBox\frontend\src\main\services\SnippetManager.ts:406:34)
          at SnippetManager.generateVectorForSnippet (D:\OpenSource\SnippetBox\frontend\src\main\services\SnippetManager.ts:388:10)
          at SnippetManager.createSnippet (D:\OpenSource\SnippetBox\frontend\src\main\services\SnippetManager.ts:72:12)
          at processTicksAndRejections (node:internal/process/task_queues:105:5)
          at D:\OpenSource\SnippetBox\frontend\tests\property\SnippetProperty.test.ts:144:31
          at AsyncProperty.run (D:\OpenSource\SnippetBox\frontend\node_modules\fast-check\lib\cjs\fast-check.js:1208:19)
          at asyncRunIt (D:\OpenSource\SnippetBox\frontend\node_modules\fast-check\lib\cjs\fast-check.js:2503:15)
          at Object.<anonymous> (D:\OpenSource\SnippetBox\frontend\tests\property\SnippetProperty.test.ts:106:7)

    [0m [90m 407 |[39m           console[33m.[39mlog([32m`Generated vector for snippet: ${snippetId}`[39m)[33m;[39m
     [90m 408 |[39m         } [36mcatch[39m (error) {
    [31m[1m>[22m[39m[90m 409 |[39m           console[33m.[39merror([32m`Failed to generate vector for snippet ${snippetId}:`[3
9m[33m,[39m error)[33m;[39m
     [90m     |[39m                   [31m[1m^[22m[39m
     [90m 410 |[39m         }
     [90m 411 |[39m       }
     [90m 412 |[39m     } [36mfinally[39m {[0m

      at SnippetManager.processVectorGenerationQueue (src/main/services/SnippetManager.ts:409:19)

    console.error
      Failed to generate vector for snippet snippet-49fiqtul0: TypeError: dbManager.getDb is not a function
          at VectorStore.initialize (D:\OpenSource\SnippetBox\frontend\src\main\services\VectorStore.ts:21:26)
          at VectorStore.addVector (D:\OpenSource\SnippetBox\frontend\src\main\services\VectorStore.ts:27:10)
          at SnippetManager.processVectorGenerationQueue (D:\OpenSource\SnippetBox\frontend\src\main\services\SnippetManager.ts:406:34)
          at SnippetManager.generateVectorForSnippet (D:\OpenSource\SnippetBox\frontend\src\main\services\SnippetManager.ts:388:10)
          at SnippetManager.createSnippet (D:\OpenSource\SnippetBox\frontend\src\main\services\SnippetManager.ts:72:12)
          at processTicksAndRejections (node:internal/process/task_queues:105:5)
          at D:\OpenSource\SnippetBox\frontend\tests\property\SnippetProperty.test.ts:144:31
          at AsyncProperty.run (D:\OpenSource\SnippetBox\frontend\node_modules\fast-check\lib\cjs\fast-check.js:1208:19)
          at asyncRunIt (D:\OpenSource\SnippetBox\frontend\node_modules\fast-check\lib\cjs\fast-check.js:2503:15)
          at Object.<anonymous> (D:\OpenSource\SnippetBox\frontend\tests\property\SnippetProperty.test.ts:106:7)

    [0m [90m 407 |[39m           console[33m.[39mlog([32m`Generated vector for snippet: ${snippetId}`[39m)[33m;[39m
     [90m 408 |[39m         } [36mcatch[39m (error) {
    [31m[1m>[22m[39m[90m 409 |[39m           console[33m.[39merror([32m`Failed to generate vector for snippet ${snippetId}:`[3
9m[33m,[39m error)[33m;[39m
     [90m     |[39m                   [31m[1m^[22m[39m
     [90m 410 |[39m         }
     [90m 411 |[39m       }
     [90m 412 |[39m     } [36mfinally[39m {[0m

      at SnippetManager.processVectorGenerationQueue (src/main/services/SnippetManager.ts:409:19)

    console.error
      Failed to generate vector for snippet snippet-0lf0j1ecq: TypeError: dbManager.getDb is not a function
          at VectorStore.initialize (D:\OpenSource\SnippetBox\frontend\src\main\services\VectorStore.ts:21:26)
          at VectorStore.addVector (D:\OpenSource\SnippetBox\frontend\src\main\services\VectorStore.ts:27:10)
          at SnippetManager.processVectorGenerationQueue (D:\OpenSource\SnippetBox\frontend\src\main\services\SnippetManager.ts:406:34)
          at SnippetManager.generateVectorForSnippet (D:\OpenSource\SnippetBox\frontend\src\main\services\SnippetManager.ts:388:10)
          at SnippetManager.createSnippet (D:\OpenSource\SnippetBox\frontend\src\main\services\SnippetManager.ts:72:12)
          at processTicksAndRejections (node:internal/process/task_queues:105:5)
          at D:\OpenSource\SnippetBox\frontend\tests\property\SnippetProperty.test.ts:144:31
          at AsyncProperty.run (D:\OpenSource\SnippetBox\frontend\node_modules\fast-check\lib\cjs\fast-check.js:1208:19)
          at asyncRunIt (D:\OpenSource\SnippetBox\frontend\node_modules\fast-check\lib\cjs\fast-check.js:2503:15)
          at Object.<anonymous> (D:\OpenSource\SnippetBox\frontend\tests\property\SnippetProperty.test.ts:106:7)

    [0m [90m 407 |[39m           console[33m.[39mlog([32m`Generated vector for snippet: ${snippetId}`[39m)[33m;[39m
     [90m 408 |[39m         } [36mcatch[39m (error) {
    [31m[1m>[22m[39m[90m 409 |[39m           console[33m.[39merror([32m`Failed to generate vector for snippet ${snippetId}:`[3
9m[33m,[39m error)[33m;[39m
     [90m     |[39m                   [31m[1m^[22m[39m
     [90m 410 |[39m         }
     [90m 411 |[39m       }
     [90m 412 |[39m     } [36mfinally[39m {[0m

      at SnippetManager.processVectorGenerationQueue (src/main/services/SnippetManager.ts:409:19)

    console.error
      Failed to generate vector for snippet snippet-7qgw2y2lr: TypeError: dbManager.getDb is not a function
          at VectorStore.initialize (D:\OpenSource\SnippetBox\frontend\src\main\services\VectorStore.ts:21:26)
          at VectorStore.addVector (D:\OpenSource\SnippetBox\frontend\src\main\services\VectorStore.ts:27:10)
          at SnippetManager.processVectorGenerationQueue (D:\OpenSource\SnippetBox\frontend\src\main\services\SnippetManager.ts:406:34)
          at SnippetManager.generateVectorForSnippet (D:\OpenSource\SnippetBox\frontend\src\main\services\SnippetManager.ts:388:10)
          at SnippetManager.createSnippet (D:\OpenSource\SnippetBox\frontend\src\main\services\SnippetManager.ts:72:12)
          at processTicksAndRejections (node:internal/process/task_queues:105:5)
          at D:\OpenSource\SnippetBox\frontend\tests\property\SnippetProperty.test.ts:144:31
          at AsyncProperty.run (D:\OpenSource\SnippetBox\frontend\node_modules\fast-check\lib\cjs\fast-check.js:1208:19)
          at asyncRunIt (D:\OpenSource\SnippetBox\frontend\node_modules\fast-check\lib\cjs\fast-check.js:2503:15)
          at Object.<anonymous> (D:\OpenSource\SnippetBox\frontend\tests\property\SnippetProperty.test.ts:106:7)

    [0m [90m 407 |[39m           console[33m.[39mlog([32m`Generated vector for snippet: ${snippetId}`[39m)[33m;[39m
     [90m 408 |[39m         } [36mcatch[39m (error) {
    [31m[1m>[22m[39m[90m 409 |[39m           console[33m.[39merror([32m`Failed to generate vector for snippet ${snippetId}:`[3
9m[33m,[39m error)[33m;[39m
     [90m     |[39m                   [31m[1m^[22m[39m
     [90m 410 |[39m         }
     [90m 411 |[39m       }
     [90m 412 |[39m     } [36mfinally[39m {[0m

      at SnippetManager.processVectorGenerationQueue (src/main/services/SnippetManager.ts:409:19)

    console.error
      Failed to generate vector for snippet snippet-auoyzijb0: TypeError: dbManager.getDb is not a function
          at VectorStore.initialize (D:\OpenSource\SnippetBox\frontend\src\main\services\VectorStore.ts:21:26)
          at VectorStore.addVector (D:\OpenSource\SnippetBox\frontend\src\main\services\VectorStore.ts:27:10)
          at SnippetManager.processVectorGenerationQueue (D:\OpenSource\SnippetBox\frontend\src\main\services\SnippetManager.ts:406:34)
          at SnippetManager.generateVectorForSnippet (D:\OpenSource\SnippetBox\frontend\src\main\services\SnippetManager.ts:388:10)
          at SnippetManager.createSnippet (D:\OpenSource\SnippetBox\frontend\src\main\services\SnippetManager.ts:72:12)
          at processTicksAndRejections (node:internal/process/task_queues:105:5)
          at D:\OpenSource\SnippetBox\frontend\tests\property\SnippetProperty.test.ts:144:31
          at AsyncProperty.run (D:\OpenSource\SnippetBox\frontend\node_modules\fast-check\lib\cjs\fast-check.js:1208:19)
          at asyncRunIt (D:\OpenSource\SnippetBox\frontend\node_modules\fast-check\lib\cjs\fast-check.js:2503:15)
          at Object.<anonymous> (D:\OpenSource\SnippetBox\frontend\tests\property\SnippetProperty.test.ts:106:7)

    [0m [90m 407 |[39m           console[33m.[39mlog([32m`Generated vector for snippet: ${snippetId}`[39m)[33m;[39m
     [90m 408 |[39m         } [36mcatch[39m (error) {
    [31m[1m>[22m[39m[90m 409 |[39m           console[33m.[39merror([32m`Failed to generate vector for snippet ${snippetId}:`[3
9m[33m,[39m error)[33m;[39m
     [90m     |[39m                   [31m[1m^[22m[39m
     [90m 410 |[39m         }
     [90m 411 |[39m       }
     [90m 412 |[39m     } [36mfinally[39m {[0m

      at SnippetManager.processVectorGenerationQueue (src/main/services/SnippetManager.ts:409:19)

    console.error
      Failed to generate vector for snippet snippet-c7e03oq74: TypeError: dbManager.getDb is not a function
          at VectorStore.initialize (D:\OpenSource\SnippetBox\frontend\src\main\services\VectorStore.ts:21:26)
          at VectorStore.addVector (D:\OpenSource\SnippetBox\frontend\src\main\services\VectorStore.ts:27:10)
          at SnippetManager.processVectorGenerationQueue (D:\OpenSource\SnippetBox\frontend\src\main\services\SnippetManager.ts:406:34)
          at SnippetManager.generateVectorForSnippet (D:\OpenSource\SnippetBox\frontend\src\main\services\SnippetManager.ts:388:10)
          at SnippetManager.createSnippet (D:\OpenSource\SnippetBox\frontend\src\main\services\SnippetManager.ts:72:12)
          at processTicksAndRejections (node:internal/process/task_queues:105:5)
          at D:\OpenSource\SnippetBox\frontend\tests\property\SnippetProperty.test.ts:144:31
          at AsyncProperty.run (D:\OpenSource\SnippetBox\frontend\node_modules\fast-check\lib\cjs\fast-check.js:1208:19)
          at asyncRunIt (D:\OpenSource\SnippetBox\frontend\node_modules\fast-check\lib\cjs\fast-check.js:2503:15)
          at Object.<anonymous> (D:\OpenSource\SnippetBox\frontend\tests\property\SnippetProperty.test.ts:106:7)

    [0m [90m 407 |[39m           console[33m.[39mlog([32m`Generated vector for snippet: ${snippetId}`[39m)[33m;[39m
     [90m 408 |[39m         } [36mcatch[39m (error) {
    [31m[1m>[22m[39m[90m 409 |[39m           console[33m.[39merror([32m`Failed to generate vector for snippet ${snippetId}:`[3
9m[33m,[39m error)[33m;[39m
     [90m     |[39m                   [31m[1m^[22m[39m
     [90m 410 |[39m         }
     [90m 411 |[39m       }
     [90m 412 |[39m     } [36mfinally[39m {[0m

      at SnippetManager.processVectorGenerationQueue (src/main/services/SnippetManager.ts:409:19)

    console.error
      Failed to generate vector for snippet snippet-1bj7hubzp: TypeError: dbManager.getDb is not a function
          at VectorStore.initialize (D:\OpenSource\SnippetBox\frontend\src\main\services\VectorStore.ts:21:26)
          at VectorStore.addVector (D:\OpenSource\SnippetBox\frontend\src\main\services\VectorStore.ts:27:10)
          at SnippetManager.processVectorGenerationQueue (D:\OpenSource\SnippetBox\frontend\src\main\services\SnippetManager.ts:406:34)
          at SnippetManager.generateVectorForSnippet (D:\OpenSource\SnippetBox\frontend\src\main\services\SnippetManager.ts:388:10)
          at SnippetManager.createSnippet (D:\OpenSource\SnippetBox\frontend\src\main\services\SnippetManager.ts:72:12)
          at processTicksAndRejections (node:internal/process/task_queues:105:5)
          at D:\OpenSource\SnippetBox\frontend\tests\property\SnippetProperty.test.ts:144:31
          at AsyncProperty.run (D:\OpenSource\SnippetBox\frontend\node_modules\fast-check\lib\cjs\fast-check.js:1208:19)
          at asyncRunIt (D:\OpenSource\SnippetBox\frontend\node_modules\fast-check\lib\cjs\fast-check.js:2503:15)
          at Object.<anonymous> (D:\OpenSource\SnippetBox\frontend\tests\property\SnippetProperty.test.ts:106:7)

    [0m [90m 407 |[39m           console[33m.[39mlog([32m`Generated vector for snippet: ${snippetId}`[39m)[33m;[39m
     [90m 408 |[39m         } [36mcatch[39m (error) {
    [31m[1m>[22m[39m[90m 409 |[39m           console[33m.[39merror([32m`Failed to generate vector for snippet ${snippetId}:`[3
9m[33m,[39m error)[33m;[39m
     [90m     |[39m                   [31m[1m^[22m[39m
     [90m 410 |[39m         }
     [90m 411 |[39m       }
     [90m 412 |[39m     } [36mfinally[39m {[0m

      at SnippetManager.processVectorGenerationQueue (src/main/services/SnippetManager.ts:409:19)

    console.error
      Failed to generate vector for snippet snippet-9dqii2b6t: TypeError: dbManager.getDb is not a function
          at VectorStore.initialize (D:\OpenSource\SnippetBox\frontend\src\main\services\VectorStore.ts:21:26)
          at VectorStore.addVector (D:\OpenSource\SnippetBox\frontend\src\main\services\VectorStore.ts:27:10)
          at SnippetManager.processVectorGenerationQueue (D:\OpenSource\SnippetBox\frontend\src\main\services\SnippetManager.ts:406:34)
          at SnippetManager.generateVectorForSnippet (D:\OpenSource\SnippetBox\frontend\src\main\services\SnippetManager.ts:388:10)
          at SnippetManager.createSnippet (D:\OpenSource\SnippetBox\frontend\src\main\services\SnippetManager.ts:72:12)
          at processTicksAndRejections (node:internal/process/task_queues:105:5)
          at D:\OpenSource\SnippetBox\frontend\tests\property\SnippetProperty.test.ts:144:31
          at AsyncProperty.run (D:\OpenSource\SnippetBox\frontend\node_modules\fast-check\lib\cjs\fast-check.js:1208:19)
          at asyncRunIt (D:\OpenSource\SnippetBox\frontend\node_modules\fast-check\lib\cjs\fast-check.js:2503:15)
          at Object.<anonymous> (D:\OpenSource\SnippetBox\frontend\tests\property\SnippetProperty.test.ts:106:7)

    [0m [90m 407 |[39m           console[33m.[39mlog([32m`Generated vector for snippet: ${snippetId}`[39m)[33m;[39m
     [90m 408 |[39m         } [36mcatch[39m (error) {
    [31m[1m>[22m[39m[90m 409 |[39m           console[33m.[39merror([32m`Failed to generate vector for snippet ${snippetId}:`[3
9m[33m,[39m error)[33m;[39m
     [90m     |[39m                   [31m[1m^[22m[39m
     [90m 410 |[39m         }
     [90m 411 |[39m       }
     [90m 412 |[39m     } [36mfinally[39m {[0m

      at SnippetManager.processVectorGenerationQueue (src/main/services/SnippetManager.ts:409:19)

    console.error
      Failed to generate vector for snippet snippet-djzqy3t3w: TypeError: dbManager.getDb is not a function
          at VectorStore.initialize (D:\OpenSource\SnippetBox\frontend\src\main\services\VectorStore.ts:21:26)
          at VectorStore.addVector (D:\OpenSource\SnippetBox\frontend\src\main\services\VectorStore.ts:27:10)
          at SnippetManager.processVectorGenerationQueue (D:\OpenSource\SnippetBox\frontend\src\main\services\SnippetManager.ts:406:34)
          at SnippetManager.generateVectorForSnippet (D:\OpenSource\SnippetBox\frontend\src\main\services\SnippetManager.ts:388:10)
          at SnippetManager.createSnippet (D:\OpenSource\SnippetBox\frontend\src\main\services\SnippetManager.ts:72:12)
          at processTicksAndRejections (node:internal/process/task_queues:105:5)
          at D:\OpenSource\SnippetBox\frontend\tests\property\SnippetProperty.test.ts:144:31
          at AsyncProperty.run (D:\OpenSource\SnippetBox\frontend\node_modules\fast-check\lib\cjs\fast-check.js:1208:19)
          at asyncRunIt (D:\OpenSource\SnippetBox\frontend\node_modules\fast-check\lib\cjs\fast-check.js:2503:15)
          at Object.<anonymous> (D:\OpenSource\SnippetBox\frontend\tests\property\SnippetProperty.test.ts:106:7)

    [0m [90m 407 |[39m           console[33m.[39mlog([32m`Generated vector for snippet: ${snippetId}`[39m)[33m;[39m
     [90m 408 |[39m         } [36mcatch[39m (error) {
    [31m[1m>[22m[39m[90m 409 |[39m           console[33m.[39merror([32m`Failed to generate vector for snippet ${snippetId}:`[3
9m[33m,[39m error)[33m;[39m
     [90m     |[39m                   [31m[1m^[22m[39m
     [90m 410 |[39m         }
     [90m 411 |[39m       }
     [90m 412 |[39m     } [36mfinally[39m {[0m

      at SnippetManager.processVectorGenerationQueue (src/main/services/SnippetManager.ts:409:19)

    console.error
      Failed to generate vector for snippet snippet-pth45ntf6: TypeError: dbManager.getDb is not a function
          at VectorStore.initialize (D:\OpenSource\SnippetBox\frontend\src\main\services\VectorStore.ts:21:26)
          at VectorStore.addVector (D:\OpenSource\SnippetBox\frontend\src\main\services\VectorStore.ts:27:10)
          at SnippetManager.processVectorGenerationQueue (D:\OpenSource\SnippetBox\frontend\src\main\services\SnippetManager.ts:406:34)
          at SnippetManager.generateVectorForSnippet (D:\OpenSource\SnippetBox\frontend\src\main\services\SnippetManager.ts:388:10)
          at SnippetManager.createSnippet (D:\OpenSource\SnippetBox\frontend\src\main\services\SnippetManager.ts:72:12)
          at processTicksAndRejections (node:internal/process/task_queues:105:5)
          at D:\OpenSource\SnippetBox\frontend\tests\property\SnippetProperty.test.ts:144:31
          at AsyncProperty.run (D:\OpenSource\SnippetBox\frontend\node_modules\fast-check\lib\cjs\fast-check.js:1208:19)
          at asyncRunIt (D:\OpenSource\SnippetBox\frontend\node_modules\fast-check\lib\cjs\fast-check.js:2503:15)
          at Object.<anonymous> (D:\OpenSource\SnippetBox\frontend\tests\property\SnippetProperty.test.ts:106:7)

    [0m [90m 407 |[39m           console[33m.[39mlog([32m`Generated vector for snippet: ${snippetId}`[39m)[33m;[39m
     [90m 408 |[39m         } [36mcatch[39m (error) {
    [31m[1m>[22m[39m[90m 409 |[39m           console[33m.[39merror([32m`Failed to generate vector for snippet ${snippetId}:`[3
9m[33m,[39m error)[33m;[39m
     [90m     |[39m                   [31m[1m^[22m[39m
     [90m 410 |[39m         }
     [90m 411 |[39m       }
     [90m 412 |[39m     } [36mfinally[39m {[0m

      at SnippetManager.processVectorGenerationQueue (src/main/services/SnippetManager.ts:409:19)

    console.error
      Failed to generate vector for snippet snippet-draiq3mo7: TypeError: dbManager.getDb is not a function
          at VectorStore.initialize (D:\OpenSource\SnippetBox\frontend\src\main\services\VectorStore.ts:21:26)
          at VectorStore.addVector (D:\OpenSource\SnippetBox\frontend\src\main\services\VectorStore.ts:27:10)
          at SnippetManager.processVectorGenerationQueue (D:\OpenSource\SnippetBox\frontend\src\main\services\SnippetManager.ts:406:34)
          at SnippetManager.generateVectorForSnippet (D:\OpenSource\SnippetBox\frontend\src\main\services\SnippetManager.ts:388:10)
          at SnippetManager.createSnippet (D:\OpenSource\SnippetBox\frontend\src\main\services\SnippetManager.ts:72:12)
          at processTicksAndRejections (node:internal/process/task_queues:105:5)
          at D:\OpenSource\SnippetBox\frontend\tests\property\SnippetProperty.test.ts:144:31
          at AsyncProperty.run (D:\OpenSource\SnippetBox\frontend\node_modules\fast-check\lib\cjs\fast-check.js:1208:19)
          at asyncRunIt (D:\OpenSource\SnippetBox\frontend\node_modules\fast-check\lib\cjs\fast-check.js:2503:15)
          at Object.<anonymous> (D:\OpenSource\SnippetBox\frontend\tests\property\SnippetProperty.test.ts:106:7)

    [0m [90m 407 |[39m           console[33m.[39mlog([32m`Generated vector for snippet: ${snippetId}`[39m)[33m;[39m
     [90m 408 |[39m         } [36mcatch[39m (error) {
    [31m[1m>[22m[39m[90m 409 |[39m           console[33m.[39merror([32m`Failed to generate vector for snippet ${snippetId}:`[3
9m[33m,[39m error)[33m;[39m
     [90m     |[39m                   [31m[1m^[22m[39m
     [90m 410 |[39m         }
     [90m 411 |[39m       }
     [90m 412 |[39m     } [36mfinally[39m {[0m

      at SnippetManager.processVectorGenerationQueue (src/main/services/SnippetManager.ts:409:19)

    console.error
      Failed to generate vector for snippet snippet-p0dnshci2: TypeError: dbManager.getDb is not a function
          at VectorStore.initialize (D:\OpenSource\SnippetBox\frontend\src\main\services\VectorStore.ts:21:26)
          at VectorStore.addVector (D:\OpenSource\SnippetBox\frontend\src\main\services\VectorStore.ts:27:10)
          at SnippetManager.processVectorGenerationQueue (D:\OpenSource\SnippetBox\frontend\src\main\services\SnippetManager.ts:406:34)
          at SnippetManager.generateVectorForSnippet (D:\OpenSource\SnippetBox\frontend\src\main\services\SnippetManager.ts:388:10)
          at SnippetManager.createSnippet (D:\OpenSource\SnippetBox\frontend\src\main\services\SnippetManager.ts:72:12)
          at processTicksAndRejections (node:internal/process/task_queues:105:5)
          at D:\OpenSource\SnippetBox\frontend\tests\property\SnippetProperty.test.ts:144:31
          at AsyncProperty.run (D:\OpenSource\SnippetBox\frontend\node_modules\fast-check\lib\cjs\fast-check.js:1208:19)
          at asyncRunIt (D:\OpenSource\SnippetBox\frontend\node_modules\fast-check\lib\cjs\fast-check.js:2503:15)
          at Object.<anonymous> (D:\OpenSource\SnippetBox\frontend\tests\property\SnippetProperty.test.ts:106:7)

    [0m [90m 407 |[39m           console[33m.[39mlog([32m`Generated vector for snippet: ${snippetId}`[39m)[33m;[39m
     [90m 408 |[39m         } [36mcatch[39m (error) {
    [31m[1m>[22m[39m[90m 409 |[39m           console[33m.[39merror([32m`Failed to generate vector for snippet ${snippetId}:`[3
9m[33m,[39m error)[33m;[39m
     [90m     |[39m                   [31m[1m^[22m[39m
     [90m 410 |[39m         }
     [90m 411 |[39m       }
     [90m 412 |[39m     } [36mfinally[39m {[0m

      at SnippetManager.processVectorGenerationQueue (src/main/services/SnippetManager.ts:409:19)

    console.error
      Failed to generate vector for snippet snippet-zvowxu1ae: TypeError: dbManager.getDb is not a function
          at VectorStore.initialize (D:\OpenSource\SnippetBox\frontend\src\main\services\VectorStore.ts:21:26)
          at VectorStore.addVector (D:\OpenSource\SnippetBox\frontend\src\main\services\VectorStore.ts:27:10)
          at SnippetManager.processVectorGenerationQueue (D:\OpenSource\SnippetBox\frontend\src\main\services\SnippetManager.ts:406:34)
          at SnippetManager.generateVectorForSnippet (D:\OpenSource\SnippetBox\frontend\src\main\services\SnippetManager.ts:388:10)
          at SnippetManager.createSnippet (D:\OpenSource\SnippetBox\frontend\src\main\services\SnippetManager.ts:72:12)
          at processTicksAndRejections (node:internal/process/task_queues:105:5)
          at D:\OpenSource\SnippetBox\frontend\tests\property\SnippetProperty.test.ts:144:31
          at AsyncProperty.run (D:\OpenSource\SnippetBox\frontend\node_modules\fast-check\lib\cjs\fast-check.js:1208:19)
          at asyncRunIt (D:\OpenSource\SnippetBox\frontend\node_modules\fast-check\lib\cjs\fast-check.js:2503:15)
          at Object.<anonymous> (D:\OpenSource\SnippetBox\frontend\tests\property\SnippetProperty.test.ts:106:7)

    [0m [90m 407 |[39m           console[33m.[39mlog([32m`Generated vector for snippet: ${snippetId}`[39m)[33m;[39m
     [90m 408 |[39m         } [36mcatch[39m (error) {
    [31m[1m>[22m[39m[90m 409 |[39m           console[33m.[39merror([32m`Failed to generate vector for snippet ${snippetId}:`[3
9m[33m,[39m error)[33m;[39m
     [90m     |[39m                   [31m[1m^[22m[39m
     [90m 410 |[39m         }
     [90m 411 |[39m       }
     [90m 412 |[39m     } [36mfinally[39m {[0m

      at SnippetManager.processVectorGenerationQueue (src/main/services/SnippetManager.ts:409:19)

    console.error
      Failed to generate vector for snippet snippet-05s2plfd5: TypeError: dbManager.getDb is not a function
          at VectorStore.initialize (D:\OpenSource\SnippetBox\frontend\src\main\services\VectorStore.ts:21:26)
          at VectorStore.addVector (D:\OpenSource\SnippetBox\frontend\src\main\services\VectorStore.ts:27:10)
          at SnippetManager.processVectorGenerationQueue (D:\OpenSource\SnippetBox\frontend\src\main\services\SnippetManager.ts:406:34)
          at SnippetManager.generateVectorForSnippet (D:\OpenSource\SnippetBox\frontend\src\main\services\SnippetManager.ts:388:10)
          at SnippetManager.createSnippet (D:\OpenSource\SnippetBox\frontend\src\main\services\SnippetManager.ts:72:12)
          at processTicksAndRejections (node:internal/process/task_queues:105:5)
          at D:\OpenSource\SnippetBox\frontend\tests\property\SnippetProperty.test.ts:144:31
          at AsyncProperty.run (D:\OpenSource\SnippetBox\frontend\node_modules\fast-check\lib\cjs\fast-check.js:1208:19)
          at asyncRunIt (D:\OpenSource\SnippetBox\frontend\node_modules\fast-check\lib\cjs\fast-check.js:2503:15)
          at Object.<anonymous> (D:\OpenSource\SnippetBox\frontend\tests\property\SnippetProperty.test.ts:106:7)

    [0m [90m 407 |[39m           console[33m.[39mlog([32m`Generated vector for snippet: ${snippetId}`[39m)[33m;[39m
     [90m 408 |[39m         } [36mcatch[39m (error) {
    [31m[1m>[22m[39m[90m 409 |[39m           console[33m.[39merror([32m`Failed to generate vector for snippet ${snippetId}:`[3
9m[33m,[39m error)[33m;[39m
     [90m     |[39m                   [31m[1m^[22m[39m
     [90m 410 |[39m         }
     [90m 411 |[39m       }
     [90m 412 |[39m     } [36mfinally[39m {[0m

      at SnippetManager.processVectorGenerationQueue (src/main/services/SnippetManager.ts:409:19)

    console.error
      Failed to generate vector for snippet snippet-6mmhyuw95: TypeError: dbManager.getDb is not a function
          at VectorStore.initialize (D:\OpenSource\SnippetBox\frontend\src\main\services\VectorStore.ts:21:26)
          at VectorStore.addVector (D:\OpenSource\SnippetBox\frontend\src\main\services\VectorStore.ts:27:10)
          at SnippetManager.processVectorGenerationQueue (D:\OpenSource\SnippetBox\frontend\src\main\services\SnippetManager.ts:406:34)
          at SnippetManager.generateVectorForSnippet (D:\OpenSource\SnippetBox\frontend\src\main\services\SnippetManager.ts:388:10)
          at SnippetManager.createSnippet (D:\OpenSource\SnippetBox\frontend\src\main\services\SnippetManager.ts:72:12)
          at processTicksAndRejections (node:internal/process/task_queues:105:5)
          at D:\OpenSource\SnippetBox\frontend\tests\property\SnippetProperty.test.ts:144:31
          at AsyncProperty.run (D:\OpenSource\SnippetBox\frontend\node_modules\fast-check\lib\cjs\fast-check.js:1208:19)
          at asyncRunIt (D:\OpenSource\SnippetBox\frontend\node_modules\fast-check\lib\cjs\fast-check.js:2503:15)
          at Object.<anonymous> (D:\OpenSource\SnippetBox\frontend\tests\property\SnippetProperty.test.ts:106:7)

    [0m [90m 407 |[39m           console[33m.[39mlog([32m`Generated vector for snippet: ${snippetId}`[39m)[33m;[39m
     [90m 408 |[39m         } [36mcatch[39m (error) {
    [31m[1m>[22m[39m[90m 409 |[39m           console[33m.[39merror([32m`Failed to generate vector for snippet ${snippetId}:`[3
9m[33m,[39m error)[33m;[39m
     [90m     |[39m                   [31m[1m^[22m[39m
     [90m 410 |[39m         }
     [90m 411 |[39m       }
     [90m 412 |[39m     } [36mfinally[39m {[0m

      at SnippetManager.processVectorGenerationQueue (src/main/services/SnippetManager.ts:409:19)

    console.error
      Failed to generate vector for snippet snippet-7nr5hw1b5: TypeError: dbManager.getDb is not a function
          at VectorStore.initialize (D:\OpenSource\SnippetBox\frontend\src\main\services\VectorStore.ts:21:26)
          at VectorStore.addVector (D:\OpenSource\SnippetBox\frontend\src\main\services\VectorStore.ts:27:10)
          at SnippetManager.processVectorGenerationQueue (D:\OpenSource\SnippetBox\frontend\src\main\services\SnippetManager.ts:406:34)
          at SnippetManager.generateVectorForSnippet (D:\OpenSource\SnippetBox\frontend\src\main\services\SnippetManager.ts:388:10)
          at SnippetManager.createSnippet (D:\OpenSource\SnippetBox\frontend\src\main\services\SnippetManager.ts:72:12)
          at processTicksAndRejections (node:internal/process/task_queues:105:5)
          at D:\OpenSource\SnippetBox\frontend\tests\property\SnippetProperty.test.ts:144:31
          at AsyncProperty.run (D:\OpenSource\SnippetBox\frontend\node_modules\fast-check\lib\cjs\fast-check.js:1208:19)
          at asyncRunIt (D:\OpenSource\SnippetBox\frontend\node_modules\fast-check\lib\cjs\fast-check.js:2503:15)
          at Object.<anonymous> (D:\OpenSource\SnippetBox\frontend\tests\property\SnippetProperty.test.ts:106:7)

    [0m [90m 407 |[39m           console[33m.[39mlog([32m`Generated vector for snippet: ${snippetId}`[39m)[33m;[39m
     [90m 408 |[39m         } [36mcatch[39m (error) {
    [31m[1m>[22m[39m[90m 409 |[39m           console[33m.[39merror([32m`Failed to generate vector for snippet ${snippetId}:`[3
9m[33m,[39m error)[33m;[39m
     [90m     |[39m                   [31m[1m^[22m[39m
     [90m 410 |[39m         }
     [90m 411 |[39m       }
     [90m 412 |[39m     } [36mfinally[39m {[0m

      at SnippetManager.processVectorGenerationQueue (src/main/services/SnippetManager.ts:409:19)

    console.error
      Failed to generate vector for snippet snippet-zmqbzedo8: TypeError: dbManager.getDb is not a function
          at VectorStore.initialize (D:\OpenSource\SnippetBox\frontend\src\main\services\VectorStore.ts:21:26)
          at VectorStore.addVector (D:\OpenSource\SnippetBox\frontend\src\main\services\VectorStore.ts:27:10)
          at SnippetManager.processVectorGenerationQueue (D:\OpenSource\SnippetBox\frontend\src\main\services\SnippetManager.ts:406:34)
          at SnippetManager.generateVectorForSnippet (D:\OpenSource\SnippetBox\frontend\src\main\services\SnippetManager.ts:388:10)
          at SnippetManager.createSnippet (D:\OpenSource\SnippetBox\frontend\src\main\services\SnippetManager.ts:72:12)
          at processTicksAndRejections (node:internal/process/task_queues:105:5)
          at D:\OpenSource\SnippetBox\frontend\tests\property\SnippetProperty.test.ts:144:31
          at AsyncProperty.run (D:\OpenSource\SnippetBox\frontend\node_modules\fast-check\lib\cjs\fast-check.js:1208:19)
          at asyncRunIt (D:\OpenSource\SnippetBox\frontend\node_modules\fast-check\lib\cjs\fast-check.js:2503:15)
          at Object.<anonymous> (D:\OpenSource\SnippetBox\frontend\tests\property\SnippetProperty.test.ts:106:7)

    [0m [90m 407 |[39m           console[33m.[39mlog([32m`Generated vector for snippet: ${snippetId}`[39m)[33m;[39m
     [90m 408 |[39m         } [36mcatch[39m (error) {
    [31m[1m>[22m[39m[90m 409 |[39m           console[33m.[39merror([32m`Failed to generate vector for snippet ${snippetId}:`[3
9m[33m,[39m error)[33m;[39m
     [90m     |[39m                   [31m[1m^[22m[39m
     [90m 410 |[39m         }
     [90m 411 |[39m       }
     [90m 412 |[39m     } [36mfinally[39m {[0m

      at SnippetManager.processVectorGenerationQueue (src/main/services/SnippetManager.ts:409:19)

    console.error
      Failed to generate vector for snippet snippet-e4cpt7n1c: TypeError: dbManager.getDb is not a function
          at VectorStore.initialize (D:\OpenSource\SnippetBox\frontend\src\main\services\VectorStore.ts:21:26)
          at VectorStore.addVector (D:\OpenSource\SnippetBox\frontend\src\main\services\VectorStore.ts:27:10)
          at SnippetManager.processVectorGenerationQueue (D:\OpenSource\SnippetBox\frontend\src\main\services\SnippetManager.ts:406:34)
          at SnippetManager.generateVectorForSnippet (D:\OpenSource\SnippetBox\frontend\src\main\services\SnippetManager.ts:388:10)
          at SnippetManager.createSnippet (D:\OpenSource\SnippetBox\frontend\src\main\services\SnippetManager.ts:72:12)
          at processTicksAndRejections (node:internal/process/task_queues:105:5)
          at D:\OpenSource\SnippetBox\frontend\tests\property\SnippetProperty.test.ts:144:31
          at AsyncProperty.run (D:\OpenSource\SnippetBox\frontend\node_modules\fast-check\lib\cjs\fast-check.js:1208:19)
          at asyncRunIt (D:\OpenSource\SnippetBox\frontend\node_modules\fast-check\lib\cjs\fast-check.js:2503:15)
          at Object.<anonymous> (D:\OpenSource\SnippetBox\frontend\tests\property\SnippetProperty.test.ts:106:7)

    [0m [90m 407 |[39m           console[33m.[39mlog([32m`Generated vector for snippet: ${snippetId}`[39m)[33m;[39m
     [90m 408 |[39m         } [36mcatch[39m (error) {
    [31m[1m>[22m[39m[90m 409 |[39m           console[33m.[39merror([32m`Failed to generate vector for snippet ${snippetId}:`[3
9m[33m,[39m error)[33m;[39m
     [90m     |[39m                   [31m[1m^[22m[39m
     [90m 410 |[39m         }
     [90m 411 |[39m       }
     [90m 412 |[39m     } [36mfinally[39m {[0m

      at SnippetManager.processVectorGenerationQueue (src/main/services/SnippetManager.ts:409:19)

    console.error
      Failed to generate vector for snippet snippet-mbdm4k980: TypeError: dbManager.getDb is not a function
          at VectorStore.initialize (D:\OpenSource\SnippetBox\frontend\src\main\services\VectorStore.ts:21:26)
          at VectorStore.addVector (D:\OpenSource\SnippetBox\frontend\src\main\services\VectorStore.ts:27:10)
          at SnippetManager.processVectorGenerationQueue (D:\OpenSource\SnippetBox\frontend\src\main\services\SnippetManager.ts:406:34)
          at SnippetManager.generateVectorForSnippet (D:\OpenSource\SnippetBox\frontend\src\main\services\SnippetManager.ts:388:10)
          at SnippetManager.createSnippet (D:\OpenSource\SnippetBox\frontend\src\main\services\SnippetManager.ts:72:12)
          at processTicksAndRejections (node:internal/process/task_queues:105:5)
          at D:\OpenSource\SnippetBox\frontend\tests\property\SnippetProperty.test.ts:144:31
          at AsyncProperty.run (D:\OpenSource\SnippetBox\frontend\node_modules\fast-check\lib\cjs\fast-check.js:1208:19)
          at asyncRunIt (D:\OpenSource\SnippetBox\frontend\node_modules\fast-check\lib\cjs\fast-check.js:2503:15)
          at Object.<anonymous> (D:\OpenSource\SnippetBox\frontend\tests\property\SnippetProperty.test.ts:106:7)

    [0m [90m 407 |[39m           console[33m.[39mlog([32m`Generated vector for snippet: ${snippetId}`[39m)[33m;[39m
     [90m 408 |[39m         } [36mcatch[39m (error) {
    [31m[1m>[22m[39m[90m 409 |[39m           console[33m.[39merror([32m`Failed to generate vector for snippet ${snippetId}:`[3
9m[33m,[39m error)[33m;[39m
     [90m     |[39m                   [31m[1m^[22m[39m
     [90m 410 |[39m         }
     [90m 411 |[39m       }
     [90m 412 |[39m     } [36mfinally[39m {[0m

      at SnippetManager.processVectorGenerationQueue (src/main/services/SnippetManager.ts:409:19)

    console.error
      Failed to generate vector for snippet snippet-ensmeo7ms: TypeError: dbManager.getDb is not a function
          at VectorStore.initialize (D:\OpenSource\SnippetBox\frontend\src\main\services\VectorStore.ts:21:26)
          at VectorStore.addVector (D:\OpenSource\SnippetBox\frontend\src\main\services\VectorStore.ts:27:10)
          at SnippetManager.processVectorGenerationQueue (D:\OpenSource\SnippetBox\frontend\src\main\services\SnippetManager.ts:406:34)
          at SnippetManager.generateVectorForSnippet (D:\OpenSource\SnippetBox\frontend\src\main\services\SnippetManager.ts:388:10)
          at SnippetManager.createSnippet (D:\OpenSource\SnippetBox\frontend\src\main\services\SnippetManager.ts:72:12)
          at processTicksAndRejections (node:internal/process/task_queues:105:5)
          at D:\OpenSource\SnippetBox\frontend\tests\property\SnippetProperty.test.ts:144:31
          at AsyncProperty.run (D:\OpenSource\SnippetBox\frontend\node_modules\fast-check\lib\cjs\fast-check.js:1208:19)
          at asyncRunIt (D:\OpenSource\SnippetBox\frontend\node_modules\fast-check\lib\cjs\fast-check.js:2503:15)
          at Object.<anonymous> (D:\OpenSource\SnippetBox\frontend\tests\property\SnippetProperty.test.ts:106:7)

    [0m [90m 407 |[39m           console[33m.[39mlog([32m`Generated vector for snippet: ${snippetId}`[39m)[33m;[39m
     [90m 408 |[39m         } [36mcatch[39m (error) {
    [31m[1m>[22m[39m[90m 409 |[39m           console[33m.[39merror([32m`Failed to generate vector for snippet ${snippetId}:`[3
9m[33m,[39m error)[33m;[39m
     [90m     |[39m                   [31m[1m^[22m[39m
     [90m 410 |[39m         }
     [90m 411 |[39m       }
     [90m 412 |[39m     } [36mfinally[39m {[0m

      at SnippetManager.processVectorGenerationQueue (src/main/services/SnippetManager.ts:409:19)

    console.error
      Failed to generate vector for snippet snippet-l07nusu0n: TypeError: dbManager.getDb is not a function
          at VectorStore.initialize (D:\OpenSource\SnippetBox\frontend\src\main\services\VectorStore.ts:21:26)
          at VectorStore.addVector (D:\OpenSource\SnippetBox\frontend\src\main\services\VectorStore.ts:27:10)
          at SnippetManager.processVectorGenerationQueue (D:\OpenSource\SnippetBox\frontend\src\main\services\SnippetManager.ts:406:34)
          at SnippetManager.generateVectorForSnippet (D:\OpenSource\SnippetBox\frontend\src\main\services\SnippetManager.ts:388:10)
          at SnippetManager.createSnippet (D:\OpenSource\SnippetBox\frontend\src\main\services\SnippetManager.ts:72:12)
          at processTicksAndRejections (node:internal/process/task_queues:105:5)
          at D:\OpenSource\SnippetBox\frontend\tests\property\SnippetProperty.test.ts:144:31
          at AsyncProperty.run (D:\OpenSource\SnippetBox\frontend\node_modules\fast-check\lib\cjs\fast-check.js:1208:19)
          at asyncRunIt (D:\OpenSource\SnippetBox\frontend\node_modules\fast-check\lib\cjs\fast-check.js:2503:15)
          at Object.<anonymous> (D:\OpenSource\SnippetBox\frontend\tests\property\SnippetProperty.test.ts:106:7)

    [0m [90m 407 |[39m           console[33m.[39mlog([32m`Generated vector for snippet: ${snippetId}`[39m)[33m;[39m
     [90m 408 |[39m         } [36mcatch[39m (error) {
    [31m[1m>[22m[39m[90m 409 |[39m           console[33m.[39merror([32m`Failed to generate vector for snippet ${snippetId}:`[3
9m[33m,[39m error)[33m;[39m
     [90m     |[39m                   [31m[1m^[22m[39m
     [90m 410 |[39m         }
     [90m 411 |[39m       }
     [90m 412 |[39m     } [36mfinally[39m {[0m

      at SnippetManager.processVectorGenerationQueue (src/main/services/SnippetManager.ts:409:19)

    console.error
      Failed to generate vector for snippet snippet-z7kaftgg0: TypeError: dbManager.getDb is not a function
          at VectorStore.initialize (D:\OpenSource\SnippetBox\frontend\src\main\services\VectorStore.ts:21:26)
          at VectorStore.addVector (D:\OpenSource\SnippetBox\frontend\src\main\services\VectorStore.ts:27:10)
          at SnippetManager.processVectorGenerationQueue (D:\OpenSource\SnippetBox\frontend\src\main\services\SnippetManager.ts:406:34)
          at SnippetManager.generateVectorForSnippet (D:\OpenSource\SnippetBox\frontend\src\main\services\SnippetManager.ts:388:10)
          at SnippetManager.createSnippet (D:\OpenSource\SnippetBox\frontend\src\main\services\SnippetManager.ts:72:12)
          at processTicksAndRejections (node:internal/process/task_queues:105:5)
          at D:\OpenSource\SnippetBox\frontend\tests\property\SnippetProperty.test.ts:144:31
          at AsyncProperty.run (D:\OpenSource\SnippetBox\frontend\node_modules\fast-check\lib\cjs\fast-check.js:1208:19)
          at asyncRunIt (D:\OpenSource\SnippetBox\frontend\node_modules\fast-check\lib\cjs\fast-check.js:2503:15)
          at Object.<anonymous> (D:\OpenSource\SnippetBox\frontend\tests\property\SnippetProperty.test.ts:106:7)

    [0m [90m 407 |[39m           console[33m.[39mlog([32m`Generated vector for snippet: ${snippetId}`[39m)[33m;[39m
     [90m 408 |[39m         } [36mcatch[39m (error) {
    [31m[1m>[22m[39m[90m 409 |[39m           console[33m.[39merror([32m`Failed to generate vector for snippet ${snippetId}:`[3
9m[33m,[39m error)[33m;[39m
     [90m     |[39m                   [31m[1m^[22m[39m
     [90m 410 |[39m         }
     [90m 411 |[39m       }
     [90m 412 |[39m     } [36mfinally[39m {[0m

      at SnippetManager.processVectorGenerationQueue (src/main/services/SnippetManager.ts:409:19)

    console.error
      Failed to generate vector for snippet snippet-h6y2ciwni: TypeError: dbManager.getDb is not a function
          at VectorStore.initialize (D:\OpenSource\SnippetBox\frontend\src\main\services\VectorStore.ts:21:26)
          at VectorStore.addVector (D:\OpenSource\SnippetBox\frontend\src\main\services\VectorStore.ts:27:10)
          at SnippetManager.processVectorGenerationQueue (D:\OpenSource\SnippetBox\frontend\src\main\services\SnippetManager.ts:406:34)
          at SnippetManager.generateVectorForSnippet (D:\OpenSource\SnippetBox\frontend\src\main\services\SnippetManager.ts:388:10)
          at SnippetManager.createSnippet (D:\OpenSource\SnippetBox\frontend\src\main\services\SnippetManager.ts:72:12)
          at processTicksAndRejections (node:internal/process/task_queues:105:5)
          at D:\OpenSource\SnippetBox\frontend\tests\property\SnippetProperty.test.ts:144:31
          at AsyncProperty.run (D:\OpenSource\SnippetBox\frontend\node_modules\fast-check\lib\cjs\fast-check.js:1208:19)
          at asyncRunIt (D:\OpenSource\SnippetBox\frontend\node_modules\fast-check\lib\cjs\fast-check.js:2503:15)
          at Object.<anonymous> (D:\OpenSource\SnippetBox\frontend\tests\property\SnippetProperty.test.ts:106:7)

    [0m [90m 407 |[39m           console[33m.[39mlog([32m`Generated vector for snippet: ${snippetId}`[39m)[33m;[39m
     [90m 408 |[39m         } [36mcatch[39m (error) {
    [31m[1m>[22m[39m[90m 409 |[39m           console[33m.[39merror([32m`Failed to generate vector for snippet ${snippetId}:`[3
9m[33m,[39m error)[33m;[39m
     [90m     |[39m                   [31m[1m^[22m[39m
     [90m 410 |[39m         }
     [90m 411 |[39m       }
     [90m 412 |[39m     } [36mfinally[39m {[0m

      at SnippetManager.processVectorGenerationQueue (src/main/services/SnippetManager.ts:409:19)

    console.error
      Failed to generate vector for snippet snippet-t1d5audro: TypeError: dbManager.getDb is not a function
          at VectorStore.initialize (D:\OpenSource\SnippetBox\frontend\src\main\services\VectorStore.ts:21:26)
          at VectorStore.addVector (D:\OpenSource\SnippetBox\frontend\src\main\services\VectorStore.ts:27:10)
          at SnippetManager.processVectorGenerationQueue (D:\OpenSource\SnippetBox\frontend\src\main\services\SnippetManager.ts:406:34)
          at SnippetManager.generateVectorForSnippet (D:\OpenSource\SnippetBox\frontend\src\main\services\SnippetManager.ts:388:10)
          at SnippetManager.createSnippet (D:\OpenSource\SnippetBox\frontend\src\main\services\SnippetManager.ts:72:12)
          at processTicksAndRejections (node:internal/process/task_queues:105:5)
          at D:\OpenSource\SnippetBox\frontend\tests\property\SnippetProperty.test.ts:144:31
          at AsyncProperty.run (D:\OpenSource\SnippetBox\frontend\node_modules\fast-check\lib\cjs\fast-check.js:1208:19)
          at asyncRunIt (D:\OpenSource\SnippetBox\frontend\node_modules\fast-check\lib\cjs\fast-check.js:2503:15)
          at Object.<anonymous> (D:\OpenSource\SnippetBox\frontend\tests\property\SnippetProperty.test.ts:106:7)

    [0m [90m 407 |[39m           console[33m.[39mlog([32m`Generated vector for snippet: ${snippetId}`[39m)[33m;[39m
     [90m 408 |[39m         } [36mcatch[39m (error) {
    [31m[1m>[22m[39m[90m 409 |[39m           console[33m.[39merror([32m`Failed to generate vector for snippet ${snippetId}:`[3
9m[33m,[39m error)[33m;[39m
     [90m     |[39m                   [31m[1m^[22m[39m
     [90m 410 |[39m         }
     [90m 411 |[39m       }
     [90m 412 |[39m     } [36mfinally[39m {[0m

      at SnippetManager.processVectorGenerationQueue (src/main/services/SnippetManager.ts:409:19)

    console.error
      Failed to generate vector for snippet snippet-j1yvc8giq: TypeError: dbManager.getDb is not a function
          at VectorStore.initialize (D:\OpenSource\SnippetBox\frontend\src\main\services\VectorStore.ts:21:26)
          at VectorStore.addVector (D:\OpenSource\SnippetBox\frontend\src\main\services\VectorStore.ts:27:10)
          at SnippetManager.processVectorGenerationQueue (D:\OpenSource\SnippetBox\frontend\src\main\services\SnippetManager.ts:406:34)
          at SnippetManager.generateVectorForSnippet (D:\OpenSource\SnippetBox\frontend\src\main\services\SnippetManager.ts:388:10)
          at SnippetManager.createSnippet (D:\OpenSource\SnippetBox\frontend\src\main\services\SnippetManager.ts:72:12)
          at processTicksAndRejections (node:internal/process/task_queues:105:5)
          at D:\OpenSource\SnippetBox\frontend\tests\property\SnippetProperty.test.ts:144:31
          at AsyncProperty.run (D:\OpenSource\SnippetBox\frontend\node_modules\fast-check\lib\cjs\fast-check.js:1208:19)
          at asyncRunIt (D:\OpenSource\SnippetBox\frontend\node_modules\fast-check\lib\cjs\fast-check.js:2503:15)
          at Object.<anonymous> (D:\OpenSource\SnippetBox\frontend\tests\property\SnippetProperty.test.ts:106:7)

    [0m [90m 407 |[39m           console[33m.[39mlog([32m`Generated vector for snippet: ${snippetId}`[39m)[33m;[39m
     [90m 408 |[39m         } [36mcatch[39m (error) {
    [31m[1m>[22m[39m[90m 409 |[39m           console[33m.[39merror([32m`Failed to generate vector for snippet ${snippetId}:`[3
9m[33m,[39m error)[33m;[39m
     [90m     |[39m                   [31m[1m^[22m[39m
     [90m 410 |[39m         }
     [90m 411 |[39m       }
     [90m 412 |[39m     } [36mfinally[39m {[0m

      at SnippetManager.processVectorGenerationQueue (src/main/services/SnippetManager.ts:409:19)

    console.error
      Failed to generate vector for snippet snippet-yyby2t870: TypeError: dbManager.getDb is not a function
          at VectorStore.initialize (D:\OpenSource\SnippetBox\frontend\src\main\services\VectorStore.ts:21:26)
          at VectorStore.addVector (D:\OpenSource\SnippetBox\frontend\src\main\services\VectorStore.ts:27:10)
          at SnippetManager.processVectorGenerationQueue (D:\OpenSource\SnippetBox\frontend\src\main\services\SnippetManager.ts:406:34)
          at SnippetManager.generateVectorForSnippet (D:\OpenSource\SnippetBox\frontend\src\main\services\SnippetManager.ts:388:10)
          at SnippetManager.createSnippet (D:\OpenSource\SnippetBox\frontend\src\main\services\SnippetManager.ts:72:12)
          at processTicksAndRejections (node:internal/process/task_queues:105:5)
          at D:\OpenSource\SnippetBox\frontend\tests\property\SnippetProperty.test.ts:144:31
          at AsyncProperty.run (D:\OpenSource\SnippetBox\frontend\node_modules\fast-check\lib\cjs\fast-check.js:1208:19)
          at asyncRunIt (D:\OpenSource\SnippetBox\frontend\node_modules\fast-check\lib\cjs\fast-check.js:2503:15)
          at Object.<anonymous> (D:\OpenSource\SnippetBox\frontend\tests\property\SnippetProperty.test.ts:106:7)

    [0m [90m 407 |[39m           console[33m.[39mlog([32m`Generated vector for snippet: ${snippetId}`[39m)[33m;[39m
     [90m 408 |[39m         } [36mcatch[39m (error) {
    [31m[1m>[22m[39m[90m 409 |[39m           console[33m.[39merror([32m`Failed to generate vector for snippet ${snippetId}:`[3
9m[33m,[39m error)[33m;[39m
     [90m     |[39m                   [31m[1m^[22m[39m
     [90m 410 |[39m         }
     [90m 411 |[39m       }
     [90m 412 |[39m     } [36mfinally[39m {[0m

      at SnippetManager.processVectorGenerationQueue (src/main/services/SnippetManager.ts:409:19)

    console.error
      Failed to generate vector for snippet snippet-p4i7whvbs: TypeError: dbManager.getDb is not a function
          at VectorStore.initialize (D:\OpenSource\SnippetBox\frontend\src\main\services\VectorStore.ts:21:26)
          at VectorStore.addVector (D:\OpenSource\SnippetBox\frontend\src\main\services\VectorStore.ts:27:10)
          at SnippetManager.processVectorGenerationQueue (D:\OpenSource\SnippetBox\frontend\src\main\services\SnippetManager.ts:406:34)
          at SnippetManager.generateVectorForSnippet (D:\OpenSource\SnippetBox\frontend\src\main\services\SnippetManager.ts:388:10)
          at SnippetManager.createSnippet (D:\OpenSource\SnippetBox\frontend\src\main\services\SnippetManager.ts:72:12)
          at processTicksAndRejections (node:internal/process/task_queues:105:5)
          at D:\OpenSource\SnippetBox\frontend\tests\property\SnippetProperty.test.ts:144:31
          at AsyncProperty.run (D:\OpenSource\SnippetBox\frontend\node_modules\fast-check\lib\cjs\fast-check.js:1208:19)
          at asyncRunIt (D:\OpenSource\SnippetBox\frontend\node_modules\fast-check\lib\cjs\fast-check.js:2503:15)
          at Object.<anonymous> (D:\OpenSource\SnippetBox\frontend\tests\property\SnippetProperty.test.ts:106:7)

    [0m [90m 407 |[39m           console[33m.[39mlog([32m`Generated vector for snippet: ${snippetId}`[39m)[33m;[39m
     [90m 408 |[39m         } [36mcatch[39m (error) {
    [31m[1m>[22m[39m[90m 409 |[39m           console[33m.[39merror([32m`Failed to generate vector for snippet ${snippetId}:`[3
9m[33m,[39m error)[33m;[39m
     [90m     |[39m                   [31m[1m^[22m[39m
     [90m 410 |[39m         }
     [90m 411 |[39m       }
     [90m 412 |[39m     } [36mfinally[39m {[0m

      at SnippetManager.processVectorGenerationQueue (src/main/services/SnippetManager.ts:409:19)

    console.error
      Failed to generate vector for snippet snippet-zrlnnxk7q: TypeError: dbManager.getDb is not a function
          at VectorStore.initialize (D:\OpenSource\SnippetBox\frontend\src\main\services\VectorStore.ts:21:26)
          at VectorStore.addVector (D:\OpenSource\SnippetBox\frontend\src\main\services\VectorStore.ts:27:10)
          at SnippetManager.processVectorGenerationQueue (D:\OpenSource\SnippetBox\frontend\src\main\services\SnippetManager.ts:406:34)
          at SnippetManager.generateVectorForSnippet (D:\OpenSource\SnippetBox\frontend\src\main\services\SnippetManager.ts:388:10)
          at SnippetManager.createSnippet (D:\OpenSource\SnippetBox\frontend\src\main\services\SnippetManager.ts:72:12)
          at processTicksAndRejections (node:internal/process/task_queues:105:5)
          at D:\OpenSource\SnippetBox\frontend\tests\property\SnippetProperty.test.ts:144:31
          at AsyncProperty.run (D:\OpenSource\SnippetBox\frontend\node_modules\fast-check\lib\cjs\fast-check.js:1208:19)
          at asyncRunIt (D:\OpenSource\SnippetBox\frontend\node_modules\fast-check\lib\cjs\fast-check.js:2503:15)
          at Object.<anonymous> (D:\OpenSource\SnippetBox\frontend\tests\property\SnippetProperty.test.ts:106:7)

    [0m [90m 407 |[39m           console[33m.[39mlog([32m`Generated vector for snippet: ${snippetId}`[39m)[33m;[39m
     [90m 408 |[39m         } [36mcatch[39m (error) {
    [31m[1m>[22m[39m[90m 409 |[39m           console[33m.[39merror([32m`Failed to generate vector for snippet ${snippetId}:`[3
9m[33m,[39m error)[33m;[39m
     [90m     |[39m                   [31m[1m^[22m[39m
     [90m 410 |[39m         }
     [90m 411 |[39m       }
     [90m 412 |[39m     } [36mfinally[39m {[0m

      at SnippetManager.processVectorGenerationQueue (src/main/services/SnippetManager.ts:409:19)

    console.error
      Failed to generate vector for snippet snippet-h2gl7svg5: TypeError: dbManager.getDb is not a function
          at VectorStore.initialize (D:\OpenSource\SnippetBox\frontend\src\main\services\VectorStore.ts:21:26)
          at VectorStore.addVector (D:\OpenSource\SnippetBox\frontend\src\main\services\VectorStore.ts:27:10)
          at SnippetManager.processVectorGenerationQueue (D:\OpenSource\SnippetBox\frontend\src\main\services\SnippetManager.ts:406:34)
          at SnippetManager.generateVectorForSnippet (D:\OpenSource\SnippetBox\frontend\src\main\services\SnippetManager.ts:388:10)
          at SnippetManager.createSnippet (D:\OpenSource\SnippetBox\frontend\src\main\services\SnippetManager.ts:72:12)
          at processTicksAndRejections (node:internal/process/task_queues:105:5)
          at D:\OpenSource\SnippetBox\frontend\tests\property\SnippetProperty.test.ts:144:31
          at AsyncProperty.run (D:\OpenSource\SnippetBox\frontend\node_modules\fast-check\lib\cjs\fast-check.js:1208:19)
          at asyncRunIt (D:\OpenSource\SnippetBox\frontend\node_modules\fast-check\lib\cjs\fast-check.js:2503:15)
          at Object.<anonymous> (D:\OpenSource\SnippetBox\frontend\tests\property\SnippetProperty.test.ts:106:7)

    [0m [90m 407 |[39m           console[33m.[39mlog([32m`Generated vector for snippet: ${snippetId}`[39m)[33m;[39m
     [90m 408 |[39m         } [36mcatch[39m (error) {
    [31m[1m>[22m[39m[90m 409 |[39m           console[33m.[39merror([32m`Failed to generate vector for snippet ${snippetId}:`[3
9m[33m,[39m error)[33m;[39m
     [90m     |[39m                   [31m[1m^[22m[39m
     [90m 410 |[39m         }
     [90m 411 |[39m       }
     [90m 412 |[39m     } [36mfinally[39m {[0m

      at SnippetManager.processVectorGenerationQueue (src/main/services/SnippetManager.ts:409:19)

    console.error
      Failed to generate vector for snippet snippet-5if9rmmwx: TypeError: dbManager.getDb is not a function
          at VectorStore.initialize (D:\OpenSource\SnippetBox\frontend\src\main\services\VectorStore.ts:21:26)
          at VectorStore.addVector (D:\OpenSource\SnippetBox\frontend\src\main\services\VectorStore.ts:27:10)
          at SnippetManager.processVectorGenerationQueue (D:\OpenSource\SnippetBox\frontend\src\main\services\SnippetManager.ts:406:34)
          at SnippetManager.generateVectorForSnippet (D:\OpenSource\SnippetBox\frontend\src\main\services\SnippetManager.ts:388:10)
          at SnippetManager.createSnippet (D:\OpenSource\SnippetBox\frontend\src\main\services\SnippetManager.ts:72:12)
          at processTicksAndRejections (node:internal/process/task_queues:105:5)
          at D:\OpenSource\SnippetBox\frontend\tests\property\SnippetProperty.test.ts:144:31
          at AsyncProperty.run (D:\OpenSource\SnippetBox\frontend\node_modules\fast-check\lib\cjs\fast-check.js:1208:19)
          at asyncRunIt (D:\OpenSource\SnippetBox\frontend\node_modules\fast-check\lib\cjs\fast-check.js:2503:15)
          at Object.<anonymous> (D:\OpenSource\SnippetBox\frontend\tests\property\SnippetProperty.test.ts:106:7)

    [0m [90m 407 |[39m           console[33m.[39mlog([32m`Generated vector for snippet: ${snippetId}`[39m)[33m;[39m
     [90m 408 |[39m         } [36mcatch[39m (error) {
    [31m[1m>[22m[39m[90m 409 |[39m           console[33m.[39merror([32m`Failed to generate vector for snippet ${snippetId}:`[3
9m[33m,[39m error)[33m;[39m
     [90m     |[39m                   [31m[1m^[22m[39m
     [90m 410 |[39m         }
     [90m 411 |[39m       }
     [90m 412 |[39m     } [36mfinally[39m {[0m

      at SnippetManager.processVectorGenerationQueue (src/main/services/SnippetManager.ts:409:19)

    console.error
      Failed to generate vector for snippet snippet-8herpbvin: TypeError: dbManager.getDb is not a function
          at VectorStore.initialize (D:\OpenSource\SnippetBox\frontend\src\main\services\VectorStore.ts:21:26)
          at VectorStore.addVector (D:\OpenSource\SnippetBox\frontend\src\main\services\VectorStore.ts:27:10)
          at SnippetManager.processVectorGenerationQueue (D:\OpenSource\SnippetBox\frontend\src\main\services\SnippetManager.ts:406:34)
          at SnippetManager.generateVectorForSnippet (D:\OpenSource\SnippetBox\frontend\src\main\services\SnippetManager.ts:388:10)
          at SnippetManager.createSnippet (D:\OpenSource\SnippetBox\frontend\src\main\services\SnippetManager.ts:72:12)
          at processTicksAndRejections (node:internal/process/task_queues:105:5)
          at D:\OpenSource\SnippetBox\frontend\tests\property\SnippetProperty.test.ts:144:31
          at AsyncProperty.run (D:\OpenSource\SnippetBox\frontend\node_modules\fast-check\lib\cjs\fast-check.js:1208:19)
          at asyncRunIt (D:\OpenSource\SnippetBox\frontend\node_modules\fast-check\lib\cjs\fast-check.js:2503:15)
          at Object.<anonymous> (D:\OpenSource\SnippetBox\frontend\tests\property\SnippetProperty.test.ts:106:7)

    [0m [90m 407 |[39m           console[33m.[39mlog([32m`Generated vector for snippet: ${snippetId}`[39m)[33m;[39m
     [90m 408 |[39m         } [36mcatch[39m (error) {
    [31m[1m>[22m[39m[90m 409 |[39m           console[33m.[39merror([32m`Failed to generate vector for snippet ${snippetId}:`[3
9m[33m,[39m error)[33m;[39m
     [90m     |[39m                   [31m[1m^[22m[39m
     [90m 410 |[39m         }
     [90m 411 |[39m       }
     [90m 412 |[39m     } [36mfinally[39m {[0m

      at SnippetManager.processVectorGenerationQueue (src/main/services/SnippetManager.ts:409:19)

    console.error
      Failed to generate vector for snippet snippet-jr3pcv3oo: TypeError: dbManager.getDb is not a function
          at VectorStore.initialize (D:\OpenSource\SnippetBox\frontend\src\main\services\VectorStore.ts:21:26)
          at VectorStore.addVector (D:\OpenSource\SnippetBox\frontend\src\main\services\VectorStore.ts:27:10)
          at SnippetManager.processVectorGenerationQueue (D:\OpenSource\SnippetBox\frontend\src\main\services\SnippetManager.ts:406:34)
          at SnippetManager.generateVectorForSnippet (D:\OpenSource\SnippetBox\frontend\src\main\services\SnippetManager.ts:388:10)
          at SnippetManager.createSnippet (D:\OpenSource\SnippetBox\frontend\src\main\services\SnippetManager.ts:72:12)
          at processTicksAndRejections (node:internal/process/task_queues:105:5)
          at D:\OpenSource\SnippetBox\frontend\tests\property\SnippetProperty.test.ts:144:31
          at AsyncProperty.run (D:\OpenSource\SnippetBox\frontend\node_modules\fast-check\lib\cjs\fast-check.js:1208:19)
          at asyncRunIt (D:\OpenSource\SnippetBox\frontend\node_modules\fast-check\lib\cjs\fast-check.js:2503:15)
          at Object.<anonymous> (D:\OpenSource\SnippetBox\frontend\tests\property\SnippetProperty.test.ts:106:7)

    [0m [90m 407 |[39m           console[33m.[39mlog([32m`Generated vector for snippet: ${snippetId}`[39m)[33m;[39m
     [90m 408 |[39m         } [36mcatch[39m (error) {
    [31m[1m>[22m[39m[90m 409 |[39m           console[33m.[39merror([32m`Failed to generate vector for snippet ${snippetId}:`[3
9m[33m,[39m error)[33m;[39m
     [90m     |[39m                   [31m[1m^[22m[39m
     [90m 410 |[39m         }
     [90m 411 |[39m       }
     [90m 412 |[39m     } [36mfinally[39m {[0m

      at SnippetManager.processVectorGenerationQueue (src/main/services/SnippetManager.ts:409:19)

    console.error
      Failed to generate vector for snippet snippet-fy3ailpx3: TypeError: dbManager.getDb is not a function
          at VectorStore.initialize (D:\OpenSource\SnippetBox\frontend\src\main\services\VectorStore.ts:21:26)
          at VectorStore.addVector (D:\OpenSource\SnippetBox\frontend\src\main\services\VectorStore.ts:27:10)
          at SnippetManager.processVectorGenerationQueue (D:\OpenSource\SnippetBox\frontend\src\main\services\SnippetManager.ts:406:34)
          at SnippetManager.generateVectorForSnippet (D:\OpenSource\SnippetBox\frontend\src\main\services\SnippetManager.ts:388:10)
          at SnippetManager.createSnippet (D:\OpenSource\SnippetBox\frontend\src\main\services\SnippetManager.ts:72:12)
          at processTicksAndRejections (node:internal/process/task_queues:105:5)
          at D:\OpenSource\SnippetBox\frontend\tests\property\SnippetProperty.test.ts:144:31
          at AsyncProperty.run (D:\OpenSource\SnippetBox\frontend\node_modules\fast-check\lib\cjs\fast-check.js:1208:19)
          at asyncRunIt (D:\OpenSource\SnippetBox\frontend\node_modules\fast-check\lib\cjs\fast-check.js:2503:15)
          at Object.<anonymous> (D:\OpenSource\SnippetBox\frontend\tests\property\SnippetProperty.test.ts:106:7)

    [0m [90m 407 |[39m           console[33m.[39mlog([32m`Generated vector for snippet: ${snippetId}`[39m)[33m;[39m
     [90m 408 |[39m         } [36mcatch[39m (error) {
    [31m[1m>[22m[39m[90m 409 |[39m           console[33m.[39merror([32m`Failed to generate vector for snippet ${snippetId}:`[3
9m[33m,[39m error)[33m;[39m
     [90m     |[39m                   [31m[1m^[22m[39m
     [90m 410 |[39m         }
     [90m 411 |[39m       }
     [90m 412 |[39m     } [36mfinally[39m {[0m

      at SnippetManager.processVectorGenerationQueue (src/main/services/SnippetManager.ts:409:19)

    console.error
      Failed to generate vector for snippet snippet-h9jd1qpbd: TypeError: dbManager.getDb is not a function
          at VectorStore.initialize (D:\OpenSource\SnippetBox\frontend\src\main\services\VectorStore.ts:21:26)
          at VectorStore.addVector (D:\OpenSource\SnippetBox\frontend\src\main\services\VectorStore.ts:27:10)
          at SnippetManager.processVectorGenerationQueue (D:\OpenSource\SnippetBox\frontend\src\main\services\SnippetManager.ts:406:34)
          at SnippetManager.generateVectorForSnippet (D:\OpenSource\SnippetBox\frontend\src\main\services\SnippetManager.ts:388:10)
          at SnippetManager.createSnippet (D:\OpenSource\SnippetBox\frontend\src\main\services\SnippetManager.ts:72:12)
          at processTicksAndRejections (node:internal/process/task_queues:105:5)
          at D:\OpenSource\SnippetBox\frontend\tests\property\SnippetProperty.test.ts:144:31
          at AsyncProperty.run (D:\OpenSource\SnippetBox\frontend\node_modules\fast-check\lib\cjs\fast-check.js:1208:19)
          at asyncRunIt (D:\OpenSource\SnippetBox\frontend\node_modules\fast-check\lib\cjs\fast-check.js:2503:15)
          at Object.<anonymous> (D:\OpenSource\SnippetBox\frontend\tests\property\SnippetProperty.test.ts:106:7)

    [0m [90m 407 |[39m           console[33m.[39mlog([32m`Generated vector for snippet: ${snippetId}`[39m)[33m;[39m
     [90m 408 |[39m         } [36mcatch[39m (error) {
    [31m[1m>[22m[39m[90m 409 |[39m           console[33m.[39merror([32m`Failed to generate vector for snippet ${snippetId}:`[3
9m[33m,[39m error)[33m;[39m
     [90m     |[39m                   [31m[1m^[22m[39m
     [90m 410 |[39m         }
     [90m 411 |[39m       }
     [90m 412 |[39m     } [36mfinally[39m {[0m

      at SnippetManager.processVectorGenerationQueue (src/main/services/SnippetManager.ts:409:19)

    console.error
      Failed to generate vector for snippet snippet-w3dinotxi: TypeError: dbManager.getDb is not a function
          at VectorStore.initialize (D:\OpenSource\SnippetBox\frontend\src\main\services\VectorStore.ts:21:26)
          at VectorStore.addVector (D:\OpenSource\SnippetBox\frontend\src\main\services\VectorStore.ts:27:10)
          at SnippetManager.processVectorGenerationQueue (D:\OpenSource\SnippetBox\frontend\src\main\services\SnippetManager.ts:406:34)
          at SnippetManager.generateVectorForSnippet (D:\OpenSource\SnippetBox\frontend\src\main\services\SnippetManager.ts:388:10)
          at SnippetManager.createSnippet (D:\OpenSource\SnippetBox\frontend\src\main\services\SnippetManager.ts:72:12)
          at processTicksAndRejections (node:internal/process/task_queues:105:5)
          at D:\OpenSource\SnippetBox\frontend\tests\property\SnippetProperty.test.ts:144:31
          at AsyncProperty.run (D:\OpenSource\SnippetBox\frontend\node_modules\fast-check\lib\cjs\fast-check.js:1208:19)
          at asyncRunIt (D:\OpenSource\SnippetBox\frontend\node_modules\fast-check\lib\cjs\fast-check.js:2503:15)
          at Object.<anonymous> (D:\OpenSource\SnippetBox\frontend\tests\property\SnippetProperty.test.ts:106:7)

    [0m [90m 407 |[39m           console[33m.[39mlog([32m`Generated vector for snippet: ${snippetId}`[39m)[33m;[39m
     [90m 408 |[39m         } [36mcatch[39m (error) {
    [31m[1m>[22m[39m[90m 409 |[39m           console[33m.[39merror([32m`Failed to generate vector for snippet ${snippetId}:`[3
9m[33m,[39m error)[33m;[39m
     [90m     |[39m                   [31m[1m^[22m[39m
     [90m 410 |[39m         }
     [90m 411 |[39m       }
     [90m 412 |[39m     } [36mfinally[39m {[0m

      at SnippetManager.processVectorGenerationQueue (src/main/services/SnippetManager.ts:409:19)

    console.error
      Failed to generate vector for snippet snippet-p1eynrae7: TypeError: dbManager.getDb is not a function
          at VectorStore.initialize (D:\OpenSource\SnippetBox\frontend\src\main\services\VectorStore.ts:21:26)
          at VectorStore.addVector (D:\OpenSource\SnippetBox\frontend\src\main\services\VectorStore.ts:27:10)
          at SnippetManager.processVectorGenerationQueue (D:\OpenSource\SnippetBox\frontend\src\main\services\SnippetManager.ts:406:34)
          at SnippetManager.generateVectorForSnippet (D:\OpenSource\SnippetBox\frontend\src\main\services\SnippetManager.ts:388:10)
          at SnippetManager.createSnippet (D:\OpenSource\SnippetBox\frontend\src\main\services\SnippetManager.ts:72:12)
          at processTicksAndRejections (node:internal/process/task_queues:105:5)
          at D:\OpenSource\SnippetBox\frontend\tests\property\SnippetProperty.test.ts:144:31
          at AsyncProperty.run (D:\OpenSource\SnippetBox\frontend\node_modules\fast-check\lib\cjs\fast-check.js:1208:19)
          at asyncRunIt (D:\OpenSource\SnippetBox\frontend\node_modules\fast-check\lib\cjs\fast-check.js:2503:15)
          at Object.<anonymous> (D:\OpenSource\SnippetBox\frontend\tests\property\SnippetProperty.test.ts:106:7)

    [0m [90m 407 |[39m           console[33m.[39mlog([32m`Generated vector for snippet: ${snippetId}`[39m)[33m;[39m
     [90m 408 |[39m         } [36mcatch[39m (error) {
    [31m[1m>[22m[39m[90m 409 |[39m           console[33m.[39merror([32m`Failed to generate vector for snippet ${snippetId}:`[3
9m[33m,[39m error)[33m;[39m
     [90m     |[39m                   [31m[1m^[22m[39m
     [90m 410 |[39m         }
     [90m 411 |[39m       }
     [90m 412 |[39m     } [36mfinally[39m {[0m

      at SnippetManager.processVectorGenerationQueue (src/main/services/SnippetManager.ts:409:19)

    console.error
      Failed to generate vector for snippet snippet-qtm31nzre: TypeError: dbManager.getDb is not a function
          at VectorStore.initialize (D:\OpenSource\SnippetBox\frontend\src\main\services\VectorStore.ts:21:26)
          at VectorStore.addVector (D:\OpenSource\SnippetBox\frontend\src\main\services\VectorStore.ts:27:10)
          at SnippetManager.processVectorGenerationQueue (D:\OpenSource\SnippetBox\frontend\src\main\services\SnippetManager.ts:406:34)
          at SnippetManager.generateVectorForSnippet (D:\OpenSource\SnippetBox\frontend\src\main\services\SnippetManager.ts:388:10)
          at SnippetManager.createSnippet (D:\OpenSource\SnippetBox\frontend\src\main\services\SnippetManager.ts:72:12)
          at processTicksAndRejections (node:internal/process/task_queues:105:5)
          at D:\OpenSource\SnippetBox\frontend\tests\property\SnippetProperty.test.ts:144:31
          at AsyncProperty.run (D:\OpenSource\SnippetBox\frontend\node_modules\fast-check\lib\cjs\fast-check.js:1208:19)
          at asyncRunIt (D:\OpenSource\SnippetBox\frontend\node_modules\fast-check\lib\cjs\fast-check.js:2503:15)
          at Object.<anonymous> (D:\OpenSource\SnippetBox\frontend\tests\property\SnippetProperty.test.ts:106:7)

    [0m [90m 407 |[39m           console[33m.[39mlog([32m`Generated vector for snippet: ${snippetId}`[39m)[33m;[39m
     [90m 408 |[39m         } [36mcatch[39m (error) {
    [31m[1m>[22m[39m[90m 409 |[39m           console[33m.[39merror([32m`Failed to generate vector for snippet ${snippetId}:`[3
9m[33m,[39m error)[33m;[39m
     [90m     |[39m                   [31m[1m^[22m[39m
     [90m 410 |[39m         }
     [90m 411 |[39m       }
     [90m 412 |[39m     } [36mfinally[39m {[0m

      at SnippetManager.processVectorGenerationQueue (src/main/services/SnippetManager.ts:409:19)

    console.error
      Failed to generate vector for snippet snippet-wzvhj2okd: TypeError: dbManager.getDb is not a function
          at VectorStore.initialize (D:\OpenSource\SnippetBox\frontend\src\main\services\VectorStore.ts:21:26)
          at VectorStore.addVector (D:\OpenSource\SnippetBox\frontend\src\main\services\VectorStore.ts:27:10)
          at SnippetManager.processVectorGenerationQueue (D:\OpenSource\SnippetBox\frontend\src\main\services\SnippetManager.ts:406:34)
          at SnippetManager.generateVectorForSnippet (D:\OpenSource\SnippetBox\frontend\src\main\services\SnippetManager.ts:388:10)
          at SnippetManager.createSnippet (D:\OpenSource\SnippetBox\frontend\src\main\services\SnippetManager.ts:72:12)
          at processTicksAndRejections (node:internal/process/task_queues:105:5)
          at D:\OpenSource\SnippetBox\frontend\tests\property\SnippetProperty.test.ts:144:31
          at AsyncProperty.run (D:\OpenSource\SnippetBox\frontend\node_modules\fast-check\lib\cjs\fast-check.js:1208:19)
          at asyncRunIt (D:\OpenSource\SnippetBox\frontend\node_modules\fast-check\lib\cjs\fast-check.js:2503:15)
          at Object.<anonymous> (D:\OpenSource\SnippetBox\frontend\tests\property\SnippetProperty.test.ts:106:7)

    [0m [90m 407 |[39m           console[33m.[39mlog([32m`Generated vector for snippet: ${snippetId}`[39m)[33m;[39m
     [90m 408 |[39m         } [36mcatch[39m (error) {
    [31m[1m>[22m[39m[90m 409 |[39m           console[33m.[39merror([32m`Failed to generate vector for snippet ${snippetId}:`[3
9m[33m,[39m error)[33m;[39m
     [90m     |[39m                   [31m[1m^[22m[39m
     [90m 410 |[39m         }
     [90m 411 |[39m       }
     [90m 412 |[39m     } [36mfinally[39m {[0m

      at SnippetManager.processVectorGenerationQueue (src/main/services/SnippetManager.ts:409:19)

    console.error
      Failed to generate vector for snippet snippet-b3l1i6kij: TypeError: dbManager.getDb is not a function
          at VectorStore.initialize (D:\OpenSource\SnippetBox\frontend\src\main\services\VectorStore.ts:21:26)
          at VectorStore.addVector (D:\OpenSource\SnippetBox\frontend\src\main\services\VectorStore.ts:27:10)
          at SnippetManager.processVectorGenerationQueue (D:\OpenSource\SnippetBox\frontend\src\main\services\SnippetManager.ts:406:34)
          at SnippetManager.generateVectorForSnippet (D:\OpenSource\SnippetBox\frontend\src\main\services\SnippetManager.ts:388:10)
          at SnippetManager.createSnippet (D:\OpenSource\SnippetBox\frontend\src\main\services\SnippetManager.ts:72:12)
          at processTicksAndRejections (node:internal/process/task_queues:105:5)
          at D:\OpenSource\SnippetBox\frontend\tests\property\SnippetProperty.test.ts:144:31
          at AsyncProperty.run (D:\OpenSource\SnippetBox\frontend\node_modules\fast-check\lib\cjs\fast-check.js:1208:19)
          at asyncRunIt (D:\OpenSource\SnippetBox\frontend\node_modules\fast-check\lib\cjs\fast-check.js:2503:15)
          at Object.<anonymous> (D:\OpenSource\SnippetBox\frontend\tests\property\SnippetProperty.test.ts:106:7)

    [0m [90m 407 |[39m           console[33m.[39mlog([32m`Generated vector for snippet: ${snippetId}`[39m)[33m;[39m
     [90m 408 |[39m         } [36mcatch[39m (error) {
    [31m[1m>[22m[39m[90m 409 |[39m           console[33m.[39merror([32m`Failed to generate vector for snippet ${snippetId}:`[3
9m[33m,[39m error)[33m;[39m
     [90m     |[39m                   [31m[1m^[22m[39m
     [90m 410 |[39m         }
     [90m 411 |[39m       }
     [90m 412 |[39m     } [36mfinally[39m {[0m

      at SnippetManager.processVectorGenerationQueue (src/main/services/SnippetManager.ts:409:19)

    console.error
      Failed to generate vector for snippet snippet-uwbblnsiu: TypeError: dbManager.getDb is not a function
          at VectorStore.initialize (D:\OpenSource\SnippetBox\frontend\src\main\services\VectorStore.ts:21:26)
          at VectorStore.addVector (D:\OpenSource\SnippetBox\frontend\src\main\services\VectorStore.ts:27:10)
          at SnippetManager.processVectorGenerationQueue (D:\OpenSource\SnippetBox\frontend\src\main\services\SnippetManager.ts:406:34)
          at SnippetManager.generateVectorForSnippet (D:\OpenSource\SnippetBox\frontend\src\main\services\SnippetManager.ts:388:10)
          at SnippetManager.createSnippet (D:\OpenSource\SnippetBox\frontend\src\main\services\SnippetManager.ts:72:12)
          at processTicksAndRejections (node:internal/process/task_queues:105:5)
          at D:\OpenSource\SnippetBox\frontend\tests\property\SnippetProperty.test.ts:144:31
          at AsyncProperty.run (D:\OpenSource\SnippetBox\frontend\node_modules\fast-check\lib\cjs\fast-check.js:1208:19)
          at asyncRunIt (D:\OpenSource\SnippetBox\frontend\node_modules\fast-check\lib\cjs\fast-check.js:2503:15)
          at Object.<anonymous> (D:\OpenSource\SnippetBox\frontend\tests\property\SnippetProperty.test.ts:106:7)

    [0m [90m 407 |[39m           console[33m.[39mlog([32m`Generated vector for snippet: ${snippetId}`[39m)[33m;[39m
     [90m 408 |[39m         } [36mcatch[39m (error) {
    [31m[1m>[22m[39m[90m 409 |[39m           console[33m.[39merror([32m`Failed to generate vector for snippet ${snippetId}:`[3
9m[33m,[39m error)[33m;[39m
     [90m     |[39m                   [31m[1m^[22m[39m
     [90m 410 |[39m         }
     [90m 411 |[39m       }
     [90m 412 |[39m     } [36mfinally[39m {[0m

      at SnippetManager.processVectorGenerationQueue (src/main/services/SnippetManager.ts:409:19)

    console.error
      Failed to generate vector for snippet snippet-o0m8hhnit: TypeError: dbManager.getDb is not a function
          at VectorStore.initialize (D:\OpenSource\SnippetBox\frontend\src\main\services\VectorStore.ts:21:26)
          at VectorStore.addVector (D:\OpenSource\SnippetBox\frontend\src\main\services\VectorStore.ts:27:10)
          at SnippetManager.processVectorGenerationQueue (D:\OpenSource\SnippetBox\frontend\src\main\services\SnippetManager.ts:406:34)
          at SnippetManager.generateVectorForSnippet (D:\OpenSource\SnippetBox\frontend\src\main\services\SnippetManager.ts:388:10)
          at SnippetManager.createSnippet (D:\OpenSource\SnippetBox\frontend\src\main\services\SnippetManager.ts:72:12)
          at processTicksAndRejections (node:internal/process/task_queues:105:5)
          at D:\OpenSource\SnippetBox\frontend\tests\property\SnippetProperty.test.ts:144:31
          at AsyncProperty.run (D:\OpenSource\SnippetBox\frontend\node_modules\fast-check\lib\cjs\fast-check.js:1208:19)
          at asyncRunIt (D:\OpenSource\SnippetBox\frontend\node_modules\fast-check\lib\cjs\fast-check.js:2503:15)
          at Object.<anonymous> (D:\OpenSource\SnippetBox\frontend\tests\property\SnippetProperty.test.ts:106:7)

    [0m [90m 407 |[39m           console[33m.[39mlog([32m`Generated vector for snippet: ${snippetId}`[39m)[33m;[39m
     [90m 408 |[39m         } [36mcatch[39m (error) {
    [31m[1m>[22m[39m[90m 409 |[39m           console[33m.[39merror([32m`Failed to generate vector for snippet ${snippetId}:`[3
9m[33m,[39m error)[33m;[39m
     [90m     |[39m                   [31m[1m^[22m[39m
     [90m 410 |[39m         }
     [90m 411 |[39m       }
     [90m 412 |[39m     } [36mfinally[39m {[0m

      at SnippetManager.processVectorGenerationQueue (src/main/services/SnippetManager.ts:409:19)

    console.error
      Failed to generate vector for snippet snippet-7jvo2g4e2: TypeError: dbManager.getDb is not a function
          at VectorStore.initialize (D:\OpenSource\SnippetBox\frontend\src\main\services\VectorStore.ts:21:26)
          at VectorStore.addVector (D:\OpenSource\SnippetBox\frontend\src\main\services\VectorStore.ts:27:10)
          at SnippetManager.processVectorGenerationQueue (D:\OpenSource\SnippetBox\frontend\src\main\services\SnippetManager.ts:406:34)
          at SnippetManager.generateVectorForSnippet (D:\OpenSource\SnippetBox\frontend\src\main\services\SnippetManager.ts:388:10)
          at SnippetManager.createSnippet (D:\OpenSource\SnippetBox\frontend\src\main\services\SnippetManager.ts:72:12)
          at processTicksAndRejections (node:internal/process/task_queues:105:5)
          at D:\OpenSource\SnippetBox\frontend\tests\property\SnippetProperty.test.ts:144:31
          at AsyncProperty.run (D:\OpenSource\SnippetBox\frontend\node_modules\fast-check\lib\cjs\fast-check.js:1208:19)
          at asyncRunIt (D:\OpenSource\SnippetBox\frontend\node_modules\fast-check\lib\cjs\fast-check.js:2503:15)
          at Object.<anonymous> (D:\OpenSource\SnippetBox\frontend\tests\property\SnippetProperty.test.ts:106:7)

    [0m [90m 407 |[39m           console[33m.[39mlog([32m`Generated vector for snippet: ${snippetId}`[39m)[33m;[39m
     [90m 408 |[39m         } [36mcatch[39m (error) {
    [31m[1m>[22m[39m[90m 409 |[39m           console[33m.[39merror([32m`Failed to generate vector for snippet ${snippetId}:`[3
9m[33m,[39m error)[33m;[39m
     [90m     |[39m                   [31m[1m^[22m[39m
     [90m 410 |[39m         }
     [90m 411 |[39m       }
     [90m 412 |[39m     } [36mfinally[39m {[0m

      at SnippetManager.processVectorGenerationQueue (src/main/services/SnippetManager.ts:409:19)

    console.error
      Failed to generate vector for snippet snippet-x2aqdt12u: TypeError: dbManager.getDb is not a function
          at VectorStore.initialize (D:\OpenSource\SnippetBox\frontend\src\main\services\VectorStore.ts:21:26)
          at VectorStore.addVector (D:\OpenSource\SnippetBox\frontend\src\main\services\VectorStore.ts:27:10)
          at SnippetManager.processVectorGenerationQueue (D:\OpenSource\SnippetBox\frontend\src\main\services\SnippetManager.ts:406:34)
          at SnippetManager.generateVectorForSnippet (D:\OpenSource\SnippetBox\frontend\src\main\services\SnippetManager.ts:388:10)
          at SnippetManager.createSnippet (D:\OpenSource\SnippetBox\frontend\src\main\services\SnippetManager.ts:72:12)
          at processTicksAndRejections (node:internal/process/task_queues:105:5)
          at D:\OpenSource\SnippetBox\frontend\tests\property\SnippetProperty.test.ts:144:31
          at AsyncProperty.run (D:\OpenSource\SnippetBox\frontend\node_modules\fast-check\lib\cjs\fast-check.js:1208:19)
          at asyncRunIt (D:\OpenSource\SnippetBox\frontend\node_modules\fast-check\lib\cjs\fast-check.js:2503:15)
          at Object.<anonymous> (D:\OpenSource\SnippetBox\frontend\tests\property\SnippetProperty.test.ts:106:7)

    [0m [90m 407 |[39m           console[33m.[39mlog([32m`Generated vector for snippet: ${snippetId}`[39m)[33m;[39m
     [90m 408 |[39m         } [36mcatch[39m (error) {
    [31m[1m>[22m[39m[90m 409 |[39m           console[33m.[39merror([32m`Failed to generate vector for snippet ${snippetId}:`[3
9m[33m,[39m error)[33m;[39m
     [90m     |[39m                   [31m[1m^[22m[39m
     [90m 410 |[39m         }
     [90m 411 |[39m       }
     [90m 412 |[39m     } [36mfinally[39m {[0m

      at SnippetManager.processVectorGenerationQueue (src/main/services/SnippetManager.ts:409:19)

    console.error
      Failed to generate vector for snippet snippet-2rdl0tmkp: TypeError: dbManager.getDb is not a function
          at VectorStore.initialize (D:\OpenSource\SnippetBox\frontend\src\main\services\VectorStore.ts:21:26)
          at VectorStore.addVector (D:\OpenSource\SnippetBox\frontend\src\main\services\VectorStore.ts:27:10)
          at SnippetManager.processVectorGenerationQueue (D:\OpenSource\SnippetBox\frontend\src\main\services\SnippetManager.ts:406:34)
          at SnippetManager.generateVectorForSnippet (D:\OpenSource\SnippetBox\frontend\src\main\services\SnippetManager.ts:388:10)
          at SnippetManager.createSnippet (D:\OpenSource\SnippetBox\frontend\src\main\services\SnippetManager.ts:72:12)
          at processTicksAndRejections (node:internal/process/task_queues:105:5)
          at D:\OpenSource\SnippetBox\frontend\tests\property\SnippetProperty.test.ts:144:31
          at AsyncProperty.run (D:\OpenSource\SnippetBox\frontend\node_modules\fast-check\lib\cjs\fast-check.js:1208:19)
          at asyncRunIt (D:\OpenSource\SnippetBox\frontend\node_modules\fast-check\lib\cjs\fast-check.js:2503:15)
          at Object.<anonymous> (D:\OpenSource\SnippetBox\frontend\tests\property\SnippetProperty.test.ts:106:7)

    [0m [90m 407 |[39m           console[33m.[39mlog([32m`Generated vector for snippet: ${snippetId}`[39m)[33m;[39m
     [90m 408 |[39m         } [36mcatch[39m (error) {
    [31m[1m>[22m[39m[90m 409 |[39m           console[33m.[39merror([32m`Failed to generate vector for snippet ${snippetId}:`[3
9m[33m,[39m error)[33m;[39m
     [90m     |[39m                   [31m[1m^[22m[39m
     [90m 410 |[39m         }
     [90m 411 |[39m       }
     [90m 412 |[39m     } [36mfinally[39m {[0m

      at SnippetManager.processVectorGenerationQueue (src/main/services/SnippetManager.ts:409:19)

    console.error
      Failed to generate vector for snippet snippet-2pou6hya3: TypeError: dbManager.getDb is not a function
          at VectorStore.initialize (D:\OpenSource\SnippetBox\frontend\src\main\services\VectorStore.ts:21:26)
          at VectorStore.addVector (D:\OpenSource\SnippetBox\frontend\src\main\services\VectorStore.ts:27:10)
          at SnippetManager.processVectorGenerationQueue (D:\OpenSource\SnippetBox\frontend\src\main\services\SnippetManager.ts:406:34)
          at SnippetManager.generateVectorForSnippet (D:\OpenSource\SnippetBox\frontend\src\main\services\SnippetManager.ts:388:10)
          at SnippetManager.createSnippet (D:\OpenSource\SnippetBox\frontend\src\main\services\SnippetManager.ts:72:12)
          at processTicksAndRejections (node:internal/process/task_queues:105:5)
          at D:\OpenSource\SnippetBox\frontend\tests\property\SnippetProperty.test.ts:144:31
          at AsyncProperty.run (D:\OpenSource\SnippetBox\frontend\node_modules\fast-check\lib\cjs\fast-check.js:1208:19)
          at asyncRunIt (D:\OpenSource\SnippetBox\frontend\node_modules\fast-check\lib\cjs\fast-check.js:2503:15)
          at Object.<anonymous> (D:\OpenSource\SnippetBox\frontend\tests\property\SnippetProperty.test.ts:106:7)

    [0m [90m 407 |[39m           console[33m.[39mlog([32m`Generated vector for snippet: ${snippetId}`[39m)[33m;[39m
     [90m 408 |[39m         } [36mcatch[39m (error) {
    [31m[1m>[22m[39m[90m 409 |[39m           console[33m.[39merror([32m`Failed to generate vector for snippet ${snippetId}:`[3
9m[33m,[39m error)[33m;[39m
     [90m     |[39m                   [31m[1m^[22m[39m
     [90m 410 |[39m         }
     [90m 411 |[39m       }
     [90m 412 |[39m     } [36mfinally[39m {[0m

      at SnippetManager.processVectorGenerationQueue (src/main/services/SnippetManager.ts:409:19)

    console.error
      Failed to generate vector for snippet snippet-7wlq22bxg: TypeError: dbManager.getDb is not a function
          at VectorStore.initialize (D:\OpenSource\SnippetBox\frontend\src\main\services\VectorStore.ts:21:26)
          at VectorStore.addVector (D:\OpenSource\SnippetBox\frontend\src\main\services\VectorStore.ts:27:10)
          at SnippetManager.processVectorGenerationQueue (D:\OpenSource\SnippetBox\frontend\src\main\services\SnippetManager.ts:406:34)
          at SnippetManager.generateVectorForSnippet (D:\OpenSource\SnippetBox\frontend\src\main\services\SnippetManager.ts:388:10)
          at SnippetManager.createSnippet (D:\OpenSource\SnippetBox\frontend\src\main\services\SnippetManager.ts:72:12)
          at processTicksAndRejections (node:internal/process/task_queues:105:5)
          at D:\OpenSource\SnippetBox\frontend\tests\property\SnippetProperty.test.ts:144:31
          at AsyncProperty.run (D:\OpenSource\SnippetBox\frontend\node_modules\fast-check\lib\cjs\fast-check.js:1208:19)
          at asyncRunIt (D:\OpenSource\SnippetBox\frontend\node_modules\fast-check\lib\cjs\fast-check.js:2503:15)
          at Object.<anonymous> (D:\OpenSource\SnippetBox\frontend\tests\property\SnippetProperty.test.ts:106:7)

    [0m [90m 407 |[39m           console[33m.[39mlog([32m`Generated vector for snippet: ${snippetId}`[39m)[33m;[39m
     [90m 408 |[39m         } [36mcatch[39m (error) {
    [31m[1m>[22m[39m[90m 409 |[39m           console[33m.[39merror([32m`Failed to generate vector for snippet ${snippetId}:`[3
9m[33m,[39m error)[33m;[39m
     [90m     |[39m                   [31m[1m^[22m[39m
     [90m 410 |[39m         }
     [90m 411 |[39m       }
     [90m 412 |[39m     } [36mfinally[39m {[0m

      at SnippetManager.processVectorGenerationQueue (src/main/services/SnippetManager.ts:409:19)

    console.error
      Failed to generate vector for snippet snippet-gs1mme7w3: TypeError: dbManager.getDb is not a function
          at VectorStore.initialize (D:\OpenSource\SnippetBox\frontend\src\main\services\VectorStore.ts:21:26)
          at VectorStore.addVector (D:\OpenSource\SnippetBox\frontend\src\main\services\VectorStore.ts:27:10)
          at SnippetManager.processVectorGenerationQueue (D:\OpenSource\SnippetBox\frontend\src\main\services\SnippetManager.ts:406:34)
          at SnippetManager.generateVectorForSnippet (D:\OpenSource\SnippetBox\frontend\src\main\services\SnippetManager.ts:388:10)
          at SnippetManager.createSnippet (D:\OpenSource\SnippetBox\frontend\src\main\services\SnippetManager.ts:72:12)
          at processTicksAndRejections (node:internal/process/task_queues:105:5)
          at D:\OpenSource\SnippetBox\frontend\tests\property\SnippetProperty.test.ts:144:31
          at AsyncProperty.run (D:\OpenSource\SnippetBox\frontend\node_modules\fast-check\lib\cjs\fast-check.js:1208:19)
          at asyncRunIt (D:\OpenSource\SnippetBox\frontend\node_modules\fast-check\lib\cjs\fast-check.js:2503:15)
          at Object.<anonymous> (D:\OpenSource\SnippetBox\frontend\tests\property\SnippetProperty.test.ts:106:7)

    [0m [90m 407 |[39m           console[33m.[39mlog([32m`Generated vector for snippet: ${snippetId}`[39m)[33m;[39m
     [90m 408 |[39m         } [36mcatch[39m (error) {
    [31m[1m>[22m[39m[90m 409 |[39m           console[33m.[39merror([32m`Failed to generate vector for snippet ${snippetId}:`[3
9m[33m,[39m error)[33m;[39m
     [90m     |[39m                   [31m[1m^[22m[39m
     [90m 410 |[39m         }
     [90m 411 |[39m       }
     [90m 412 |[39m     } [36mfinally[39m {[0m

      at SnippetManager.processVectorGenerationQueue (src/main/services/SnippetManager.ts:409:19)

    console.error
      Failed to generate vector for snippet snippet-nxzzl6llg: TypeError: dbManager.getDb is not a function
          at VectorStore.initialize (D:\OpenSource\SnippetBox\frontend\src\main\services\VectorStore.ts:21:26)
          at VectorStore.addVector (D:\OpenSource\SnippetBox\frontend\src\main\services\VectorStore.ts:27:10)
          at SnippetManager.processVectorGenerationQueue (D:\OpenSource\SnippetBox\frontend\src\main\services\SnippetManager.ts:406:34)
          at SnippetManager.generateVectorForSnippet (D:\OpenSource\SnippetBox\frontend\src\main\services\SnippetManager.ts:388:10)
          at SnippetManager.createSnippet (D:\OpenSource\SnippetBox\frontend\src\main\services\SnippetManager.ts:72:12)
          at processTicksAndRejections (node:internal/process/task_queues:105:5)
          at D:\OpenSource\SnippetBox\frontend\tests\property\SnippetProperty.test.ts:144:31
          at AsyncProperty.run (D:\OpenSource\SnippetBox\frontend\node_modules\fast-check\lib\cjs\fast-check.js:1208:19)
          at asyncRunIt (D:\OpenSource\SnippetBox\frontend\node_modules\fast-check\lib\cjs\fast-check.js:2503:15)
          at Object.<anonymous> (D:\OpenSource\SnippetBox\frontend\tests\property\SnippetProperty.test.ts:106:7)

    [0m [90m 407 |[39m           console[33m.[39mlog([32m`Generated vector for snippet: ${snippetId}`[39m)[33m;[39m
     [90m 408 |[39m         } [36mcatch[39m (error) {
    [31m[1m>[22m[39m[90m 409 |[39m           console[33m.[39merror([32m`Failed to generate vector for snippet ${snippetId}:`[3
9m[33m,[39m error)[33m;[39m
     [90m     |[39m                   [31m[1m^[22m[39m
     [90m 410 |[39m         }
     [90m 411 |[39m       }
     [90m 412 |[39m     } [36mfinally[39m {[0m

      at SnippetManager.processVectorGenerationQueue (src/main/services/SnippetManager.ts:409:19)

    console.error
      Failed to generate vector for snippet snippet-bnp979yhz: TypeError: dbManager.getDb is not a function
          at VectorStore.initialize (D:\OpenSource\SnippetBox\frontend\src\main\services\VectorStore.ts:21:26)
          at VectorStore.addVector (D:\OpenSource\SnippetBox\frontend\src\main\services\VectorStore.ts:27:10)
          at SnippetManager.processVectorGenerationQueue (D:\OpenSource\SnippetBox\frontend\src\main\services\SnippetManager.ts:406:34)
          at SnippetManager.generateVectorForSnippet (D:\OpenSource\SnippetBox\frontend\src\main\services\SnippetManager.ts:388:10)
          at SnippetManager.createSnippet (D:\OpenSource\SnippetBox\frontend\src\main\services\SnippetManager.ts:72:12)
          at processTicksAndRejections (node:internal/process/task_queues:105:5)
          at D:\OpenSource\SnippetBox\frontend\tests\property\SnippetProperty.test.ts:144:31
          at AsyncProperty.run (D:\OpenSource\SnippetBox\frontend\node_modules\fast-check\lib\cjs\fast-check.js:1208:19)
          at asyncRunIt (D:\OpenSource\SnippetBox\frontend\node_modules\fast-check\lib\cjs\fast-check.js:2503:15)
          at Object.<anonymous> (D:\OpenSource\SnippetBox\frontend\tests\property\SnippetProperty.test.ts:106:7)

    [0m [90m 407 |[39m           console[33m.[39mlog([32m`Generated vector for snippet: ${snippetId}`[39m)[33m;[39m
     [90m 408 |[39m         } [36mcatch[39m (error) {
    [31m[1m>[22m[39m[90m 409 |[39m           console[33m.[39merror([32m`Failed to generate vector for snippet ${snippetId}:`[3
9m[33m,[39m error)[33m;[39m
     [90m     |[39m                   [31m[1m^[22m[39m
     [90m 410 |[39m         }
     [90m 411 |[39m       }
     [90m 412 |[39m     } [36mfinally[39m {[0m

      at SnippetManager.processVectorGenerationQueue (src/main/services/SnippetManager.ts:409:19)

    console.error
      Failed to generate vector for snippet snippet-cuaww13hy: TypeError: dbManager.getDb is not a function
          at VectorStore.initialize (D:\OpenSource\SnippetBox\frontend\src\main\services\VectorStore.ts:21:26)
          at VectorStore.addVector (D:\OpenSource\SnippetBox\frontend\src\main\services\VectorStore.ts:27:10)
          at SnippetManager.processVectorGenerationQueue (D:\OpenSource\SnippetBox\frontend\src\main\services\SnippetManager.ts:406:34)
          at SnippetManager.generateVectorForSnippet (D:\OpenSource\SnippetBox\frontend\src\main\services\SnippetManager.ts:388:10)
          at SnippetManager.createSnippet (D:\OpenSource\SnippetBox\frontend\src\main\services\SnippetManager.ts:72:12)
          at processTicksAndRejections (node:internal/process/task_queues:105:5)
          at D:\OpenSource\SnippetBox\frontend\tests\property\SnippetProperty.test.ts:144:31
          at AsyncProperty.run (D:\OpenSource\SnippetBox\frontend\node_modules\fast-check\lib\cjs\fast-check.js:1208:19)
          at asyncRunIt (D:\OpenSource\SnippetBox\frontend\node_modules\fast-check\lib\cjs\fast-check.js:2503:15)
          at Object.<anonymous> (D:\OpenSource\SnippetBox\frontend\tests\property\SnippetProperty.test.ts:106:7)

    [0m [90m 407 |[39m           console[33m.[39mlog([32m`Generated vector for snippet: ${snippetId}`[39m)[33m;[39m
     [90m 408 |[39m         } [36mcatch[39m (error) {
    [31m[1m>[22m[39m[90m 409 |[39m           console[33m.[39merror([32m`Failed to generate vector for snippet ${snippetId}:`[3
9m[33m,[39m error)[33m;[39m
     [90m     |[39m                   [31m[1m^[22m[39m
     [90m 410 |[39m         }
     [90m 411 |[39m       }
     [90m 412 |[39m     } [36mfinally[39m {[0m

      at SnippetManager.processVectorGenerationQueue (src/main/services/SnippetManager.ts:409:19)

    console.error
      Failed to generate vector for snippet snippet-avciwc4vj: TypeError: dbManager.getDb is not a function
          at VectorStore.initialize (D:\OpenSource\SnippetBox\frontend\src\main\services\VectorStore.ts:21:26)
          at VectorStore.addVector (D:\OpenSource\SnippetBox\frontend\src\main\services\VectorStore.ts:27:10)
          at SnippetManager.processVectorGenerationQueue (D:\OpenSource\SnippetBox\frontend\src\main\services\SnippetManager.ts:406:34)
          at SnippetManager.generateVectorForSnippet (D:\OpenSource\SnippetBox\frontend\src\main\services\SnippetManager.ts:388:10)
          at SnippetManager.createSnippet (D:\OpenSource\SnippetBox\frontend\src\main\services\SnippetManager.ts:72:12)
          at processTicksAndRejections (node:internal/process/task_queues:105:5)
          at D:\OpenSource\SnippetBox\frontend\tests\property\SnippetProperty.test.ts:144:31
          at AsyncProperty.run (D:\OpenSource\SnippetBox\frontend\node_modules\fast-check\lib\cjs\fast-check.js:1208:19)
          at asyncRunIt (D:\OpenSource\SnippetBox\frontend\node_modules\fast-check\lib\cjs\fast-check.js:2503:15)
          at Object.<anonymous> (D:\OpenSource\SnippetBox\frontend\tests\property\SnippetProperty.test.ts:106:7)

    [0m [90m 407 |[39m           console[33m.[39mlog([32m`Generated vector for snippet: ${snippetId}`[39m)[33m;[39m
     [90m 408 |[39m         } [36mcatch[39m (error) {
    [31m[1m>[22m[39m[90m 409 |[39m           console[33m.[39merror([32m`Failed to generate vector for snippet ${snippetId}:`[3
9m[33m,[39m error)[33m;[39m
     [90m     |[39m                   [31m[1m^[22m[39m
     [90m 410 |[39m         }
     [90m 411 |[39m       }
     [90m 412 |[39m     } [36mfinally[39m {[0m

      at SnippetManager.processVectorGenerationQueue (src/main/services/SnippetManager.ts:409:19)

    console.error
      Failed to generate vector for snippet snippet-qcvlqjh9n: TypeError: dbManager.getDb is not a function
          at VectorStore.initialize (D:\OpenSource\SnippetBox\frontend\src\main\services\VectorStore.ts:21:26)
          at VectorStore.addVector (D:\OpenSource\SnippetBox\frontend\src\main\services\VectorStore.ts:27:10)
          at SnippetManager.processVectorGenerationQueue (D:\OpenSource\SnippetBox\frontend\src\main\services\SnippetManager.ts:406:34)
          at SnippetManager.generateVectorForSnippet (D:\OpenSource\SnippetBox\frontend\src\main\services\SnippetManager.ts:388:10)
          at SnippetManager.createSnippet (D:\OpenSource\SnippetBox\frontend\src\main\services\SnippetManager.ts:72:12)
          at processTicksAndRejections (node:internal/process/task_queues:105:5)
          at D:\OpenSource\SnippetBox\frontend\tests\property\SnippetProperty.test.ts:144:31
          at AsyncProperty.run (D:\OpenSource\SnippetBox\frontend\node_modules\fast-check\lib\cjs\fast-check.js:1208:19)
          at asyncRunIt (D:\OpenSource\SnippetBox\frontend\node_modules\fast-check\lib\cjs\fast-check.js:2503:15)
          at Object.<anonymous> (D:\OpenSource\SnippetBox\frontend\tests\property\SnippetProperty.test.ts:106:7)

    [0m [90m 407 |[39m           console[33m.[39mlog([32m`Generated vector for snippet: ${snippetId}`[39m)[33m;[39m
     [90m 408 |[39m         } [36mcatch[39m (error) {
    [31m[1m>[22m[39m[90m 409 |[39m           console[33m.[39merror([32m`Failed to generate vector for snippet ${snippetId}:`[3
9m[33m,[39m error)[33m;[39m
     [90m     |[39m                   [31m[1m^[22m[39m
     [90m 410 |[39m         }
     [90m 411 |[39m       }
     [90m 412 |[39m     } [36mfinally[39m {[0m

      at SnippetManager.processVectorGenerationQueue (src/main/services/SnippetManager.ts:409:19)

    console.error
      Failed to generate vector for snippet snippet-yt8khtfsb: TypeError: dbManager.getDb is not a function
          at VectorStore.initialize (D:\OpenSource\SnippetBox\frontend\src\main\services\VectorStore.ts:21:26)
          at VectorStore.addVector (D:\OpenSource\SnippetBox\frontend\src\main\services\VectorStore.ts:27:10)
          at SnippetManager.processVectorGenerationQueue (D:\OpenSource\SnippetBox\frontend\src\main\services\SnippetManager.ts:406:34)
          at SnippetManager.generateVectorForSnippet (D:\OpenSource\SnippetBox\frontend\src\main\services\SnippetManager.ts:388:10)
          at SnippetManager.createSnippet (D:\OpenSource\SnippetBox\frontend\src\main\services\SnippetManager.ts:72:12)
          at processTicksAndRejections (node:internal/process/task_queues:105:5)
          at D:\OpenSource\SnippetBox\frontend\tests\property\SnippetProperty.test.ts:144:31
          at AsyncProperty.run (D:\OpenSource\SnippetBox\frontend\node_modules\fast-check\lib\cjs\fast-check.js:1208:19)
          at asyncRunIt (D:\OpenSource\SnippetBox\frontend\node_modules\fast-check\lib\cjs\fast-check.js:2503:15)
          at Object.<anonymous> (D:\OpenSource\SnippetBox\frontend\tests\property\SnippetProperty.test.ts:106:7)

    [0m [90m 407 |[39m           console[33m.[39mlog([32m`Generated vector for snippet: ${snippetId}`[39m)[33m;[39m
     [90m 408 |[39m         } [36mcatch[39m (error) {
    [31m[1m>[22m[39m[90m 409 |[39m           console[33m.[39merror([32m`Failed to generate vector for snippet ${snippetId}:`[3
9m[33m,[39m error)[33m;[39m
     [90m     |[39m                   [31m[1m^[22m[39m
     [90m 410 |[39m         }
     [90m 411 |[39m       }
     [90m 412 |[39m     } [36mfinally[39m {[0m

      at SnippetManager.processVectorGenerationQueue (src/main/services/SnippetManager.ts:409:19)

    console.error
      Failed to generate vector for snippet snippet-5v67yfkdb: TypeError: dbManager.getDb is not a function
          at VectorStore.initialize (D:\OpenSource\SnippetBox\frontend\src\main\services\VectorStore.ts:21:26)
          at VectorStore.addVector (D:\OpenSource\SnippetBox\frontend\src\main\services\VectorStore.ts:27:10)
          at SnippetManager.processVectorGenerationQueue (D:\OpenSource\SnippetBox\frontend\src\main\services\SnippetManager.ts:406:34)
          at SnippetManager.generateVectorForSnippet (D:\OpenSource\SnippetBox\frontend\src\main\services\SnippetManager.ts:388:10)
          at SnippetManager.createSnippet (D:\OpenSource\SnippetBox\frontend\src\main\services\SnippetManager.ts:72:12)
          at processTicksAndRejections (node:internal/process/task_queues:105:5)
          at D:\OpenSource\SnippetBox\frontend\tests\property\SnippetProperty.test.ts:144:31
          at AsyncProperty.run (D:\OpenSource\SnippetBox\frontend\node_modules\fast-check\lib\cjs\fast-check.js:1208:19)
          at asyncRunIt (D:\OpenSource\SnippetBox\frontend\node_modules\fast-check\lib\cjs\fast-check.js:2503:15)
          at Object.<anonymous> (D:\OpenSource\SnippetBox\frontend\tests\property\SnippetProperty.test.ts:106:7)

    [0m [90m 407 |[39m           console[33m.[39mlog([32m`Generated vector for snippet: ${snippetId}`[39m)[33m;[39m
     [90m 408 |[39m         } [36mcatch[39m (error) {
    [31m[1m>[22m[39m[90m 409 |[39m           console[33m.[39merror([32m`Failed to generate vector for snippet ${snippetId}:`[3
9m[33m,[39m error)[33m;[39m
     [90m     |[39m                   [31m[1m^[22m[39m
     [90m 410 |[39m         }
     [90m 411 |[39m       }
     [90m 412 |[39m     } [36mfinally[39m {[0m

      at SnippetManager.processVectorGenerationQueue (src/main/services/SnippetManager.ts:409:19)

    console.error
      Failed to generate vector for snippet snippet-dmcqww3hm: TypeError: dbManager.getDb is not a function
          at VectorStore.initialize (D:\OpenSource\SnippetBox\frontend\src\main\services\VectorStore.ts:21:26)
          at VectorStore.addVector (D:\OpenSource\SnippetBox\frontend\src\main\services\VectorStore.ts:27:10)
          at SnippetManager.processVectorGenerationQueue (D:\OpenSource\SnippetBox\frontend\src\main\services\SnippetManager.ts:406:34)
          at SnippetManager.generateVectorForSnippet (D:\OpenSource\SnippetBox\frontend\src\main\services\SnippetManager.ts:388:10)
          at SnippetManager.createSnippet (D:\OpenSource\SnippetBox\frontend\src\main\services\SnippetManager.ts:72:12)
          at processTicksAndRejections (node:internal/process/task_queues:105:5)
          at D:\OpenSource\SnippetBox\frontend\tests\property\SnippetProperty.test.ts:144:31
          at AsyncProperty.run (D:\OpenSource\SnippetBox\frontend\node_modules\fast-check\lib\cjs\fast-check.js:1208:19)
          at asyncRunIt (D:\OpenSource\SnippetBox\frontend\node_modules\fast-check\lib\cjs\fast-check.js:2503:15)
          at Object.<anonymous> (D:\OpenSource\SnippetBox\frontend\tests\property\SnippetProperty.test.ts:106:7)

    [0m [90m 407 |[39m           console[33m.[39mlog([32m`Generated vector for snippet: ${snippetId}`[39m)[33m;[39m
     [90m 408 |[39m         } [36mcatch[39m (error) {
    [31m[1m>[22m[39m[90m 409 |[39m           console[33m.[39merror([32m`Failed to generate vector for snippet ${snippetId}:`[3
9m[33m,[39m error)[33m;[39m
     [90m     |[39m                   [31m[1m^[22m[39m
     [90m 410 |[39m         }
     [90m 411 |[39m       }
     [90m 412 |[39m     } [36mfinally[39m {[0m

      at SnippetManager.processVectorGenerationQueue (src/main/services/SnippetManager.ts:409:19)

    console.error
      Failed to generate vector for snippet snippet-xhwv8xg79: TypeError: dbManager.getDb is not a function
          at VectorStore.initialize (D:\OpenSource\SnippetBox\frontend\src\main\services\VectorStore.ts:21:26)
          at VectorStore.addVector (D:\OpenSource\SnippetBox\frontend\src\main\services\VectorStore.ts:27:10)
          at SnippetManager.processVectorGenerationQueue (D:\OpenSource\SnippetBox\frontend\src\main\services\SnippetManager.ts:406:34)
          at SnippetManager.generateVectorForSnippet (D:\OpenSource\SnippetBox\frontend\src\main\services\SnippetManager.ts:388:10)
          at SnippetManager.createSnippet (D:\OpenSource\SnippetBox\frontend\src\main\services\SnippetManager.ts:72:12)
          at processTicksAndRejections (node:internal/process/task_queues:105:5)
          at D:\OpenSource\SnippetBox\frontend\tests\property\SnippetProperty.test.ts:144:31
          at AsyncProperty.run (D:\OpenSource\SnippetBox\frontend\node_modules\fast-check\lib\cjs\fast-check.js:1208:19)
          at asyncRunIt (D:\OpenSource\SnippetBox\frontend\node_modules\fast-check\lib\cjs\fast-check.js:2503:15)
          at Object.<anonymous> (D:\OpenSource\SnippetBox\frontend\tests\property\SnippetProperty.test.ts:106:7)

    [0m [90m 407 |[39m           console[33m.[39mlog([32m`Generated vector for snippet: ${snippetId}`[39m)[33m;[39m
     [90m 408 |[39m         } [36mcatch[39m (error) {
    [31m[1m>[22m[39m[90m 409 |[39m           console[33m.[39merror([32m`Failed to generate vector for snippet ${snippetId}:`[3
9m[33m,[39m error)[33m;[39m
     [90m     |[39m                   [31m[1m^[22m[39m
     [90m 410 |[39m         }
     [90m 411 |[39m       }
     [90m 412 |[39m     } [36mfinally[39m {[0m

      at SnippetManager.processVectorGenerationQueue (src/main/services/SnippetManager.ts:409:19)

    console.error
      Failed to generate vector for snippet snippet-071klw35p: TypeError: dbManager.getDb is not a function
          at VectorStore.initialize (D:\OpenSource\SnippetBox\frontend\src\main\services\VectorStore.ts:21:26)
          at VectorStore.addVector (D:\OpenSource\SnippetBox\frontend\src\main\services\VectorStore.ts:27:10)
          at SnippetManager.processVectorGenerationQueue (D:\OpenSource\SnippetBox\frontend\src\main\services\SnippetManager.ts:406:34)
          at SnippetManager.generateVectorForSnippet (D:\OpenSource\SnippetBox\frontend\src\main\services\SnippetManager.ts:388:10)
          at SnippetManager.createSnippet (D:\OpenSource\SnippetBox\frontend\src\main\services\SnippetManager.ts:72:12)
          at processTicksAndRejections (node:internal/process/task_queues:105:5)
          at D:\OpenSource\SnippetBox\frontend\tests\property\SnippetProperty.test.ts:144:31
          at AsyncProperty.run (D:\OpenSource\SnippetBox\frontend\node_modules\fast-check\lib\cjs\fast-check.js:1208:19)
          at asyncRunIt (D:\OpenSource\SnippetBox\frontend\node_modules\fast-check\lib\cjs\fast-check.js:2503:15)
          at Object.<anonymous> (D:\OpenSource\SnippetBox\frontend\tests\property\SnippetProperty.test.ts:106:7)

    [0m [90m 407 |[39m           console[33m.[39mlog([32m`Generated vector for snippet: ${snippetId}`[39m)[33m;[39m
     [90m 408 |[39m         } [36mcatch[39m (error) {
    [31m[1m>[22m[39m[90m 409 |[39m           console[33m.[39merror([32m`Failed to generate vector for snippet ${snippetId}:`[3
9m[33m,[39m error)[33m;[39m
     [90m     |[39m                   [31m[1m^[22m[39m
     [90m 410 |[39m         }
     [90m 411 |[39m       }
     [90m 412 |[39m     } [36mfinally[39m {[0m

      at SnippetManager.processVectorGenerationQueue (src/main/services/SnippetManager.ts:409:19)

    console.error
      Failed to generate vector for snippet snippet-rlcvgazpa: TypeError: dbManager.getDb is not a function
          at VectorStore.initialize (D:\OpenSource\SnippetBox\frontend\src\main\services\VectorStore.ts:21:26)
          at VectorStore.addVector (D:\OpenSource\SnippetBox\frontend\src\main\services\VectorStore.ts:27:10)
          at SnippetManager.processVectorGenerationQueue (D:\OpenSource\SnippetBox\frontend\src\main\services\SnippetManager.ts:406:34)
          at SnippetManager.generateVectorForSnippet (D:\OpenSource\SnippetBox\frontend\src\main\services\SnippetManager.ts:388:10)
          at SnippetManager.createSnippet (D:\OpenSource\SnippetBox\frontend\src\main\services\SnippetManager.ts:72:12)
          at processTicksAndRejections (node:internal/process/task_queues:105:5)
          at D:\OpenSource\SnippetBox\frontend\tests\property\SnippetProperty.test.ts:144:31
          at AsyncProperty.run (D:\OpenSource\SnippetBox\frontend\node_modules\fast-check\lib\cjs\fast-check.js:1208:19)
          at asyncRunIt (D:\OpenSource\SnippetBox\frontend\node_modules\fast-check\lib\cjs\fast-check.js:2503:15)
          at Object.<anonymous> (D:\OpenSource\SnippetBox\frontend\tests\property\SnippetProperty.test.ts:106:7)

    [0m [90m 407 |[39m           console[33m.[39mlog([32m`Generated vector for snippet: ${snippetId}`[39m)[33m;[39m
     [90m 408 |[39m         } [36mcatch[39m (error) {
    [31m[1m>[22m[39m[90m 409 |[39m           console[33m.[39merror([32m`Failed to generate vector for snippet ${snippetId}:`[3
9m[33m,[39m error)[33m;[39m
     [90m     |[39m                   [31m[1m^[22m[39m
     [90m 410 |[39m         }
     [90m 411 |[39m       }
     [90m 412 |[39m     } [36mfinally[39m {[0m

      at SnippetManager.processVectorGenerationQueue (src/main/services/SnippetManager.ts:409:19)

    console.error
      Failed to generate vector for snippet snippet-6wfpc4xhw: TypeError: dbManager.getDb is not a function
          at VectorStore.initialize (D:\OpenSource\SnippetBox\frontend\src\main\services\VectorStore.ts:21:26)
          at VectorStore.addVector (D:\OpenSource\SnippetBox\frontend\src\main\services\VectorStore.ts:27:10)
          at SnippetManager.processVectorGenerationQueue (D:\OpenSource\SnippetBox\frontend\src\main\services\SnippetManager.ts:406:34)
          at SnippetManager.generateVectorForSnippet (D:\OpenSource\SnippetBox\frontend\src\main\services\SnippetManager.ts:388:10)
          at SnippetManager.createSnippet (D:\OpenSource\SnippetBox\frontend\src\main\services\SnippetManager.ts:72:12)
          at processTicksAndRejections (node:internal/process/task_queues:105:5)
          at D:\OpenSource\SnippetBox\frontend\tests\property\SnippetProperty.test.ts:144:31
          at AsyncProperty.run (D:\OpenSource\SnippetBox\frontend\node_modules\fast-check\lib\cjs\fast-check.js:1208:19)
          at asyncRunIt (D:\OpenSource\SnippetBox\frontend\node_modules\fast-check\lib\cjs\fast-check.js:2503:15)
          at Object.<anonymous> (D:\OpenSource\SnippetBox\frontend\tests\property\SnippetProperty.test.ts:106:7)

    [0m [90m 407 |[39m           console[33m.[39mlog([32m`Generated vector for snippet: ${snippetId}`[39m)[33m;[39m
     [90m 408 |[39m         } [36mcatch[39m (error) {
    [31m[1m>[22m[39m[90m 409 |[39m           console[33m.[39merror([32m`Failed to generate vector for snippet ${snippetId}:`[3
9m[33m,[39m error)[33m;[39m
     [90m     |[39m                   [31m[1m^[22m[39m
     [90m 410 |[39m         }
     [90m 411 |[39m       }
     [90m 412 |[39m     } [36mfinally[39m {[0m

      at SnippetManager.processVectorGenerationQueue (src/main/services/SnippetManager.ts:409:19)

    console.error
      Failed to generate vector for snippet snippet-3ewx1wmaw: TypeError: dbManager.getDb is not a function
          at VectorStore.initialize (D:\OpenSource\SnippetBox\frontend\src\main\services\VectorStore.ts:21:26)
          at VectorStore.addVector (D:\OpenSource\SnippetBox\frontend\src\main\services\VectorStore.ts:27:10)
          at SnippetManager.processVectorGenerationQueue (D:\OpenSource\SnippetBox\frontend\src\main\services\SnippetManager.ts:406:34)
          at SnippetManager.generateVectorForSnippet (D:\OpenSource\SnippetBox\frontend\src\main\services\SnippetManager.ts:388:10)
          at SnippetManager.createSnippet (D:\OpenSource\SnippetBox\frontend\src\main\services\SnippetManager.ts:72:12)
          at processTicksAndRejections (node:internal/process/task_queues:105:5)
          at D:\OpenSource\SnippetBox\frontend\tests\property\SnippetProperty.test.ts:144:31
          at AsyncProperty.run (D:\OpenSource\SnippetBox\frontend\node_modules\fast-check\lib\cjs\fast-check.js:1208:19)
          at asyncRunIt (D:\OpenSource\SnippetBox\frontend\node_modules\fast-check\lib\cjs\fast-check.js:2503:15)
          at Object.<anonymous> (D:\OpenSource\SnippetBox\frontend\tests\property\SnippetProperty.test.ts:106:7)

    [0m [90m 407 |[39m           console[33m.[39mlog([32m`Generated vector for snippet: ${snippetId}`[39m)[33m;[39m
     [90m 408 |[39m         } [36mcatch[39m (error) {
    [31m[1m>[22m[39m[90m 409 |[39m           console[33m.[39merror([32m`Failed to generate vector for snippet ${snippetId}:`[3
9m[33m,[39m error)[33m;[39m
     [90m     |[39m                   [31m[1m^[22m[39m
     [90m 410 |[39m         }
     [90m 411 |[39m       }
     [90m 412 |[39m     } [36mfinally[39m {[0m

      at SnippetManager.processVectorGenerationQueue (src/main/services/SnippetManager.ts:409:19)

    console.error
      Failed to generate vector for snippet snippet-j4090kgj4: TypeError: dbManager.getDb is not a function
          at VectorStore.initialize (D:\OpenSource\SnippetBox\frontend\src\main\services\VectorStore.ts:21:26)
          at VectorStore.addVector (D:\OpenSource\SnippetBox\frontend\src\main\services\VectorStore.ts:27:10)
          at SnippetManager.processVectorGenerationQueue (D:\OpenSource\SnippetBox\frontend\src\main\services\SnippetManager.ts:406:34)
          at SnippetManager.generateVectorForSnippet (D:\OpenSource\SnippetBox\frontend\src\main\services\SnippetManager.ts:388:10)
          at SnippetManager.createSnippet (D:\OpenSource\SnippetBox\frontend\src\main\services\SnippetManager.ts:72:12)
          at processTicksAndRejections (node:internal/process/task_queues:105:5)
          at D:\OpenSource\SnippetBox\frontend\tests\property\SnippetProperty.test.ts:144:31
          at AsyncProperty.run (D:\OpenSource\SnippetBox\frontend\node_modules\fast-check\lib\cjs\fast-check.js:1208:19)
          at asyncRunIt (D:\OpenSource\SnippetBox\frontend\node_modules\fast-check\lib\cjs\fast-check.js:2503:15)
          at Object.<anonymous> (D:\OpenSource\SnippetBox\frontend\tests\property\SnippetProperty.test.ts:106:7)

    [0m [90m 407 |[39m           console[33m.[39mlog([32m`Generated vector for snippet: ${snippetId}`[39m)[33m;[39m
     [90m 408 |[39m         } [36mcatch[39m (error) {
    [31m[1m>[22m[39m[90m 409 |[39m           console[33m.[39merror([32m`Failed to generate vector for snippet ${snippetId}:`[3
9m[33m,[39m error)[33m;[39m
     [90m     |[39m                   [31m[1m^[22m[39m
     [90m 410 |[39m         }
     [90m 411 |[39m       }
     [90m 412 |[39m     } [36mfinally[39m {[0m

      at SnippetManager.processVectorGenerationQueue (src/main/services/SnippetManager.ts:409:19)

    console.error
      Failed to generate vector for snippet snippet-f2txnvpfc: TypeError: dbManager.getDb is not a function
          at VectorStore.initialize (D:\OpenSource\SnippetBox\frontend\src\main\services\VectorStore.ts:21:26)
          at VectorStore.addVector (D:\OpenSource\SnippetBox\frontend\src\main\services\VectorStore.ts:27:10)
          at SnippetManager.processVectorGenerationQueue (D:\OpenSource\SnippetBox\frontend\src\main\services\SnippetManager.ts:406:34)
          at SnippetManager.generateVectorForSnippet (D:\OpenSource\SnippetBox\frontend\src\main\services\SnippetManager.ts:388:10)
          at SnippetManager.createSnippet (D:\OpenSource\SnippetBox\frontend\src\main\services\SnippetManager.ts:72:12)
          at processTicksAndRejections (node:internal/process/task_queues:105:5)
          at D:\OpenSource\SnippetBox\frontend\tests\property\SnippetProperty.test.ts:144:31
          at AsyncProperty.run (D:\OpenSource\SnippetBox\frontend\node_modules\fast-check\lib\cjs\fast-check.js:1208:19)
          at asyncRunIt (D:\OpenSource\SnippetBox\frontend\node_modules\fast-check\lib\cjs\fast-check.js:2503:15)
          at Object.<anonymous> (D:\OpenSource\SnippetBox\frontend\tests\property\SnippetProperty.test.ts:106:7)

    [0m [90m 407 |[39m           console[33m.[39mlog([32m`Generated vector for snippet: ${snippetId}`[39m)[33m;[39m
     [90m 408 |[39m         } [36mcatch[39m (error) {
    [31m[1m>[22m[39m[90m 409 |[39m           console[33m.[39merror([32m`Failed to generate vector for snippet ${snippetId}:`[3
9m[33m,[39m error)[33m;[39m
     [90m     |[39m                   [31m[1m^[22m[39m
     [90m 410 |[39m         }
     [90m 411 |[39m       }
     [90m 412 |[39m     } [36mfinally[39m {[0m

      at SnippetManager.processVectorGenerationQueue (src/main/services/SnippetManager.ts:409:19)

    console.error
      Failed to generate vector for snippet snippet-iktp4efuk: TypeError: dbManager.getDb is not a function
          at VectorStore.initialize (D:\OpenSource\SnippetBox\frontend\src\main\services\VectorStore.ts:21:26)
          at VectorStore.addVector (D:\OpenSource\SnippetBox\frontend\src\main\services\VectorStore.ts:27:10)
          at SnippetManager.processVectorGenerationQueue (D:\OpenSource\SnippetBox\frontend\src\main\services\SnippetManager.ts:406:34)
          at SnippetManager.generateVectorForSnippet (D:\OpenSource\SnippetBox\frontend\src\main\services\SnippetManager.ts:388:10)
          at SnippetManager.createSnippet (D:\OpenSource\SnippetBox\frontend\src\main\services\SnippetManager.ts:72:12)
          at processTicksAndRejections (node:internal/process/task_queues:105:5)
          at D:\OpenSource\SnippetBox\frontend\tests\property\SnippetProperty.test.ts:144:31
          at AsyncProperty.run (D:\OpenSource\SnippetBox\frontend\node_modules\fast-check\lib\cjs\fast-check.js:1208:19)
          at asyncRunIt (D:\OpenSource\SnippetBox\frontend\node_modules\fast-check\lib\cjs\fast-check.js:2503:15)
          at Object.<anonymous> (D:\OpenSource\SnippetBox\frontend\tests\property\SnippetProperty.test.ts:106:7)

    [0m [90m 407 |[39m           console[33m.[39mlog([32m`Generated vector for snippet: ${snippetId}`[39m)[33m;[39m
     [90m 408 |[39m         } [36mcatch[39m (error) {
    [31m[1m>[22m[39m[90m 409 |[39m           console[33m.[39merror([32m`Failed to generate vector for snippet ${snippetId}:`[3
9m[33m,[39m error)[33m;[39m
     [90m     |[39m                   [31m[1m^[22m[39m
     [90m 410 |[39m         }
     [90m 411 |[39m       }
     [90m 412 |[39m     } [36mfinally[39m {[0m

      at SnippetManager.processVectorGenerationQueue (src/main/services/SnippetManager.ts:409:19)

    console.error
      Failed to generate vector for snippet snippet-qpi7boxhx: TypeError: dbManager.getDb is not a function
          at VectorStore.initialize (D:\OpenSource\SnippetBox\frontend\src\main\services\VectorStore.ts:21:26)
          at VectorStore.addVector (D:\OpenSource\SnippetBox\frontend\src\main\services\VectorStore.ts:27:10)
          at SnippetManager.processVectorGenerationQueue (D:\OpenSource\SnippetBox\frontend\src\main\services\SnippetManager.ts:406:34)
          at SnippetManager.generateVectorForSnippet (D:\OpenSource\SnippetBox\frontend\src\main\services\SnippetManager.ts:388:10)
          at SnippetManager.createSnippet (D:\OpenSource\SnippetBox\frontend\src\main\services\SnippetManager.ts:72:12)
          at processTicksAndRejections (node:internal/process/task_queues:105:5)
          at D:\OpenSource\SnippetBox\frontend\tests\property\SnippetProperty.test.ts:144:31
          at AsyncProperty.run (D:\OpenSource\SnippetBox\frontend\node_modules\fast-check\lib\cjs\fast-check.js:1208:19)
          at asyncRunIt (D:\OpenSource\SnippetBox\frontend\node_modules\fast-check\lib\cjs\fast-check.js:2503:15)
          at Object.<anonymous> (D:\OpenSource\SnippetBox\frontend\tests\property\SnippetProperty.test.ts:106:7)

    [0m [90m 407 |[39m           console[33m.[39mlog([32m`Generated vector for snippet: ${snippetId}`[39m)[33m;[39m
     [90m 408 |[39m         } [36mcatch[39m (error) {
    [31m[1m>[22m[39m[90m 409 |[39m           console[33m.[39merror([32m`Failed to generate vector for snippet ${snippetId}:`[3
9m[33m,[39m error)[33m;[39m
     [90m     |[39m                   [31m[1m^[22m[39m
     [90m 410 |[39m         }
     [90m 411 |[39m       }
     [90m 412 |[39m     } [36mfinally[39m {[0m

      at SnippetManager.processVectorGenerationQueue (src/main/services/SnippetManager.ts:409:19)

    console.error
      Failed to generate vector for snippet snippet-7h2dpma8q: TypeError: dbManager.getDb is not a function
          at VectorStore.initialize (D:\OpenSource\SnippetBox\frontend\src\main\services\VectorStore.ts:21:26)
          at VectorStore.addVector (D:\OpenSource\SnippetBox\frontend\src\main\services\VectorStore.ts:27:10)
          at SnippetManager.processVectorGenerationQueue (D:\OpenSource\SnippetBox\frontend\src\main\services\SnippetManager.ts:406:34)
          at SnippetManager.generateVectorForSnippet (D:\OpenSource\SnippetBox\frontend\src\main\services\SnippetManager.ts:388:10)
          at SnippetManager.createSnippet (D:\OpenSource\SnippetBox\frontend\src\main\services\SnippetManager.ts:72:12)
          at processTicksAndRejections (node:internal/process/task_queues:105:5)
          at D:\OpenSource\SnippetBox\frontend\tests\property\SnippetProperty.test.ts:144:31
          at AsyncProperty.run (D:\OpenSource\SnippetBox\frontend\node_modules\fast-check\lib\cjs\fast-check.js:1208:19)
          at asyncRunIt (D:\OpenSource\SnippetBox\frontend\node_modules\fast-check\lib\cjs\fast-check.js:2503:15)
          at Object.<anonymous> (D:\OpenSource\SnippetBox\frontend\tests\property\SnippetProperty.test.ts:106:7)

    [0m [90m 407 |[39m           console[33m.[39mlog([32m`Generated vector for snippet: ${snippetId}`[39m)[33m;[39m
     [90m 408 |[39m         } [36mcatch[39m (error) {
    [31m[1m>[22m[39m[90m 409 |[39m           console[33m.[39merror([32m`Failed to generate vector for snippet ${snippetId}:`[3
9m[33m,[39m error)[33m;[39m
     [90m     |[39m                   [31m[1m^[22m[39m
     [90m 410 |[39m         }
     [90m 411 |[39m       }
     [90m 412 |[39m     } [36mfinally[39m {[0m

      at SnippetManager.processVectorGenerationQueue (src/main/services/SnippetManager.ts:409:19)

    console.error
      Failed to generate vector for snippet snippet-yqwcrv8q3: TypeError: dbManager.getDb is not a function
          at VectorStore.initialize (D:\OpenSource\SnippetBox\frontend\src\main\services\VectorStore.ts:21:26)
          at VectorStore.addVector (D:\OpenSource\SnippetBox\frontend\src\main\services\VectorStore.ts:27:10)
          at SnippetManager.processVectorGenerationQueue (D:\OpenSource\SnippetBox\frontend\src\main\services\SnippetManager.ts:406:34)
          at SnippetManager.generateVectorForSnippet (D:\OpenSource\SnippetBox\frontend\src\main\services\SnippetManager.ts:388:10)
          at SnippetManager.createSnippet (D:\OpenSource\SnippetBox\frontend\src\main\services\SnippetManager.ts:72:12)
          at processTicksAndRejections (node:internal/process/task_queues:105:5)
          at D:\OpenSource\SnippetBox\frontend\tests\property\SnippetProperty.test.ts:144:31
          at AsyncProperty.run (D:\OpenSource\SnippetBox\frontend\node_modules\fast-check\lib\cjs\fast-check.js:1208:19)
          at asyncRunIt (D:\OpenSource\SnippetBox\frontend\node_modules\fast-check\lib\cjs\fast-check.js:2503:15)
          at Object.<anonymous> (D:\OpenSource\SnippetBox\frontend\tests\property\SnippetProperty.test.ts:106:7)

    [0m [90m 407 |[39m           console[33m.[39mlog([32m`Generated vector for snippet: ${snippetId}`[39m)[33m;[39m
     [90m 408 |[39m         } [36mcatch[39m (error) {
    [31m[1m>[22m[39m[90m 409 |[39m           console[33m.[39merror([32m`Failed to generate vector for snippet ${snippetId}:`[3
9m[33m,[39m error)[33m;[39m
     [90m     |[39m                   [31m[1m^[22m[39m
     [90m 410 |[39m         }
     [90m 411 |[39m       }
     [90m 412 |[39m     } [36mfinally[39m {[0m

      at SnippetManager.processVectorGenerationQueue (src/main/services/SnippetManager.ts:409:19)

    console.error
      Failed to generate vector for snippet snippet-695zbg0ab: TypeError: dbManager.getDb is not a function
          at VectorStore.initialize (D:\OpenSource\SnippetBox\frontend\src\main\services\VectorStore.ts:21:26)
          at VectorStore.addVector (D:\OpenSource\SnippetBox\frontend\src\main\services\VectorStore.ts:27:10)
          at SnippetManager.processVectorGenerationQueue (D:\OpenSource\SnippetBox\frontend\src\main\services\SnippetManager.ts:406:34)
          at SnippetManager.generateVectorForSnippet (D:\OpenSource\SnippetBox\frontend\src\main\services\SnippetManager.ts:388:10)
          at SnippetManager.createSnippet (D:\OpenSource\SnippetBox\frontend\src\main\services\SnippetManager.ts:72:12)
          at processTicksAndRejections (node:internal/process/task_queues:105:5)
          at D:\OpenSource\SnippetBox\frontend\tests\property\SnippetProperty.test.ts:144:31
          at AsyncProperty.run (D:\OpenSource\SnippetBox\frontend\node_modules\fast-check\lib\cjs\fast-check.js:1208:19)
          at asyncRunIt (D:\OpenSource\SnippetBox\frontend\node_modules\fast-check\lib\cjs\fast-check.js:2503:15)
          at Object.<anonymous> (D:\OpenSource\SnippetBox\frontend\tests\property\SnippetProperty.test.ts:106:7)

    [0m [90m 407 |[39m           console[33m.[39mlog([32m`Generated vector for snippet: ${snippetId}`[39m)[33m;[39m
     [90m 408 |[39m         } [36mcatch[39m (error) {
    [31m[1m>[22m[39m[90m 409 |[39m           console[33m.[39merror([32m`Failed to generate vector for snippet ${snippetId}:`[3
9m[33m,[39m error)[33m;[39m
     [90m     |[39m                   [31m[1m^[22m[39m
     [90m 410 |[39m         }
     [90m 411 |[39m       }
     [90m 412 |[39m     } [36mfinally[39m {[0m

      at SnippetManager.processVectorGenerationQueue (src/main/services/SnippetManager.ts:409:19)

    console.error
      Failed to generate vector for snippet snippet-inbn612kg: TypeError: dbManager.getDb is not a function
          at VectorStore.initialize (D:\OpenSource\SnippetBox\frontend\src\main\services\VectorStore.ts:21:26)
          at VectorStore.addVector (D:\OpenSource\SnippetBox\frontend\src\main\services\VectorStore.ts:27:10)
          at SnippetManager.processVectorGenerationQueue (D:\OpenSource\SnippetBox\frontend\src\main\services\SnippetManager.ts:406:34)
          at SnippetManager.generateVectorForSnippet (D:\OpenSource\SnippetBox\frontend\src\main\services\SnippetManager.ts:388:10)
          at SnippetManager.createSnippet (D:\OpenSource\SnippetBox\frontend\src\main\services\SnippetManager.ts:72:12)
          at processTicksAndRejections (node:internal/process/task_queues:105:5)
          at D:\OpenSource\SnippetBox\frontend\tests\property\SnippetProperty.test.ts:144:31
          at AsyncProperty.run (D:\OpenSource\SnippetBox\frontend\node_modules\fast-check\lib\cjs\fast-check.js:1208:19)
          at asyncRunIt (D:\OpenSource\SnippetBox\frontend\node_modules\fast-check\lib\cjs\fast-check.js:2503:15)
          at Object.<anonymous> (D:\OpenSource\SnippetBox\frontend\tests\property\SnippetProperty.test.ts:106:7)

    [0m [90m 407 |[39m           console[33m.[39mlog([32m`Generated vector for snippet: ${snippetId}`[39m)[33m;[39m
     [90m 408 |[39m         } [36mcatch[39m (error) {
    [31m[1m>[22m[39m[90m 409 |[39m           console[33m.[39merror([32m`Failed to generate vector for snippet ${snippetId}:`[3
9m[33m,[39m error)[33m;[39m
     [90m     |[39m                   [31m[1m^[22m[39m
     [90m 410 |[39m         }
     [90m 411 |[39m       }
     [90m 412 |[39m     } [36mfinally[39m {[0m

      at SnippetManager.processVectorGenerationQueue (src/main/services/SnippetManager.ts:409:19)

    console.error
      Failed to generate vector for snippet snippet-vfhm0u1cc: TypeError: dbManager.getDb is not a function
          at VectorStore.initialize (D:\OpenSource\SnippetBox\frontend\src\main\services\VectorStore.ts:21:26)
          at VectorStore.addVector (D:\OpenSource\SnippetBox\frontend\src\main\services\VectorStore.ts:27:10)
          at SnippetManager.processVectorGenerationQueue (D:\OpenSource\SnippetBox\frontend\src\main\services\SnippetManager.ts:406:34)
          at SnippetManager.generateVectorForSnippet (D:\OpenSource\SnippetBox\frontend\src\main\services\SnippetManager.ts:388:10)
          at SnippetManager.createSnippet (D:\OpenSource\SnippetBox\frontend\src\main\services\SnippetManager.ts:72:12)
          at processTicksAndRejections (node:internal/process/task_queues:105:5)
          at D:\OpenSource\SnippetBox\frontend\tests\property\SnippetProperty.test.ts:144:31
          at AsyncProperty.run (D:\OpenSource\SnippetBox\frontend\node_modules\fast-check\lib\cjs\fast-check.js:1208:19)
          at asyncRunIt (D:\OpenSource\SnippetBox\frontend\node_modules\fast-check\lib\cjs\fast-check.js:2503:15)
          at Object.<anonymous> (D:\OpenSource\SnippetBox\frontend\tests\property\SnippetProperty.test.ts:106:7)

    [0m [90m 407 |[39m           console[33m.[39mlog([32m`Generated vector for snippet: ${snippetId}`[39m)[33m;[39m
     [90m 408 |[39m         } [36mcatch[39m (error) {
    [31m[1m>[22m[39m[90m 409 |[39m           console[33m.[39merror([32m`Failed to generate vector for snippet ${snippetId}:`[3
9m[33m,[39m error)[33m;[39m
     [90m     |[39m                   [31m[1m^[22m[39m
     [90m 410 |[39m         }
     [90m 411 |[39m       }
     [90m 412 |[39m     } [36mfinally[39m {[0m

      at SnippetManager.processVectorGenerationQueue (src/main/services/SnippetManager.ts:409:19)

    console.error
      Failed to generate vector for snippet snippet-n19dqxndh: TypeError: dbManager.getDb is not a function
          at VectorStore.initialize (D:\OpenSource\SnippetBox\frontend\src\main\services\VectorStore.ts:21:26)
          at VectorStore.addVector (D:\OpenSource\SnippetBox\frontend\src\main\services\VectorStore.ts:27:10)
          at SnippetManager.processVectorGenerationQueue (D:\OpenSource\SnippetBox\frontend\src\main\services\SnippetManager.ts:406:34)
          at SnippetManager.generateVectorForSnippet (D:\OpenSource\SnippetBox\frontend\src\main\services\SnippetManager.ts:388:10)
          at SnippetManager.createSnippet (D:\OpenSource\SnippetBox\frontend\src\main\services\SnippetManager.ts:72:12)
          at processTicksAndRejections (node:internal/process/task_queues:105:5)
          at D:\OpenSource\SnippetBox\frontend\tests\property\SnippetProperty.test.ts:144:31
          at AsyncProperty.run (D:\OpenSource\SnippetBox\frontend\node_modules\fast-check\lib\cjs\fast-check.js:1208:19)
          at asyncRunIt (D:\OpenSource\SnippetBox\frontend\node_modules\fast-check\lib\cjs\fast-check.js:2503:15)
          at Object.<anonymous> (D:\OpenSource\SnippetBox\frontend\tests\property\SnippetProperty.test.ts:106:7)

    [0m [90m 407 |[39m           console[33m.[39mlog([32m`Generated vector for snippet: ${snippetId}`[39m)[33m;[39m
     [90m 408 |[39m         } [36mcatch[39m (error) {
    [31m[1m>[22m[39m[90m 409 |[39m           console[33m.[39merror([32m`Failed to generate vector for snippet ${snippetId}:`[3
9m[33m,[39m error)[33m;[39m
     [90m     |[39m                   [31m[1m^[22m[39m
     [90m 410 |[39m         }
     [90m 411 |[39m       }
     [90m 412 |[39m     } [36mfinally[39m {[0m

      at SnippetManager.processVectorGenerationQueue (src/main/services/SnippetManager.ts:409:19)

    console.error
      Failed to generate vector for snippet snippet-c8w0hsizi: TypeError: dbManager.getDb is not a function
          at VectorStore.initialize (D:\OpenSource\SnippetBox\frontend\src\main\services\VectorStore.ts:21:26)
          at VectorStore.addVector (D:\OpenSource\SnippetBox\frontend\src\main\services\VectorStore.ts:27:10)
          at SnippetManager.processVectorGenerationQueue (D:\OpenSource\SnippetBox\frontend\src\main\services\SnippetManager.ts:406:34)
          at SnippetManager.generateVectorForSnippet (D:\OpenSource\SnippetBox\frontend\src\main\services\SnippetManager.ts:388:10)
          at SnippetManager.createSnippet (D:\OpenSource\SnippetBox\frontend\src\main\services\SnippetManager.ts:72:12)
          at processTicksAndRejections (node:internal/process/task_queues:105:5)
          at D:\OpenSource\SnippetBox\frontend\tests\property\SnippetProperty.test.ts:144:31
          at AsyncProperty.run (D:\OpenSource\SnippetBox\frontend\node_modules\fast-check\lib\cjs\fast-check.js:1208:19)
          at asyncRunIt (D:\OpenSource\SnippetBox\frontend\node_modules\fast-check\lib\cjs\fast-check.js:2503:15)
          at Object.<anonymous> (D:\OpenSource\SnippetBox\frontend\tests\property\SnippetProperty.test.ts:106:7)

    [0m [90m 407 |[39m           console[33m.[39mlog([32m`Generated vector for snippet: ${snippetId}`[39m)[33m;[39m
     [90m 408 |[39m         } [36mcatch[39m (error) {
    [31m[1m>[22m[39m[90m 409 |[39m           console[33m.[39merror([32m`Failed to generate vector for snippet ${snippetId}:`[3
9m[33m,[39m error)[33m;[39m
     [90m     |[39m                   [31m[1m^[22m[39m
     [90m 410 |[39m         }
     [90m 411 |[39m       }
     [90m 412 |[39m     } [36mfinally[39m {[0m

      at SnippetManager.processVectorGenerationQueue (src/main/services/SnippetManager.ts:409:19)

    console.error
      Failed to generate vector for snippet snippet-v868vb9h6: TypeError: dbManager.getDb is not a function
          at VectorStore.initialize (D:\OpenSource\SnippetBox\frontend\src\main\services\VectorStore.ts:21:26)
          at VectorStore.addVector (D:\OpenSource\SnippetBox\frontend\src\main\services\VectorStore.ts:27:10)
          at SnippetManager.processVectorGenerationQueue (D:\OpenSource\SnippetBox\frontend\src\main\services\SnippetManager.ts:406:34)
          at SnippetManager.generateVectorForSnippet (D:\OpenSource\SnippetBox\frontend\src\main\services\SnippetManager.ts:388:10)
          at SnippetManager.createSnippet (D:\OpenSource\SnippetBox\frontend\src\main\services\SnippetManager.ts:72:12)
          at processTicksAndRejections (node:internal/process/task_queues:105:5)
          at D:\OpenSource\SnippetBox\frontend\tests\property\SnippetProperty.test.ts:144:31
          at AsyncProperty.run (D:\OpenSource\SnippetBox\frontend\node_modules\fast-check\lib\cjs\fast-check.js:1208:19)
          at asyncRunIt (D:\OpenSource\SnippetBox\frontend\node_modules\fast-check\lib\cjs\fast-check.js:2503:15)
          at Object.<anonymous> (D:\OpenSource\SnippetBox\frontend\tests\property\SnippetProperty.test.ts:106:7)

    [0m [90m 407 |[39m           console[33m.[39mlog([32m`Generated vector for snippet: ${snippetId}`[39m)[33m;[39m
     [90m 408 |[39m         } [36mcatch[39m (error) {
    [31m[1m>[22m[39m[90m 409 |[39m           console[33m.[39merror([32m`Failed to generate vector for snippet ${snippetId}:`[3
9m[33m,[39m error)[33m;[39m
     [90m     |[39m                   [31m[1m^[22m[39m
     [90m 410 |[39m         }
     [90m 411 |[39m       }
     [90m 412 |[39m     } [36mfinally[39m {[0m

      at SnippetManager.processVectorGenerationQueue (src/main/services/SnippetManager.ts:409:19)

    console.error
      Failed to generate vector for snippet snippet-8kukslt4i: TypeError: dbManager.getDb is not a function
          at VectorStore.initialize (D:\OpenSource\SnippetBox\frontend\src\main\services\VectorStore.ts:21:26)
          at VectorStore.addVector (D:\OpenSource\SnippetBox\frontend\src\main\services\VectorStore.ts:27:10)
          at SnippetManager.processVectorGenerationQueue (D:\OpenSource\SnippetBox\frontend\src\main\services\SnippetManager.ts:406:34)
          at SnippetManager.generateVectorForSnippet (D:\OpenSource\SnippetBox\frontend\src\main\services\SnippetManager.ts:388:10)
          at SnippetManager.createSnippet (D:\OpenSource\SnippetBox\frontend\src\main\services\SnippetManager.ts:72:12)
          at processTicksAndRejections (node:internal/process/task_queues:105:5)
          at D:\OpenSource\SnippetBox\frontend\tests\property\SnippetProperty.test.ts:144:31
          at AsyncProperty.run (D:\OpenSource\SnippetBox\frontend\node_modules\fast-check\lib\cjs\fast-check.js:1208:19)
          at asyncRunIt (D:\OpenSource\SnippetBox\frontend\node_modules\fast-check\lib\cjs\fast-check.js:2503:15)
          at Object.<anonymous> (D:\OpenSource\SnippetBox\frontend\tests\property\SnippetProperty.test.ts:106:7)

    [0m [90m 407 |[39m           console[33m.[39mlog([32m`Generated vector for snippet: ${snippetId}`[39m)[33m;[39m
     [90m 408 |[39m         } [36mcatch[39m (error) {
    [31m[1m>[22m[39m[90m 409 |[39m           console[33m.[39merror([32m`Failed to generate vector for snippet ${snippetId}:`[3
9m[33m,[39m error)[33m;[39m
     [90m     |[39m                   [31m[1m^[22m[39m
     [90m 410 |[39m         }
     [90m 411 |[39m       }
     [90m 412 |[39m     } [36mfinally[39m {[0m

      at SnippetManager.processVectorGenerationQueue (src/main/services/SnippetManager.ts:409:19)

    console.error
      Failed to generate vector for snippet snippet-y2st28o6o: TypeError: dbManager.getDb is not a function
          at VectorStore.initialize (D:\OpenSource\SnippetBox\frontend\src\main\services\VectorStore.ts:21:26)
          at VectorStore.addVector (D:\OpenSource\SnippetBox\frontend\src\main\services\VectorStore.ts:27:10)
          at SnippetManager.processVectorGenerationQueue (D:\OpenSource\SnippetBox\frontend\src\main\services\SnippetManager.ts:406:34)
          at SnippetManager.generateVectorForSnippet (D:\OpenSource\SnippetBox\frontend\src\main\services\SnippetManager.ts:388:10)
          at SnippetManager.createSnippet (D:\OpenSource\SnippetBox\frontend\src\main\services\SnippetManager.ts:72:12)
          at processTicksAndRejections (node:internal/process/task_queues:105:5)
          at D:\OpenSource\SnippetBox\frontend\tests\property\SnippetProperty.test.ts:144:31
          at AsyncProperty.run (D:\OpenSource\SnippetBox\frontend\node_modules\fast-check\lib\cjs\fast-check.js:1208:19)
          at asyncRunIt (D:\OpenSource\SnippetBox\frontend\node_modules\fast-check\lib\cjs\fast-check.js:2503:15)
          at Object.<anonymous> (D:\OpenSource\SnippetBox\frontend\tests\property\SnippetProperty.test.ts:106:7)

    [0m [90m 407 |[39m           console[33m.[39mlog([32m`Generated vector for snippet: ${snippetId}`[39m)[33m;[39m
     [90m 408 |[39m         } [36mcatch[39m (error) {
    [31m[1m>[22m[39m[90m 409 |[39m           console[33m.[39merror([32m`Failed to generate vector for snippet ${snippetId}:`[3
9m[33m,[39m error)[33m;[39m
     [90m     |[39m                   [31m[1m^[22m[39m
     [90m 410 |[39m         }
     [90m 411 |[39m       }
     [90m 412 |[39m     } [36mfinally[39m {[0m

      at SnippetManager.processVectorGenerationQueue (src/main/services/SnippetManager.ts:409:19)

    console.error
      Failed to generate vector for snippet snippet-y35sto0fr: TypeError: dbManager.getDb is not a function
          at VectorStore.initialize (D:\OpenSource\SnippetBox\frontend\src\main\services\VectorStore.ts:21:26)
          at VectorStore.addVector (D:\OpenSource\SnippetBox\frontend\src\main\services\VectorStore.ts:27:10)
          at SnippetManager.processVectorGenerationQueue (D:\OpenSource\SnippetBox\frontend\src\main\services\SnippetManager.ts:406:34)
          at SnippetManager.generateVectorForSnippet (D:\OpenSource\SnippetBox\frontend\src\main\services\SnippetManager.ts:388:10)
          at SnippetManager.createSnippet (D:\OpenSource\SnippetBox\frontend\src\main\services\SnippetManager.ts:72:12)
          at processTicksAndRejections (node:internal/process/task_queues:105:5)
          at D:\OpenSource\SnippetBox\frontend\tests\property\SnippetProperty.test.ts:144:31
          at AsyncProperty.run (D:\OpenSource\SnippetBox\frontend\node_modules\fast-check\lib\cjs\fast-check.js:1208:19)
          at asyncRunIt (D:\OpenSource\SnippetBox\frontend\node_modules\fast-check\lib\cjs\fast-check.js:2503:15)
          at Object.<anonymous> (D:\OpenSource\SnippetBox\frontend\tests\property\SnippetProperty.test.ts:106:7)

    [0m [90m 407 |[39m           console[33m.[39mlog([32m`Generated vector for snippet: ${snippetId}`[39m)[33m;[39m
     [90m 408 |[39m         } [36mcatch[39m (error) {
    [31m[1m>[22m[39m[90m 409 |[39m           console[33m.[39merror([32m`Failed to generate vector for snippet ${snippetId}:`[3
9m[33m,[39m error)[33m;[39m
     [90m     |[39m                   [31m[1m^[22m[39m
     [90m 410 |[39m         }
     [90m 411 |[39m       }
     [90m 412 |[39m     } [36mfinally[39m {[0m

      at SnippetManager.processVectorGenerationQueue (src/main/services/SnippetManager.ts:409:19)

    console.error
      Failed to generate vector for snippet snippet-x9j08ua7h: TypeError: dbManager.getDb is not a function
          at VectorStore.initialize (D:\OpenSource\SnippetBox\frontend\src\main\services\VectorStore.ts:21:26)
          at VectorStore.addVector (D:\OpenSource\SnippetBox\frontend\src\main\services\VectorStore.ts:27:10)
          at SnippetManager.processVectorGenerationQueue (D:\OpenSource\SnippetBox\frontend\src\main\services\SnippetManager.ts:406:34)
          at SnippetManager.generateVectorForSnippet (D:\OpenSource\SnippetBox\frontend\src\main\services\SnippetManager.ts:388:10)
          at SnippetManager.createSnippet (D:\OpenSource\SnippetBox\frontend\src\main\services\SnippetManager.ts:72:12)
          at processTicksAndRejections (node:internal/process/task_queues:105:5)
          at D:\OpenSource\SnippetBox\frontend\tests\property\SnippetProperty.test.ts:144:31
          at AsyncProperty.run (D:\OpenSource\SnippetBox\frontend\node_modules\fast-check\lib\cjs\fast-check.js:1208:19)
          at asyncRunIt (D:\OpenSource\SnippetBox\frontend\node_modules\fast-check\lib\cjs\fast-check.js:2503:15)
          at Object.<anonymous> (D:\OpenSource\SnippetBox\frontend\tests\property\SnippetProperty.test.ts:106:7)

    [0m [90m 407 |[39m           console[33m.[39mlog([32m`Generated vector for snippet: ${snippetId}`[39m)[33m;[39m
     [90m 408 |[39m         } [36mcatch[39m (error) {
    [31m[1m>[22m[39m[90m 409 |[39m           console[33m.[39merror([32m`Failed to generate vector for snippet ${snippetId}:`[3
9m[33m,[39m error)[33m;[39m
     [90m     |[39m                   [31m[1m^[22m[39m
     [90m 410 |[39m         }
     [90m 411 |[39m       }
     [90m 412 |[39m     } [36mfinally[39m {[0m

      at SnippetManager.processVectorGenerationQueue (src/main/services/SnippetManager.ts:409:19)

    console.error
      Failed to generate vector for snippet snippet-uw60u9hz7: TypeError: dbManager.getDb is not a function
          at VectorStore.initialize (D:\OpenSource\SnippetBox\frontend\src\main\services\VectorStore.ts:21:26)
          at VectorStore.addVector (D:\OpenSource\SnippetBox\frontend\src\main\services\VectorStore.ts:27:10)
          at SnippetManager.processVectorGenerationQueue (D:\OpenSource\SnippetBox\frontend\src\main\services\SnippetManager.ts:406:34)
          at SnippetManager.generateVectorForSnippet (D:\OpenSource\SnippetBox\frontend\src\main\services\SnippetManager.ts:388:10)
          at SnippetManager.createSnippet (D:\OpenSource\SnippetBox\frontend\src\main\services\SnippetManager.ts:72:12)
          at processTicksAndRejections (node:internal/process/task_queues:105:5)
          at D:\OpenSource\SnippetBox\frontend\tests\property\SnippetProperty.test.ts:144:31
          at AsyncProperty.run (D:\OpenSource\SnippetBox\frontend\node_modules\fast-check\lib\cjs\fast-check.js:1208:19)
          at asyncRunIt (D:\OpenSource\SnippetBox\frontend\node_modules\fast-check\lib\cjs\fast-check.js:2503:15)
          at Object.<anonymous> (D:\OpenSource\SnippetBox\frontend\tests\property\SnippetProperty.test.ts:106:7)

    [0m [90m 407 |[39m           console[33m.[39mlog([32m`Generated vector for snippet: ${snippetId}`[39m)[33m;[39m
     [90m 408 |[39m         } [36mcatch[39m (error) {
    [31m[1m>[22m[39m[90m 409 |[39m           console[33m.[39merror([32m`Failed to generate vector for snippet ${snippetId}:`[3
9m[33m,[39m error)[33m;[39m
     [90m     |[39m                   [31m[1m^[22m[39m
     [90m 410 |[39m         }
     [90m 411 |[39m       }
     [90m 412 |[39m     } [36mfinally[39m {[0m

      at SnippetManager.processVectorGenerationQueue (src/main/services/SnippetManager.ts:409:19)

    console.error
      Failed to generate vector for snippet snippet-b3c3tdxau: TypeError: dbManager.getDb is not a function
          at VectorStore.initialize (D:\OpenSource\SnippetBox\frontend\src\main\services\VectorStore.ts:21:26)
          at VectorStore.addVector (D:\OpenSource\SnippetBox\frontend\src\main\services\VectorStore.ts:27:10)
          at SnippetManager.processVectorGenerationQueue (D:\OpenSource\SnippetBox\frontend\src\main\services\SnippetManager.ts:406:34)
          at SnippetManager.generateVectorForSnippet (D:\OpenSource\SnippetBox\frontend\src\main\services\SnippetManager.ts:388:10)
          at SnippetManager.createSnippet (D:\OpenSource\SnippetBox\frontend\src\main\services\SnippetManager.ts:72:12)
          at processTicksAndRejections (node:internal/process/task_queues:105:5)
          at D:\OpenSource\SnippetBox\frontend\tests\property\SnippetProperty.test.ts:144:31
          at AsyncProperty.run (D:\OpenSource\SnippetBox\frontend\node_modules\fast-check\lib\cjs\fast-check.js:1208:19)
          at asyncRunIt (D:\OpenSource\SnippetBox\frontend\node_modules\fast-check\lib\cjs\fast-check.js:2503:15)
          at Object.<anonymous> (D:\OpenSource\SnippetBox\frontend\tests\property\SnippetProperty.test.ts:106:7)

    [0m [90m 407 |[39m           console[33m.[39mlog([32m`Generated vector for snippet: ${snippetId}`[39m)[33m;[39m
     [90m 408 |[39m         } [36mcatch[39m (error) {
    [31m[1m>[22m[39m[90m 409 |[39m           console[33m.[39merror([32m`Failed to generate vector for snippet ${snippetId}:`[3
9m[33m,[39m error)[33m;[39m
     [90m     |[39m                   [31m[1m^[22m[39m
     [90m 410 |[39m         }
     [90m 411 |[39m       }
     [90m 412 |[39m     } [36mfinally[39m {[0m

      at SnippetManager.processVectorGenerationQueue (src/main/services/SnippetManager.ts:409:19)

    console.error
      Failed to generate vector for snippet snippet-gxwxwyge6: TypeError: dbManager.getDb is not a function
          at VectorStore.initialize (D:\OpenSource\SnippetBox\frontend\src\main\services\VectorStore.ts:21:26)
          at VectorStore.addVector (D:\OpenSource\SnippetBox\frontend\src\main\services\VectorStore.ts:27:10)
          at SnippetManager.processVectorGenerationQueue (D:\OpenSource\SnippetBox\frontend\src\main\services\SnippetManager.ts:406:34)
          at SnippetManager.generateVectorForSnippet (D:\OpenSource\SnippetBox\frontend\src\main\services\SnippetManager.ts:388:10)
          at SnippetManager.createSnippet (D:\OpenSource\SnippetBox\frontend\src\main\services\SnippetManager.ts:72:12)
          at processTicksAndRejections (node:internal/process/task_queues:105:5)
          at D:\OpenSource\SnippetBox\frontend\tests\property\SnippetProperty.test.ts:144:31
          at AsyncProperty.run (D:\OpenSource\SnippetBox\frontend\node_modules\fast-check\lib\cjs\fast-check.js:1208:19)
          at asyncRunIt (D:\OpenSource\SnippetBox\frontend\node_modules\fast-check\lib\cjs\fast-check.js:2503:15)
          at Object.<anonymous> (D:\OpenSource\SnippetBox\frontend\tests\property\SnippetProperty.test.ts:106:7)

    [0m [90m 407 |[39m           console[33m.[39mlog([32m`Generated vector for snippet: ${snippetId}`[39m)[33m;[39m
     [90m 408 |[39m         } [36mcatch[39m (error) {
    [31m[1m>[22m[39m[90m 409 |[39m           console[33m.[39merror([32m`Failed to generate vector for snippet ${snippetId}:`[3
9m[33m,[39m error)[33m;[39m
     [90m     |[39m                   [31m[1m^[22m[39m
     [90m 410 |[39m         }
     [90m 411 |[39m       }
     [90m 412 |[39m     } [36mfinally[39m {[0m

      at SnippetManager.processVectorGenerationQueue (src/main/services/SnippetManager.ts:409:19)

    console.error
      Failed to generate vector for snippet snippet-85fj4nbdo: TypeError: dbManager.getDb is not a function
          at VectorStore.initialize (D:\OpenSource\SnippetBox\frontend\src\main\services\VectorStore.ts:21:26)
          at VectorStore.addVector (D:\OpenSource\SnippetBox\frontend\src\main\services\VectorStore.ts:27:10)
          at SnippetManager.processVectorGenerationQueue (D:\OpenSource\SnippetBox\frontend\src\main\services\SnippetManager.ts:406:34)
          at SnippetManager.generateVectorForSnippet (D:\OpenSource\SnippetBox\frontend\src\main\services\SnippetManager.ts:388:10)
          at SnippetManager.createSnippet (D:\OpenSource\SnippetBox\frontend\src\main\services\SnippetManager.ts:72:12)
          at processTicksAndRejections (node:internal/process/task_queues:105:5)
          at D:\OpenSource\SnippetBox\frontend\tests\property\SnippetProperty.test.ts:144:31
          at AsyncProperty.run (D:\OpenSource\SnippetBox\frontend\node_modules\fast-check\lib\cjs\fast-check.js:1208:19)
          at asyncRunIt (D:\OpenSource\SnippetBox\frontend\node_modules\fast-check\lib\cjs\fast-check.js:2503:15)
          at Object.<anonymous> (D:\OpenSource\SnippetBox\frontend\tests\property\SnippetProperty.test.ts:106:7)

    [0m [90m 407 |[39m           console[33m.[39mlog([32m`Generated vector for snippet: ${snippetId}`[39m)[33m;[39m
     [90m 408 |[39m         } [36mcatch[39m (error) {
    [31m[1m>[22m[39m[90m 409 |[39m           console[33m.[39merror([32m`Failed to generate vector for snippet ${snippetId}:`[3
9m[33m,[39m error)[33m;[39m
     [90m     |[39m                   [31m[1m^[22m[39m
     [90m 410 |[39m         }
     [90m 411 |[39m       }
     [90m 412 |[39m     } [36mfinally[39m {[0m

      at SnippetManager.processVectorGenerationQueue (src/main/services/SnippetManager.ts:409:19)

    console.error
      Failed to generate vector for snippet snippet-0yki6qgqi: TypeError: dbManager.getDb is not a function
          at VectorStore.initialize (D:\OpenSource\SnippetBox\frontend\src\main\services\VectorStore.ts:21:26)
          at VectorStore.addVector (D:\OpenSource\SnippetBox\frontend\src\main\services\VectorStore.ts:27:10)
          at SnippetManager.processVectorGenerationQueue (D:\OpenSource\SnippetBox\frontend\src\main\services\SnippetManager.ts:406:34)
          at SnippetManager.generateVectorForSnippet (D:\OpenSource\SnippetBox\frontend\src\main\services\SnippetManager.ts:388:10)
          at SnippetManager.createSnippet (D:\OpenSource\SnippetBox\frontend\src\main\services\SnippetManager.ts:72:12)
          at processTicksAndRejections (node:internal/process/task_queues:105:5)
          at D:\OpenSource\SnippetBox\frontend\tests\property\SnippetProperty.test.ts:144:31
          at AsyncProperty.run (D:\OpenSource\SnippetBox\frontend\node_modules\fast-check\lib\cjs\fast-check.js:1208:19)
          at asyncRunIt (D:\OpenSource\SnippetBox\frontend\node_modules\fast-check\lib\cjs\fast-check.js:2503:15)
          at Object.<anonymous> (D:\OpenSource\SnippetBox\frontend\tests\property\SnippetProperty.test.ts:106:7)

    [0m [90m 407 |[39m           console[33m.[39mlog([32m`Generated vector for snippet: ${snippetId}`[39m)[33m;[39m
     [90m 408 |[39m         } [36mcatch[39m (error) {
    [31m[1m>[22m[39m[90m 409 |[39m           console[33m.[39merror([32m`Failed to generate vector for snippet ${snippetId}:`[3
9m[33m,[39m error)[33m;[39m
     [90m     |[39m                   [31m[1m^[22m[39m
     [90m 410 |[39m         }
     [90m 411 |[39m       }
     [90m 412 |[39m     } [36mfinally[39m {[0m

      at SnippetManager.processVectorGenerationQueue (src/main/services/SnippetManager.ts:409:19)

    console.error
      Failed to generate vector for snippet snippet-m068gwp9z: TypeError: dbManager.getDb is not a function
          at VectorStore.initialize (D:\OpenSource\SnippetBox\frontend\src\main\services\VectorStore.ts:21:26)
          at VectorStore.addVector (D:\OpenSource\SnippetBox\frontend\src\main\services\VectorStore.ts:27:10)
          at SnippetManager.processVectorGenerationQueue (D:\OpenSource\SnippetBox\frontend\src\main\services\SnippetManager.ts:406:34)
          at SnippetManager.generateVectorForSnippet (D:\OpenSource\SnippetBox\frontend\src\main\services\SnippetManager.ts:388:10)
          at SnippetManager.createSnippet (D:\OpenSource\SnippetBox\frontend\src\main\services\SnippetManager.ts:72:12)
          at processTicksAndRejections (node:internal/process/task_queues:105:5)
          at D:\OpenSource\SnippetBox\frontend\tests\property\SnippetProperty.test.ts:144:31
          at AsyncProperty.run (D:\OpenSource\SnippetBox\frontend\node_modules\fast-check\lib\cjs\fast-check.js:1208:19)
          at asyncRunIt (D:\OpenSource\SnippetBox\frontend\node_modules\fast-check\lib\cjs\fast-check.js:2503:15)
          at Object.<anonymous> (D:\OpenSource\SnippetBox\frontend\tests\property\SnippetProperty.test.ts:106:7)

    [0m [90m 407 |[39m           console[33m.[39mlog([32m`Generated vector for snippet: ${snippetId}`[39m)[33m;[39m
     [90m 408 |[39m         } [36mcatch[39m (error) {
    [31m[1m>[22m[39m[90m 409 |[39m           console[33m.[39merror([32m`Failed to generate vector for snippet ${snippetId}:`[3
9m[33m,[39m error)[33m;[39m
     [90m     |[39m                   [31m[1m^[22m[39m
     [90m 410 |[39m         }
     [90m 411 |[39m       }
     [90m 412 |[39m     } [36mfinally[39m {[0m

      at SnippetManager.processVectorGenerationQueue (src/main/services/SnippetManager.ts:409:19)

    console.error
      Failed to generate vector for snippet snippet-qsot53pjk: TypeError: dbManager.getDb is not a function
          at VectorStore.initialize (D:\OpenSource\SnippetBox\frontend\src\main\services\VectorStore.ts:21:26)
          at VectorStore.addVector (D:\OpenSource\SnippetBox\frontend\src\main\services\VectorStore.ts:27:10)
          at SnippetManager.processVectorGenerationQueue (D:\OpenSource\SnippetBox\frontend\src\main\services\SnippetManager.ts:406:34)
          at SnippetManager.generateVectorForSnippet (D:\OpenSource\SnippetBox\frontend\src\main\services\SnippetManager.ts:388:10)
          at SnippetManager.createSnippet (D:\OpenSource\SnippetBox\frontend\src\main\services\SnippetManager.ts:72:12)
          at processTicksAndRejections (node:internal/process/task_queues:105:5)
          at D:\OpenSource\SnippetBox\frontend\tests\property\SnippetProperty.test.ts:144:31
          at AsyncProperty.run (D:\OpenSource\SnippetBox\frontend\node_modules\fast-check\lib\cjs\fast-check.js:1208:19)
          at asyncRunIt (D:\OpenSource\SnippetBox\frontend\node_modules\fast-check\lib\cjs\fast-check.js:2503:15)
          at Object.<anonymous> (D:\OpenSource\SnippetBox\frontend\tests\property\SnippetProperty.test.ts:106:7)

    [0m [90m 407 |[39m           console[33m.[39mlog([32m`Generated vector for snippet: ${snippetId}`[39m)[33m;[39m
     [90m 408 |[39m         } [36mcatch[39m (error) {
    [31m[1m>[22m[39m[90m 409 |[39m           console[33m.[39merror([32m`Failed to generate vector for snippet ${snippetId}:`[3
9m[33m,[39m error)[33m;[39m
     [90m     |[39m                   [31m[1m^[22m[39m
     [90m 410 |[39m         }
     [90m 411 |[39m       }
     [90m 412 |[39m     } [36mfinally[39m {[0m

      at SnippetManager.processVectorGenerationQueue (src/main/services/SnippetManager.ts:409:19)

    console.error
      Failed to generate vector for snippet snippet-uclj2mrfj: TypeError: dbManager.getDb is not a function
          at VectorStore.initialize (D:\OpenSource\SnippetBox\frontend\src\main\services\VectorStore.ts:21:26)
          at VectorStore.addVector (D:\OpenSource\SnippetBox\frontend\src\main\services\VectorStore.ts:27:10)
          at SnippetManager.processVectorGenerationQueue (D:\OpenSource\SnippetBox\frontend\src\main\services\SnippetManager.ts:406:34)
          at SnippetManager.generateVectorForSnippet (D:\OpenSource\SnippetBox\frontend\src\main\services\SnippetManager.ts:388:10)
          at SnippetManager.createSnippet (D:\OpenSource\SnippetBox\frontend\src\main\services\SnippetManager.ts:72:12)
          at processTicksAndRejections (node:internal/process/task_queues:105:5)
          at D:\OpenSource\SnippetBox\frontend\tests\property\SnippetProperty.test.ts:144:31
          at AsyncProperty.run (D:\OpenSource\SnippetBox\frontend\node_modules\fast-check\lib\cjs\fast-check.js:1208:19)
          at asyncRunIt (D:\OpenSource\SnippetBox\frontend\node_modules\fast-check\lib\cjs\fast-check.js:2503:15)
          at Object.<anonymous> (D:\OpenSource\SnippetBox\frontend\tests\property\SnippetProperty.test.ts:106:7)

    [0m [90m 407 |[39m           console[33m.[39mlog([32m`Generated vector for snippet: ${snippetId}`[39m)[33m;[39m
     [90m 408 |[39m         } [36mcatch[39m (error) {
    [31m[1m>[22m[39m[90m 409 |[39m           console[33m.[39merror([32m`Failed to generate vector for snippet ${snippetId}:`[3
9m[33m,[39m error)[33m;[39m
     [90m     |[39m                   [31m[1m^[22m[39m
     [90m 410 |[39m         }
     [90m 411 |[39m       }
     [90m 412 |[39m     } [36mfinally[39m {[0m

      at SnippetManager.processVectorGenerationQueue (src/main/services/SnippetManager.ts:409:19)

    console.error
      Failed to generate vector for snippet snippet-bz4lfsn16: TypeError: dbManager.getDb is not a function
          at VectorStore.initialize (D:\OpenSource\SnippetBox\frontend\src\main\services\VectorStore.ts:21:26)
          at VectorStore.addVector (D:\OpenSource\SnippetBox\frontend\src\main\services\VectorStore.ts:27:10)
          at SnippetManager.processVectorGenerationQueue (D:\OpenSource\SnippetBox\frontend\src\main\services\SnippetManager.ts:406:34)
          at SnippetManager.generateVectorForSnippet (D:\OpenSource\SnippetBox\frontend\src\main\services\SnippetManager.ts:388:10)
          at SnippetManager.createSnippet (D:\OpenSource\SnippetBox\frontend\src\main\services\SnippetManager.ts:72:12)
          at processTicksAndRejections (node:internal/process/task_queues:105:5)
          at D:\OpenSource\SnippetBox\frontend\tests\property\SnippetProperty.test.ts:144:31
          at AsyncProperty.run (D:\OpenSource\SnippetBox\frontend\node_modules\fast-check\lib\cjs\fast-check.js:1208:19)
          at asyncRunIt (D:\OpenSource\SnippetBox\frontend\node_modules\fast-check\lib\cjs\fast-check.js:2503:15)
          at Object.<anonymous> (D:\OpenSource\SnippetBox\frontend\tests\property\SnippetProperty.test.ts:106:7)

    [0m [90m 407 |[39m           console[33m.[39mlog([32m`Generated vector for snippet: ${snippetId}`[39m)[33m;[39m
     [90m 408 |[39m         } [36mcatch[39m (error) {
    [31m[1m>[22m[39m[90m 409 |[39m           console[33m.[39merror([32m`Failed to generate vector for snippet ${snippetId}:`[3
9m[33m,[39m error)[33m;[39m
     [90m     |[39m                   [31m[1m^[22m[39m
     [90m 410 |[39m         }
     [90m 411 |[39m       }
     [90m 412 |[39m     } [36mfinally[39m {[0m

      at SnippetManager.processVectorGenerationQueue (src/main/services/SnippetManager.ts:409:19)

    console.error
      Failed to generate vector for snippet snippet-ar0xoryf6: TypeError: dbManager.getDb is not a function
          at VectorStore.initialize (D:\OpenSource\SnippetBox\frontend\src\main\services\VectorStore.ts:21:26)
          at VectorStore.addVector (D:\OpenSource\SnippetBox\frontend\src\main\services\VectorStore.ts:27:10)
          at SnippetManager.processVectorGenerationQueue (D:\OpenSource\SnippetBox\frontend\src\main\services\SnippetManager.ts:406:34)
          at SnippetManager.generateVectorForSnippet (D:\OpenSource\SnippetBox\frontend\src\main\services\SnippetManager.ts:388:10)
          at SnippetManager.createSnippet (D:\OpenSource\SnippetBox\frontend\src\main\services\SnippetManager.ts:72:12)
          at processTicksAndRejections (node:internal/process/task_queues:105:5)
          at D:\OpenSource\SnippetBox\frontend\tests\property\SnippetProperty.test.ts:144:31
          at AsyncProperty.run (D:\OpenSource\SnippetBox\frontend\node_modules\fast-check\lib\cjs\fast-check.js:1208:19)
          at asyncRunIt (D:\OpenSource\SnippetBox\frontend\node_modules\fast-check\lib\cjs\fast-check.js:2503:15)
          at Object.<anonymous> (D:\OpenSource\SnippetBox\frontend\tests\property\SnippetProperty.test.ts:106:7)

    [0m [90m 407 |[39m           console[33m.[39mlog([32m`Generated vector for snippet: ${snippetId}`[39m)[33m;[39m
     [90m 408 |[39m         } [36mcatch[39m (error) {
    [31m[1m>[22m[39m[90m 409 |[39m           console[33m.[39merror([32m`Failed to generate vector for snippet ${snippetId}:`[3
9m[33m,[39m error)[33m;[39m
     [90m     |[39m                   [31m[1m^[22m[39m
     [90m 410 |[39m         }
     [90m 411 |[39m       }
     [90m 412 |[39m     } [36mfinally[39m {[0m

      at SnippetManager.processVectorGenerationQueue (src/main/services/SnippetManager.ts:409:19)

    console.error
      Failed to generate vector for snippet snippet-ml750qege: TypeError: dbManager.getDb is not a function
          at VectorStore.initialize (D:\OpenSource\SnippetBox\frontend\src\main\services\VectorStore.ts:21:26)
          at VectorStore.addVector (D:\OpenSource\SnippetBox\frontend\src\main\services\VectorStore.ts:27:10)
          at SnippetManager.processVectorGenerationQueue (D:\OpenSource\SnippetBox\frontend\src\main\services\SnippetManager.ts:406:34)
          at SnippetManager.generateVectorForSnippet (D:\OpenSource\SnippetBox\frontend\src\main\services\SnippetManager.ts:388:10)
          at SnippetManager.createSnippet (D:\OpenSource\SnippetBox\frontend\src\main\services\SnippetManager.ts:72:12)
          at processTicksAndRejections (node:internal/process/task_queues:105:5)
          at D:\OpenSource\SnippetBox\frontend\tests\property\SnippetProperty.test.ts:144:31
          at AsyncProperty.run (D:\OpenSource\SnippetBox\frontend\node_modules\fast-check\lib\cjs\fast-check.js:1208:19)
          at asyncRunIt (D:\OpenSource\SnippetBox\frontend\node_modules\fast-check\lib\cjs\fast-check.js:2503:15)
          at Object.<anonymous> (D:\OpenSource\SnippetBox\frontend\tests\property\SnippetProperty.test.ts:106:7)

    [0m [90m 407 |[39m           console[33m.[39mlog([32m`Generated vector for snippet: ${snippetId}`[39m)[33m;[39m
     [90m 408 |[39m         } [36mcatch[39m (error) {
    [31m[1m>[22m[39m[90m 409 |[39m           console[33m.[39merror([32m`Failed to generate vector for snippet ${snippetId}:`[3
9m[33m,[39m error)[33m;[39m
     [90m     |[39m                   [31m[1m^[22m[39m
     [90m 410 |[39m         }
     [90m 411 |[39m       }
     [90m 412 |[39m     } [36mfinally[39m {[0m

      at SnippetManager.processVectorGenerationQueue (src/main/services/SnippetManager.ts:409:19)

    console.error
      Failed to generate vector for snippet snippet-dgvaoqml6: TypeError: dbManager.getDb is not a function
          at VectorStore.initialize (D:\OpenSource\SnippetBox\frontend\src\main\services\VectorStore.ts:21:26)
          at VectorStore.addVector (D:\OpenSource\SnippetBox\frontend\src\main\services\VectorStore.ts:27:10)
          at SnippetManager.processVectorGenerationQueue (D:\OpenSource\SnippetBox\frontend\src\main\services\SnippetManager.ts:406:34)
          at SnippetManager.generateVectorForSnippet (D:\OpenSource\SnippetBox\frontend\src\main\services\SnippetManager.ts:388:10)
          at SnippetManager.createSnippet (D:\OpenSource\SnippetBox\frontend\src\main\services\SnippetManager.ts:72:12)
          at processTicksAndRejections (node:internal/process/task_queues:105:5)
          at D:\OpenSource\SnippetBox\frontend\tests\property\SnippetProperty.test.ts:144:31
          at AsyncProperty.run (D:\OpenSource\SnippetBox\frontend\node_modules\fast-check\lib\cjs\fast-check.js:1208:19)
          at asyncRunIt (D:\OpenSource\SnippetBox\frontend\node_modules\fast-check\lib\cjs\fast-check.js:2503:15)
          at Object.<anonymous> (D:\OpenSource\SnippetBox\frontend\tests\property\SnippetProperty.test.ts:106:7)

    [0m [90m 407 |[39m           console[33m.[39mlog([32m`Generated vector for snippet: ${snippetId}`[39m)[33m;[39m
     [90m 408 |[39m         } [36mcatch[39m (error) {
    [31m[1m>[22m[39m[90m 409 |[39m           console[33m.[39merror([32m`Failed to generate vector for snippet ${snippetId}:`[3
9m[33m,[39m error)[33m;[39m
     [90m     |[39m                   [31m[1m^[22m[39m
     [90m 410 |[39m         }
     [90m 411 |[39m       }
     [90m 412 |[39m     } [36mfinally[39m {[0m

      at SnippetManager.processVectorGenerationQueue (src/main/services/SnippetManager.ts:409:19)

    console.error
      Failed to generate vector for snippet snippet-u211nz985: TypeError: dbManager.getDb is not a function
          at VectorStore.initialize (D:\OpenSource\SnippetBox\frontend\src\main\services\VectorStore.ts:21:26)
          at VectorStore.addVector (D:\OpenSource\SnippetBox\frontend\src\main\services\VectorStore.ts:27:10)
          at SnippetManager.processVectorGenerationQueue (D:\OpenSource\SnippetBox\frontend\src\main\services\SnippetManager.ts:406:34)
          at SnippetManager.generateVectorForSnippet (D:\OpenSource\SnippetBox\frontend\src\main\services\SnippetManager.ts:388:10)
          at SnippetManager.createSnippet (D:\OpenSource\SnippetBox\frontend\src\main\services\SnippetManager.ts:72:12)
          at processTicksAndRejections (node:internal/process/task_queues:105:5)
          at D:\OpenSource\SnippetBox\frontend\tests\property\SnippetProperty.test.ts:144:31
          at AsyncProperty.run (D:\OpenSource\SnippetBox\frontend\node_modules\fast-check\lib\cjs\fast-check.js:1208:19)
          at asyncRunIt (D:\OpenSource\SnippetBox\frontend\node_modules\fast-check\lib\cjs\fast-check.js:2503:15)
          at Object.<anonymous> (D:\OpenSource\SnippetBox\frontend\tests\property\SnippetProperty.test.ts:106:7)

    [0m [90m 407 |[39m           console[33m.[39mlog([32m`Generated vector for snippet: ${snippetId}`[39m)[33m;[39m
     [90m 408 |[39m         } [36mcatch[39m (error) {
    [31m[1m>[22m[39m[90m 409 |[39m           console[33m.[39merror([32m`Failed to generate vector for snippet ${snippetId}:`[3
9m[33m,[39m error)[33m;[39m
     [90m     |[39m                   [31m[1m^[22m[39m
     [90m 410 |[39m         }
     [90m 411 |[39m       }
     [90m 412 |[39m     } [36mfinally[39m {[0m

      at SnippetManager.processVectorGenerationQueue (src/main/services/SnippetManager.ts:409:19)

    console.error
      Failed to generate vector for snippet snippet-jq99eotln: TypeError: dbManager.getDb is not a function
          at VectorStore.initialize (D:\OpenSource\SnippetBox\frontend\src\main\services\VectorStore.ts:21:26)
          at VectorStore.addVector (D:\OpenSource\SnippetBox\frontend\src\main\services\VectorStore.ts:27:10)
          at SnippetManager.processVectorGenerationQueue (D:\OpenSource\SnippetBox\frontend\src\main\services\SnippetManager.ts:406:34)
          at SnippetManager.generateVectorForSnippet (D:\OpenSource\SnippetBox\frontend\src\main\services\SnippetManager.ts:388:10)
          at SnippetManager.createSnippet (D:\OpenSource\SnippetBox\frontend\src\main\services\SnippetManager.ts:72:12)
          at processTicksAndRejections (node:internal/process/task_queues:105:5)
          at D:\OpenSource\SnippetBox\frontend\tests\property\SnippetProperty.test.ts:144:31
          at AsyncProperty.run (D:\OpenSource\SnippetBox\frontend\node_modules\fast-check\lib\cjs\fast-check.js:1208:19)
          at asyncRunIt (D:\OpenSource\SnippetBox\frontend\node_modules\fast-check\lib\cjs\fast-check.js:2503:15)
          at Object.<anonymous> (D:\OpenSource\SnippetBox\frontend\tests\property\SnippetProperty.test.ts:106:7)

    [0m [90m 407 |[39m           console[33m.[39mlog([32m`Generated vector for snippet: ${snippetId}`[39m)[33m;[39m
     [90m 408 |[39m         } [36mcatch[39m (error) {
    [31m[1m>[22m[39m[90m 409 |[39m           console[33m.[39merror([32m`Failed to generate vector for snippet ${snippetId}:`[3
9m[33m,[39m error)[33m;[39m
     [90m     |[39m                   [31m[1m^[22m[39m
     [90m 410 |[39m         }
     [90m 411 |[39m       }
     [90m 412 |[39m     } [36mfinally[39m {[0m

      at SnippetManager.processVectorGenerationQueue (src/main/services/SnippetManager.ts:409:19)

    console.error
      Failed to generate vector for snippet snippet-c864f5el1: TypeError: dbManager.getDb is not a function
          at VectorStore.initialize (D:\OpenSource\SnippetBox\frontend\src\main\services\VectorStore.ts:21:26)
          at VectorStore.addVector (D:\OpenSource\SnippetBox\frontend\src\main\services\VectorStore.ts:27:10)
          at SnippetManager.processVectorGenerationQueue (D:\OpenSource\SnippetBox\frontend\src\main\services\SnippetManager.ts:406:34)
          at SnippetManager.generateVectorForSnippet (D:\OpenSource\SnippetBox\frontend\src\main\services\SnippetManager.ts:388:10)
          at SnippetManager.createSnippet (D:\OpenSource\SnippetBox\frontend\src\main\services\SnippetManager.ts:72:12)
          at processTicksAndRejections (node:internal/process/task_queues:105:5)
          at D:\OpenSource\SnippetBox\frontend\tests\property\SnippetProperty.test.ts:144:31
          at AsyncProperty.run (D:\OpenSource\SnippetBox\frontend\node_modules\fast-check\lib\cjs\fast-check.js:1208:19)
          at asyncRunIt (D:\OpenSource\SnippetBox\frontend\node_modules\fast-check\lib\cjs\fast-check.js:2503:15)
          at Object.<anonymous> (D:\OpenSource\SnippetBox\frontend\tests\property\SnippetProperty.test.ts:106:7)

    [0m [90m 407 |[39m           console[33m.[39mlog([32m`Generated vector for snippet: ${snippetId}`[39m)[33m;[39m
     [90m 408 |[39m         } [36mcatch[39m (error) {
    [31m[1m>[22m[39m[90m 409 |[39m           console[33m.[39merror([32m`Failed to generate vector for snippet ${snippetId}:`[3
9m[33m,[39m error)[33m;[39m
     [90m     |[39m                   [31m[1m^[22m[39m
     [90m 410 |[39m         }
     [90m 411 |[39m       }
     [90m 412 |[39m     } [36mfinally[39m {[0m

      at SnippetManager.processVectorGenerationQueue (src/main/services/SnippetManager.ts:409:19)

    console.error
      Failed to generate vector for snippet snippet-ls6kifnyy: TypeError: dbManager.getDb is not a function
          at VectorStore.initialize (D:\OpenSource\SnippetBox\frontend\src\main\services\VectorStore.ts:21:26)
          at VectorStore.addVector (D:\OpenSource\SnippetBox\frontend\src\main\services\VectorStore.ts:27:10)
          at SnippetManager.processVectorGenerationQueue (D:\OpenSource\SnippetBox\frontend\src\main\services\SnippetManager.ts:406:34)
          at SnippetManager.generateVectorForSnippet (D:\OpenSource\SnippetBox\frontend\src\main\services\SnippetManager.ts:388:10)
          at SnippetManager.createSnippet (D:\OpenSource\SnippetBox\frontend\src\main\services\SnippetManager.ts:72:12)
          at processTicksAndRejections (node:internal/process/task_queues:105:5)
          at D:\OpenSource\SnippetBox\frontend\tests\property\SnippetProperty.test.ts:144:31
          at AsyncProperty.run (D:\OpenSource\SnippetBox\frontend\node_modules\fast-check\lib\cjs\fast-check.js:1208:19)
          at asyncRunIt (D:\OpenSource\SnippetBox\frontend\node_modules\fast-check\lib\cjs\fast-check.js:2503:15)
          at Object.<anonymous> (D:\OpenSource\SnippetBox\frontend\tests\property\SnippetProperty.test.ts:106:7)

    [0m [90m 407 |[39m           console[33m.[39mlog([32m`Generated vector for snippet: ${snippetId}`[39m)[33m;[39m
     [90m 408 |[39m         } [36mcatch[39m (error) {
    [31m[1m>[22m[39m[90m 409 |[39m           console[33m.[39merror([32m`Failed to generate vector for snippet ${snippetId}:`[3
9m[33m,[39m error)[33m;[39m
     [90m     |[39m                   [31m[1m^[22m[39m
     [90m 410 |[39m         }
     [90m 411 |[39m       }
     [90m 412 |[39m     } [36mfinally[39m {[0m

      at SnippetManager.processVectorGenerationQueue (src/main/services/SnippetManager.ts:409:19)

    console.error
      Failed to generate vector for snippet snippet-3f05d4fvo: TypeError: dbManager.getDb is not a function
          at VectorStore.initialize (D:\OpenSource\SnippetBox\frontend\src\main\services\VectorStore.ts:21:26)
          at VectorStore.addVector (D:\OpenSource\SnippetBox\frontend\src\main\services\VectorStore.ts:27:10)
          at SnippetManager.processVectorGenerationQueue (D:\OpenSource\SnippetBox\frontend\src\main\services\SnippetManager.ts:406:34)
          at SnippetManager.generateVectorForSnippet (D:\OpenSource\SnippetBox\frontend\src\main\services\SnippetManager.ts:388:10)
          at SnippetManager.createSnippet (D:\OpenSource\SnippetBox\frontend\src\main\services\SnippetManager.ts:72:12)
          at processTicksAndRejections (node:internal/process/task_queues:105:5)
          at D:\OpenSource\SnippetBox\frontend\tests\property\SnippetProperty.test.ts:144:31
          at AsyncProperty.run (D:\OpenSource\SnippetBox\frontend\node_modules\fast-check\lib\cjs\fast-check.js:1208:19)
          at asyncRunIt (D:\OpenSource\SnippetBox\frontend\node_modules\fast-check\lib\cjs\fast-check.js:2503:15)
          at Object.<anonymous> (D:\OpenSource\SnippetBox\frontend\tests\property\SnippetProperty.test.ts:106:7)

    [0m [90m 407 |[39m           console[33m.[39mlog([32m`Generated vector for snippet: ${snippetId}`[39m)[33m;[39m
     [90m 408 |[39m         } [36mcatch[39m (error) {
    [31m[1m>[22m[39m[90m 409 |[39m           console[33m.[39merror([32m`Failed to generate vector for snippet ${snippetId}:`[3
9m[33m,[39m error)[33m;[39m
     [90m     |[39m                   [31m[1m^[22m[39m
     [90m 410 |[39m         }
     [90m 411 |[39m       }
     [90m 412 |[39m     } [36mfinally[39m {[0m

      at SnippetManager.processVectorGenerationQueue (src/main/services/SnippetManager.ts:409:19)

    console.error
      Failed to generate vector for snippet snippet-9qcp9yj1t: TypeError: dbManager.getDb is not a function
          at VectorStore.initialize (D:\OpenSource\SnippetBox\frontend\src\main\services\VectorStore.ts:21:26)
          at VectorStore.addVector (D:\OpenSource\SnippetBox\frontend\src\main\services\VectorStore.ts:27:10)
          at SnippetManager.processVectorGenerationQueue (D:\OpenSource\SnippetBox\frontend\src\main\services\SnippetManager.ts:406:34)
          at SnippetManager.generateVectorForSnippet (D:\OpenSource\SnippetBox\frontend\src\main\services\SnippetManager.ts:388:10)
          at SnippetManager.createSnippet (D:\OpenSource\SnippetBox\frontend\src\main\services\SnippetManager.ts:72:12)
          at processTicksAndRejections (node:internal/process/task_queues:105:5)
          at D:\OpenSource\SnippetBox\frontend\tests\property\SnippetProperty.test.ts:144:31
          at AsyncProperty.run (D:\OpenSource\SnippetBox\frontend\node_modules\fast-check\lib\cjs\fast-check.js:1208:19)
          at asyncRunIt (D:\OpenSource\SnippetBox\frontend\node_modules\fast-check\lib\cjs\fast-check.js:2503:15)
          at Object.<anonymous> (D:\OpenSource\SnippetBox\frontend\tests\property\SnippetProperty.test.ts:106:7)

    [0m [90m 407 |[39m           console[33m.[39mlog([32m`Generated vector for snippet: ${snippetId}`[39m)[33m;[39m
     [90m 408 |[39m         } [36mcatch[39m (error) {
    [31m[1m>[22m[39m[90m 409 |[39m           console[33m.[39merror([32m`Failed to generate vector for snippet ${snippetId}:`[3
9m[33m,[39m error)[33m;[39m
     [90m     |[39m                   [31m[1m^[22m[39m
     [90m 410 |[39m         }
     [90m 411 |[39m       }
     [90m 412 |[39m     } [36mfinally[39m {[0m

      at SnippetManager.processVectorGenerationQueue (src/main/services/SnippetManager.ts:409:19)

    console.error
      Failed to generate vector for snippet snippet-ikxlkgxhf: TypeError: dbManager.getDb is not a function
          at VectorStore.initialize (D:\OpenSource\SnippetBox\frontend\src\main\services\VectorStore.ts:21:26)
          at VectorStore.addVector (D:\OpenSource\SnippetBox\frontend\src\main\services\VectorStore.ts:27:10)
          at SnippetManager.processVectorGenerationQueue (D:\OpenSource\SnippetBox\frontend\src\main\services\SnippetManager.ts:406:34)
          at SnippetManager.generateVectorForSnippet (D:\OpenSource\SnippetBox\frontend\src\main\services\SnippetManager.ts:388:10)
          at SnippetManager.createSnippet (D:\OpenSource\SnippetBox\frontend\src\main\services\SnippetManager.ts:72:12)
          at processTicksAndRejections (node:internal/process/task_queues:105:5)
          at D:\OpenSource\SnippetBox\frontend\tests\property\SnippetProperty.test.ts:144:31
          at AsyncProperty.run (D:\OpenSource\SnippetBox\frontend\node_modules\fast-check\lib\cjs\fast-check.js:1208:19)
          at asyncRunIt (D:\OpenSource\SnippetBox\frontend\node_modules\fast-check\lib\cjs\fast-check.js:2503:15)
          at Object.<anonymous> (D:\OpenSource\SnippetBox\frontend\tests\property\SnippetProperty.test.ts:106:7)

    [0m [90m 407 |[39m           console[33m.[39mlog([32m`Generated vector for snippet: ${snippetId}`[39m)[33m;[39m
     [90m 408 |[39m         } [36mcatch[39m (error) {
    [31m[1m>[22m[39m[90m 409 |[39m           console[33m.[39merror([32m`Failed to generate vector for snippet ${snippetId}:`[3
9m[33m,[39m error)[33m;[39m
     [90m     |[39m                   [31m[1m^[22m[39m
     [90m 410 |[39m         }
     [90m 411 |[39m       }
     [90m 412 |[39m     } [36mfinally[39m {[0m

      at SnippetManager.processVectorGenerationQueue (src/main/services/SnippetManager.ts:409:19)

    console.error
      Failed to generate vector for snippet snippet-r3l9ulxbp: TypeError: dbManager.getDb is not a function
          at VectorStore.initialize (D:\OpenSource\SnippetBox\frontend\src\main\services\VectorStore.ts:21:26)
          at VectorStore.addVector (D:\OpenSource\SnippetBox\frontend\src\main\services\VectorStore.ts:27:10)
          at SnippetManager.processVectorGenerationQueue (D:\OpenSource\SnippetBox\frontend\src\main\services\SnippetManager.ts:406:34)
          at SnippetManager.generateVectorForSnippet (D:\OpenSource\SnippetBox\frontend\src\main\services\SnippetManager.ts:388:10)
          at SnippetManager.createSnippet (D:\OpenSource\SnippetBox\frontend\src\main\services\SnippetManager.ts:72:12)
          at processTicksAndRejections (node:internal/process/task_queues:105:5)
          at D:\OpenSource\SnippetBox\frontend\tests\property\SnippetProperty.test.ts:144:31
          at AsyncProperty.run (D:\OpenSource\SnippetBox\frontend\node_modules\fast-check\lib\cjs\fast-check.js:1208:19)
          at asyncRunIt (D:\OpenSource\SnippetBox\frontend\node_modules\fast-check\lib\cjs\fast-check.js:2503:15)
          at Object.<anonymous> (D:\OpenSource\SnippetBox\frontend\tests\property\SnippetProperty.test.ts:106:7)

    [0m [90m 407 |[39m           console[33m.[39mlog([32m`Generated vector for snippet: ${snippetId}`[39m)[33m;[39m
     [90m 408 |[39m         } [36mcatch[39m (error) {
    [31m[1m>[22m[39m[90m 409 |[39m           console[33m.[39merror([32m`Failed to generate vector for snippet ${snippetId}:`[3
9m[33m,[39m error)[33m;[39m
     [90m     |[39m                   [31m[1m^[22m[39m
     [90m 410 |[39m         }
     [90m 411 |[39m       }
     [90m 412 |[39m     } [36mfinally[39m {[0m

      at SnippetManager.processVectorGenerationQueue (src/main/services/SnippetManager.ts:409:19)

    console.error
      Failed to generate vector for snippet snippet-dgdknd1is: TypeError: dbManager.getDb is not a function
          at VectorStore.initialize (D:\OpenSource\SnippetBox\frontend\src\main\services\VectorStore.ts:21:26)
          at VectorStore.addVector (D:\OpenSource\SnippetBox\frontend\src\main\services\VectorStore.ts:27:10)
          at SnippetManager.processVectorGenerationQueue (D:\OpenSource\SnippetBox\frontend\src\main\services\SnippetManager.ts:406:34)
          at SnippetManager.generateVectorForSnippet (D:\OpenSource\SnippetBox\frontend\src\main\services\SnippetManager.ts:388:10)
          at SnippetManager.createSnippet (D:\OpenSource\SnippetBox\frontend\src\main\services\SnippetManager.ts:72:12)
          at processTicksAndRejections (node:internal/process/task_queues:105:5)
          at D:\OpenSource\SnippetBox\frontend\tests\property\SnippetProperty.test.ts:144:31
          at AsyncProperty.run (D:\OpenSource\SnippetBox\frontend\node_modules\fast-check\lib\cjs\fast-check.js:1208:19)
          at asyncRunIt (D:\OpenSource\SnippetBox\frontend\node_modules\fast-check\lib\cjs\fast-check.js:2503:15)
          at Object.<anonymous> (D:\OpenSource\SnippetBox\frontend\tests\property\SnippetProperty.test.ts:106:7)

    [0m [90m 407 |[39m           console[33m.[39mlog([32m`Generated vector for snippet: ${snippetId}`[39m)[33m;[39m
     [90m 408 |[39m         } [36mcatch[39m (error) {
    [31m[1m>[22m[39m[90m 409 |[39m           console[33m.[39merror([32m`Failed to generate vector for snippet ${snippetId}:`[3
9m[33m,[39m error)[33m;[39m
     [90m     |[39m                   [31m[1m^[22m[39m
     [90m 410 |[39m         }
     [90m 411 |[39m       }
     [90m 412 |[39m     } [36mfinally[39m {[0m

      at SnippetManager.processVectorGenerationQueue (src/main/services/SnippetManager.ts:409:19)

    console.error
      Failed to generate vector for snippet snippet-fva9unezu: TypeError: dbManager.getDb is not a function
          at VectorStore.initialize (D:\OpenSource\SnippetBox\frontend\src\main\services\VectorStore.ts:21:26)
          at VectorStore.addVector (D:\OpenSource\SnippetBox\frontend\src\main\services\VectorStore.ts:27:10)
          at SnippetManager.processVectorGenerationQueue (D:\OpenSource\SnippetBox\frontend\src\main\services\SnippetManager.ts:406:34)
          at SnippetManager.generateVectorForSnippet (D:\OpenSource\SnippetBox\frontend\src\main\services\SnippetManager.ts:388:10)
          at SnippetManager.createSnippet (D:\OpenSource\SnippetBox\frontend\src\main\services\SnippetManager.ts:72:12)
          at processTicksAndRejections (node:internal/process/task_queues:105:5)
          at D:\OpenSource\SnippetBox\frontend\tests\property\SnippetProperty.test.ts:144:31
          at AsyncProperty.run (D:\OpenSource\SnippetBox\frontend\node_modules\fast-check\lib\cjs\fast-check.js:1208:19)
          at asyncRunIt (D:\OpenSource\SnippetBox\frontend\node_modules\fast-check\lib\cjs\fast-check.js:2503:15)
          at Object.<anonymous> (D:\OpenSource\SnippetBox\frontend\tests\property\SnippetProperty.test.ts:106:7)

    [0m [90m 407 |[39m           console[33m.[39mlog([32m`Generated vector for snippet: ${snippetId}`[39m)[33m;[39m
     [90m 408 |[39m         } [36mcatch[39m (error) {
    [31m[1m>[22m[39m[90m 409 |[39m           console[33m.[39merror([32m`Failed to generate vector for snippet ${snippetId}:`[3
9m[33m,[39m error)[33m;[39m
     [90m     |[39m                   [31m[1m^[22m[39m
     [90m 410 |[39m         }
     [90m 411 |[39m       }
     [90m 412 |[39m     } [36mfinally[39m {[0m

      at SnippetManager.processVectorGenerationQueue (src/main/services/SnippetManager.ts:409:19)

    console.error
      Failed to generate vector for snippet snippet-gmf8y8zif: TypeError: dbManager.getDb is not a function
          at VectorStore.initialize (D:\OpenSource\SnippetBox\frontend\src\main\services\VectorStore.ts:21:26)
          at VectorStore.addVector (D:\OpenSource\SnippetBox\frontend\src\main\services\VectorStore.ts:27:10)
          at SnippetManager.processVectorGenerationQueue (D:\OpenSource\SnippetBox\frontend\src\main\services\SnippetManager.ts:406:34)
          at SnippetManager.generateVectorForSnippet (D:\OpenSource\SnippetBox\frontend\src\main\services\SnippetManager.ts:388:10)
          at SnippetManager.createSnippet (D:\OpenSource\SnippetBox\frontend\src\main\services\SnippetManager.ts:72:12)
          at processTicksAndRejections (node:internal/process/task_queues:105:5)
          at D:\OpenSource\SnippetBox\frontend\tests\property\SnippetProperty.test.ts:144:31
          at AsyncProperty.run (D:\OpenSource\SnippetBox\frontend\node_modules\fast-check\lib\cjs\fast-check.js:1208:19)
          at asyncRunIt (D:\OpenSource\SnippetBox\frontend\node_modules\fast-check\lib\cjs\fast-check.js:2503:15)
          at Object.<anonymous> (D:\OpenSource\SnippetBox\frontend\tests\property\SnippetProperty.test.ts:106:7)

    [0m [90m 407 |[39m           console[33m.[39mlog([32m`Generated vector for snippet: ${snippetId}`[39m)[33m;[39m
     [90m 408 |[39m         } [36mcatch[39m (error) {
    [31m[1m>[22m[39m[90m 409 |[39m           console[33m.[39merror([32m`Failed to generate vector for snippet ${snippetId}:`[3
9m[33m,[39m error)[33m;[39m
     [90m     |[39m                   [31m[1m^[22m[39m
     [90m 410 |[39m         }
     [90m 411 |[39m       }
     [90m 412 |[39m     } [36mfinally[39m {[0m

      at SnippetManager.processVectorGenerationQueue (src/main/services/SnippetManager.ts:409:19)

    console.error
      Failed to generate vector for snippet snippet-25gr1gtwu: TypeError: dbManager.getDb is not a function
          at VectorStore.initialize (D:\OpenSource\SnippetBox\frontend\src\main\services\VectorStore.ts:21:26)
          at VectorStore.addVector (D:\OpenSource\SnippetBox\frontend\src\main\services\VectorStore.ts:27:10)
          at SnippetManager.processVectorGenerationQueue (D:\OpenSource\SnippetBox\frontend\src\main\services\SnippetManager.ts:406:34)
          at SnippetManager.generateVectorForSnippet (D:\OpenSource\SnippetBox\frontend\src\main\services\SnippetManager.ts:388:10)
          at SnippetManager.createSnippet (D:\OpenSource\SnippetBox\frontend\src\main\services\SnippetManager.ts:72:12)
          at processTicksAndRejections (node:internal/process/task_queues:105:5)
          at D:\OpenSource\SnippetBox\frontend\tests\property\SnippetProperty.test.ts:144:31
          at AsyncProperty.run (D:\OpenSource\SnippetBox\frontend\node_modules\fast-check\lib\cjs\fast-check.js:1208:19)
          at asyncRunIt (D:\OpenSource\SnippetBox\frontend\node_modules\fast-check\lib\cjs\fast-check.js:2503:15)
          at Object.<anonymous> (D:\OpenSource\SnippetBox\frontend\tests\property\SnippetProperty.test.ts:106:7)

    [0m [90m 407 |[39m           console[33m.[39mlog([32m`Generated vector for snippet: ${snippetId}`[39m)[33m;[39m
     [90m 408 |[39m         } [36mcatch[39m (error) {
    [31m[1m>[22m[39m[90m 409 |[39m           console[33m.[39merror([32m`Failed to generate vector for snippet ${snippetId}:`[3
9m[33m,[39m error)[33m;[39m
     [90m     |[39m                   [31m[1m^[22m[39m
     [90m 410 |[39m         }
     [90m 411 |[39m       }
     [90m 412 |[39m     } [36mfinally[39m {[0m

      at SnippetManager.processVectorGenerationQueue (src/main/services/SnippetManager.ts:409:19)

    console.error
      Failed to generate vector for snippet snippet-1dihnvz6w: TypeError: dbManager.getDb is not a function
          at VectorStore.initialize (D:\OpenSource\SnippetBox\frontend\src\main\services\VectorStore.ts:21:26)
          at VectorStore.addVector (D:\OpenSource\SnippetBox\frontend\src\main\services\VectorStore.ts:27:10)
          at SnippetManager.processVectorGenerationQueue (D:\OpenSource\SnippetBox\frontend\src\main\services\SnippetManager.ts:406:34)
          at SnippetManager.generateVectorForSnippet (D:\OpenSource\SnippetBox\frontend\src\main\services\SnippetManager.ts:388:10)
          at SnippetManager.createSnippet (D:\OpenSource\SnippetBox\frontend\src\main\services\SnippetManager.ts:72:12)
          at processTicksAndRejections (node:internal/process/task_queues:105:5)
          at D:\OpenSource\SnippetBox\frontend\tests\property\SnippetProperty.test.ts:144:31
          at AsyncProperty.run (D:\OpenSource\SnippetBox\frontend\node_modules\fast-check\lib\cjs\fast-check.js:1208:19)
          at asyncRunIt (D:\OpenSource\SnippetBox\frontend\node_modules\fast-check\lib\cjs\fast-check.js:2503:15)
          at Object.<anonymous> (D:\OpenSource\SnippetBox\frontend\tests\property\SnippetProperty.test.ts:106:7)

    [0m [90m 407 |[39m           console[33m.[39mlog([32m`Generated vector for snippet: ${snippetId}`[39m)[33m;[39m
     [90m 408 |[39m         } [36mcatch[39m (error) {
    [31m[1m>[22m[39m[90m 409 |[39m           console[33m.[39merror([32m`Failed to generate vector for snippet ${snippetId}:`[3
9m[33m,[39m error)[33m;[39m
     [90m     |[39m                   [31m[1m^[22m[39m
     [90m 410 |[39m         }
     [90m 411 |[39m       }
     [90m 412 |[39m     } [36mfinally[39m {[0m

      at SnippetManager.processVectorGenerationQueue (src/main/services/SnippetManager.ts:409:19)

    console.error
      Failed to generate vector for snippet snippet-ruglh5425: TypeError: dbManager.getDb is not a function
          at VectorStore.initialize (D:\OpenSource\SnippetBox\frontend\src\main\services\VectorStore.ts:21:26)
          at VectorStore.addVector (D:\OpenSource\SnippetBox\frontend\src\main\services\VectorStore.ts:27:10)
          at SnippetManager.processVectorGenerationQueue (D:\OpenSource\SnippetBox\frontend\src\main\services\SnippetManager.ts:406:34)
          at SnippetManager.generateVectorForSnippet (D:\OpenSource\SnippetBox\frontend\src\main\services\SnippetManager.ts:388:10)
          at SnippetManager.createSnippet (D:\OpenSource\SnippetBox\frontend\src\main\services\SnippetManager.ts:72:12)
          at processTicksAndRejections (node:internal/process/task_queues:105:5)
          at D:\OpenSource\SnippetBox\frontend\tests\property\SnippetProperty.test.ts:144:31
          at AsyncProperty.run (D:\OpenSource\SnippetBox\frontend\node_modules\fast-check\lib\cjs\fast-check.js:1208:19)
          at asyncRunIt (D:\OpenSource\SnippetBox\frontend\node_modules\fast-check\lib\cjs\fast-check.js:2503:15)
          at Object.<anonymous> (D:\OpenSource\SnippetBox\frontend\tests\property\SnippetProperty.test.ts:106:7)

    [0m [90m 407 |[39m           console[33m.[39mlog([32m`Generated vector for snippet: ${snippetId}`[39m)[33m;[39m
     [90m 408 |[39m         } [36mcatch[39m (error) {
    [31m[1m>[22m[39m[90m 409 |[39m           console[33m.[39merror([32m`Failed to generate vector for snippet ${snippetId}:`[3
9m[33m,[39m error)[33m;[39m
     [90m     |[39m                   [31m[1m^[22m[39m
     [90m 410 |[39m         }
     [90m 411 |[39m       }
     [90m 412 |[39m     } [36mfinally[39m {[0m

      at SnippetManager.processVectorGenerationQueue (src/main/services/SnippetManager.ts:409:19)

    console.error
      Failed to generate vector for snippet snippet-5kyz5b2v5: TypeError: dbManager.getDb is not a function
          at VectorStore.initialize (D:\OpenSource\SnippetBox\frontend\src\main\services\VectorStore.ts:21:26)
          at VectorStore.addVector (D:\OpenSource\SnippetBox\frontend\src\main\services\VectorStore.ts:27:10)
          at SnippetManager.processVectorGenerationQueue (D:\OpenSource\SnippetBox\frontend\src\main\services\SnippetManager.ts:406:34)
          at SnippetManager.generateVectorForSnippet (D:\OpenSource\SnippetBox\frontend\src\main\services\SnippetManager.ts:388:10)
          at SnippetManager.createSnippet (D:\OpenSource\SnippetBox\frontend\src\main\services\SnippetManager.ts:72:12)
          at processTicksAndRejections (node:internal/process/task_queues:105:5)
          at D:\OpenSource\SnippetBox\frontend\tests\property\SnippetProperty.test.ts:144:31
          at AsyncProperty.run (D:\OpenSource\SnippetBox\frontend\node_modules\fast-check\lib\cjs\fast-check.js:1208:19)
          at asyncRunIt (D:\OpenSource\SnippetBox\frontend\node_modules\fast-check\lib\cjs\fast-check.js:2503:15)
          at Object.<anonymous> (D:\OpenSource\SnippetBox\frontend\tests\property\SnippetProperty.test.ts:106:7)

    [0m [90m 407 |[39m           console[33m.[39mlog([32m`Generated vector for snippet: ${snippetId}`[39m)[33m;[39m
     [90m 408 |[39m         } [36mcatch[39m (error) {
    [31m[1m>[22m[39m[90m 409 |[39m           console[33m.[39merror([32m`Failed to generate vector for snippet ${snippetId}:`[3
9m[33m,[39m error)[33m;[39m
     [90m     |[39m                   [31m[1m^[22m[39m
     [90m 410 |[39m         }
     [90m 411 |[39m       }
     [90m 412 |[39m     } [36mfinally[39m {[0m

      at SnippetManager.processVectorGenerationQueue (src/main/services/SnippetManager.ts:409:19)

    console.error
      Failed to generate vector for snippet snippet-8k1n92tbs: TypeError: dbManager.getDb is not a function
          at VectorStore.initialize (D:\OpenSource\SnippetBox\frontend\src\main\services\VectorStore.ts:21:26)
          at VectorStore.addVector (D:\OpenSource\SnippetBox\frontend\src\main\services\VectorStore.ts:27:10)
          at SnippetManager.processVectorGenerationQueue (D:\OpenSource\SnippetBox\frontend\src\main\services\SnippetManager.ts:406:34)
          at SnippetManager.generateVectorForSnippet (D:\OpenSource\SnippetBox\frontend\src\main\services\SnippetManager.ts:388:10)
          at SnippetManager.createSnippet (D:\OpenSource\SnippetBox\frontend\src\main\services\SnippetManager.ts:72:12)
          at processTicksAndRejections (node:internal/process/task_queues:105:5)
          at D:\OpenSource\SnippetBox\frontend\tests\property\SnippetProperty.test.ts:144:31
          at AsyncProperty.run (D:\OpenSource\SnippetBox\frontend\node_modules\fast-check\lib\cjs\fast-check.js:1208:19)
          at asyncRunIt (D:\OpenSource\SnippetBox\frontend\node_modules\fast-check\lib\cjs\fast-check.js:2503:15)
          at Object.<anonymous> (D:\OpenSource\SnippetBox\frontend\tests\property\SnippetProperty.test.ts:106:7)

    [0m [90m 407 |[39m           console[33m.[39mlog([32m`Generated vector for snippet: ${snippetId}`[39m)[33m;[39m
     [90m 408 |[39m         } [36mcatch[39m (error) {
    [31m[1m>[22m[39m[90m 409 |[39m           console[33m.[39merror([32m`Failed to generate vector for snippet ${snippetId}:`[3
9m[33m,[39m error)[33m;[39m
     [90m     |[39m                   [31m[1m^[22m[39m
     [90m 410 |[39m         }
     [90m 411 |[39m       }
     [90m 412 |[39m     } [36mfinally[39m {[0m

      at SnippetManager.processVectorGenerationQueue (src/main/services/SnippetManager.ts:409:19)

    console.error
      Failed to generate vector for snippet snippet-d532rzav7: TypeError: dbManager.getDb is not a function
          at VectorStore.initialize (D:\OpenSource\SnippetBox\frontend\src\main\services\VectorStore.ts:21:26)
          at VectorStore.addVector (D:\OpenSource\SnippetBox\frontend\src\main\services\VectorStore.ts:27:10)
          at SnippetManager.processVectorGenerationQueue (D:\OpenSource\SnippetBox\frontend\src\main\services\SnippetManager.ts:406:34)
          at SnippetManager.generateVectorForSnippet (D:\OpenSource\SnippetBox\frontend\src\main\services\SnippetManager.ts:388:10)
          at SnippetManager.createSnippet (D:\OpenSource\SnippetBox\frontend\src\main\services\SnippetManager.ts:72:12)
          at processTicksAndRejections (node:internal/process/task_queues:105:5)
          at D:\OpenSource\SnippetBox\frontend\tests\property\SnippetProperty.test.ts:144:31
          at AsyncProperty.run (D:\OpenSource\SnippetBox\frontend\node_modules\fast-check\lib\cjs\fast-check.js:1208:19)
          at asyncRunIt (D:\OpenSource\SnippetBox\frontend\node_modules\fast-check\lib\cjs\fast-check.js:2503:15)
          at Object.<anonymous> (D:\OpenSource\SnippetBox\frontend\tests\property\SnippetProperty.test.ts:106:7)

    [0m [90m 407 |[39m           console[33m.[39mlog([32m`Generated vector for snippet: ${snippetId}`[39m)[33m;[39m
     [90m 408 |[39m         } [36mcatch[39m (error) {
    [31m[1m>[22m[39m[90m 409 |[39m           console[33m.[39merror([32m`Failed to generate vector for snippet ${snippetId}:`[3
9m[33m,[39m error)[33m;[39m
     [90m     |[39m                   [31m[1m^[22m[39m
     [90m 410 |[39m         }
     [90m 411 |[39m       }
     [90m 412 |[39m     } [36mfinally[39m {[0m

      at SnippetManager.processVectorGenerationQueue (src/main/services/SnippetManager.ts:409:19)

    console.error
      Failed to generate vector for snippet snippet-5o1qx5ztd: TypeError: dbManager.getDb is not a function
          at VectorStore.initialize (D:\OpenSource\SnippetBox\frontend\src\main\services\VectorStore.ts:21:26)
          at VectorStore.addVector (D:\OpenSource\SnippetBox\frontend\src\main\services\VectorStore.ts:27:10)
          at SnippetManager.processVectorGenerationQueue (D:\OpenSource\SnippetBox\frontend\src\main\services\SnippetManager.ts:406:34)
          at SnippetManager.generateVectorForSnippet (D:\OpenSource\SnippetBox\frontend\src\main\services\SnippetManager.ts:388:10)
          at SnippetManager.createSnippet (D:\OpenSource\SnippetBox\frontend\src\main\services\SnippetManager.ts:72:12)
          at processTicksAndRejections (node:internal/process/task_queues:105:5)
          at D:\OpenSource\SnippetBox\frontend\tests\property\SnippetProperty.test.ts:144:31
          at AsyncProperty.run (D:\OpenSource\SnippetBox\frontend\node_modules\fast-check\lib\cjs\fast-check.js:1208:19)
          at asyncRunIt (D:\OpenSource\SnippetBox\frontend\node_modules\fast-check\lib\cjs\fast-check.js:2503:15)
          at Object.<anonymous> (D:\OpenSource\SnippetBox\frontend\tests\property\SnippetProperty.test.ts:106:7)

    [0m [90m 407 |[39m           console[33m.[39mlog([32m`Generated vector for snippet: ${snippetId}`[39m)[33m;[39m
     [90m 408 |[39m         } [36mcatch[39m (error) {
    [31m[1m>[22m[39m[90m 409 |[39m           console[33m.[39merror([32m`Failed to generate vector for snippet ${snippetId}:`[3
9m[33m,[39m error)[33m;[39m
     [90m     |[39m                   [31m[1m^[22m[39m
     [90m 410 |[39m         }
     [90m 411 |[39m       }
     [90m 412 |[39m     } [36mfinally[39m {[0m

      at SnippetManager.processVectorGenerationQueue (src/main/services/SnippetManager.ts:409:19)

    console.error
      Failed to generate vector for snippet snippet-oxz8r66us: TypeError: dbManager.getDb is not a function
          at VectorStore.initialize (D:\OpenSource\SnippetBox\frontend\src\main\services\VectorStore.ts:21:26)
          at VectorStore.addVector (D:\OpenSource\SnippetBox\frontend\src\main\services\VectorStore.ts:27:10)
          at SnippetManager.processVectorGenerationQueue (D:\OpenSource\SnippetBox\frontend\src\main\services\SnippetManager.ts:406:34)
          at SnippetManager.generateVectorForSnippet (D:\OpenSource\SnippetBox\frontend\src\main\services\SnippetManager.ts:388:10)
          at SnippetManager.createSnippet (D:\OpenSource\SnippetBox\frontend\src\main\services\SnippetManager.ts:72:12)
          at processTicksAndRejections (node:internal/process/task_queues:105:5)
          at D:\OpenSource\SnippetBox\frontend\tests\property\SnippetProperty.test.ts:144:31
          at AsyncProperty.run (D:\OpenSource\SnippetBox\frontend\node_modules\fast-check\lib\cjs\fast-check.js:1208:19)
          at asyncRunIt (D:\OpenSource\SnippetBox\frontend\node_modules\fast-check\lib\cjs\fast-check.js:2503:15)
          at Object.<anonymous> (D:\OpenSource\SnippetBox\frontend\tests\property\SnippetProperty.test.ts:106:7)

    [0m [90m 407 |[39m           console[33m.[39mlog([32m`Generated vector for snippet: ${snippetId}`[39m)[33m;[39m
     [90m 408 |[39m         } [36mcatch[39m (error) {
    [31m[1m>[22m[39m[90m 409 |[39m           console[33m.[39merror([32m`Failed to generate vector for snippet ${snippetId}:`[3
9m[33m,[39m error)[33m;[39m
     [90m     |[39m                   [31m[1m^[22m[39m
     [90m 410 |[39m         }
     [90m 411 |[39m       }
     [90m 412 |[39m     } [36mfinally[39m {[0m

      at SnippetManager.processVectorGenerationQueue (src/main/services/SnippetManager.ts:409:19)

    console.error
      Failed to generate vector for snippet snippet-wmphlbtsi: TypeError: dbManager.getDb is not a function
          at VectorStore.initialize (D:\OpenSource\SnippetBox\frontend\src\main\services\VectorStore.ts:21:26)
          at VectorStore.addVector (D:\OpenSource\SnippetBox\frontend\src\main\services\VectorStore.ts:27:10)
          at SnippetManager.processVectorGenerationQueue (D:\OpenSource\SnippetBox\frontend\src\main\services\SnippetManager.ts:406:34)
          at SnippetManager.generateVectorForSnippet (D:\OpenSource\SnippetBox\frontend\src\main\services\SnippetManager.ts:388:10)
          at SnippetManager.createSnippet (D:\OpenSource\SnippetBox\frontend\src\main\services\SnippetManager.ts:72:12)
          at processTicksAndRejections (node:internal/process/task_queues:105:5)
          at D:\OpenSource\SnippetBox\frontend\tests\property\SnippetProperty.test.ts:144:31
          at AsyncProperty.run (D:\OpenSource\SnippetBox\frontend\node_modules\fast-check\lib\cjs\fast-check.js:1208:19)
          at asyncRunIt (D:\OpenSource\SnippetBox\frontend\node_modules\fast-check\lib\cjs\fast-check.js:2503:15)
          at Object.<anonymous> (D:\OpenSource\SnippetBox\frontend\tests\property\SnippetProperty.test.ts:106:7)

    [0m [90m 407 |[39m           console[33m.[39mlog([32m`Generated vector for snippet: ${snippetId}`[39m)[33m;[39m
     [90m 408 |[39m         } [36mcatch[39m (error) {
    [31m[1m>[22m[39m[90m 409 |[39m           console[33m.[39merror([32m`Failed to generate vector for snippet ${snippetId}:`[3
9m[33m,[39m error)[33m;[39m
     [90m     |[39m                   [31m[1m^[22m[39m
     [90m 410 |[39m         }
     [90m 411 |[39m       }
     [90m 412 |[39m     } [36mfinally[39m {[0m

      at SnippetManager.processVectorGenerationQueue (src/main/services/SnippetManager.ts:409:19)

    console.error
      Failed to generate vector for snippet snippet-hx46ewr99: TypeError: dbManager.getDb is not a function
          at VectorStore.initialize (D:\OpenSource\SnippetBox\frontend\src\main\services\VectorStore.ts:21:26)
          at VectorStore.addVector (D:\OpenSource\SnippetBox\frontend\src\main\services\VectorStore.ts:27:10)
          at SnippetManager.processVectorGenerationQueue (D:\OpenSource\SnippetBox\frontend\src\main\services\SnippetManager.ts:406:34)
          at SnippetManager.generateVectorForSnippet (D:\OpenSource\SnippetBox\frontend\src\main\services\SnippetManager.ts:388:10)
          at SnippetManager.createSnippet (D:\OpenSource\SnippetBox\frontend\src\main\services\SnippetManager.ts:72:12)
          at processTicksAndRejections (node:internal/process/task_queues:105:5)
          at D:\OpenSource\SnippetBox\frontend\tests\property\SnippetProperty.test.ts:144:31
          at AsyncProperty.run (D:\OpenSource\SnippetBox\frontend\node_modules\fast-check\lib\cjs\fast-check.js:1208:19)
          at asyncRunIt (D:\OpenSource\SnippetBox\frontend\node_modules\fast-check\lib\cjs\fast-check.js:2503:15)
          at Object.<anonymous> (D:\OpenSource\SnippetBox\frontend\tests\property\SnippetProperty.test.ts:106:7)

    [0m [90m 407 |[39m           console[33m.[39mlog([32m`Generated vector for snippet: ${snippetId}`[39m)[33m;[39m
     [90m 408 |[39m         } [36mcatch[39m (error) {
    [31m[1m>[22m[39m[90m 409 |[39m           console[33m.[39merror([32m`Failed to generate vector for snippet ${snippetId}:`[3
9m[33m,[39m error)[33m;[39m
     [90m     |[39m                   [31m[1m^[22m[39m
     [90m 410 |[39m         }
     [90m 411 |[39m       }
     [90m 412 |[39m     } [36mfinally[39m {[0m

      at SnippetManager.processVectorGenerationQueue (src/main/services/SnippetManager.ts:409:19)

    console.error
      Failed to generate vector for snippet snippet-q8lqsgcig: TypeError: dbManager.getDb is not a function
          at VectorStore.initialize (D:\OpenSource\SnippetBox\frontend\src\main\services\VectorStore.ts:21:26)
          at VectorStore.addVector (D:\OpenSource\SnippetBox\frontend\src\main\services\VectorStore.ts:27:10)
          at SnippetManager.processVectorGenerationQueue (D:\OpenSource\SnippetBox\frontend\src\main\services\SnippetManager.ts:406:34)
          at SnippetManager.generateVectorForSnippet (D:\OpenSource\SnippetBox\frontend\src\main\services\SnippetManager.ts:388:10)
          at SnippetManager.createSnippet (D:\OpenSource\SnippetBox\frontend\src\main\services\SnippetManager.ts:72:12)
          at processTicksAndRejections (node:internal/process/task_queues:105:5)
          at D:\OpenSource\SnippetBox\frontend\tests\property\SnippetProperty.test.ts:144:31
          at AsyncProperty.run (D:\OpenSource\SnippetBox\frontend\node_modules\fast-check\lib\cjs\fast-check.js:1208:19)
          at asyncRunIt (D:\OpenSource\SnippetBox\frontend\node_modules\fast-check\lib\cjs\fast-check.js:2503:15)
          at Object.<anonymous> (D:\OpenSource\SnippetBox\frontend\tests\property\SnippetProperty.test.ts:106:7)

    [0m [90m 407 |[39m           console[33m.[39mlog([32m`Generated vector for snippet: ${snippetId}`[39m)[33m;[39m
     [90m 408 |[39m         } [36mcatch[39m (error) {
    [31m[1m>[22m[39m[90m 409 |[39m           console[33m.[39merror([32m`Failed to generate vector for snippet ${snippetId}:`[3
9m[33m,[39m error)[33m;[39m
     [90m     |[39m                   [31m[1m^[22m[39m
     [90m 410 |[39m         }
     [90m 411 |[39m       }
     [90m 412 |[39m     } [36mfinally[39m {[0m

      at SnippetManager.processVectorGenerationQueue (src/main/services/SnippetManager.ts:409:19)

    console.error
      Failed to generate vector for snippet snippet-8omqz61tc: TypeError: dbManager.getDb is not a function
          at VectorStore.initialize (D:\OpenSource\SnippetBox\frontend\src\main\services\VectorStore.ts:21:26)
          at VectorStore.addVector (D:\OpenSource\SnippetBox\frontend\src\main\services\VectorStore.ts:27:10)
          at SnippetManager.processVectorGenerationQueue (D:\OpenSource\SnippetBox\frontend\src\main\services\SnippetManager.ts:406:34)
          at SnippetManager.generateVectorForSnippet (D:\OpenSource\SnippetBox\frontend\src\main\services\SnippetManager.ts:388:10)
          at SnippetManager.createSnippet (D:\OpenSource\SnippetBox\frontend\src\main\services\SnippetManager.ts:72:12)
          at processTicksAndRejections (node:internal/process/task_queues:105:5)
          at D:\OpenSource\SnippetBox\frontend\tests\property\SnippetProperty.test.ts:144:31
          at AsyncProperty.run (D:\OpenSource\SnippetBox\frontend\node_modules\fast-check\lib\cjs\fast-check.js:1208:19)
          at asyncRunIt (D:\OpenSource\SnippetBox\frontend\node_modules\fast-check\lib\cjs\fast-check.js:2503:15)
          at Object.<anonymous> (D:\OpenSource\SnippetBox\frontend\tests\property\SnippetProperty.test.ts:106:7)

    [0m [90m 407 |[39m           console[33m.[39mlog([32m`Generated vector for snippet: ${snippetId}`[39m)[33m;[39m
     [90m 408 |[39m         } [36mcatch[39m (error) {
    [31m[1m>[22m[39m[90m 409 |[39m           console[33m.[39merror([32m`Failed to generate vector for snippet ${snippetId}:`[3
9m[33m,[39m error)[33m;[39m
     [90m     |[39m                   [31m[1m^[22m[39m
     [90m 410 |[39m         }
     [90m 411 |[39m       }
     [90m 412 |[39m     } [36mfinally[39m {[0m

      at SnippetManager.processVectorGenerationQueue (src/main/services/SnippetManager.ts:409:19)

    console.error
      Failed to generate vector for snippet snippet-evuonng6t: TypeError: dbManager.getDb is not a function
          at VectorStore.initialize (D:\OpenSource\SnippetBox\frontend\src\main\services\VectorStore.ts:21:26)
          at VectorStore.addVector (D:\OpenSource\SnippetBox\frontend\src\main\services\VectorStore.ts:27:10)
          at SnippetManager.processVectorGenerationQueue (D:\OpenSource\SnippetBox\frontend\src\main\services\SnippetManager.ts:406:34)
          at SnippetManager.generateVectorForSnippet (D:\OpenSource\SnippetBox\frontend\src\main\services\SnippetManager.ts:388:10)
          at SnippetManager.createSnippet (D:\OpenSource\SnippetBox\frontend\src\main\services\SnippetManager.ts:72:12)
          at processTicksAndRejections (node:internal/process/task_queues:105:5)
          at D:\OpenSource\SnippetBox\frontend\tests\property\SnippetProperty.test.ts:144:31
          at AsyncProperty.run (D:\OpenSource\SnippetBox\frontend\node_modules\fast-check\lib\cjs\fast-check.js:1208:19)
          at asyncRunIt (D:\OpenSource\SnippetBox\frontend\node_modules\fast-check\lib\cjs\fast-check.js:2503:15)
          at Object.<anonymous> (D:\OpenSource\SnippetBox\frontend\tests\property\SnippetProperty.test.ts:106:7)

    [0m [90m 407 |[39m           console[33m.[39mlog([32m`Generated vector for snippet: ${snippetId}`[39m)[33m;[39m
     [90m 408 |[39m         } [36mcatch[39m (error) {
    [31m[1m>[22m[39m[90m 409 |[39m           console[33m.[39merror([32m`Failed to generate vector for snippet ${snippetId}:`[3
9m[33m,[39m error)[33m;[39m
     [90m     |[39m                   [31m[1m^[22m[39m
     [90m 410 |[39m         }
     [90m 411 |[39m       }
     [90m 412 |[39m     } [36mfinally[39m {[0m

      at SnippetManager.processVectorGenerationQueue (src/main/services/SnippetManager.ts:409:19)

    console.error
      Failed to generate vector for snippet snippet-lqzkoe37y: TypeError: dbManager.getDb is not a function
          at VectorStore.initialize (D:\OpenSource\SnippetBox\frontend\src\main\services\VectorStore.ts:21:26)
          at VectorStore.addVector (D:\OpenSource\SnippetBox\frontend\src\main\services\VectorStore.ts:27:10)
          at SnippetManager.processVectorGenerationQueue (D:\OpenSource\SnippetBox\frontend\src\main\services\SnippetManager.ts:406:34)
          at SnippetManager.generateVectorForSnippet (D:\OpenSource\SnippetBox\frontend\src\main\services\SnippetManager.ts:388:10)
          at SnippetManager.createSnippet (D:\OpenSource\SnippetBox\frontend\src\main\services\SnippetManager.ts:72:12)
          at processTicksAndRejections (node:internal/process/task_queues:105:5)
          at D:\OpenSource\SnippetBox\frontend\tests\property\SnippetProperty.test.ts:144:31
          at AsyncProperty.run (D:\OpenSource\SnippetBox\frontend\node_modules\fast-check\lib\cjs\fast-check.js:1208:19)
          at asyncRunIt (D:\OpenSource\SnippetBox\frontend\node_modules\fast-check\lib\cjs\fast-check.js:2503:15)
          at Object.<anonymous> (D:\OpenSource\SnippetBox\frontend\tests\property\SnippetProperty.test.ts:106:7)

    [0m [90m 407 |[39m           console[33m.[39mlog([32m`Generated vector for snippet: ${snippetId}`[39m)[33m;[39m
     [90m 408 |[39m         } [36mcatch[39m (error) {
    [31m[1m>[22m[39m[90m 409 |[39m           console[33m.[39merror([32m`Failed to generate vector for snippet ${snippetId}:`[3
9m[33m,[39m error)[33m;[39m
     [90m     |[39m                   [31m[1m^[22m[39m
     [90m 410 |[39m         }
     [90m 411 |[39m       }
     [90m 412 |[39m     } [36mfinally[39m {[0m

      at SnippetManager.processVectorGenerationQueue (src/main/services/SnippetManager.ts:409:19)

    console.error
      Failed to generate vector for snippet snippet-sudua962r: TypeError: dbManager.getDb is not a function
          at VectorStore.initialize (D:\OpenSource\SnippetBox\frontend\src\main\services\VectorStore.ts:21:26)
          at VectorStore.addVector (D:\OpenSource\SnippetBox\frontend\src\main\services\VectorStore.ts:27:10)
          at SnippetManager.processVectorGenerationQueue (D:\OpenSource\SnippetBox\frontend\src\main\services\SnippetManager.ts:406:34)
          at SnippetManager.generateVectorForSnippet (D:\OpenSource\SnippetBox\frontend\src\main\services\SnippetManager.ts:388:10)
          at SnippetManager.createSnippet (D:\OpenSource\SnippetBox\frontend\src\main\services\SnippetManager.ts:72:12)
          at processTicksAndRejections (node:internal/process/task_queues:105:5)
          at D:\OpenSource\SnippetBox\frontend\tests\property\SnippetProperty.test.ts:144:31
          at AsyncProperty.run (D:\OpenSource\SnippetBox\frontend\node_modules\fast-check\lib\cjs\fast-check.js:1208:19)
          at asyncRunIt (D:\OpenSource\SnippetBox\frontend\node_modules\fast-check\lib\cjs\fast-check.js:2503:15)
          at Object.<anonymous> (D:\OpenSource\SnippetBox\frontend\tests\property\SnippetProperty.test.ts:106:7)

    [0m [90m 407 |[39m           console[33m.[39mlog([32m`Generated vector for snippet: ${snippetId}`[39m)[33m;[39m
     [90m 408 |[39m         } [36mcatch[39m (error) {
    [31m[1m>[22m[39m[90m 409 |[39m           console[33m.[39merror([32m`Failed to generate vector for snippet ${snippetId}:`[3
9m[33m,[39m error)[33m;[39m
     [90m     |[39m                   [31m[1m^[22m[39m
     [90m 410 |[39m         }
     [90m 411 |[39m       }
     [90m 412 |[39m     } [36mfinally[39m {[0m

      at SnippetManager.processVectorGenerationQueue (src/main/services/SnippetManager.ts:409:19)

    console.error
      Failed to generate vector for snippet snippet-n5rlqamnh: TypeError: dbManager.getDb is not a function
          at VectorStore.initialize (D:\OpenSource\SnippetBox\frontend\src\main\services\VectorStore.ts:21:26)
          at VectorStore.addVector (D:\OpenSource\SnippetBox\frontend\src\main\services\VectorStore.ts:27:10)
          at SnippetManager.processVectorGenerationQueue (D:\OpenSource\SnippetBox\frontend\src\main\services\SnippetManager.ts:406:34)
          at SnippetManager.generateVectorForSnippet (D:\OpenSource\SnippetBox\frontend\src\main\services\SnippetManager.ts:388:10)
          at SnippetManager.createSnippet (D:\OpenSource\SnippetBox\frontend\src\main\services\SnippetManager.ts:72:12)
          at processTicksAndRejections (node:internal/process/task_queues:105:5)
          at D:\OpenSource\SnippetBox\frontend\tests\property\SnippetProperty.test.ts:144:31
          at AsyncProperty.run (D:\OpenSource\SnippetBox\frontend\node_modules\fast-check\lib\cjs\fast-check.js:1208:19)
          at asyncRunIt (D:\OpenSource\SnippetBox\frontend\node_modules\fast-check\lib\cjs\fast-check.js:2503:15)
          at Object.<anonymous> (D:\OpenSource\SnippetBox\frontend\tests\property\SnippetProperty.test.ts:106:7)

    [0m [90m 407 |[39m           console[33m.[39mlog([32m`Generated vector for snippet: ${snippetId}`[39m)[33m;[39m
     [90m 408 |[39m         } [36mcatch[39m (error) {
    [31m[1m>[22m[39m[90m 409 |[39m           console[33m.[39merror([32m`Failed to generate vector for snippet ${snippetId}:`[3
9m[33m,[39m error)[33m;[39m
     [90m     |[39m                   [31m[1m^[22m[39m
     [90m 410 |[39m         }
     [90m 411 |[39m       }
     [90m 412 |[39m     } [36mfinally[39m {[0m

      at SnippetManager.processVectorGenerationQueue (src/main/services/SnippetManager.ts:409:19)

    console.error
      Failed to generate vector for snippet snippet-1p960m66t: TypeError: dbManager.getDb is not a function
          at VectorStore.initialize (D:\OpenSource\SnippetBox\frontend\src\main\services\VectorStore.ts:21:26)
          at VectorStore.addVector (D:\OpenSource\SnippetBox\frontend\src\main\services\VectorStore.ts:27:10)
          at SnippetManager.processVectorGenerationQueue (D:\OpenSource\SnippetBox\frontend\src\main\services\SnippetManager.ts:406:34)
          at SnippetManager.generateVectorForSnippet (D:\OpenSource\SnippetBox\frontend\src\main\services\SnippetManager.ts:388:10)
          at SnippetManager.createSnippet (D:\OpenSource\SnippetBox\frontend\src\main\services\SnippetManager.ts:72:12)
          at processTicksAndRejections (node:internal/process/task_queues:105:5)
          at D:\OpenSource\SnippetBox\frontend\tests\property\SnippetProperty.test.ts:144:31
          at AsyncProperty.run (D:\OpenSource\SnippetBox\frontend\node_modules\fast-check\lib\cjs\fast-check.js:1208:19)
          at asyncRunIt (D:\OpenSource\SnippetBox\frontend\node_modules\fast-check\lib\cjs\fast-check.js:2503:15)
          at Object.<anonymous> (D:\OpenSource\SnippetBox\frontend\tests\property\SnippetProperty.test.ts:106:7)

    [0m [90m 407 |[39m           console[33m.[39mlog([32m`Generated vector for snippet: ${snippetId}`[39m)[33m;[39m
     [90m 408 |[39m         } [36mcatch[39m (error) {
    [31m[1m>[22m[39m[90m 409 |[39m           console[33m.[39merror([32m`Failed to generate vector for snippet ${snippetId}:`[3
9m[33m,[39m error)[33m;[39m
     [90m     |[39m                   [31m[1m^[22m[39m
     [90m 410 |[39m         }
     [90m 411 |[39m       }
     [90m 412 |[39m     } [36mfinally[39m {[0m

      at SnippetManager.processVectorGenerationQueue (src/main/services/SnippetManager.ts:409:19)

    console.error
      Failed to generate vector for snippet snippet-7j7gjy5a1: TypeError: dbManager.getDb is not a function
          at VectorStore.initialize (D:\OpenSource\SnippetBox\frontend\src\main\services\VectorStore.ts:21:26)
          at VectorStore.addVector (D:\OpenSource\SnippetBox\frontend\src\main\services\VectorStore.ts:27:10)
          at SnippetManager.processVectorGenerationQueue (D:\OpenSource\SnippetBox\frontend\src\main\services\SnippetManager.ts:406:34)
          at SnippetManager.generateVectorForSnippet (D:\OpenSource\SnippetBox\frontend\src\main\services\SnippetManager.ts:388:10)
          at SnippetManager.createSnippet (D:\OpenSource\SnippetBox\frontend\src\main\services\SnippetManager.ts:72:12)
          at processTicksAndRejections (node:internal/process/task_queues:105:5)
          at D:\OpenSource\SnippetBox\frontend\tests\property\SnippetProperty.test.ts:144:31
          at AsyncProperty.run (D:\OpenSource\SnippetBox\frontend\node_modules\fast-check\lib\cjs\fast-check.js:1208:19)
          at asyncRunIt (D:\OpenSource\SnippetBox\frontend\node_modules\fast-check\lib\cjs\fast-check.js:2503:15)
          at Object.<anonymous> (D:\OpenSource\SnippetBox\frontend\tests\property\SnippetProperty.test.ts:106:7)

    [0m [90m 407 |[39m           console[33m.[39mlog([32m`Generated vector for snippet: ${snippetId}`[39m)[33m;[39m
     [90m 408 |[39m         } [36mcatch[39m (error) {
    [31m[1m>[22m[39m[90m 409 |[39m           console[33m.[39merror([32m`Failed to generate vector for snippet ${snippetId}:`[3
9m[33m,[39m error)[33m;[39m
     [90m     |[39m                   [31m[1m^[22m[39m
     [90m 410 |[39m         }
     [90m 411 |[39m       }
     [90m 412 |[39m     } [36mfinally[39m {[0m

      at SnippetManager.processVectorGenerationQueue (src/main/services/SnippetManager.ts:409:19)

    console.error
      Failed to generate vector for snippet snippet-fxrw5r6nh: TypeError: dbManager.getDb is not a function
          at VectorStore.initialize (D:\OpenSource\SnippetBox\frontend\src\main\services\VectorStore.ts:21:26)
          at VectorStore.addVector (D:\OpenSource\SnippetBox\frontend\src\main\services\VectorStore.ts:27:10)
          at SnippetManager.processVectorGenerationQueue (D:\OpenSource\SnippetBox\frontend\src\main\services\SnippetManager.ts:406:34)
          at SnippetManager.generateVectorForSnippet (D:\OpenSource\SnippetBox\frontend\src\main\services\SnippetManager.ts:388:10)
          at SnippetManager.createSnippet (D:\OpenSource\SnippetBox\frontend\src\main\services\SnippetManager.ts:72:12)
          at processTicksAndRejections (node:internal/process/task_queues:105:5)
          at D:\OpenSource\SnippetBox\frontend\tests\property\SnippetProperty.test.ts:144:31
          at AsyncProperty.run (D:\OpenSource\SnippetBox\frontend\node_modules\fast-check\lib\cjs\fast-check.js:1208:19)
          at asyncRunIt (D:\OpenSource\SnippetBox\frontend\node_modules\fast-check\lib\cjs\fast-check.js:2503:15)
          at Object.<anonymous> (D:\OpenSource\SnippetBox\frontend\tests\property\SnippetProperty.test.ts:106:7)

    [0m [90m 407 |[39m           console[33m.[39mlog([32m`Generated vector for snippet: ${snippetId}`[39m)[33m;[39m
     [90m 408 |[39m         } [36mcatch[39m (error) {
    [31m[1m>[22m[39m[90m 409 |[39m           console[33m.[39merror([32m`Failed to generate vector for snippet ${snippetId}:`[3
9m[33m,[39m error)[33m;[39m
     [90m     |[39m                   [31m[1m^[22m[39m
     [90m 410 |[39m         }
     [90m 411 |[39m       }
     [90m 412 |[39m     } [36mfinally[39m {[0m

      at SnippetManager.processVectorGenerationQueue (src/main/services/SnippetManager.ts:409:19)

    console.error
      Failed to generate vector for snippet snippet-jub12v7et: TypeError: dbManager.getDb is not a function
          at VectorStore.initialize (D:\OpenSource\SnippetBox\frontend\src\main\services\VectorStore.ts:21:26)
          at VectorStore.addVector (D:\OpenSource\SnippetBox\frontend\src\main\services\VectorStore.ts:27:10)
          at SnippetManager.processVectorGenerationQueue (D:\OpenSource\SnippetBox\frontend\src\main\services\SnippetManager.ts:406:34)
          at SnippetManager.generateVectorForSnippet (D:\OpenSource\SnippetBox\frontend\src\main\services\SnippetManager.ts:388:10)
          at SnippetManager.createSnippet (D:\OpenSource\SnippetBox\frontend\src\main\services\SnippetManager.ts:72:12)
          at processTicksAndRejections (node:internal/process/task_queues:105:5)
          at D:\OpenSource\SnippetBox\frontend\tests\property\SnippetProperty.test.ts:144:31
          at AsyncProperty.run (D:\OpenSource\SnippetBox\frontend\node_modules\fast-check\lib\cjs\fast-check.js:1208:19)
          at asyncRunIt (D:\OpenSource\SnippetBox\frontend\node_modules\fast-check\lib\cjs\fast-check.js:2503:15)
          at Object.<anonymous> (D:\OpenSource\SnippetBox\frontend\tests\property\SnippetProperty.test.ts:106:7)

    [0m [90m 407 |[39m           console[33m.[39mlog([32m`Generated vector for snippet: ${snippetId}`[39m)[33m;[39m
     [90m 408 |[39m         } [36mcatch[39m (error) {
    [31m[1m>[22m[39m[90m 409 |[39m           console[33m.[39merror([32m`Failed to generate vector for snippet ${snippetId}:`[3
9m[33m,[39m error)[33m;[39m
     [90m     |[39m                   [31m[1m^[22m[39m
     [90m 410 |[39m         }
     [90m 411 |[39m       }
     [90m 412 |[39m     } [36mfinally[39m {[0m

      at SnippetManager.processVectorGenerationQueue (src/main/services/SnippetManager.ts:409:19)

    console.error
      Failed to generate vector for snippet snippet-ui8prdbly: TypeError: dbManager.getDb is not a function
          at VectorStore.initialize (D:\OpenSource\SnippetBox\frontend\src\main\services\VectorStore.ts:21:26)
          at VectorStore.addVector (D:\OpenSource\SnippetBox\frontend\src\main\services\VectorStore.ts:27:10)
          at SnippetManager.processVectorGenerationQueue (D:\OpenSource\SnippetBox\frontend\src\main\services\SnippetManager.ts:406:34)
          at SnippetManager.generateVectorForSnippet (D:\OpenSource\SnippetBox\frontend\src\main\services\SnippetManager.ts:388:10)
          at SnippetManager.createSnippet (D:\OpenSource\SnippetBox\frontend\src\main\services\SnippetManager.ts:72:12)
          at processTicksAndRejections (node:internal/process/task_queues:105:5)
          at D:\OpenSource\SnippetBox\frontend\tests\property\SnippetProperty.test.ts:144:31
          at AsyncProperty.run (D:\OpenSource\SnippetBox\frontend\node_modules\fast-check\lib\cjs\fast-check.js:1208:19)
          at asyncRunIt (D:\OpenSource\SnippetBox\frontend\node_modules\fast-check\lib\cjs\fast-check.js:2503:15)
          at Object.<anonymous> (D:\OpenSource\SnippetBox\frontend\tests\property\SnippetProperty.test.ts:106:7)

    [0m [90m 407 |[39m           console[33m.[39mlog([32m`Generated vector for snippet: ${snippetId}`[39m)[33m;[39m
     [90m 408 |[39m         } [36mcatch[39m (error) {
    [31m[1m>[22m[39m[90m 409 |[39m           console[33m.[39merror([32m`Failed to generate vector for snippet ${snippetId}:`[3
9m[33m,[39m error)[33m;[39m
     [90m     |[39m                   [31m[1m^[22m[39m
     [90m 410 |[39m         }
     [90m 411 |[39m       }
     [90m 412 |[39m     } [36mfinally[39m {[0m

      at SnippetManager.processVectorGenerationQueue (src/main/services/SnippetManager.ts:409:19)

    console.error
      Failed to generate vector for snippet snippet-gtdp4mu8m: TypeError: dbManager.getDb is not a function
          at VectorStore.initialize (D:\OpenSource\SnippetBox\frontend\src\main\services\VectorStore.ts:21:26)
          at VectorStore.addVector (D:\OpenSource\SnippetBox\frontend\src\main\services\VectorStore.ts:27:10)
          at SnippetManager.processVectorGenerationQueue (D:\OpenSource\SnippetBox\frontend\src\main\services\SnippetManager.ts:406:34)
          at SnippetManager.generateVectorForSnippet (D:\OpenSource\SnippetBox\frontend\src\main\services\SnippetManager.ts:388:10)
          at SnippetManager.createSnippet (D:\OpenSource\SnippetBox\frontend\src\main\services\SnippetManager.ts:72:12)
          at processTicksAndRejections (node:internal/process/task_queues:105:5)
          at D:\OpenSource\SnippetBox\frontend\tests\property\SnippetProperty.test.ts:144:31
          at AsyncProperty.run (D:\OpenSource\SnippetBox\frontend\node_modules\fast-check\lib\cjs\fast-check.js:1208:19)
          at asyncRunIt (D:\OpenSource\SnippetBox\frontend\node_modules\fast-check\lib\cjs\fast-check.js:2503:15)
          at Object.<anonymous> (D:\OpenSource\SnippetBox\frontend\tests\property\SnippetProperty.test.ts:106:7)

    [0m [90m 407 |[39m           console[33m.[39mlog([32m`Generated vector for snippet: ${snippetId}`[39m)[33m;[39m
     [90m 408 |[39m         } [36mcatch[39m (error) {
    [31m[1m>[22m[39m[90m 409 |[39m           console[33m.[39merror([32m`Failed to generate vector for snippet ${snippetId}:`[3
9m[33m,[39m error)[33m;[39m
     [90m     |[39m                   [31m[1m^[22m[39m
     [90m 410 |[39m         }
     [90m 411 |[39m       }
     [90m 412 |[39m     } [36mfinally[39m {[0m

      at SnippetManager.processVectorGenerationQueue (src/main/services/SnippetManager.ts:409:19)

    console.error
      Failed to generate vector for snippet snippet-x2lse7rbl: TypeError: dbManager.getDb is not a function
          at VectorStore.initialize (D:\OpenSource\SnippetBox\frontend\src\main\services\VectorStore.ts:21:26)
          at VectorStore.addVector (D:\OpenSource\SnippetBox\frontend\src\main\services\VectorStore.ts:27:10)
          at SnippetManager.processVectorGenerationQueue (D:\OpenSource\SnippetBox\frontend\src\main\services\SnippetManager.ts:406:34)
          at SnippetManager.generateVectorForSnippet (D:\OpenSource\SnippetBox\frontend\src\main\services\SnippetManager.ts:388:10)
          at SnippetManager.createSnippet (D:\OpenSource\SnippetBox\frontend\src\main\services\SnippetManager.ts:72:12)
          at processTicksAndRejections (node:internal/process/task_queues:105:5)
          at D:\OpenSource\SnippetBox\frontend\tests\property\SnippetProperty.test.ts:144:31
          at AsyncProperty.run (D:\OpenSource\SnippetBox\frontend\node_modules\fast-check\lib\cjs\fast-check.js:1208:19)
          at asyncRunIt (D:\OpenSource\SnippetBox\frontend\node_modules\fast-check\lib\cjs\fast-check.js:2503:15)
          at Object.<anonymous> (D:\OpenSource\SnippetBox\frontend\tests\property\SnippetProperty.test.ts:106:7)

    [0m [90m 407 |[39m           console[33m.[39mlog([32m`Generated vector for snippet: ${snippetId}`[39m)[33m;[39m
     [90m 408 |[39m         } [36mcatch[39m (error) {
    [31m[1m>[22m[39m[90m 409 |[39m           console[33m.[39merror([32m`Failed to generate vector for snippet ${snippetId}:`[3
9m[33m,[39m error)[33m;[39m
     [90m     |[39m                   [31m[1m^[22m[39m
     [90m 410 |[39m         }
     [90m 411 |[39m       }
     [90m 412 |[39m     } [36mfinally[39m {[0m

      at SnippetManager.processVectorGenerationQueue (src/main/services/SnippetManager.ts:409:19)

    console.error
      Failed to generate vector for snippet snippet-0602anpke: TypeError: dbManager.getDb is not a function
          at VectorStore.initialize (D:\OpenSource\SnippetBox\frontend\src\main\services\VectorStore.ts:21:26)
          at VectorStore.addVector (D:\OpenSource\SnippetBox\frontend\src\main\services\VectorStore.ts:27:10)
          at SnippetManager.processVectorGenerationQueue (D:\OpenSource\SnippetBox\frontend\src\main\services\SnippetManager.ts:406:34)
          at SnippetManager.generateVectorForSnippet (D:\OpenSource\SnippetBox\frontend\src\main\services\SnippetManager.ts:388:10)
          at SnippetManager.createSnippet (D:\OpenSource\SnippetBox\frontend\src\main\services\SnippetManager.ts:72:12)
          at processTicksAndRejections (node:internal/process/task_queues:105:5)
          at D:\OpenSource\SnippetBox\frontend\tests\property\SnippetProperty.test.ts:144:31
          at AsyncProperty.run (D:\OpenSource\SnippetBox\frontend\node_modules\fast-check\lib\cjs\fast-check.js:1208:19)
          at asyncRunIt (D:\OpenSource\SnippetBox\frontend\node_modules\fast-check\lib\cjs\fast-check.js:2503:15)
          at Object.<anonymous> (D:\OpenSource\SnippetBox\frontend\tests\property\SnippetProperty.test.ts:106:7)

    [0m [90m 407 |[39m           console[33m.[39mlog([32m`Generated vector for snippet: ${snippetId}`[39m)[33m;[39m
     [90m 408 |[39m         } [36mcatch[39m (error) {
    [31m[1m>[22m[39m[90m 409 |[39m           console[33m.[39merror([32m`Failed to generate vector for snippet ${snippetId}:`[3
9m[33m,[39m error)[33m;[39m
     [90m     |[39m                   [31m[1m^[22m[39m
     [90m 410 |[39m         }
     [90m 411 |[39m       }
     [90m 412 |[39m     } [36mfinally[39m {[0m

      at SnippetManager.processVectorGenerationQueue (src/main/services/SnippetManager.ts:409:19)

    console.error
      Failed to generate vector for snippet snippet-gjy9uev7d: TypeError: dbManager.getDb is not a function
          at VectorStore.initialize (D:\OpenSource\SnippetBox\frontend\src\main\services\VectorStore.ts:21:26)
          at VectorStore.addVector (D:\OpenSource\SnippetBox\frontend\src\main\services\VectorStore.ts:27:10)
          at SnippetManager.processVectorGenerationQueue (D:\OpenSource\SnippetBox\frontend\src\main\services\SnippetManager.ts:406:34)
          at SnippetManager.generateVectorForSnippet (D:\OpenSource\SnippetBox\frontend\src\main\services\SnippetManager.ts:388:10)
          at SnippetManager.createSnippet (D:\OpenSource\SnippetBox\frontend\src\main\services\SnippetManager.ts:72:12)
          at processTicksAndRejections (node:internal/process/task_queues:105:5)
          at D:\OpenSource\SnippetBox\frontend\tests\property\SnippetProperty.test.ts:144:31
          at AsyncProperty.run (D:\OpenSource\SnippetBox\frontend\node_modules\fast-check\lib\cjs\fast-check.js:1208:19)
          at asyncRunIt (D:\OpenSource\SnippetBox\frontend\node_modules\fast-check\lib\cjs\fast-check.js:2503:15)
          at Object.<anonymous> (D:\OpenSource\SnippetBox\frontend\tests\property\SnippetProperty.test.ts:106:7)

    [0m [90m 407 |[39m           console[33m.[39mlog([32m`Generated vector for snippet: ${snippetId}`[39m)[33m;[39m
     [90m 408 |[39m         } [36mcatch[39m (error) {
    [31m[1m>[22m[39m[90m 409 |[39m           console[33m.[39merror([32m`Failed to generate vector for snippet ${snippetId}:`[3
9m[33m,[39m error)[33m;[39m
     [90m     |[39m                   [31m[1m^[22m[39m
     [90m 410 |[39m         }
     [90m 411 |[39m       }
     [90m 412 |[39m     } [36mfinally[39m {[0m

      at SnippetManager.processVectorGenerationQueue (src/main/services/SnippetManager.ts:409:19)

    console.error
      Failed to generate vector for snippet snippet-p2lvitanp: TypeError: dbManager.getDb is not a function
          at VectorStore.initialize (D:\OpenSource\SnippetBox\frontend\src\main\services\VectorStore.ts:21:26)
          at VectorStore.addVector (D:\OpenSource\SnippetBox\frontend\src\main\services\VectorStore.ts:27:10)
          at SnippetManager.processVectorGenerationQueue (D:\OpenSource\SnippetBox\frontend\src\main\services\SnippetManager.ts:406:34)
          at SnippetManager.generateVectorForSnippet (D:\OpenSource\SnippetBox\frontend\src\main\services\SnippetManager.ts:388:10)
          at SnippetManager.createSnippet (D:\OpenSource\SnippetBox\frontend\src\main\services\SnippetManager.ts:72:12)
          at processTicksAndRejections (node:internal/process/task_queues:105:5)
          at D:\OpenSource\SnippetBox\frontend\tests\property\SnippetProperty.test.ts:144:31
          at AsyncProperty.run (D:\OpenSource\SnippetBox\frontend\node_modules\fast-check\lib\cjs\fast-check.js:1208:19)
          at asyncRunIt (D:\OpenSource\SnippetBox\frontend\node_modules\fast-check\lib\cjs\fast-check.js:2503:15)
          at Object.<anonymous> (D:\OpenSource\SnippetBox\frontend\tests\property\SnippetProperty.test.ts:106:7)

    [0m [90m 407 |[39m           console[33m.[39mlog([32m`Generated vector for snippet: ${snippetId}`[39m)[33m;[39m
     [90m 408 |[39m         } [36mcatch[39m (error) {
    [31m[1m>[22m[39m[90m 409 |[39m           console[33m.[39merror([32m`Failed to generate vector for snippet ${snippetId}:`[3
9m[33m,[39m error)[33m;[39m
     [90m     |[39m                   [31m[1m^[22m[39m
     [90m 410 |[39m         }
     [90m 411 |[39m       }
     [90m 412 |[39m     } [36mfinally[39m {[0m

      at SnippetManager.processVectorGenerationQueue (src/main/services/SnippetManager.ts:409:19)

    console.error
      Failed to generate vector for snippet snippet-5iuofypnj: TypeError: dbManager.getDb is not a function
          at VectorStore.initialize (D:\OpenSource\SnippetBox\frontend\src\main\services\VectorStore.ts:21:26)
          at VectorStore.addVector (D:\OpenSource\SnippetBox\frontend\src\main\services\VectorStore.ts:27:10)
          at SnippetManager.processVectorGenerationQueue (D:\OpenSource\SnippetBox\frontend\src\main\services\SnippetManager.ts:406:34)
          at SnippetManager.generateVectorForSnippet (D:\OpenSource\SnippetBox\frontend\src\main\services\SnippetManager.ts:388:10)
          at SnippetManager.createSnippet (D:\OpenSource\SnippetBox\frontend\src\main\services\SnippetManager.ts:72:12)
          at processTicksAndRejections (node:internal/process/task_queues:105:5)
          at D:\OpenSource\SnippetBox\frontend\tests\property\SnippetProperty.test.ts:144:31
          at AsyncProperty.run (D:\OpenSource\SnippetBox\frontend\node_modules\fast-check\lib\cjs\fast-check.js:1208:19)
          at asyncRunIt (D:\OpenSource\SnippetBox\frontend\node_modules\fast-check\lib\cjs\fast-check.js:2503:15)
          at Object.<anonymous> (D:\OpenSource\SnippetBox\frontend\tests\property\SnippetProperty.test.ts:106:7)

    [0m [90m 407 |[39m           console[33m.[39mlog([32m`Generated vector for snippet: ${snippetId}`[39m)[33m;[39m
     [90m 408 |[39m         } [36mcatch[39m (error) {
    [31m[1m>[22m[39m[90m 409 |[39m           console[33m.[39merror([32m`Failed to generate vector for snippet ${snippetId}:`[3
9m[33m,[39m error)[33m;[39m
     [90m     |[39m                   [31m[1m^[22m[39m
     [90m 410 |[39m         }
     [90m 411 |[39m       }
     [90m 412 |[39m     } [36mfinally[39m {[0m

      at SnippetManager.processVectorGenerationQueue (src/main/services/SnippetManager.ts:409:19)

    console.error
      Failed to generate vector for snippet snippet-nle0ez5a9: TypeError: dbManager.getDb is not a function
          at VectorStore.initialize (D:\OpenSource\SnippetBox\frontend\src\main\services\VectorStore.ts:21:26)
          at VectorStore.addVector (D:\OpenSource\SnippetBox\frontend\src\main\services\VectorStore.ts:27:10)
          at SnippetManager.processVectorGenerationQueue (D:\OpenSource\SnippetBox\frontend\src\main\services\SnippetManager.ts:406:34)
          at SnippetManager.generateVectorForSnippet (D:\OpenSource\SnippetBox\frontend\src\main\services\SnippetManager.ts:388:10)
          at SnippetManager.createSnippet (D:\OpenSource\SnippetBox\frontend\src\main\services\SnippetManager.ts:72:12)
          at processTicksAndRejections (node:internal/process/task_queues:105:5)
          at D:\OpenSource\SnippetBox\frontend\tests\property\SnippetProperty.test.ts:144:31
          at AsyncProperty.run (D:\OpenSource\SnippetBox\frontend\node_modules\fast-check\lib\cjs\fast-check.js:1208:19)
          at asyncRunIt (D:\OpenSource\SnippetBox\frontend\node_modules\fast-check\lib\cjs\fast-check.js:2503:15)
          at Object.<anonymous> (D:\OpenSource\SnippetBox\frontend\tests\property\SnippetProperty.test.ts:106:7)

    [0m [90m 407 |[39m           console[33m.[39mlog([32m`Generated vector for snippet: ${snippetId}`[39m)[33m;[39m
     [90m 408 |[39m         } [36mcatch[39m (error) {
    [31m[1m>[22m[39m[90m 409 |[39m           console[33m.[39merror([32m`Failed to generate vector for snippet ${snippetId}:`[3
9m[33m,[39m error)[33m;[39m
     [90m     |[39m                   [31m[1m^[22m[39m
     [90m 410 |[39m         }
     [90m 411 |[39m       }
     [90m 412 |[39m     } [36mfinally[39m {[0m

      at SnippetManager.processVectorGenerationQueue (src/main/services/SnippetManager.ts:409:19)

    console.error
      Failed to generate vector for snippet snippet-i2hsna99b: TypeError: dbManager.getDb is not a function
          at VectorStore.initialize (D:\OpenSource\SnippetBox\frontend\src\main\services\VectorStore.ts:21:26)
          at VectorStore.addVector (D:\OpenSource\SnippetBox\frontend\src\main\services\VectorStore.ts:27:10)
          at SnippetManager.processVectorGenerationQueue (D:\OpenSource\SnippetBox\frontend\src\main\services\SnippetManager.ts:406:34)
          at SnippetManager.generateVectorForSnippet (D:\OpenSource\SnippetBox\frontend\src\main\services\SnippetManager.ts:388:10)
          at SnippetManager.createSnippet (D:\OpenSource\SnippetBox\frontend\src\main\services\SnippetManager.ts:72:12)
          at processTicksAndRejections (node:internal/process/task_queues:105:5)
          at D:\OpenSource\SnippetBox\frontend\tests\property\SnippetProperty.test.ts:144:31
          at AsyncProperty.run (D:\OpenSource\SnippetBox\frontend\node_modules\fast-check\lib\cjs\fast-check.js:1208:19)
          at asyncRunIt (D:\OpenSource\SnippetBox\frontend\node_modules\fast-check\lib\cjs\fast-check.js:2503:15)
          at Object.<anonymous> (D:\OpenSource\SnippetBox\frontend\tests\property\SnippetProperty.test.ts:106:7)

    [0m [90m 407 |[39m           console[33m.[39mlog([32m`Generated vector for snippet: ${snippetId}`[39m)[33m;[39m
     [90m 408 |[39m         } [36mcatch[39m (error) {
    [31m[1m>[22m[39m[90m 409 |[39m           console[33m.[39merror([32m`Failed to generate vector for snippet ${snippetId}:`[3
9m[33m,[39m error)[33m;[39m
     [90m     |[39m                   [31m[1m^[22m[39m
     [90m 410 |[39m         }
     [90m 411 |[39m       }
     [90m 412 |[39m     } [36mfinally[39m {[0m

      at SnippetManager.processVectorGenerationQueue (src/main/services/SnippetManager.ts:409:19)

    console.error
      Failed to generate vector for snippet snippet-fgxiqmktq: TypeError: dbManager.getDb is not a function
          at VectorStore.initialize (D:\OpenSource\SnippetBox\frontend\src\main\services\VectorStore.ts:21:26)
          at VectorStore.addVector (D:\OpenSource\SnippetBox\frontend\src\main\services\VectorStore.ts:27:10)
          at SnippetManager.processVectorGenerationQueue (D:\OpenSource\SnippetBox\frontend\src\main\services\SnippetManager.ts:406:34)
          at SnippetManager.generateVectorForSnippet (D:\OpenSource\SnippetBox\frontend\src\main\services\SnippetManager.ts:388:10)
          at SnippetManager.createSnippet (D:\OpenSource\SnippetBox\frontend\src\main\services\SnippetManager.ts:72:12)
          at processTicksAndRejections (node:internal/process/task_queues:105:5)
          at D:\OpenSource\SnippetBox\frontend\tests\property\SnippetProperty.test.ts:144:31
          at AsyncProperty.run (D:\OpenSource\SnippetBox\frontend\node_modules\fast-check\lib\cjs\fast-check.js:1208:19)
          at asyncRunIt (D:\OpenSource\SnippetBox\frontend\node_modules\fast-check\lib\cjs\fast-check.js:2503:15)
          at Object.<anonymous> (D:\OpenSource\SnippetBox\frontend\tests\property\SnippetProperty.test.ts:106:7)

    [0m [90m 407 |[39m           console[33m.[39mlog([32m`Generated vector for snippet: ${snippetId}`[39m)[33m;[39m
     [90m 408 |[39m         } [36mcatch[39m (error) {
    [31m[1m>[22m[39m[90m 409 |[39m           console[33m.[39merror([32m`Failed to generate vector for snippet ${snippetId}:`[3
9m[33m,[39m error)[33m;[39m
     [90m     |[39m                   [31m[1m^[22m[39m
     [90m 410 |[39m         }
     [90m 411 |[39m       }
     [90m 412 |[39m     } [36mfinally[39m {[0m

      at SnippetManager.processVectorGenerationQueue (src/main/services/SnippetManager.ts:409:19)

    console.error
      Failed to generate vector for snippet snippet-u3izv80k9: TypeError: dbManager.getDb is not a function
          at VectorStore.initialize (D:\OpenSource\SnippetBox\frontend\src\main\services\VectorStore.ts:21:26)
          at VectorStore.addVector (D:\OpenSource\SnippetBox\frontend\src\main\services\VectorStore.ts:27:10)
          at SnippetManager.processVectorGenerationQueue (D:\OpenSource\SnippetBox\frontend\src\main\services\SnippetManager.ts:406:34)
          at SnippetManager.generateVectorForSnippet (D:\OpenSource\SnippetBox\frontend\src\main\services\SnippetManager.ts:388:10)
          at SnippetManager.createSnippet (D:\OpenSource\SnippetBox\frontend\src\main\services\SnippetManager.ts:72:12)
          at processTicksAndRejections (node:internal/process/task_queues:105:5)
          at D:\OpenSource\SnippetBox\frontend\tests\property\SnippetProperty.test.ts:144:31
          at AsyncProperty.run (D:\OpenSource\SnippetBox\frontend\node_modules\fast-check\lib\cjs\fast-check.js:1208:19)
          at asyncRunIt (D:\OpenSource\SnippetBox\frontend\node_modules\fast-check\lib\cjs\fast-check.js:2503:15)
          at Object.<anonymous> (D:\OpenSource\SnippetBox\frontend\tests\property\SnippetProperty.test.ts:106:7)

    [0m [90m 407 |[39m           console[33m.[39mlog([32m`Generated vector for snippet: ${snippetId}`[39m)[33m;[39m
     [90m 408 |[39m         } [36mcatch[39m (error) {
    [31m[1m>[22m[39m[90m 409 |[39m           console[33m.[39merror([32m`Failed to generate vector for snippet ${snippetId}:`[3
9m[33m,[39m error)[33m;[39m
     [90m     |[39m                   [31m[1m^[22m[39m
     [90m 410 |[39m         }
     [90m 411 |[39m       }
     [90m 412 |[39m     } [36mfinally[39m {[0m

      at SnippetManager.processVectorGenerationQueue (src/main/services/SnippetManager.ts:409:19)

    console.error
      Failed to generate vector for snippet snippet-mka7cujku: TypeError: dbManager.getDb is not a function
          at VectorStore.initialize (D:\OpenSource\SnippetBox\frontend\src\main\services\VectorStore.ts:21:26)
          at VectorStore.addVector (D:\OpenSource\SnippetBox\frontend\src\main\services\VectorStore.ts:27:10)
          at SnippetManager.processVectorGenerationQueue (D:\OpenSource\SnippetBox\frontend\src\main\services\SnippetManager.ts:406:34)
          at SnippetManager.generateVectorForSnippet (D:\OpenSource\SnippetBox\frontend\src\main\services\SnippetManager.ts:388:10)
          at SnippetManager.createSnippet (D:\OpenSource\SnippetBox\frontend\src\main\services\SnippetManager.ts:72:12)
          at processTicksAndRejections (node:internal/process/task_queues:105:5)
          at D:\OpenSource\SnippetBox\frontend\tests\property\SnippetProperty.test.ts:144:31
          at AsyncProperty.run (D:\OpenSource\SnippetBox\frontend\node_modules\fast-check\lib\cjs\fast-check.js:1208:19)
          at asyncRunIt (D:\OpenSource\SnippetBox\frontend\node_modules\fast-check\lib\cjs\fast-check.js:2503:15)
          at Object.<anonymous> (D:\OpenSource\SnippetBox\frontend\tests\property\SnippetProperty.test.ts:106:7)

    [0m [90m 407 |[39m           console[33m.[39mlog([32m`Generated vector for snippet: ${snippetId}`[39m)[33m;[39m
     [90m 408 |[39m         } [36mcatch[39m (error) {
    [31m[1m>[22m[39m[90m 409 |[39m           console[33m.[39merror([32m`Failed to generate vector for snippet ${snippetId}:`[3
9m[33m,[39m error)[33m;[39m
     [90m     |[39m                   [31m[1m^[22m[39m
     [90m 410 |[39m         }
     [90m 411 |[39m       }
     [90m 412 |[39m     } [36mfinally[39m {[0m

      at SnippetManager.processVectorGenerationQueue (src/main/services/SnippetManager.ts:409:19)

    console.error
      Failed to generate vector for snippet snippet-ie9ynr5z6: TypeError: dbManager.getDb is not a function
          at VectorStore.initialize (D:\OpenSource\SnippetBox\frontend\src\main\services\VectorStore.ts:21:26)
          at VectorStore.addVector (D:\OpenSource\SnippetBox\frontend\src\main\services\VectorStore.ts:27:10)
          at SnippetManager.processVectorGenerationQueue (D:\OpenSource\SnippetBox\frontend\src\main\services\SnippetManager.ts:406:34)
          at SnippetManager.generateVectorForSnippet (D:\OpenSource\SnippetBox\frontend\src\main\services\SnippetManager.ts:388:10)
          at SnippetManager.createSnippet (D:\OpenSource\SnippetBox\frontend\src\main\services\SnippetManager.ts:72:12)
          at processTicksAndRejections (node:internal/process/task_queues:105:5)
          at D:\OpenSource\SnippetBox\frontend\tests\property\SnippetProperty.test.ts:144:31
          at AsyncProperty.run (D:\OpenSource\SnippetBox\frontend\node_modules\fast-check\lib\cjs\fast-check.js:1208:19)
          at asyncRunIt (D:\OpenSource\SnippetBox\frontend\node_modules\fast-check\lib\cjs\fast-check.js:2503:15)
          at Object.<anonymous> (D:\OpenSource\SnippetBox\frontend\tests\property\SnippetProperty.test.ts:106:7)

    [0m [90m 407 |[39m           console[33m.[39mlog([32m`Generated vector for snippet: ${snippetId}`[39m)[33m;[39m
     [90m 408 |[39m         } [36mcatch[39m (error) {
    [31m[1m>[22m[39m[90m 409 |[39m           console[33m.[39merror([32m`Failed to generate vector for snippet ${snippetId}:`[3
9m[33m,[39m error)[33m;[39m
     [90m     |[39m                   [31m[1m^[22m[39m
     [90m 410 |[39m         }
     [90m 411 |[39m       }
     [90m 412 |[39m     } [36mfinally[39m {[0m

      at SnippetManager.processVectorGenerationQueue (src/main/services/SnippetManager.ts:409:19)

    console.error
      Failed to generate vector for snippet snippet-aqxpa5o5s: TypeError: dbManager.getDb is not a function
          at VectorStore.initialize (D:\OpenSource\SnippetBox\frontend\src\main\services\VectorStore.ts:21:26)
          at VectorStore.addVector (D:\OpenSource\SnippetBox\frontend\src\main\services\VectorStore.ts:27:10)
          at SnippetManager.processVectorGenerationQueue (D:\OpenSource\SnippetBox\frontend\src\main\services\SnippetManager.ts:406:34)
          at SnippetManager.generateVectorForSnippet (D:\OpenSource\SnippetBox\frontend\src\main\services\SnippetManager.ts:388:10)
          at SnippetManager.createSnippet (D:\OpenSource\SnippetBox\frontend\src\main\services\SnippetManager.ts:72:12)
          at processTicksAndRejections (node:internal/process/task_queues:105:5)
          at D:\OpenSource\SnippetBox\frontend\tests\property\SnippetProperty.test.ts:144:31
          at AsyncProperty.run (D:\OpenSource\SnippetBox\frontend\node_modules\fast-check\lib\cjs\fast-check.js:1208:19)
          at asyncRunIt (D:\OpenSource\SnippetBox\frontend\node_modules\fast-check\lib\cjs\fast-check.js:2503:15)
          at Object.<anonymous> (D:\OpenSource\SnippetBox\frontend\tests\property\SnippetProperty.test.ts:106:7)

    [0m [90m 407 |[39m           console[33m.[39mlog([32m`Generated vector for snippet: ${snippetId}`[39m)[33m;[39m
     [90m 408 |[39m         } [36mcatch[39m (error) {
    [31m[1m>[22m[39m[90m 409 |[39m           console[33m.[39merror([32m`Failed to generate vector for snippet ${snippetId}:`[3
9m[33m,[39m error)[33m;[39m
     [90m     |[39m                   [31m[1m^[22m[39m
     [90m 410 |[39m         }
     [90m 411 |[39m       }
     [90m 412 |[39m     } [36mfinally[39m {[0m

      at SnippetManager.processVectorGenerationQueue (src/main/services/SnippetManager.ts:409:19)

    console.error
      Failed to generate vector for snippet snippet-bcdro1dw7: TypeError: dbManager.getDb is not a function
          at VectorStore.initialize (D:\OpenSource\SnippetBox\frontend\src\main\services\VectorStore.ts:21:26)
          at VectorStore.addVector (D:\OpenSource\SnippetBox\frontend\src\main\services\VectorStore.ts:27:10)
          at SnippetManager.processVectorGenerationQueue (D:\OpenSource\SnippetBox\frontend\src\main\services\SnippetManager.ts:406:34)
          at SnippetManager.generateVectorForSnippet (D:\OpenSource\SnippetBox\frontend\src\main\services\SnippetManager.ts:388:10)
          at SnippetManager.createSnippet (D:\OpenSource\SnippetBox\frontend\src\main\services\SnippetManager.ts:72:12)
          at processTicksAndRejections (node:internal/process/task_queues:105:5)
          at D:\OpenSource\SnippetBox\frontend\tests\property\SnippetProperty.test.ts:144:31
          at AsyncProperty.run (D:\OpenSource\SnippetBox\frontend\node_modules\fast-check\lib\cjs\fast-check.js:1208:19)
          at asyncRunIt (D:\OpenSource\SnippetBox\frontend\node_modules\fast-check\lib\cjs\fast-check.js:2503:15)
          at Object.<anonymous> (D:\OpenSource\SnippetBox\frontend\tests\property\SnippetProperty.test.ts:106:7)

    [0m [90m 407 |[39m           console[33m.[39mlog([32m`Generated vector for snippet: ${snippetId}`[39m)[33m;[39m
     [90m 408 |[39m         } [36mcatch[39m (error) {
    [31m[1m>[22m[39m[90m 409 |[39m           console[33m.[39merror([32m`Failed to generate vector for snippet ${snippetId}:`[3
9m[33m,[39m error)[33m;[39m
     [90m     |[39m                   [31m[1m^[22m[39m
     [90m 410 |[39m         }
     [90m 411 |[39m       }
     [90m 412 |[39m     } [36mfinally[39m {[0m

      at SnippetManager.processVectorGenerationQueue (src/main/services/SnippetManager.ts:409:19)

    console.error
      Failed to generate vector for snippet snippet-3c6i2w6dg: TypeError: dbManager.getDb is not a function
          at VectorStore.initialize (D:\OpenSource\SnippetBox\frontend\src\main\services\VectorStore.ts:21:26)
          at VectorStore.addVector (D:\OpenSource\SnippetBox\frontend\src\main\services\VectorStore.ts:27:10)
          at SnippetManager.processVectorGenerationQueue (D:\OpenSource\SnippetBox\frontend\src\main\services\SnippetManager.ts:406:34)
          at SnippetManager.generateVectorForSnippet (D:\OpenSource\SnippetBox\frontend\src\main\services\SnippetManager.ts:388:10)
          at SnippetManager.createSnippet (D:\OpenSource\SnippetBox\frontend\src\main\services\SnippetManager.ts:72:12)
          at processTicksAndRejections (node:internal/process/task_queues:105:5)
          at D:\OpenSource\SnippetBox\frontend\tests\property\SnippetProperty.test.ts:144:31
          at AsyncProperty.run (D:\OpenSource\SnippetBox\frontend\node_modules\fast-check\lib\cjs\fast-check.js:1208:19)
          at asyncRunIt (D:\OpenSource\SnippetBox\frontend\node_modules\fast-check\lib\cjs\fast-check.js:2503:15)
          at Object.<anonymous> (D:\OpenSource\SnippetBox\frontend\tests\property\SnippetProperty.test.ts:106:7)

    [0m [90m 407 |[39m           console[33m.[39mlog([32m`Generated vector for snippet: ${snippetId}`[39m)[33m;[39m
     [90m 408 |[39m         } [36mcatch[39m (error) {
    [31m[1m>[22m[39m[90m 409 |[39m           console[33m.[39merror([32m`Failed to generate vector for snippet ${snippetId}:`[3
9m[33m,[39m error)[33m;[39m
     [90m     |[39m                   [31m[1m^[22m[39m
     [90m 410 |[39m         }
     [90m 411 |[39m       }
     [90m 412 |[39m     } [36mfinally[39m {[0m

      at SnippetManager.processVectorGenerationQueue (src/main/services/SnippetManager.ts:409:19)

    console.error
      Failed to generate vector for snippet snippet-gmy8cbbez: TypeError: dbManager.getDb is not a function
          at VectorStore.initialize (D:\OpenSource\SnippetBox\frontend\src\main\services\VectorStore.ts:21:26)
          at VectorStore.addVector (D:\OpenSource\SnippetBox\frontend\src\main\services\VectorStore.ts:27:10)
          at SnippetManager.processVectorGenerationQueue (D:\OpenSource\SnippetBox\frontend\src\main\services\SnippetManager.ts:406:34)
          at SnippetManager.generateVectorForSnippet (D:\OpenSource\SnippetBox\frontend\src\main\services\SnippetManager.ts:388:10)
          at SnippetManager.createSnippet (D:\OpenSource\SnippetBox\frontend\src\main\services\SnippetManager.ts:72:12)
          at processTicksAndRejections (node:internal/process/task_queues:105:5)
          at D:\OpenSource\SnippetBox\frontend\tests\property\SnippetProperty.test.ts:144:31
          at AsyncProperty.run (D:\OpenSource\SnippetBox\frontend\node_modules\fast-check\lib\cjs\fast-check.js:1208:19)
          at asyncRunIt (D:\OpenSource\SnippetBox\frontend\node_modules\fast-check\lib\cjs\fast-check.js:2503:15)
          at Object.<anonymous> (D:\OpenSource\SnippetBox\frontend\tests\property\SnippetProperty.test.ts:106:7)

    [0m [90m 407 |[39m           console[33m.[39mlog([32m`Generated vector for snippet: ${snippetId}`[39m)[33m;[39m
     [90m 408 |[39m         } [36mcatch[39m (error) {
    [31m[1m>[22m[39m[90m 409 |[39m           console[33m.[39merror([32m`Failed to generate vector for snippet ${snippetId}:`[3
9m[33m,[39m error)[33m;[39m
     [90m     |[39m                   [31m[1m^[22m[39m
     [90m 410 |[39m         }
     [90m 411 |[39m       }
     [90m 412 |[39m     } [36mfinally[39m {[0m

      at SnippetManager.processVectorGenerationQueue (src/main/services/SnippetManager.ts:409:19)

    console.error
      Failed to generate vector for snippet snippet-lre5i5lgh: TypeError: dbManager.getDb is not a function
          at VectorStore.initialize (D:\OpenSource\SnippetBox\frontend\src\main\services\VectorStore.ts:21:26)
          at VectorStore.addVector (D:\OpenSource\SnippetBox\frontend\src\main\services\VectorStore.ts:27:10)
          at SnippetManager.processVectorGenerationQueue (D:\OpenSource\SnippetBox\frontend\src\main\services\SnippetManager.ts:406:34)
          at SnippetManager.generateVectorForSnippet (D:\OpenSource\SnippetBox\frontend\src\main\services\SnippetManager.ts:388:10)
          at SnippetManager.createSnippet (D:\OpenSource\SnippetBox\frontend\src\main\services\SnippetManager.ts:72:12)
          at processTicksAndRejections (node:internal/process/task_queues:105:5)
          at D:\OpenSource\SnippetBox\frontend\tests\property\SnippetProperty.test.ts:144:31
          at AsyncProperty.run (D:\OpenSource\SnippetBox\frontend\node_modules\fast-check\lib\cjs\fast-check.js:1208:19)
          at asyncRunIt (D:\OpenSource\SnippetBox\frontend\node_modules\fast-check\lib\cjs\fast-check.js:2503:15)
          at Object.<anonymous> (D:\OpenSource\SnippetBox\frontend\tests\property\SnippetProperty.test.ts:106:7)

    [0m [90m 407 |[39m           console[33m.[39mlog([32m`Generated vector for snippet: ${snippetId}`[39m)[33m;[39m
     [90m 408 |[39m         } [36mcatch[39m (error) {
    [31m[1m>[22m[39m[90m 409 |[39m           console[33m.[39merror([32m`Failed to generate vector for snippet ${snippetId}:`[3
9m[33m,[39m error)[33m;[39m
     [90m     |[39m                   [31m[1m^[22m[39m
     [90m 410 |[39m         }
     [90m 411 |[39m       }
     [90m 412 |[39m     } [36mfinally[39m {[0m

      at SnippetManager.processVectorGenerationQueue (src/main/services/SnippetManager.ts:409:19)

    console.error
      Failed to generate vector for snippet snippet-4uuqjsxeq: TypeError: dbManager.getDb is not a function
          at VectorStore.initialize (D:\OpenSource\SnippetBox\frontend\src\main\services\VectorStore.ts:21:26)
          at VectorStore.addVector (D:\OpenSource\SnippetBox\frontend\src\main\services\VectorStore.ts:27:10)
          at SnippetManager.processVectorGenerationQueue (D:\OpenSource\SnippetBox\frontend\src\main\services\SnippetManager.ts:406:34)
          at SnippetManager.generateVectorForSnippet (D:\OpenSource\SnippetBox\frontend\src\main\services\SnippetManager.ts:388:10)
          at SnippetManager.createSnippet (D:\OpenSource\SnippetBox\frontend\src\main\services\SnippetManager.ts:72:12)
          at processTicksAndRejections (node:internal/process/task_queues:105:5)
          at D:\OpenSource\SnippetBox\frontend\tests\property\SnippetProperty.test.ts:144:31
          at AsyncProperty.run (D:\OpenSource\SnippetBox\frontend\node_modules\fast-check\lib\cjs\fast-check.js:1208:19)
          at asyncRunIt (D:\OpenSource\SnippetBox\frontend\node_modules\fast-check\lib\cjs\fast-check.js:2503:15)
          at Object.<anonymous> (D:\OpenSource\SnippetBox\frontend\tests\property\SnippetProperty.test.ts:106:7)

    [0m [90m 407 |[39m           console[33m.[39mlog([32m`Generated vector for snippet: ${snippetId}`[39m)[33m;[39m
     [90m 408 |[39m         } [36mcatch[39m (error) {
    [31m[1m>[22m[39m[90m 409 |[39m           console[33m.[39merror([32m`Failed to generate vector for snippet ${snippetId}:`[3
9m[33m,[39m error)[33m;[39m
     [90m     |[39m                   [31m[1m^[22m[39m
     [90m 410 |[39m         }
     [90m 411 |[39m       }
     [90m 412 |[39m     } [36mfinally[39m {[0m

      at SnippetManager.processVectorGenerationQueue (src/main/services/SnippetManager.ts:409:19)

    console.error
      Failed to generate vector for snippet snippet-xlvldotli: TypeError: dbManager.getDb is not a function
          at VectorStore.initialize (D:\OpenSource\SnippetBox\frontend\src\main\services\VectorStore.ts:21:26)
          at VectorStore.addVector (D:\OpenSource\SnippetBox\frontend\src\main\services\VectorStore.ts:27:10)
          at SnippetManager.processVectorGenerationQueue (D:\OpenSource\SnippetBox\frontend\src\main\services\SnippetManager.ts:406:34)
          at SnippetManager.generateVectorForSnippet (D:\OpenSource\SnippetBox\frontend\src\main\services\SnippetManager.ts:388:10)
          at SnippetManager.createSnippet (D:\OpenSource\SnippetBox\frontend\src\main\services\SnippetManager.ts:72:12)
          at processTicksAndRejections (node:internal/process/task_queues:105:5)
          at D:\OpenSource\SnippetBox\frontend\tests\property\SnippetProperty.test.ts:144:31
          at AsyncProperty.run (D:\OpenSource\SnippetBox\frontend\node_modules\fast-check\lib\cjs\fast-check.js:1208:19)
          at asyncRunIt (D:\OpenSource\SnippetBox\frontend\node_modules\fast-check\lib\cjs\fast-check.js:2503:15)
          at Object.<anonymous> (D:\OpenSource\SnippetBox\frontend\tests\property\SnippetProperty.test.ts:106:7)

    [0m [90m 407 |[39m           console[33m.[39mlog([32m`Generated vector for snippet: ${snippetId}`[39m)[33m;[39m
     [90m 408 |[39m         } [36mcatch[39m (error) {
    [31m[1m>[22m[39m[90m 409 |[39m           console[33m.[39merror([32m`Failed to generate vector for snippet ${snippetId}:`[3
9m[33m,[39m error)[33m;[39m
     [90m     |[39m                   [31m[1m^[22m[39m
     [90m 410 |[39m         }
     [90m 411 |[39m       }
     [90m 412 |[39m     } [36mfinally[39m {[0m

      at SnippetManager.processVectorGenerationQueue (src/main/services/SnippetManager.ts:409:19)

    console.error
      Failed to generate vector for snippet snippet-km5ni7z9x: TypeError: dbManager.getDb is not a function
          at VectorStore.initialize (D:\OpenSource\SnippetBox\frontend\src\main\services\VectorStore.ts:21:26)
          at VectorStore.addVector (D:\OpenSource\SnippetBox\frontend\src\main\services\VectorStore.ts:27:10)
          at SnippetManager.processVectorGenerationQueue (D:\OpenSource\SnippetBox\frontend\src\main\services\SnippetManager.ts:406:34)
          at SnippetManager.generateVectorForSnippet (D:\OpenSource\SnippetBox\frontend\src\main\services\SnippetManager.ts:388:10)
          at SnippetManager.createSnippet (D:\OpenSource\SnippetBox\frontend\src\main\services\SnippetManager.ts:72:12)
          at processTicksAndRejections (node:internal/process/task_queues:105:5)
          at D:\OpenSource\SnippetBox\frontend\tests\property\SnippetProperty.test.ts:144:31
          at AsyncProperty.run (D:\OpenSource\SnippetBox\frontend\node_modules\fast-check\lib\cjs\fast-check.js:1208:19)
          at asyncRunIt (D:\OpenSource\SnippetBox\frontend\node_modules\fast-check\lib\cjs\fast-check.js:2503:15)
          at Object.<anonymous> (D:\OpenSource\SnippetBox\frontend\tests\property\SnippetProperty.test.ts:106:7)

    [0m [90m 407 |[39m           console[33m.[39mlog([32m`Generated vector for snippet: ${snippetId}`[39m)[33m;[39m
     [90m 408 |[39m         } [36mcatch[39m (error) {
    [31m[1m>[22m[39m[90m 409 |[39m           console[33m.[39merror([32m`Failed to generate vector for snippet ${snippetId}:`[3
9m[33m,[39m error)[33m;[39m
     [90m     |[39m                   [31m[1m^[22m[39m
     [90m 410 |[39m         }
     [90m 411 |[39m       }
     [90m 412 |[39m     } [36mfinally[39m {[0m

      at SnippetManager.processVectorGenerationQueue (src/main/services/SnippetManager.ts:409:19)

    console.error
      Failed to generate vector for snippet snippet-8hsl1czg9: TypeError: dbManager.getDb is not a function
          at VectorStore.initialize (D:\OpenSource\SnippetBox\frontend\src\main\services\VectorStore.ts:21:26)
          at VectorStore.addVector (D:\OpenSource\SnippetBox\frontend\src\main\services\VectorStore.ts:27:10)
          at SnippetManager.processVectorGenerationQueue (D:\OpenSource\SnippetBox\frontend\src\main\services\SnippetManager.ts:406:34)
          at SnippetManager.generateVectorForSnippet (D:\OpenSource\SnippetBox\frontend\src\main\services\SnippetManager.ts:388:10)
          at SnippetManager.createSnippet (D:\OpenSource\SnippetBox\frontend\src\main\services\SnippetManager.ts:72:12)
          at processTicksAndRejections (node:internal/process/task_queues:105:5)
          at D:\OpenSource\SnippetBox\frontend\tests\property\SnippetProperty.test.ts:144:31
          at AsyncProperty.run (D:\OpenSource\SnippetBox\frontend\node_modules\fast-check\lib\cjs\fast-check.js:1208:19)
          at asyncRunIt (D:\OpenSource\SnippetBox\frontend\node_modules\fast-check\lib\cjs\fast-check.js:2503:15)
          at Object.<anonymous> (D:\OpenSource\SnippetBox\frontend\tests\property\SnippetProperty.test.ts:106:7)

    [0m [90m 407 |[39m           console[33m.[39mlog([32m`Generated vector for snippet: ${snippetId}`[39m)[33m;[39m
     [90m 408 |[39m         } [36mcatch[39m (error) {
    [31m[1m>[22m[39m[90m 409 |[39m           console[33m.[39merror([32m`Failed to generate vector for snippet ${snippetId}:`[3
9m[33m,[39m error)[33m;[39m
     [90m     |[39m                   [31m[1m^[22m[39m
     [90m 410 |[39m         }
     [90m 411 |[39m       }
     [90m 412 |[39m     } [36mfinally[39m {[0m

      at SnippetManager.processVectorGenerationQueue (src/main/services/SnippetManager.ts:409:19)

    console.error
      Failed to generate vector for snippet snippet-yzmuwtc27: TypeError: dbManager.getDb is not a function
          at VectorStore.initialize (D:\OpenSource\SnippetBox\frontend\src\main\services\VectorStore.ts:21:26)
          at VectorStore.addVector (D:\OpenSource\SnippetBox\frontend\src\main\services\VectorStore.ts:27:10)
          at SnippetManager.processVectorGenerationQueue (D:\OpenSource\SnippetBox\frontend\src\main\services\SnippetManager.ts:406:34)
          at SnippetManager.generateVectorForSnippet (D:\OpenSource\SnippetBox\frontend\src\main\services\SnippetManager.ts:388:10)
          at SnippetManager.createSnippet (D:\OpenSource\SnippetBox\frontend\src\main\services\SnippetManager.ts:72:12)
          at processTicksAndRejections (node:internal/process/task_queues:105:5)
          at D:\OpenSource\SnippetBox\frontend\tests\property\SnippetProperty.test.ts:144:31
          at AsyncProperty.run (D:\OpenSource\SnippetBox\frontend\node_modules\fast-check\lib\cjs\fast-check.js:1208:19)
          at asyncRunIt (D:\OpenSource\SnippetBox\frontend\node_modules\fast-check\lib\cjs\fast-check.js:2503:15)
          at Object.<anonymous> (D:\OpenSource\SnippetBox\frontend\tests\property\SnippetProperty.test.ts:106:7)

    [0m [90m 407 |[39m           console[33m.[39mlog([32m`Generated vector for snippet: ${snippetId}`[39m)[33m;[39m
     [90m 408 |[39m         } [36mcatch[39m (error) {
    [31m[1m>[22m[39m[90m 409 |[39m           console[33m.[39merror([32m`Failed to generate vector for snippet ${snippetId}:`[3
9m[33m,[39m error)[33m;[39m
     [90m     |[39m                   [31m[1m^[22m[39m
     [90m 410 |[39m         }
     [90m 411 |[39m       }
     [90m 412 |[39m     } [36mfinally[39m {[0m

      at SnippetManager.processVectorGenerationQueue (src/main/services/SnippetManager.ts:409:19)

    console.error
      Failed to generate vector for snippet snippet-yo52okavg: TypeError: dbManager.getDb is not a function
          at VectorStore.initialize (D:\OpenSource\SnippetBox\frontend\src\main\services\VectorStore.ts:21:26)
          at VectorStore.addVector (D:\OpenSource\SnippetBox\frontend\src\main\services\VectorStore.ts:27:10)
          at SnippetManager.processVectorGenerationQueue (D:\OpenSource\SnippetBox\frontend\src\main\services\SnippetManager.ts:406:34)
          at SnippetManager.generateVectorForSnippet (D:\OpenSource\SnippetBox\frontend\src\main\services\SnippetManager.ts:388:10)
          at SnippetManager.createSnippet (D:\OpenSource\SnippetBox\frontend\src\main\services\SnippetManager.ts:72:12)
          at processTicksAndRejections (node:internal/process/task_queues:105:5)
          at D:\OpenSource\SnippetBox\frontend\tests\property\SnippetProperty.test.ts:144:31
          at AsyncProperty.run (D:\OpenSource\SnippetBox\frontend\node_modules\fast-check\lib\cjs\fast-check.js:1208:19)
          at asyncRunIt (D:\OpenSource\SnippetBox\frontend\node_modules\fast-check\lib\cjs\fast-check.js:2503:15)
          at Object.<anonymous> (D:\OpenSource\SnippetBox\frontend\tests\property\SnippetProperty.test.ts:106:7)

    [0m [90m 407 |[39m           console[33m.[39mlog([32m`Generated vector for snippet: ${snippetId}`[39m)[33m;[39m
     [90m 408 |[39m         } [36mcatch[39m (error) {
    [31m[1m>[22m[39m[90m 409 |[39m           console[33m.[39merror([32m`Failed to generate vector for snippet ${snippetId}:`[3
9m[33m,[39m error)[33m;[39m
     [90m     |[39m                   [31m[1m^[22m[39m
     [90m 410 |[39m         }
     [90m 411 |[39m       }
     [90m 412 |[39m     } [36mfinally[39m {[0m

      at SnippetManager.processVectorGenerationQueue (src/main/services/SnippetManager.ts:409:19)

    console.error
      Failed to generate vector for snippet snippet-zu7k4haao: TypeError: dbManager.getDb is not a function
          at VectorStore.initialize (D:\OpenSource\SnippetBox\frontend\src\main\services\VectorStore.ts:21:26)
          at VectorStore.addVector (D:\OpenSource\SnippetBox\frontend\src\main\services\VectorStore.ts:27:10)
          at SnippetManager.processVectorGenerationQueue (D:\OpenSource\SnippetBox\frontend\src\main\services\SnippetManager.ts:406:34)
          at SnippetManager.generateVectorForSnippet (D:\OpenSource\SnippetBox\frontend\src\main\services\SnippetManager.ts:388:10)
          at SnippetManager.createSnippet (D:\OpenSource\SnippetBox\frontend\src\main\services\SnippetManager.ts:72:12)
          at processTicksAndRejections (node:internal/process/task_queues:105:5)
          at D:\OpenSource\SnippetBox\frontend\tests\property\SnippetProperty.test.ts:144:31
          at AsyncProperty.run (D:\OpenSource\SnippetBox\frontend\node_modules\fast-check\lib\cjs\fast-check.js:1208:19)
          at asyncRunIt (D:\OpenSource\SnippetBox\frontend\node_modules\fast-check\lib\cjs\fast-check.js:2503:15)
          at Object.<anonymous> (D:\OpenSource\SnippetBox\frontend\tests\property\SnippetProperty.test.ts:106:7)

    [0m [90m 407 |[39m           console[33m.[39mlog([32m`Generated vector for snippet: ${snippetId}`[39m)[33m;[39m
     [90m 408 |[39m         } [36mcatch[39m (error) {
    [31m[1m>[22m[39m[90m 409 |[39m           console[33m.[39merror([32m`Failed to generate vector for snippet ${snippetId}:`[3
9m[33m,[39m error)[33m;[39m
     [90m     |[39m                   [31m[1m^[22m[39m
     [90m 410 |[39m         }
     [90m 411 |[39m       }
     [90m 412 |[39m     } [36mfinally[39m {[0m

      at SnippetManager.processVectorGenerationQueue (src/main/services/SnippetManager.ts:409:19)

    console.error
      Failed to generate vector for snippet snippet-rboatneev: TypeError: dbManager.getDb is not a function
          at VectorStore.initialize (D:\OpenSource\SnippetBox\frontend\src\main\services\VectorStore.ts:21:26)
          at VectorStore.addVector (D:\OpenSource\SnippetBox\frontend\src\main\services\VectorStore.ts:27:10)
          at SnippetManager.processVectorGenerationQueue (D:\OpenSource\SnippetBox\frontend\src\main\services\SnippetManager.ts:406:34)
          at SnippetManager.generateVectorForSnippet (D:\OpenSource\SnippetBox\frontend\src\main\services\SnippetManager.ts:388:10)
          at SnippetManager.createSnippet (D:\OpenSource\SnippetBox\frontend\src\main\services\SnippetManager.ts:72:12)
          at processTicksAndRejections (node:internal/process/task_queues:105:5)
          at D:\OpenSource\SnippetBox\frontend\tests\property\SnippetProperty.test.ts:144:31
          at AsyncProperty.run (D:\OpenSource\SnippetBox\frontend\node_modules\fast-check\lib\cjs\fast-check.js:1208:19)
          at asyncRunIt (D:\OpenSource\SnippetBox\frontend\node_modules\fast-check\lib\cjs\fast-check.js:2503:15)
          at Object.<anonymous> (D:\OpenSource\SnippetBox\frontend\tests\property\SnippetProperty.test.ts:106:7)

    [0m [90m 407 |[39m           console[33m.[39mlog([32m`Generated vector for snippet: ${snippetId}`[39m)[33m;[39m
     [90m 408 |[39m         } [36mcatch[39m (error) {
    [31m[1m>[22m[39m[90m 409 |[39m           console[33m.[39merror([32m`Failed to generate vector for snippet ${snippetId}:`[3
9m[33m,[39m error)[33m;[39m
     [90m     |[39m                   [31m[1m^[22m[39m
     [90m 410 |[39m         }
     [90m 411 |[39m       }
     [90m 412 |[39m     } [36mfinally[39m {[0m

      at SnippetManager.processVectorGenerationQueue (src/main/services/SnippetManager.ts:409:19)

    console.error
      Failed to generate vector for snippet snippet-v2hoi7a8w: TypeError: dbManager.getDb is not a function
          at VectorStore.initialize (D:\OpenSource\SnippetBox\frontend\src\main\services\VectorStore.ts:21:26)
          at VectorStore.addVector (D:\OpenSource\SnippetBox\frontend\src\main\services\VectorStore.ts:27:10)
          at SnippetManager.processVectorGenerationQueue (D:\OpenSource\SnippetBox\frontend\src\main\services\SnippetManager.ts:406:34)
          at SnippetManager.generateVectorForSnippet (D:\OpenSource\SnippetBox\frontend\src\main\services\SnippetManager.ts:388:10)
          at SnippetManager.createSnippet (D:\OpenSource\SnippetBox\frontend\src\main\services\SnippetManager.ts:72:12)
          at processTicksAndRejections (node:internal/process/task_queues:105:5)
          at D:\OpenSource\SnippetBox\frontend\tests\property\SnippetProperty.test.ts:144:31
          at AsyncProperty.run (D:\OpenSource\SnippetBox\frontend\node_modules\fast-check\lib\cjs\fast-check.js:1208:19)
          at asyncRunIt (D:\OpenSource\SnippetBox\frontend\node_modules\fast-check\lib\cjs\fast-check.js:2503:15)
          at Object.<anonymous> (D:\OpenSource\SnippetBox\frontend\tests\property\SnippetProperty.test.ts:106:7)

    [0m [90m 407 |[39m           console[33m.[39mlog([32m`Generated vector for snippet: ${snippetId}`[39m)[33m;[39m
     [90m 408 |[39m         } [36mcatch[39m (error) {
    [31m[1m>[22m[39m[90m 409 |[39m           console[33m.[39merror([32m`Failed to generate vector for snippet ${snippetId}:`[3
9m[33m,[39m error)[33m;[39m
     [90m     |[39m                   [31m[1m^[22m[39m
     [90m 410 |[39m         }
     [90m 411 |[39m       }
     [90m 412 |[39m     } [36mfinally[39m {[0m

      at SnippetManager.processVectorGenerationQueue (src/main/services/SnippetManager.ts:409:19)

    console.error
      Failed to generate vector for snippet snippet-zkhjwgsx6: TypeError: dbManager.getDb is not a function
          at VectorStore.initialize (D:\OpenSource\SnippetBox\frontend\src\main\services\VectorStore.ts:21:26)
          at VectorStore.addVector (D:\OpenSource\SnippetBox\frontend\src\main\services\VectorStore.ts:27:10)
          at SnippetManager.processVectorGenerationQueue (D:\OpenSource\SnippetBox\frontend\src\main\services\SnippetManager.ts:406:34)
          at SnippetManager.generateVectorForSnippet (D:\OpenSource\SnippetBox\frontend\src\main\services\SnippetManager.ts:388:10)
          at SnippetManager.createSnippet (D:\OpenSource\SnippetBox\frontend\src\main\services\SnippetManager.ts:72:12)
          at processTicksAndRejections (node:internal/process/task_queues:105:5)
          at D:\OpenSource\SnippetBox\frontend\tests\property\SnippetProperty.test.ts:144:31
          at AsyncProperty.run (D:\OpenSource\SnippetBox\frontend\node_modules\fast-check\lib\cjs\fast-check.js:1208:19)
          at asyncRunIt (D:\OpenSource\SnippetBox\frontend\node_modules\fast-check\lib\cjs\fast-check.js:2503:15)
          at Object.<anonymous> (D:\OpenSource\SnippetBox\frontend\tests\property\SnippetProperty.test.ts:106:7)

    [0m [90m 407 |[39m           console[33m.[39mlog([32m`Generated vector for snippet: ${snippetId}`[39m)[33m;[39m
     [90m 408 |[39m         } [36mcatch[39m (error) {
    [31m[1m>[22m[39m[90m 409 |[39m           console[33m.[39merror([32m`Failed to generate vector for snippet ${snippetId}:`[3
9m[33m,[39m error)[33m;[39m
     [90m     |[39m                   [31m[1m^[22m[39m
     [90m 410 |[39m         }
     [90m 411 |[39m       }
     [90m 412 |[39m     } [36mfinally[39m {[0m

      at SnippetManager.processVectorGenerationQueue (src/main/services/SnippetManager.ts:409:19)

    console.error
      Failed to generate vector for snippet snippet-tv5hz00ev: TypeError: dbManager.getDb is not a function
          at VectorStore.initialize (D:\OpenSource\SnippetBox\frontend\src\main\services\VectorStore.ts:21:26)
          at VectorStore.addVector (D:\OpenSource\SnippetBox\frontend\src\main\services\VectorStore.ts:27:10)
          at SnippetManager.processVectorGenerationQueue (D:\OpenSource\SnippetBox\frontend\src\main\services\SnippetManager.ts:406:34)
          at SnippetManager.generateVectorForSnippet (D:\OpenSource\SnippetBox\frontend\src\main\services\SnippetManager.ts:388:10)
          at SnippetManager.createSnippet (D:\OpenSource\SnippetBox\frontend\src\main\services\SnippetManager.ts:72:12)
          at processTicksAndRejections (node:internal/process/task_queues:105:5)
          at D:\OpenSource\SnippetBox\frontend\tests\property\SnippetProperty.test.ts:144:31
          at AsyncProperty.run (D:\OpenSource\SnippetBox\frontend\node_modules\fast-check\lib\cjs\fast-check.js:1208:19)
          at asyncRunIt (D:\OpenSource\SnippetBox\frontend\node_modules\fast-check\lib\cjs\fast-check.js:2503:15)
          at Object.<anonymous> (D:\OpenSource\SnippetBox\frontend\tests\property\SnippetProperty.test.ts:106:7)

    [0m [90m 407 |[39m           console[33m.[39mlog([32m`Generated vector for snippet: ${snippetId}`[39m)[33m;[39m
     [90m 408 |[39m         } [36mcatch[39m (error) {
    [31m[1m>[22m[39m[90m 409 |[39m           console[33m.[39merror([32m`Failed to generate vector for snippet ${snippetId}:`[3
9m[33m,[39m error)[33m;[39m
     [90m     |[39m                   [31m[1m^[22m[39m
     [90m 410 |[39m         }
     [90m 411 |[39m       }
     [90m 412 |[39m     } [36mfinally[39m {[0m

      at SnippetManager.processVectorGenerationQueue (src/main/services/SnippetManager.ts:409:19)

    console.error
      Failed to generate vector for snippet snippet-80ixyjw0h: TypeError: dbManager.getDb is not a function
          at VectorStore.initialize (D:\OpenSource\SnippetBox\frontend\src\main\services\VectorStore.ts:21:26)
          at VectorStore.addVector (D:\OpenSource\SnippetBox\frontend\src\main\services\VectorStore.ts:27:10)
          at SnippetManager.processVectorGenerationQueue (D:\OpenSource\SnippetBox\frontend\src\main\services\SnippetManager.ts:406:34)
          at SnippetManager.generateVectorForSnippet (D:\OpenSource\SnippetBox\frontend\src\main\services\SnippetManager.ts:388:10)
          at SnippetManager.createSnippet (D:\OpenSource\SnippetBox\frontend\src\main\services\SnippetManager.ts:72:12)
          at processTicksAndRejections (node:internal/process/task_queues:105:5)
          at D:\OpenSource\SnippetBox\frontend\tests\property\SnippetProperty.test.ts:144:31
          at AsyncProperty.run (D:\OpenSource\SnippetBox\frontend\node_modules\fast-check\lib\cjs\fast-check.js:1208:19)
          at asyncRunIt (D:\OpenSource\SnippetBox\frontend\node_modules\fast-check\lib\cjs\fast-check.js:2503:15)
          at Object.<anonymous> (D:\OpenSource\SnippetBox\frontend\tests\property\SnippetProperty.test.ts:106:7)

    [0m [90m 407 |[39m           console[33m.[39mlog([32m`Generated vector for snippet: ${snippetId}`[39m)[33m;[39m
     [90m 408 |[39m         } [36mcatch[39m (error) {
    [31m[1m>[22m[39m[90m 409 |[39m           console[33m.[39merror([32m`Failed to generate vector for snippet ${snippetId}:`[3
9m[33m,[39m error)[33m;[39m
     [90m     |[39m                   [31m[1m^[22m[39m
     [90m 410 |[39m         }
     [90m 411 |[39m       }
     [90m 412 |[39m     } [36mfinally[39m {[0m

      at SnippetManager.processVectorGenerationQueue (src/main/services/SnippetManager.ts:409:19)

    console.error
      Failed to generate vector for snippet snippet-h4oxycjec: TypeError: dbManager.getDb is not a function
          at VectorStore.initialize (D:\OpenSource\SnippetBox\frontend\src\main\services\VectorStore.ts:21:26)
          at VectorStore.addVector (D:\OpenSource\SnippetBox\frontend\src\main\services\VectorStore.ts:27:10)
          at SnippetManager.processVectorGenerationQueue (D:\OpenSource\SnippetBox\frontend\src\main\services\SnippetManager.ts:406:34)
          at SnippetManager.generateVectorForSnippet (D:\OpenSource\SnippetBox\frontend\src\main\services\SnippetManager.ts:388:10)
          at SnippetManager.createSnippet (D:\OpenSource\SnippetBox\frontend\src\main\services\SnippetManager.ts:72:12)
          at processTicksAndRejections (node:internal/process/task_queues:105:5)
          at D:\OpenSource\SnippetBox\frontend\tests\property\SnippetProperty.test.ts:144:31
          at AsyncProperty.run (D:\OpenSource\SnippetBox\frontend\node_modules\fast-check\lib\cjs\fast-check.js:1208:19)
          at asyncRunIt (D:\OpenSource\SnippetBox\frontend\node_modules\fast-check\lib\cjs\fast-check.js:2503:15)
          at Object.<anonymous> (D:\OpenSource\SnippetBox\frontend\tests\property\SnippetProperty.test.ts:106:7)

    [0m [90m 407 |[39m           console[33m.[39mlog([32m`Generated vector for snippet: ${snippetId}`[39m)[33m;[39m
     [90m 408 |[39m         } [36mcatch[39m (error) {
    [31m[1m>[22m[39m[90m 409 |[39m           console[33m.[39merror([32m`Failed to generate vector for snippet ${snippetId}:`[3
9m[33m,[39m error)[33m;[39m
     [90m     |[39m                   [31m[1m^[22m[39m
     [90m 410 |[39m         }
     [90m 411 |[39m       }
     [90m 412 |[39m     } [36mfinally[39m {[0m

      at SnippetManager.processVectorGenerationQueue (src/main/services/SnippetManager.ts:409:19)

    console.error
      Failed to generate vector for snippet snippet-bdkzpo96q: TypeError: dbManager.getDb is not a function
          at VectorStore.initialize (D:\OpenSource\SnippetBox\frontend\src\main\services\VectorStore.ts:21:26)
          at VectorStore.addVector (D:\OpenSource\SnippetBox\frontend\src\main\services\VectorStore.ts:27:10)
          at SnippetManager.processVectorGenerationQueue (D:\OpenSource\SnippetBox\frontend\src\main\services\SnippetManager.ts:406:34)
          at SnippetManager.generateVectorForSnippet (D:\OpenSource\SnippetBox\frontend\src\main\services\SnippetManager.ts:388:10)
          at SnippetManager.createSnippet (D:\OpenSource\SnippetBox\frontend\src\main\services\SnippetManager.ts:72:12)
          at processTicksAndRejections (node:internal/process/task_queues:105:5)
          at D:\OpenSource\SnippetBox\frontend\tests\property\SnippetProperty.test.ts:144:31
          at AsyncProperty.run (D:\OpenSource\SnippetBox\frontend\node_modules\fast-check\lib\cjs\fast-check.js:1208:19)
          at asyncRunIt (D:\OpenSource\SnippetBox\frontend\node_modules\fast-check\lib\cjs\fast-check.js:2503:15)
          at Object.<anonymous> (D:\OpenSource\SnippetBox\frontend\tests\property\SnippetProperty.test.ts:106:7)

    [0m [90m 407 |[39m           console[33m.[39mlog([32m`Generated vector for snippet: ${snippetId}`[39m)[33m;[39m
     [90m 408 |[39m         } [36mcatch[39m (error) {
    [31m[1m>[22m[39m[90m 409 |[39m           console[33m.[39merror([32m`Failed to generate vector for snippet ${snippetId}:`[3
9m[33m,[39m error)[33m;[39m
     [90m     |[39m                   [31m[1m^[22m[39m
     [90m 410 |[39m         }
     [90m 411 |[39m       }
     [90m 412 |[39m     } [36mfinally[39m {[0m

      at SnippetManager.processVectorGenerationQueue (src/main/services/SnippetManager.ts:409:19)

    console.error
      Failed to generate vector for snippet snippet-mg020rx1s: TypeError: dbManager.getDb is not a function
          at VectorStore.initialize (D:\OpenSource\SnippetBox\frontend\src\main\services\VectorStore.ts:21:26)
          at VectorStore.addVector (D:\OpenSource\SnippetBox\frontend\src\main\services\VectorStore.ts:27:10)
          at SnippetManager.processVectorGenerationQueue (D:\OpenSource\SnippetBox\frontend\src\main\services\SnippetManager.ts:406:34)
          at SnippetManager.generateVectorForSnippet (D:\OpenSource\SnippetBox\frontend\src\main\services\SnippetManager.ts:388:10)
          at SnippetManager.createSnippet (D:\OpenSource\SnippetBox\frontend\src\main\services\SnippetManager.ts:72:12)
          at processTicksAndRejections (node:internal/process/task_queues:105:5)
          at D:\OpenSource\SnippetBox\frontend\tests\property\SnippetProperty.test.ts:144:31
          at AsyncProperty.run (D:\OpenSource\SnippetBox\frontend\node_modules\fast-check\lib\cjs\fast-check.js:1208:19)
          at asyncRunIt (D:\OpenSource\SnippetBox\frontend\node_modules\fast-check\lib\cjs\fast-check.js:2503:15)
          at Object.<anonymous> (D:\OpenSource\SnippetBox\frontend\tests\property\SnippetProperty.test.ts:106:7)

    [0m [90m 407 |[39m           console[33m.[39mlog([32m`Generated vector for snippet: ${snippetId}`[39m)[33m;[39m
     [90m 408 |[39m         } [36mcatch[39m (error) {
    [31m[1m>[22m[39m[90m 409 |[39m           console[33m.[39merror([32m`Failed to generate vector for snippet ${snippetId}:`[3
9m[33m,[39m error)[33m;[39m
     [90m     |[39m                   [31m[1m^[22m[39m
     [90m 410 |[39m         }
     [90m 411 |[39m       }
     [90m 412 |[39m     } [36mfinally[39m {[0m

      at SnippetManager.processVectorGenerationQueue (src/main/services/SnippetManager.ts:409:19)

    console.error
      Failed to generate vector for snippet snippet-wiu5vme7h: TypeError: dbManager.getDb is not a function
          at VectorStore.initialize (D:\OpenSource\SnippetBox\frontend\src\main\services\VectorStore.ts:21:26)
          at VectorStore.addVector (D:\OpenSource\SnippetBox\frontend\src\main\services\VectorStore.ts:27:10)
          at SnippetManager.processVectorGenerationQueue (D:\OpenSource\SnippetBox\frontend\src\main\services\SnippetManager.ts:406:34)
          at SnippetManager.generateVectorForSnippet (D:\OpenSource\SnippetBox\frontend\src\main\services\SnippetManager.ts:388:10)
          at SnippetManager.createSnippet (D:\OpenSource\SnippetBox\frontend\src\main\services\SnippetManager.ts:72:12)
          at processTicksAndRejections (node:internal/process/task_queues:105:5)
          at D:\OpenSource\SnippetBox\frontend\tests\property\SnippetProperty.test.ts:144:31
          at AsyncProperty.run (D:\OpenSource\SnippetBox\frontend\node_modules\fast-check\lib\cjs\fast-check.js:1208:19)
          at asyncRunIt (D:\OpenSource\SnippetBox\frontend\node_modules\fast-check\lib\cjs\fast-check.js:2503:15)
          at Object.<anonymous> (D:\OpenSource\SnippetBox\frontend\tests\property\SnippetProperty.test.ts:106:7)

    [0m [90m 407 |[39m           console[33m.[39mlog([32m`Generated vector for snippet: ${snippetId}`[39m)[33m;[39m
     [90m 408 |[39m         } [36mcatch[39m (error) {
    [31m[1m>[22m[39m[90m 409 |[39m           console[33m.[39merror([32m`Failed to generate vector for snippet ${snippetId}:`[3
9m[33m,[39m error)[33m;[39m
     [90m     |[39m                   [31m[1m^[22m[39m
     [90m 410 |[39m         }
     [90m 411 |[39m       }
     [90m 412 |[39m     } [36mfinally[39m {[0m

      at SnippetManager.processVectorGenerationQueue (src/main/services/SnippetManager.ts:409:19)

    console.error
      Failed to generate vector for snippet snippet-mm4csj4y8: TypeError: dbManager.getDb is not a function
          at VectorStore.initialize (D:\OpenSource\SnippetBox\frontend\src\main\services\VectorStore.ts:21:26)
          at VectorStore.addVector (D:\OpenSource\SnippetBox\frontend\src\main\services\VectorStore.ts:27:10)
          at SnippetManager.processVectorGenerationQueue (D:\OpenSource\SnippetBox\frontend\src\main\services\SnippetManager.ts:406:34)
          at SnippetManager.generateVectorForSnippet (D:\OpenSource\SnippetBox\frontend\src\main\services\SnippetManager.ts:388:10)
          at SnippetManager.createSnippet (D:\OpenSource\SnippetBox\frontend\src\main\services\SnippetManager.ts:72:12)
          at processTicksAndRejections (node:internal/process/task_queues:105:5)
          at D:\OpenSource\SnippetBox\frontend\tests\property\SnippetProperty.test.ts:144:31
          at AsyncProperty.run (D:\OpenSource\SnippetBox\frontend\node_modules\fast-check\lib\cjs\fast-check.js:1208:19)
          at asyncRunIt (D:\OpenSource\SnippetBox\frontend\node_modules\fast-check\lib\cjs\fast-check.js:2503:15)
          at Object.<anonymous> (D:\OpenSource\SnippetBox\frontend\tests\property\SnippetProperty.test.ts:106:7)

    [0m [90m 407 |[39m           console[33m.[39mlog([32m`Generated vector for snippet: ${snippetId}`[39m)[33m;[39m
     [90m 408 |[39m         } [36mcatch[39m (error) {
    [31m[1m>[22m[39m[90m 409 |[39m           console[33m.[39merror([32m`Failed to generate vector for snippet ${snippetId}:`[3
9m[33m,[39m error)[33m;[39m
     [90m     |[39m                   [31m[1m^[22m[39m
     [90m 410 |[39m         }
     [90m 411 |[39m       }
     [90m 412 |[39m     } [36mfinally[39m {[0m

      at SnippetManager.processVectorGenerationQueue (src/main/services/SnippetManager.ts:409:19)

    console.error
      Failed to generate vector for snippet snippet-70t1fdop5: TypeError: dbManager.getDb is not a function
          at VectorStore.initialize (D:\OpenSource\SnippetBox\frontend\src\main\services\VectorStore.ts:21:26)
          at VectorStore.addVector (D:\OpenSource\SnippetBox\frontend\src\main\services\VectorStore.ts:27:10)
          at SnippetManager.processVectorGenerationQueue (D:\OpenSource\SnippetBox\frontend\src\main\services\SnippetManager.ts:406:34)
          at SnippetManager.generateVectorForSnippet (D:\OpenSource\SnippetBox\frontend\src\main\services\SnippetManager.ts:388:10)
          at SnippetManager.createSnippet (D:\OpenSource\SnippetBox\frontend\src\main\services\SnippetManager.ts:72:12)
          at processTicksAndRejections (node:internal/process/task_queues:105:5)
          at D:\OpenSource\SnippetBox\frontend\tests\property\SnippetProperty.test.ts:144:31
          at AsyncProperty.run (D:\OpenSource\SnippetBox\frontend\node_modules\fast-check\lib\cjs\fast-check.js:1208:19)
          at asyncRunIt (D:\OpenSource\SnippetBox\frontend\node_modules\fast-check\lib\cjs\fast-check.js:2503:15)
          at Object.<anonymous> (D:\OpenSource\SnippetBox\frontend\tests\property\SnippetProperty.test.ts:106:7)

    [0m [90m 407 |[39m           console[33m.[39mlog([32m`Generated vector for snippet: ${snippetId}`[39m)[33m;[39m
     [90m 408 |[39m         } [36mcatch[39m (error) {
    [31m[1m>[22m[39m[90m 409 |[39m           console[33m.[39merror([32m`Failed to generate vector for snippet ${snippetId}:`[3
9m[33m,[39m error)[33m;[39m
     [90m     |[39m                   [31m[1m^[22m[39m
     [90m 410 |[39m         }
     [90m 411 |[39m       }
     [90m 412 |[39m     } [36mfinally[39m {[0m

      at SnippetManager.processVectorGenerationQueue (src/main/services/SnippetManager.ts:409:19)

    console.error
      Failed to generate vector for snippet snippet-x7ougzp9s: TypeError: dbManager.getDb is not a function
          at VectorStore.initialize (D:\OpenSource\SnippetBox\frontend\src\main\services\VectorStore.ts:21:26)
          at VectorStore.addVector (D:\OpenSource\SnippetBox\frontend\src\main\services\VectorStore.ts:27:10)
          at SnippetManager.processVectorGenerationQueue (D:\OpenSource\SnippetBox\frontend\src\main\services\SnippetManager.ts:406:34)
          at SnippetManager.generateVectorForSnippet (D:\OpenSource\SnippetBox\frontend\src\main\services\SnippetManager.ts:388:10)
          at SnippetManager.createSnippet (D:\OpenSource\SnippetBox\frontend\src\main\services\SnippetManager.ts:72:12)
          at processTicksAndRejections (node:internal/process/task_queues:105:5)
          at D:\OpenSource\SnippetBox\frontend\tests\property\SnippetProperty.test.ts:144:31
          at AsyncProperty.run (D:\OpenSource\SnippetBox\frontend\node_modules\fast-check\lib\cjs\fast-check.js:1208:19)
          at asyncRunIt (D:\OpenSource\SnippetBox\frontend\node_modules\fast-check\lib\cjs\fast-check.js:2503:15)
          at Object.<anonymous> (D:\OpenSource\SnippetBox\frontend\tests\property\SnippetProperty.test.ts:106:7)

    [0m [90m 407 |[39m           console[33m.[39mlog([32m`Generated vector for snippet: ${snippetId}`[39m)[33m;[39m
     [90m 408 |[39m         } [36mcatch[39m (error) {
    [31m[1m>[22m[39m[90m 409 |[39m           console[33m.[39merror([32m`Failed to generate vector for snippet ${snippetId}:`[3
9m[33m,[39m error)[33m;[39m
     [90m     |[39m                   [31m[1m^[22m[39m
     [90m 410 |[39m         }
     [90m 411 |[39m       }
     [90m 412 |[39m     } [36mfinally[39m {[0m

      at SnippetManager.processVectorGenerationQueue (src/main/services/SnippetManager.ts:409:19)

    console.error
      Failed to generate vector for snippet snippet-9e49k7w4e: TypeError: dbManager.getDb is not a function
          at VectorStore.initialize (D:\OpenSource\SnippetBox\frontend\src\main\services\VectorStore.ts:21:26)
          at VectorStore.addVector (D:\OpenSource\SnippetBox\frontend\src\main\services\VectorStore.ts:27:10)
          at SnippetManager.processVectorGenerationQueue (D:\OpenSource\SnippetBox\frontend\src\main\services\SnippetManager.ts:406:34)
          at SnippetManager.generateVectorForSnippet (D:\OpenSource\SnippetBox\frontend\src\main\services\SnippetManager.ts:388:10)
          at SnippetManager.createSnippet (D:\OpenSource\SnippetBox\frontend\src\main\services\SnippetManager.ts:72:12)
          at processTicksAndRejections (node:internal/process/task_queues:105:5)
          at D:\OpenSource\SnippetBox\frontend\tests\property\SnippetProperty.test.ts:144:31
          at AsyncProperty.run (D:\OpenSource\SnippetBox\frontend\node_modules\fast-check\lib\cjs\fast-check.js:1208:19)
          at asyncRunIt (D:\OpenSource\SnippetBox\frontend\node_modules\fast-check\lib\cjs\fast-check.js:2503:15)
          at Object.<anonymous> (D:\OpenSource\SnippetBox\frontend\tests\property\SnippetProperty.test.ts:106:7)

    [0m [90m 407 |[39m           console[33m.[39mlog([32m`Generated vector for snippet: ${snippetId}`[39m)[33m;[39m
     [90m 408 |[39m         } [36mcatch[39m (error) {
    [31m[1m>[22m[39m[90m 409 |[39m           console[33m.[39merror([32m`Failed to generate vector for snippet ${snippetId}:`[3
9m[33m,[39m error)[33m;[39m
     [90m     |[39m                   [31m[1m^[22m[39m
     [90m 410 |[39m         }
     [90m 411 |[39m       }
     [90m 412 |[39m     } [36mfinally[39m {[0m

      at SnippetManager.processVectorGenerationQueue (src/main/services/SnippetManager.ts:409:19)

    console.error
      Failed to generate vector for snippet snippet-hx1989ha5: TypeError: dbManager.getDb is not a function
          at VectorStore.initialize (D:\OpenSource\SnippetBox\frontend\src\main\services\VectorStore.ts:21:26)
          at VectorStore.addVector (D:\OpenSource\SnippetBox\frontend\src\main\services\VectorStore.ts:27:10)
          at SnippetManager.processVectorGenerationQueue (D:\OpenSource\SnippetBox\frontend\src\main\services\SnippetManager.ts:406:34)
          at SnippetManager.generateVectorForSnippet (D:\OpenSource\SnippetBox\frontend\src\main\services\SnippetManager.ts:388:10)
          at SnippetManager.createSnippet (D:\OpenSource\SnippetBox\frontend\src\main\services\SnippetManager.ts:72:12)
          at processTicksAndRejections (node:internal/process/task_queues:105:5)
          at D:\OpenSource\SnippetBox\frontend\tests\property\SnippetProperty.test.ts:144:31
          at AsyncProperty.run (D:\OpenSource\SnippetBox\frontend\node_modules\fast-check\lib\cjs\fast-check.js:1208:19)
          at asyncRunIt (D:\OpenSource\SnippetBox\frontend\node_modules\fast-check\lib\cjs\fast-check.js:2503:15)
          at Object.<anonymous> (D:\OpenSource\SnippetBox\frontend\tests\property\SnippetProperty.test.ts:106:7)

    [0m [90m 407 |[39m           console[33m.[39mlog([32m`Generated vector for snippet: ${snippetId}`[39m)[33m;[39m
     [90m 408 |[39m         } [36mcatch[39m (error) {
    [31m[1m>[22m[39m[90m 409 |[39m           console[33m.[39merror([32m`Failed to generate vector for snippet ${snippetId}:`[3
9m[33m,[39m error)[33m;[39m
     [90m     |[39m                   [31m[1m^[22m[39m
     [90m 410 |[39m         }
     [90m 411 |[39m       }
     [90m 412 |[39m     } [36mfinally[39m {[0m

      at SnippetManager.processVectorGenerationQueue (src/main/services/SnippetManager.ts:409:19)

    console.error
      Failed to generate vector for snippet snippet-xymjpgdpk: TypeError: dbManager.getDb is not a function
          at VectorStore.initialize (D:\OpenSource\SnippetBox\frontend\src\main\services\VectorStore.ts:21:26)
          at VectorStore.addVector (D:\OpenSource\SnippetBox\frontend\src\main\services\VectorStore.ts:27:10)
          at SnippetManager.processVectorGenerationQueue (D:\OpenSource\SnippetBox\frontend\src\main\services\SnippetManager.ts:406:34)
          at SnippetManager.generateVectorForSnippet (D:\OpenSource\SnippetBox\frontend\src\main\services\SnippetManager.ts:388:10)
          at SnippetManager.createSnippet (D:\OpenSource\SnippetBox\frontend\src\main\services\SnippetManager.ts:72:12)
          at processTicksAndRejections (node:internal/process/task_queues:105:5)
          at D:\OpenSource\SnippetBox\frontend\tests\property\SnippetProperty.test.ts:144:31
          at AsyncProperty.run (D:\OpenSource\SnippetBox\frontend\node_modules\fast-check\lib\cjs\fast-check.js:1208:19)
          at asyncRunIt (D:\OpenSource\SnippetBox\frontend\node_modules\fast-check\lib\cjs\fast-check.js:2503:15)
          at Object.<anonymous> (D:\OpenSource\SnippetBox\frontend\tests\property\SnippetProperty.test.ts:106:7)

    [0m [90m 407 |[39m           console[33m.[39mlog([32m`Generated vector for snippet: ${snippetId}`[39m)[33m;[39m
     [90m 408 |[39m         } [36mcatch[39m (error) {
    [31m[1m>[22m[39m[90m 409 |[39m           console[33m.[39merror([32m`Failed to generate vector for snippet ${snippetId}:`[3
9m[33m,[39m error)[33m;[39m
     [90m     |[39m                   [31m[1m^[22m[39m
     [90m 410 |[39m         }
     [90m 411 |[39m       }
     [90m 412 |[39m     } [36mfinally[39m {[0m

      at SnippetManager.processVectorGenerationQueue (src/main/services/SnippetManager.ts:409:19)

    console.error
      Failed to generate vector for snippet snippet-bcq47w9li: TypeError: dbManager.getDb is not a function
          at VectorStore.initialize (D:\OpenSource\SnippetBox\frontend\src\main\services\VectorStore.ts:21:26)
          at VectorStore.addVector (D:\OpenSource\SnippetBox\frontend\src\main\services\VectorStore.ts:27:10)
          at SnippetManager.processVectorGenerationQueue (D:\OpenSource\SnippetBox\frontend\src\main\services\SnippetManager.ts:406:34)
          at SnippetManager.generateVectorForSnippet (D:\OpenSource\SnippetBox\frontend\src\main\services\SnippetManager.ts:388:10)
          at SnippetManager.createSnippet (D:\OpenSource\SnippetBox\frontend\src\main\services\SnippetManager.ts:72:12)
          at processTicksAndRejections (node:internal/process/task_queues:105:5)
          at D:\OpenSource\SnippetBox\frontend\tests\property\SnippetProperty.test.ts:144:31
          at AsyncProperty.run (D:\OpenSource\SnippetBox\frontend\node_modules\fast-check\lib\cjs\fast-check.js:1208:19)
          at asyncRunIt (D:\OpenSource\SnippetBox\frontend\node_modules\fast-check\lib\cjs\fast-check.js:2503:15)
          at Object.<anonymous> (D:\OpenSource\SnippetBox\frontend\tests\property\SnippetProperty.test.ts:106:7)

    [0m [90m 407 |[39m           console[33m.[39mlog([32m`Generated vector for snippet: ${snippetId}`[39m)[33m;[39m
     [90m 408 |[39m         } [36mcatch[39m (error) {
    [31m[1m>[22m[39m[90m 409 |[39m           console[33m.[39merror([32m`Failed to generate vector for snippet ${snippetId}:`[3
9m[33m,[39m error)[33m;[39m
     [90m     |[39m                   [31m[1m^[22m[39m
     [90m 410 |[39m         }
     [90m 411 |[39m       }
     [90m 412 |[39m     } [36mfinally[39m {[0m

      at SnippetManager.processVectorGenerationQueue (src/main/services/SnippetManager.ts:409:19)

    console.error
      Failed to generate vector for snippet snippet-k1n5hemvn: TypeError: dbManager.getDb is not a function
          at VectorStore.initialize (D:\OpenSource\SnippetBox\frontend\src\main\services\VectorStore.ts:21:26)
          at VectorStore.addVector (D:\OpenSource\SnippetBox\frontend\src\main\services\VectorStore.ts:27:10)
          at SnippetManager.processVectorGenerationQueue (D:\OpenSource\SnippetBox\frontend\src\main\services\SnippetManager.ts:406:34)
          at SnippetManager.generateVectorForSnippet (D:\OpenSource\SnippetBox\frontend\src\main\services\SnippetManager.ts:388:10)
          at SnippetManager.createSnippet (D:\OpenSource\SnippetBox\frontend\src\main\services\SnippetManager.ts:72:12)
          at processTicksAndRejections (node:internal/process/task_queues:105:5)
          at D:\OpenSource\SnippetBox\frontend\tests\property\SnippetProperty.test.ts:144:31
          at AsyncProperty.run (D:\OpenSource\SnippetBox\frontend\node_modules\fast-check\lib\cjs\fast-check.js:1208:19)
          at asyncRunIt (D:\OpenSource\SnippetBox\frontend\node_modules\fast-check\lib\cjs\fast-check.js:2503:15)
          at Object.<anonymous> (D:\OpenSource\SnippetBox\frontend\tests\property\SnippetProperty.test.ts:106:7)

    [0m [90m 407 |[39m           console[33m.[39mlog([32m`Generated vector for snippet: ${snippetId}`[39m)[33m;[39m
     [90m 408 |[39m         } [36mcatch[39m (error) {
    [31m[1m>[22m[39m[90m 409 |[39m           console[33m.[39merror([32m`Failed to generate vector for snippet ${snippetId}:`[3
9m[33m,[39m error)[33m;[39m
     [90m     |[39m                   [31m[1m^[22m[39m
     [90m 410 |[39m         }
     [90m 411 |[39m       }
     [90m 412 |[39m     } [36mfinally[39m {[0m

      at SnippetManager.processVectorGenerationQueue (src/main/services/SnippetManager.ts:409:19)

    console.error
      Failed to generate vector for snippet snippet-yhapta74z: TypeError: dbManager.getDb is not a function
          at VectorStore.initialize (D:\OpenSource\SnippetBox\frontend\src\main\services\VectorStore.ts:21:26)
          at VectorStore.addVector (D:\OpenSource\SnippetBox\frontend\src\main\services\VectorStore.ts:27:10)
          at SnippetManager.processVectorGenerationQueue (D:\OpenSource\SnippetBox\frontend\src\main\services\SnippetManager.ts:406:34)
          at SnippetManager.generateVectorForSnippet (D:\OpenSource\SnippetBox\frontend\src\main\services\SnippetManager.ts:388:10)
          at SnippetManager.createSnippet (D:\OpenSource\SnippetBox\frontend\src\main\services\SnippetManager.ts:72:12)
          at processTicksAndRejections (node:internal/process/task_queues:105:5)
          at D:\OpenSource\SnippetBox\frontend\tests\property\SnippetProperty.test.ts:144:31
          at AsyncProperty.run (D:\OpenSource\SnippetBox\frontend\node_modules\fast-check\lib\cjs\fast-check.js:1208:19)
          at asyncRunIt (D:\OpenSource\SnippetBox\frontend\node_modules\fast-check\lib\cjs\fast-check.js:2503:15)
          at Object.<anonymous> (D:\OpenSource\SnippetBox\frontend\tests\property\SnippetProperty.test.ts:106:7)

    [0m [90m 407 |[39m           console[33m.[39mlog([32m`Generated vector for snippet: ${snippetId}`[39m)[33m;[39m
     [90m 408 |[39m         } [36mcatch[39m (error) {
    [31m[1m>[22m[39m[90m 409 |[39m           console[33m.[39merror([32m`Failed to generate vector for snippet ${snippetId}:`[3
9m[33m,[39m error)[33m;[39m
     [90m     |[39m                   [31m[1m^[22m[39m
     [90m 410 |[39m         }
     [90m 411 |[39m       }
     [90m 412 |[39m     } [36mfinally[39m {[0m

      at SnippetManager.processVectorGenerationQueue (src/main/services/SnippetManager.ts:409:19)

    console.error
      Failed to generate vector for snippet snippet-4h88qa6yu: TypeError: dbManager.getDb is not a function
          at VectorStore.initialize (D:\OpenSource\SnippetBox\frontend\src\main\services\VectorStore.ts:21:26)
          at VectorStore.addVector (D:\OpenSource\SnippetBox\frontend\src\main\services\VectorStore.ts:27:10)
          at SnippetManager.processVectorGenerationQueue (D:\OpenSource\SnippetBox\frontend\src\main\services\SnippetManager.ts:406:34)
          at SnippetManager.generateVectorForSnippet (D:\OpenSource\SnippetBox\frontend\src\main\services\SnippetManager.ts:388:10)
          at SnippetManager.createSnippet (D:\OpenSource\SnippetBox\frontend\src\main\services\SnippetManager.ts:72:12)
          at processTicksAndRejections (node:internal/process/task_queues:105:5)
          at D:\OpenSource\SnippetBox\frontend\tests\property\SnippetProperty.test.ts:144:31
          at AsyncProperty.run (D:\OpenSource\SnippetBox\frontend\node_modules\fast-check\lib\cjs\fast-check.js:1208:19)
          at asyncRunIt (D:\OpenSource\SnippetBox\frontend\node_modules\fast-check\lib\cjs\fast-check.js:2503:15)
          at Object.<anonymous> (D:\OpenSource\SnippetBox\frontend\tests\property\SnippetProperty.test.ts:106:7)

    [0m [90m 407 |[39m           console[33m.[39mlog([32m`Generated vector for snippet: ${snippetId}`[39m)[33m;[39m
     [90m 408 |[39m         } [36mcatch[39m (error) {
    [31m[1m>[22m[39m[90m 409 |[39m           console[33m.[39merror([32m`Failed to generate vector for snippet ${snippetId}:`[3
9m[33m,[39m error)[33m;[39m
     [90m     |[39m                   [31m[1m^[22m[39m
     [90m 410 |[39m         }
     [90m 411 |[39m       }
     [90m 412 |[39m     } [36mfinally[39m {[0m

      at SnippetManager.processVectorGenerationQueue (src/main/services/SnippetManager.ts:409:19)

    console.error
      Failed to generate vector for snippet snippet-9uze0v00c: TypeError: dbManager.getDb is not a function
          at VectorStore.initialize (D:\OpenSource\SnippetBox\frontend\src\main\services\VectorStore.ts:21:26)
          at VectorStore.addVector (D:\OpenSource\SnippetBox\frontend\src\main\services\VectorStore.ts:27:10)
          at SnippetManager.processVectorGenerationQueue (D:\OpenSource\SnippetBox\frontend\src\main\services\SnippetManager.ts:406:34)
          at SnippetManager.generateVectorForSnippet (D:\OpenSource\SnippetBox\frontend\src\main\services\SnippetManager.ts:388:10)
          at SnippetManager.createSnippet (D:\OpenSource\SnippetBox\frontend\src\main\services\SnippetManager.ts:72:12)
          at processTicksAndRejections (node:internal/process/task_queues:105:5)
          at D:\OpenSource\SnippetBox\frontend\tests\property\SnippetProperty.test.ts:144:31
          at AsyncProperty.run (D:\OpenSource\SnippetBox\frontend\node_modules\fast-check\lib\cjs\fast-check.js:1208:19)
          at asyncRunIt (D:\OpenSource\SnippetBox\frontend\node_modules\fast-check\lib\cjs\fast-check.js:2503:15)
          at Object.<anonymous> (D:\OpenSource\SnippetBox\frontend\tests\property\SnippetProperty.test.ts:106:7)

    [0m [90m 407 |[39m           console[33m.[39mlog([32m`Generated vector for snippet: ${snippetId}`[39m)[33m;[39m
     [90m 408 |[39m         } [36mcatch[39m (error) {
    [31m[1m>[22m[39m[90m 409 |[39m           console[33m.[39merror([32m`Failed to generate vector for snippet ${snippetId}:`[3
9m[33m,[39m error)[33m;[39m
     [90m     |[39m                   [31m[1m^[22m[39m
     [90m 410 |[39m         }
     [90m 411 |[39m       }
     [90m 412 |[39m     } [36mfinally[39m {[0m

      at SnippetManager.processVectorGenerationQueue (src/main/services/SnippetManager.ts:409:19)

    console.error
      Failed to generate vector for snippet snippet-jqvgvdwb7: TypeError: dbManager.getDb is not a function
          at VectorStore.initialize (D:\OpenSource\SnippetBox\frontend\src\main\services\VectorStore.ts:21:26)
          at VectorStore.addVector (D:\OpenSource\SnippetBox\frontend\src\main\services\VectorStore.ts:27:10)
          at SnippetManager.processVectorGenerationQueue (D:\OpenSource\SnippetBox\frontend\src\main\services\SnippetManager.ts:406:34)
          at SnippetManager.generateVectorForSnippet (D:\OpenSource\SnippetBox\frontend\src\main\services\SnippetManager.ts:388:10)
          at SnippetManager.createSnippet (D:\OpenSource\SnippetBox\frontend\src\main\services\SnippetManager.ts:72:12)
          at processTicksAndRejections (node:internal/process/task_queues:105:5)
          at D:\OpenSource\SnippetBox\frontend\tests\property\SnippetProperty.test.ts:144:31
          at AsyncProperty.run (D:\OpenSource\SnippetBox\frontend\node_modules\fast-check\lib\cjs\fast-check.js:1208:19)
          at asyncRunIt (D:\OpenSource\SnippetBox\frontend\node_modules\fast-check\lib\cjs\fast-check.js:2503:15)
          at Object.<anonymous> (D:\OpenSource\SnippetBox\frontend\tests\property\SnippetProperty.test.ts:106:7)

    [0m [90m 407 |[39m           console[33m.[39mlog([32m`Generated vector for snippet: ${snippetId}`[39m)[33m;[39m
     [90m 408 |[39m         } [36mcatch[39m (error) {
    [31m[1m>[22m[39m[90m 409 |[39m           console[33m.[39merror([32m`Failed to generate vector for snippet ${snippetId}:`[3
9m[33m,[39m error)[33m;[39m
     [90m     |[39m                   [31m[1m^[22m[39m
     [90m 410 |[39m         }
     [90m 411 |[39m       }
     [90m 412 |[39m     } [36mfinally[39m {[0m

      at SnippetManager.processVectorGenerationQueue (src/main/services/SnippetManager.ts:409:19)

    console.error
      Failed to generate vector for snippet snippet-0fusj7f67: TypeError: dbManager.getDb is not a function
          at VectorStore.initialize (D:\OpenSource\SnippetBox\frontend\src\main\services\VectorStore.ts:21:26)
          at VectorStore.addVector (D:\OpenSource\SnippetBox\frontend\src\main\services\VectorStore.ts:27:10)
          at SnippetManager.processVectorGenerationQueue (D:\OpenSource\SnippetBox\frontend\src\main\services\SnippetManager.ts:406:34)
          at SnippetManager.generateVectorForSnippet (D:\OpenSource\SnippetBox\frontend\src\main\services\SnippetManager.ts:388:10)
          at SnippetManager.createSnippet (D:\OpenSource\SnippetBox\frontend\src\main\services\SnippetManager.ts:72:12)
          at processTicksAndRejections (node:internal/process/task_queues:105:5)
          at D:\OpenSource\SnippetBox\frontend\tests\property\SnippetProperty.test.ts:144:31
          at AsyncProperty.run (D:\OpenSource\SnippetBox\frontend\node_modules\fast-check\lib\cjs\fast-check.js:1208:19)
          at asyncRunIt (D:\OpenSource\SnippetBox\frontend\node_modules\fast-check\lib\cjs\fast-check.js:2503:15)
          at Object.<anonymous> (D:\OpenSource\SnippetBox\frontend\tests\property\SnippetProperty.test.ts:106:7)

    [0m [90m 407 |[39m           console[33m.[39mlog([32m`Generated vector for snippet: ${snippetId}`[39m)[33m;[39m
     [90m 408 |[39m         } [36mcatch[39m (error) {
    [31m[1m>[22m[39m[90m 409 |[39m           console[33m.[39merror([32m`Failed to generate vector for snippet ${snippetId}:`[3
9m[33m,[39m error)[33m;[39m
     [90m     |[39m                   [31m[1m^[22m[39m
     [90m 410 |[39m         }
     [90m 411 |[39m       }
     [90m 412 |[39m     } [36mfinally[39m {[0m

      at SnippetManager.processVectorGenerationQueue (src/main/services/SnippetManager.ts:409:19)

    console.error
      Failed to generate vector for snippet snippet-w486dge75: TypeError: dbManager.getDb is not a function
          at VectorStore.initialize (D:\OpenSource\SnippetBox\frontend\src\main\services\VectorStore.ts:21:26)
          at VectorStore.addVector (D:\OpenSource\SnippetBox\frontend\src\main\services\VectorStore.ts:27:10)
          at SnippetManager.processVectorGenerationQueue (D:\OpenSource\SnippetBox\frontend\src\main\services\SnippetManager.ts:406:34)
          at SnippetManager.generateVectorForSnippet (D:\OpenSource\SnippetBox\frontend\src\main\services\SnippetManager.ts:388:10)
          at SnippetManager.createSnippet (D:\OpenSource\SnippetBox\frontend\src\main\services\SnippetManager.ts:72:12)
          at processTicksAndRejections (node:internal/process/task_queues:105:5)
          at D:\OpenSource\SnippetBox\frontend\tests\property\SnippetProperty.test.ts:144:31
          at AsyncProperty.run (D:\OpenSource\SnippetBox\frontend\node_modules\fast-check\lib\cjs\fast-check.js:1208:19)
          at asyncRunIt (D:\OpenSource\SnippetBox\frontend\node_modules\fast-check\lib\cjs\fast-check.js:2503:15)
          at Object.<anonymous> (D:\OpenSource\SnippetBox\frontend\tests\property\SnippetProperty.test.ts:106:7)

    [0m [90m 407 |[39m           console[33m.[39mlog([32m`Generated vector for snippet: ${snippetId}`[39m)[33m;[39m
     [90m 408 |[39m         } [36mcatch[39m (error) {
    [31m[1m>[22m[39m[90m 409 |[39m           console[33m.[39merror([32m`Failed to generate vector for snippet ${snippetId}:`[3
9m[33m,[39m error)[33m;[39m
     [90m     |[39m                   [31m[1m^[22m[39m
     [90m 410 |[39m         }
     [90m 411 |[39m       }
     [90m 412 |[39m     } [36mfinally[39m {[0m

      at SnippetManager.processVectorGenerationQueue (src/main/services/SnippetManager.ts:409:19)

    console.error
      Failed to generate vector for snippet snippet-588mpgmhc: TypeError: dbManager.getDb is not a function
          at VectorStore.initialize (D:\OpenSource\SnippetBox\frontend\src\main\services\VectorStore.ts:21:26)
          at VectorStore.addVector (D:\OpenSource\SnippetBox\frontend\src\main\services\VectorStore.ts:27:10)
          at SnippetManager.processVectorGenerationQueue (D:\OpenSource\SnippetBox\frontend\src\main\services\SnippetManager.ts:406:34)
          at SnippetManager.generateVectorForSnippet (D:\OpenSource\SnippetBox\frontend\src\main\services\SnippetManager.ts:388:10)
          at SnippetManager.createSnippet (D:\OpenSource\SnippetBox\frontend\src\main\services\SnippetManager.ts:72:12)
          at processTicksAndRejections (node:internal/process/task_queues:105:5)
          at D:\OpenSource\SnippetBox\frontend\tests\property\SnippetProperty.test.ts:144:31
          at AsyncProperty.run (D:\OpenSource\SnippetBox\frontend\node_modules\fast-check\lib\cjs\fast-check.js:1208:19)
          at asyncRunIt (D:\OpenSource\SnippetBox\frontend\node_modules\fast-check\lib\cjs\fast-check.js:2503:15)
          at Object.<anonymous> (D:\OpenSource\SnippetBox\frontend\tests\property\SnippetProperty.test.ts:106:7)

    [0m [90m 407 |[39m           console[33m.[39mlog([32m`Generated vector for snippet: ${snippetId}`[39m)[33m;[39m
     [90m 408 |[39m         } [36mcatch[39m (error) {
    [31m[1m>[22m[39m[90m 409 |[39m           console[33m.[39merror([32m`Failed to generate vector for snippet ${snippetId}:`[3
9m[33m,[39m error)[33m;[39m
     [90m     |[39m                   [31m[1m^[22m[39m
     [90m 410 |[39m         }
     [90m 411 |[39m       }
     [90m 412 |[39m     } [36mfinally[39m {[0m

      at SnippetManager.processVectorGenerationQueue (src/main/services/SnippetManager.ts:409:19)

    console.error
      Failed to generate vector for snippet snippet-mo6eazwnt: TypeError: dbManager.getDb is not a function
          at VectorStore.initialize (D:\OpenSource\SnippetBox\frontend\src\main\services\VectorStore.ts:21:26)
          at VectorStore.addVector (D:\OpenSource\SnippetBox\frontend\src\main\services\VectorStore.ts:27:10)
          at SnippetManager.processVectorGenerationQueue (D:\OpenSource\SnippetBox\frontend\src\main\services\SnippetManager.ts:406:34)
          at SnippetManager.generateVectorForSnippet (D:\OpenSource\SnippetBox\frontend\src\main\services\SnippetManager.ts:388:10)
          at SnippetManager.createSnippet (D:\OpenSource\SnippetBox\frontend\src\main\services\SnippetManager.ts:72:12)
          at processTicksAndRejections (node:internal/process/task_queues:105:5)
          at D:\OpenSource\SnippetBox\frontend\tests\property\SnippetProperty.test.ts:144:31
          at AsyncProperty.run (D:\OpenSource\SnippetBox\frontend\node_modules\fast-check\lib\cjs\fast-check.js:1208:19)
          at asyncRunIt (D:\OpenSource\SnippetBox\frontend\node_modules\fast-check\lib\cjs\fast-check.js:2503:15)
          at Object.<anonymous> (D:\OpenSource\SnippetBox\frontend\tests\property\SnippetProperty.test.ts:106:7)

    [0m [90m 407 |[39m           console[33m.[39mlog([32m`Generated vector for snippet: ${snippetId}`[39m)[33m;[39m
     [90m 408 |[39m         } [36mcatch[39m (error) {
    [31m[1m>[22m[39m[90m 409 |[39m           console[33m.[39merror([32m`Failed to generate vector for snippet ${snippetId}:`[3
9m[33m,[39m error)[33m;[39m
     [90m     |[39m                   [31m[1m^[22m[39m
     [90m 410 |[39m         }
     [90m 411 |[39m       }
     [90m 412 |[39m     } [36mfinally[39m {[0m

      at SnippetManager.processVectorGenerationQueue (src/main/services/SnippetManager.ts:409:19)

    console.error
      Failed to generate vector for snippet snippet-o00v7dqie: TypeError: dbManager.getDb is not a function
          at VectorStore.initialize (D:\OpenSource\SnippetBox\frontend\src\main\services\VectorStore.ts:21:26)
          at VectorStore.addVector (D:\OpenSource\SnippetBox\frontend\src\main\services\VectorStore.ts:27:10)
          at SnippetManager.processVectorGenerationQueue (D:\OpenSource\SnippetBox\frontend\src\main\services\SnippetManager.ts:406:34)
          at SnippetManager.generateVectorForSnippet (D:\OpenSource\SnippetBox\frontend\src\main\services\SnippetManager.ts:388:10)
          at SnippetManager.createSnippet (D:\OpenSource\SnippetBox\frontend\src\main\services\SnippetManager.ts:72:12)
          at processTicksAndRejections (node:internal/process/task_queues:105:5)
          at D:\OpenSource\SnippetBox\frontend\tests\property\SnippetProperty.test.ts:144:31
          at AsyncProperty.run (D:\OpenSource\SnippetBox\frontend\node_modules\fast-check\lib\cjs\fast-check.js:1208:19)
          at asyncRunIt (D:\OpenSource\SnippetBox\frontend\node_modules\fast-check\lib\cjs\fast-check.js:2503:15)
          at Object.<anonymous> (D:\OpenSource\SnippetBox\frontend\tests\property\SnippetProperty.test.ts:106:7)

    [0m [90m 407 |[39m           console[33m.[39mlog([32m`Generated vector for snippet: ${snippetId}`[39m)[33m;[39m
     [90m 408 |[39m         } [36mcatch[39m (error) {
    [31m[1m>[22m[39m[90m 409 |[39m           console[33m.[39merror([32m`Failed to generate vector for snippet ${snippetId}:`[3
9m[33m,[39m error)[33m;[39m
     [90m     |[39m                   [31m[1m^[22m[39m
     [90m 410 |[39m         }
     [90m 411 |[39m       }
     [90m 412 |[39m     } [36mfinally[39m {[0m

      at SnippetManager.processVectorGenerationQueue (src/main/services/SnippetManager.ts:409:19)

    console.error
      Failed to generate vector for snippet snippet-ax3i20y3d: TypeError: dbManager.getDb is not a function
          at VectorStore.initialize (D:\OpenSource\SnippetBox\frontend\src\main\services\VectorStore.ts:21:26)
          at VectorStore.addVector (D:\OpenSource\SnippetBox\frontend\src\main\services\VectorStore.ts:27:10)
          at SnippetManager.processVectorGenerationQueue (D:\OpenSource\SnippetBox\frontend\src\main\services\SnippetManager.ts:406:34)
          at SnippetManager.generateVectorForSnippet (D:\OpenSource\SnippetBox\frontend\src\main\services\SnippetManager.ts:388:10)
          at SnippetManager.createSnippet (D:\OpenSource\SnippetBox\frontend\src\main\services\SnippetManager.ts:72:12)
          at processTicksAndRejections (node:internal/process/task_queues:105:5)
          at D:\OpenSource\SnippetBox\frontend\tests\property\SnippetProperty.test.ts:144:31
          at AsyncProperty.run (D:\OpenSource\SnippetBox\frontend\node_modules\fast-check\lib\cjs\fast-check.js:1208:19)
          at asyncRunIt (D:\OpenSource\SnippetBox\frontend\node_modules\fast-check\lib\cjs\fast-check.js:2503:15)
          at Object.<anonymous> (D:\OpenSource\SnippetBox\frontend\tests\property\SnippetProperty.test.ts:106:7)

    [0m [90m 407 |[39m           console[33m.[39mlog([32m`Generated vector for snippet: ${snippetId}`[39m)[33m;[39m
     [90m 408 |[39m         } [36mcatch[39m (error) {
    [31m[1m>[22m[39m[90m 409 |[39m           console[33m.[39merror([32m`Failed to generate vector for snippet ${snippetId}:`[3
9m[33m,[39m error)[33m;[39m
     [90m     |[39m                   [31m[1m^[22m[39m
     [90m 410 |[39m         }
     [90m 411 |[39m       }
     [90m 412 |[39m     } [36mfinally[39m {[0m

      at SnippetManager.processVectorGenerationQueue (src/main/services/SnippetManager.ts:409:19)

    console.error
      Failed to generate vector for snippet snippet-4987672dz: TypeError: dbManager.getDb is not a function
          at VectorStore.initialize (D:\OpenSource\SnippetBox\frontend\src\main\services\VectorStore.ts:21:26)
          at VectorStore.addVector (D:\OpenSource\SnippetBox\frontend\src\main\services\VectorStore.ts:27:10)
          at SnippetManager.processVectorGenerationQueue (D:\OpenSource\SnippetBox\frontend\src\main\services\SnippetManager.ts:406:34)
          at SnippetManager.generateVectorForSnippet (D:\OpenSource\SnippetBox\frontend\src\main\services\SnippetManager.ts:388:10)
          at SnippetManager.createSnippet (D:\OpenSource\SnippetBox\frontend\src\main\services\SnippetManager.ts:72:12)
          at processTicksAndRejections (node:internal/process/task_queues:105:5)
          at D:\OpenSource\SnippetBox\frontend\tests\property\SnippetProperty.test.ts:144:31
          at AsyncProperty.run (D:\OpenSource\SnippetBox\frontend\node_modules\fast-check\lib\cjs\fast-check.js:1208:19)
          at asyncRunIt (D:\OpenSource\SnippetBox\frontend\node_modules\fast-check\lib\cjs\fast-check.js:2503:15)
          at Object.<anonymous> (D:\OpenSource\SnippetBox\frontend\tests\property\SnippetProperty.test.ts:106:7)

    [0m [90m 407 |[39m           console[33m.[39mlog([32m`Generated vector for snippet: ${snippetId}`[39m)[33m;[39m
     [90m 408 |[39m         } [36mcatch[39m (error) {
    [31m[1m>[22m[39m[90m 409 |[39m           console[33m.[39merror([32m`Failed to generate vector for snippet ${snippetId}:`[3
9m[33m,[39m error)[33m;[39m
     [90m     |[39m                   [31m[1m^[22m[39m
     [90m 410 |[39m         }
     [90m 411 |[39m       }
     [90m 412 |[39m     } [36mfinally[39m {[0m

      at SnippetManager.processVectorGenerationQueue (src/main/services/SnippetManager.ts:409:19)

    console.error
      Failed to generate vector for snippet snippet-rdzd5gqvk: TypeError: dbManager.getDb is not a function
          at VectorStore.initialize (D:\OpenSource\SnippetBox\frontend\src\main\services\VectorStore.ts:21:26)
          at VectorStore.addVector (D:\OpenSource\SnippetBox\frontend\src\main\services\VectorStore.ts:27:10)
          at SnippetManager.processVectorGenerationQueue (D:\OpenSource\SnippetBox\frontend\src\main\services\SnippetManager.ts:406:34)
          at SnippetManager.generateVectorForSnippet (D:\OpenSource\SnippetBox\frontend\src\main\services\SnippetManager.ts:388:10)
          at SnippetManager.createSnippet (D:\OpenSource\SnippetBox\frontend\src\main\services\SnippetManager.ts:72:12)
          at processTicksAndRejections (node:internal/process/task_queues:105:5)
          at D:\OpenSource\SnippetBox\frontend\tests\property\SnippetProperty.test.ts:144:31
          at AsyncProperty.run (D:\OpenSource\SnippetBox\frontend\node_modules\fast-check\lib\cjs\fast-check.js:1208:19)
          at asyncRunIt (D:\OpenSource\SnippetBox\frontend\node_modules\fast-check\lib\cjs\fast-check.js:2503:15)
          at Object.<anonymous> (D:\OpenSource\SnippetBox\frontend\tests\property\SnippetProperty.test.ts:106:7)

    [0m [90m 407 |[39m           console[33m.[39mlog([32m`Generated vector for snippet: ${snippetId}`[39m)[33m;[39m
     [90m 408 |[39m         } [36mcatch[39m (error) {
    [31m[1m>[22m[39m[90m 409 |[39m           console[33m.[39merror([32m`Failed to generate vector for snippet ${snippetId}:`[3
9m[33m,[39m error)[33m;[39m
     [90m     |[39m                   [31m[1m^[22m[39m
     [90m 410 |[39m         }
     [90m 411 |[39m       }
     [90m 412 |[39m     } [36mfinally[39m {[0m

      at SnippetManager.processVectorGenerationQueue (src/main/services/SnippetManager.ts:409:19)

    console.error
      Failed to generate vector for snippet snippet-jubx0s5bc: TypeError: dbManager.getDb is not a function
          at VectorStore.initialize (D:\OpenSource\SnippetBox\frontend\src\main\services\VectorStore.ts:21:26)
          at VectorStore.addVector (D:\OpenSource\SnippetBox\frontend\src\main\services\VectorStore.ts:27:10)
          at SnippetManager.processVectorGenerationQueue (D:\OpenSource\SnippetBox\frontend\src\main\services\SnippetManager.ts:406:34)
          at SnippetManager.generateVectorForSnippet (D:\OpenSource\SnippetBox\frontend\src\main\services\SnippetManager.ts:388:10)
          at SnippetManager.createSnippet (D:\OpenSource\SnippetBox\frontend\src\main\services\SnippetManager.ts:72:12)
          at processTicksAndRejections (node:internal/process/task_queues:105:5)
          at D:\OpenSource\SnippetBox\frontend\tests\property\SnippetProperty.test.ts:144:31
          at AsyncProperty.run (D:\OpenSource\SnippetBox\frontend\node_modules\fast-check\lib\cjs\fast-check.js:1208:19)
          at asyncRunIt (D:\OpenSource\SnippetBox\frontend\node_modules\fast-check\lib\cjs\fast-check.js:2503:15)
          at Object.<anonymous> (D:\OpenSource\SnippetBox\frontend\tests\property\SnippetProperty.test.ts:106:7)

    [0m [90m 407 |[39m           console[33m.[39mlog([32m`Generated vector for snippet: ${snippetId}`[39m)[33m;[39m
     [90m 408 |[39m         } [36mcatch[39m (error) {
    [31m[1m>[22m[39m[90m 409 |[39m           console[33m.[39merror([32m`Failed to generate vector for snippet ${snippetId}:`[3
9m[33m,[39m error)[33m;[39m
     [90m     |[39m                   [31m[1m^[22m[39m
     [90m 410 |[39m         }
     [90m 411 |[39m       }
     [90m 412 |[39m     } [36mfinally[39m {[0m

      at SnippetManager.processVectorGenerationQueue (src/main/services/SnippetManager.ts:409:19)

    console.error
      Failed to generate vector for snippet snippet-vneg15411: TypeError: dbManager.getDb is not a function
          at VectorStore.initialize (D:\OpenSource\SnippetBox\frontend\src\main\services\VectorStore.ts:21:26)
          at VectorStore.addVector (D:\OpenSource\SnippetBox\frontend\src\main\services\VectorStore.ts:27:10)
          at SnippetManager.processVectorGenerationQueue (D:\OpenSource\SnippetBox\frontend\src\main\services\SnippetManager.ts:406:34)
          at SnippetManager.generateVectorForSnippet (D:\OpenSource\SnippetBox\frontend\src\main\services\SnippetManager.ts:388:10)
          at SnippetManager.createSnippet (D:\OpenSource\SnippetBox\frontend\src\main\services\SnippetManager.ts:72:12)
          at processTicksAndRejections (node:internal/process/task_queues:105:5)
          at D:\OpenSource\SnippetBox\frontend\tests\property\SnippetProperty.test.ts:144:31
          at AsyncProperty.run (D:\OpenSource\SnippetBox\frontend\node_modules\fast-check\lib\cjs\fast-check.js:1208:19)
          at asyncRunIt (D:\OpenSource\SnippetBox\frontend\node_modules\fast-check\lib\cjs\fast-check.js:2503:15)
          at Object.<anonymous> (D:\OpenSource\SnippetBox\frontend\tests\property\SnippetProperty.test.ts:106:7)

    [0m [90m 407 |[39m           console[33m.[39mlog([32m`Generated vector for snippet: ${snippetId}`[39m)[33m;[39m
     [90m 408 |[39m         } [36mcatch[39m (error) {
    [31m[1m>[22m[39m[90m 409 |[39m           console[33m.[39merror([32m`Failed to generate vector for snippet ${snippetId}:`[3
9m[33m,[39m error)[33m;[39m
     [90m     |[39m                   [31m[1m^[22m[39m
     [90m 410 |[39m         }
     [90m 411 |[39m       }
     [90m 412 |[39m     } [36mfinally[39m {[0m

      at SnippetManager.processVectorGenerationQueue (src/main/services/SnippetManager.ts:409:19)

    console.error
      Failed to generate vector for snippet snippet-ht6pnkxv7: TypeError: dbManager.getDb is not a function
          at VectorStore.initialize (D:\OpenSource\SnippetBox\frontend\src\main\services\VectorStore.ts:21:26)
          at VectorStore.addVector (D:\OpenSource\SnippetBox\frontend\src\main\services\VectorStore.ts:27:10)
          at SnippetManager.processVectorGenerationQueue (D:\OpenSource\SnippetBox\frontend\src\main\services\SnippetManager.ts:406:34)
          at SnippetManager.generateVectorForSnippet (D:\OpenSource\SnippetBox\frontend\src\main\services\SnippetManager.ts:388:10)
          at SnippetManager.createSnippet (D:\OpenSource\SnippetBox\frontend\src\main\services\SnippetManager.ts:72:12)
          at processTicksAndRejections (node:internal/process/task_queues:105:5)
          at D:\OpenSource\SnippetBox\frontend\tests\property\SnippetProperty.test.ts:144:31
          at AsyncProperty.run (D:\OpenSource\SnippetBox\frontend\node_modules\fast-check\lib\cjs\fast-check.js:1208:19)
          at asyncRunIt (D:\OpenSource\SnippetBox\frontend\node_modules\fast-check\lib\cjs\fast-check.js:2503:15)
          at Object.<anonymous> (D:\OpenSource\SnippetBox\frontend\tests\property\SnippetProperty.test.ts:106:7)

    [0m [90m 407 |[39m           console[33m.[39mlog([32m`Generated vector for snippet: ${snippetId}`[39m)[33m;[39m
     [90m 408 |[39m         } [36mcatch[39m (error) {
    [31m[1m>[22m[39m[90m 409 |[39m           console[33m.[39merror([32m`Failed to generate vector for snippet ${snippetId}:`[3
9m[33m,[39m error)[33m;[39m
     [90m     |[39m                   [31m[1m^[22m[39m
     [90m 410 |[39m         }
     [90m 411 |[39m       }
     [90m 412 |[39m     } [36mfinally[39m {[0m

      at SnippetManager.processVectorGenerationQueue (src/main/services/SnippetManager.ts:409:19)

    console.error
      Failed to generate vector for snippet snippet-gfmakji0s: TypeError: dbManager.getDb is not a function
          at VectorStore.initialize (D:\OpenSource\SnippetBox\frontend\src\main\services\VectorStore.ts:21:26)
          at VectorStore.addVector (D:\OpenSource\SnippetBox\frontend\src\main\services\VectorStore.ts:27:10)
          at SnippetManager.processVectorGenerationQueue (D:\OpenSource\SnippetBox\frontend\src\main\services\SnippetManager.ts:406:34)
          at SnippetManager.generateVectorForSnippet (D:\OpenSource\SnippetBox\frontend\src\main\services\SnippetManager.ts:388:10)
          at SnippetManager.createSnippet (D:\OpenSource\SnippetBox\frontend\src\main\services\SnippetManager.ts:72:12)
          at processTicksAndRejections (node:internal/process/task_queues:105:5)
          at D:\OpenSource\SnippetBox\frontend\tests\property\SnippetProperty.test.ts:144:31
          at AsyncProperty.run (D:\OpenSource\SnippetBox\frontend\node_modules\fast-check\lib\cjs\fast-check.js:1208:19)
          at asyncRunIt (D:\OpenSource\SnippetBox\frontend\node_modules\fast-check\lib\cjs\fast-check.js:2503:15)
          at Object.<anonymous> (D:\OpenSource\SnippetBox\frontend\tests\property\SnippetProperty.test.ts:106:7)

    [0m [90m 407 |[39m           console[33m.[39mlog([32m`Generated vector for snippet: ${snippetId}`[39m)[33m;[39m
     [90m 408 |[39m         } [36mcatch[39m (error) {
    [31m[1m>[22m[39m[90m 409 |[39m           console[33m.[39merror([32m`Failed to generate vector for snippet ${snippetId}:`[3
9m[33m,[39m error)[33m;[39m
     [90m     |[39m                   [31m[1m^[22m[39m
     [90m 410 |[39m         }
     [90m 411 |[39m       }
     [90m 412 |[39m     } [36mfinally[39m {[0m

      at SnippetManager.processVectorGenerationQueue (src/main/services/SnippetManager.ts:409:19)

    console.error
      Failed to generate vector for snippet snippet-cbmfxhlnr: TypeError: dbManager.getDb is not a function
          at VectorStore.initialize (D:\OpenSource\SnippetBox\frontend\src\main\services\VectorStore.ts:21:26)
          at VectorStore.addVector (D:\OpenSource\SnippetBox\frontend\src\main\services\VectorStore.ts:27:10)
          at SnippetManager.processVectorGenerationQueue (D:\OpenSource\SnippetBox\frontend\src\main\services\SnippetManager.ts:406:34)
          at SnippetManager.generateVectorForSnippet (D:\OpenSource\SnippetBox\frontend\src\main\services\SnippetManager.ts:388:10)
          at SnippetManager.createSnippet (D:\OpenSource\SnippetBox\frontend\src\main\services\SnippetManager.ts:72:12)
          at processTicksAndRejections (node:internal/process/task_queues:105:5)
          at D:\OpenSource\SnippetBox\frontend\tests\property\SnippetProperty.test.ts:144:31
          at AsyncProperty.run (D:\OpenSource\SnippetBox\frontend\node_modules\fast-check\lib\cjs\fast-check.js:1208:19)
          at asyncRunIt (D:\OpenSource\SnippetBox\frontend\node_modules\fast-check\lib\cjs\fast-check.js:2503:15)
          at Object.<anonymous> (D:\OpenSource\SnippetBox\frontend\tests\property\SnippetProperty.test.ts:106:7)

    [0m [90m 407 |[39m           console[33m.[39mlog([32m`Generated vector for snippet: ${snippetId}`[39m)[33m;[39m
     [90m 408 |[39m         } [36mcatch[39m (error) {
    [31m[1m>[22m[39m[90m 409 |[39m           console[33m.[39merror([32m`Failed to generate vector for snippet ${snippetId}:`[3
9m[33m,[39m error)[33m;[39m
     [90m     |[39m                   [31m[1m^[22m[39m
     [90m 410 |[39m         }
     [90m 411 |[39m       }
     [90m 412 |[39m     } [36mfinally[39m {[0m

      at SnippetManager.processVectorGenerationQueue (src/main/services/SnippetManager.ts:409:19)

    console.error
      Failed to generate vector for snippet snippet-n4s0lmzvu: TypeError: dbManager.getDb is not a function
          at VectorStore.initialize (D:\OpenSource\SnippetBox\frontend\src\main\services\VectorStore.ts:21:26)
          at VectorStore.addVector (D:\OpenSource\SnippetBox\frontend\src\main\services\VectorStore.ts:27:10)
          at SnippetManager.processVectorGenerationQueue (D:\OpenSource\SnippetBox\frontend\src\main\services\SnippetManager.ts:406:34)
          at SnippetManager.generateVectorForSnippet (D:\OpenSource\SnippetBox\frontend\src\main\services\SnippetManager.ts:388:10)
          at SnippetManager.createSnippet (D:\OpenSource\SnippetBox\frontend\src\main\services\SnippetManager.ts:72:12)
          at processTicksAndRejections (node:internal/process/task_queues:105:5)
          at D:\OpenSource\SnippetBox\frontend\tests\property\SnippetProperty.test.ts:144:31
          at AsyncProperty.run (D:\OpenSource\SnippetBox\frontend\node_modules\fast-check\lib\cjs\fast-check.js:1208:19)
          at asyncRunIt (D:\OpenSource\SnippetBox\frontend\node_modules\fast-check\lib\cjs\fast-check.js:2503:15)
          at Object.<anonymous> (D:\OpenSource\SnippetBox\frontend\tests\property\SnippetProperty.test.ts:106:7)

    [0m [90m 407 |[39m           console[33m.[39mlog([32m`Generated vector for snippet: ${snippetId}`[39m)[33m;[39m
     [90m 408 |[39m         } [36mcatch[39m (error) {
    [31m[1m>[22m[39m[90m 409 |[39m           console[33m.[39merror([32m`Failed to generate vector for snippet ${snippetId}:`[3
9m[33m,[39m error)[33m;[39m
     [90m     |[39m                   [31m[1m^[22m[39m
     [90m 410 |[39m         }
     [90m 411 |[39m       }
     [90m 412 |[39m     } [36mfinally[39m {[0m

      at SnippetManager.processVectorGenerationQueue (src/main/services/SnippetManager.ts:409:19)

    console.error
      Failed to generate vector for snippet snippet-yfzs51e60: TypeError: dbManager.getDb is not a function
          at VectorStore.initialize (D:\OpenSource\SnippetBox\frontend\src\main\services\VectorStore.ts:21:26)
          at VectorStore.addVector (D:\OpenSource\SnippetBox\frontend\src\main\services\VectorStore.ts:27:10)
          at SnippetManager.processVectorGenerationQueue (D:\OpenSource\SnippetBox\frontend\src\main\services\SnippetManager.ts:406:34)
          at SnippetManager.generateVectorForSnippet (D:\OpenSource\SnippetBox\frontend\src\main\services\SnippetManager.ts:388:10)
          at SnippetManager.createSnippet (D:\OpenSource\SnippetBox\frontend\src\main\services\SnippetManager.ts:72:12)
          at processTicksAndRejections (node:internal/process/task_queues:105:5)
          at D:\OpenSource\SnippetBox\frontend\tests\property\SnippetProperty.test.ts:144:31
          at AsyncProperty.run (D:\OpenSource\SnippetBox\frontend\node_modules\fast-check\lib\cjs\fast-check.js:1208:19)
          at asyncRunIt (D:\OpenSource\SnippetBox\frontend\node_modules\fast-check\lib\cjs\fast-check.js:2503:15)
          at Object.<anonymous> (D:\OpenSource\SnippetBox\frontend\tests\property\SnippetProperty.test.ts:106:7)

    [0m [90m 407 |[39m           console[33m.[39mlog([32m`Generated vector for snippet: ${snippetId}`[39m)[33m;[39m
     [90m 408 |[39m         } [36mcatch[39m (error) {
    [31m[1m>[22m[39m[90m 409 |[39m           console[33m.[39merror([32m`Failed to generate vector for snippet ${snippetId}:`[3
9m[33m,[39m error)[33m;[39m
     [90m     |[39m                   [31m[1m^[22m[39m
     [90m 410 |[39m         }
     [90m 411 |[39m       }
     [90m 412 |[39m     } [36mfinally[39m {[0m

      at SnippetManager.processVectorGenerationQueue (src/main/services/SnippetManager.ts:409:19)

    console.error
      Failed to generate vector for snippet snippet-ury2tpazh: TypeError: dbManager.getDb is not a function
          at VectorStore.initialize (D:\OpenSource\SnippetBox\frontend\src\main\services\VectorStore.ts:21:26)
          at VectorStore.addVector (D:\OpenSource\SnippetBox\frontend\src\main\services\VectorStore.ts:27:10)
          at SnippetManager.processVectorGenerationQueue (D:\OpenSource\SnippetBox\frontend\src\main\services\SnippetManager.ts:406:34)
          at SnippetManager.generateVectorForSnippet (D:\OpenSource\SnippetBox\frontend\src\main\services\SnippetManager.ts:388:10)
          at SnippetManager.createSnippet (D:\OpenSource\SnippetBox\frontend\src\main\services\SnippetManager.ts:72:12)
          at processTicksAndRejections (node:internal/process/task_queues:105:5)
          at D:\OpenSource\SnippetBox\frontend\tests\property\SnippetProperty.test.ts:144:31
          at AsyncProperty.run (D:\OpenSource\SnippetBox\frontend\node_modules\fast-check\lib\cjs\fast-check.js:1208:19)
          at asyncRunIt (D:\OpenSource\SnippetBox\frontend\node_modules\fast-check\lib\cjs\fast-check.js:2503:15)
          at Object.<anonymous> (D:\OpenSource\SnippetBox\frontend\tests\property\SnippetProperty.test.ts:106:7)

    [0m [90m 407 |[39m           console[33m.[39mlog([32m`Generated vector for snippet: ${snippetId}`[39m)[33m;[39m
     [90m 408 |[39m         } [36mcatch[39m (error) {
    [31m[1m>[22m[39m[90m 409 |[39m           console[33m.[39merror([32m`Failed to generate vector for snippet ${snippetId}:`[3
9m[33m,[39m error)[33m;[39m
     [90m     |[39m                   [31m[1m^[22m[39m
     [90m 410 |[39m         }
     [90m 411 |[39m       }
     [90m 412 |[39m     } [36mfinally[39m {[0m

      at SnippetManager.processVectorGenerationQueue (src/main/services/SnippetManager.ts:409:19)

    console.error
      Failed to generate vector for snippet snippet-gjpz968c5: TypeError: dbManager.getDb is not a function
          at VectorStore.initialize (D:\OpenSource\SnippetBox\frontend\src\main\services\VectorStore.ts:21:26)
          at VectorStore.addVector (D:\OpenSource\SnippetBox\frontend\src\main\services\VectorStore.ts:27:10)
          at SnippetManager.processVectorGenerationQueue (D:\OpenSource\SnippetBox\frontend\src\main\services\SnippetManager.ts:406:34)
          at SnippetManager.generateVectorForSnippet (D:\OpenSource\SnippetBox\frontend\src\main\services\SnippetManager.ts:388:10)
          at SnippetManager.createSnippet (D:\OpenSource\SnippetBox\frontend\src\main\services\SnippetManager.ts:72:12)
          at processTicksAndRejections (node:internal/process/task_queues:105:5)
          at D:\OpenSource\SnippetBox\frontend\tests\property\SnippetProperty.test.ts:144:31
          at AsyncProperty.run (D:\OpenSource\SnippetBox\frontend\node_modules\fast-check\lib\cjs\fast-check.js:1208:19)
          at asyncRunIt (D:\OpenSource\SnippetBox\frontend\node_modules\fast-check\lib\cjs\fast-check.js:2503:15)
          at Object.<anonymous> (D:\OpenSource\SnippetBox\frontend\tests\property\SnippetProperty.test.ts:106:7)

    [0m [90m 407 |[39m           console[33m.[39mlog([32m`Generated vector for snippet: ${snippetId}`[39m)[33m;[39m
     [90m 408 |[39m         } [36mcatch[39m (error) {
    [31m[1m>[22m[39m[90m 409 |[39m           console[33m.[39merror([32m`Failed to generate vector for snippet ${snippetId}:`[3
9m[33m,[39m error)[33m;[39m
     [90m     |[39m                   [31m[1m^[22m[39m
     [90m 410 |[39m         }
     [90m 411 |[39m       }
     [90m 412 |[39m     } [36mfinally[39m {[0m

      at SnippetManager.processVectorGenerationQueue (src/main/services/SnippetManager.ts:409:19)

    console.error
      Failed to generate vector for snippet snippet-56uo1ad2j: TypeError: dbManager.getDb is not a function
          at VectorStore.initialize (D:\OpenSource\SnippetBox\frontend\src\main\services\VectorStore.ts:21:26)
          at VectorStore.addVector (D:\OpenSource\SnippetBox\frontend\src\main\services\VectorStore.ts:27:10)
          at SnippetManager.processVectorGenerationQueue (D:\OpenSource\SnippetBox\frontend\src\main\services\SnippetManager.ts:406:34)
          at SnippetManager.generateVectorForSnippet (D:\OpenSource\SnippetBox\frontend\src\main\services\SnippetManager.ts:388:10)
          at SnippetManager.createSnippet (D:\OpenSource\SnippetBox\frontend\src\main\services\SnippetManager.ts:72:12)
          at processTicksAndRejections (node:internal/process/task_queues:105:5)
          at D:\OpenSource\SnippetBox\frontend\tests\property\SnippetProperty.test.ts:144:31
          at AsyncProperty.run (D:\OpenSource\SnippetBox\frontend\node_modules\fast-check\lib\cjs\fast-check.js:1208:19)
          at asyncRunIt (D:\OpenSource\SnippetBox\frontend\node_modules\fast-check\lib\cjs\fast-check.js:2503:15)
          at Object.<anonymous> (D:\OpenSource\SnippetBox\frontend\tests\property\SnippetProperty.test.ts:106:7)

    [0m [90m 407 |[39m           console[33m.[39mlog([32m`Generated vector for snippet: ${snippetId}`[39m)[33m;[39m
     [90m 408 |[39m         } [36mcatch[39m (error) {
    [31m[1m>[22m[39m[90m 409 |[39m           console[33m.[39merror([32m`Failed to generate vector for snippet ${snippetId}:`[3
9m[33m,[39m error)[33m;[39m
     [90m     |[39m                   [31m[1m^[22m[39m
     [90m 410 |[39m         }
     [90m 411 |[39m       }
     [90m 412 |[39m     } [36mfinally[39m {[0m

      at SnippetManager.processVectorGenerationQueue (src/main/services/SnippetManager.ts:409:19)

    console.error
      Failed to generate vector for snippet snippet-58c2zijxv: TypeError: dbManager.getDb is not a function
          at VectorStore.initialize (D:\OpenSource\SnippetBox\frontend\src\main\services\VectorStore.ts:21:26)
          at VectorStore.addVector (D:\OpenSource\SnippetBox\frontend\src\main\services\VectorStore.ts:27:10)
          at SnippetManager.processVectorGenerationQueue (D:\OpenSource\SnippetBox\frontend\src\main\services\SnippetManager.ts:406:34)
          at SnippetManager.generateVectorForSnippet (D:\OpenSource\SnippetBox\frontend\src\main\services\SnippetManager.ts:388:10)
          at SnippetManager.createSnippet (D:\OpenSource\SnippetBox\frontend\src\main\services\SnippetManager.ts:72:12)
          at processTicksAndRejections (node:internal/process/task_queues:105:5)
          at D:\OpenSource\SnippetBox\frontend\tests\property\SnippetProperty.test.ts:144:31
          at AsyncProperty.run (D:\OpenSource\SnippetBox\frontend\node_modules\fast-check\lib\cjs\fast-check.js:1208:19)
          at asyncRunIt (D:\OpenSource\SnippetBox\frontend\node_modules\fast-check\lib\cjs\fast-check.js:2503:15)
          at Object.<anonymous> (D:\OpenSource\SnippetBox\frontend\tests\property\SnippetProperty.test.ts:106:7)

    [0m [90m 407 |[39m           console[33m.[39mlog([32m`Generated vector for snippet: ${snippetId}`[39m)[33m;[39m
     [90m 408 |[39m         } [36mcatch[39m (error) {
    [31m[1m>[22m[39m[90m 409 |[39m           console[33m.[39merror([32m`Failed to generate vector for snippet ${snippetId}:`[3
9m[33m,[39m error)[33m;[39m
     [90m     |[39m                   [31m[1m^[22m[39m
     [90m 410 |[39m         }
     [90m 411 |[39m       }
     [90m 412 |[39m     } [36mfinally[39m {[0m

      at SnippetManager.processVectorGenerationQueue (src/main/services/SnippetManager.ts:409:19)

    console.error
      Failed to generate vector for snippet snippet-cin26luzw: TypeError: dbManager.getDb is not a function
          at VectorStore.initialize (D:\OpenSource\SnippetBox\frontend\src\main\services\VectorStore.ts:21:26)
          at VectorStore.addVector (D:\OpenSource\SnippetBox\frontend\src\main\services\VectorStore.ts:27:10)
          at SnippetManager.processVectorGenerationQueue (D:\OpenSource\SnippetBox\frontend\src\main\services\SnippetManager.ts:406:34)
          at SnippetManager.generateVectorForSnippet (D:\OpenSource\SnippetBox\frontend\src\main\services\SnippetManager.ts:388:10)
          at SnippetManager.createSnippet (D:\OpenSource\SnippetBox\frontend\src\main\services\SnippetManager.ts:72:12)
          at processTicksAndRejections (node:internal/process/task_queues:105:5)
          at D:\OpenSource\SnippetBox\frontend\tests\property\SnippetProperty.test.ts:144:31
          at AsyncProperty.run (D:\OpenSource\SnippetBox\frontend\node_modules\fast-check\lib\cjs\fast-check.js:1208:19)
          at asyncRunIt (D:\OpenSource\SnippetBox\frontend\node_modules\fast-check\lib\cjs\fast-check.js:2503:15)
          at Object.<anonymous> (D:\OpenSource\SnippetBox\frontend\tests\property\SnippetProperty.test.ts:106:7)

    [0m [90m 407 |[39m           console[33m.[39mlog([32m`Generated vector for snippet: ${snippetId}`[39m)[33m;[39m
     [90m 408 |[39m         } [36mcatch[39m (error) {
    [31m[1m>[22m[39m[90m 409 |[39m           console[33m.[39merror([32m`Failed to generate vector for snippet ${snippetId}:`[3
9m[33m,[39m error)[33m;[39m
     [90m     |[39m                   [31m[1m^[22m[39m
     [90m 410 |[39m         }
     [90m 411 |[39m       }
     [90m 412 |[39m     } [36mfinally[39m {[0m

      at SnippetManager.processVectorGenerationQueue (src/main/services/SnippetManager.ts:409:19)

    console.error
      Failed to generate vector for snippet snippet-qjrstvxnq: TypeError: dbManager.getDb is not a function
          at VectorStore.initialize (D:\OpenSource\SnippetBox\frontend\src\main\services\VectorStore.ts:21:26)
          at VectorStore.addVector (D:\OpenSource\SnippetBox\frontend\src\main\services\VectorStore.ts:27:10)
          at SnippetManager.processVectorGenerationQueue (D:\OpenSource\SnippetBox\frontend\src\main\services\SnippetManager.ts:406:34)
          at SnippetManager.generateVectorForSnippet (D:\OpenSource\SnippetBox\frontend\src\main\services\SnippetManager.ts:388:10)
          at SnippetManager.createSnippet (D:\OpenSource\SnippetBox\frontend\src\main\services\SnippetManager.ts:72:12)
          at processTicksAndRejections (node:internal/process/task_queues:105:5)
          at D:\OpenSource\SnippetBox\frontend\tests\property\SnippetProperty.test.ts:144:31
          at AsyncProperty.run (D:\OpenSource\SnippetBox\frontend\node_modules\fast-check\lib\cjs\fast-check.js:1208:19)
          at asyncRunIt (D:\OpenSource\SnippetBox\frontend\node_modules\fast-check\lib\cjs\fast-check.js:2503:15)
          at Object.<anonymous> (D:\OpenSource\SnippetBox\frontend\tests\property\SnippetProperty.test.ts:106:7)

    [0m [90m 407 |[39m           console[33m.[39mlog([32m`Generated vector for snippet: ${snippetId}`[39m)[33m;[39m
     [90m 408 |[39m         } [36mcatch[39m (error) {
    [31m[1m>[22m[39m[90m 409 |[39m           console[33m.[39merror([32m`Failed to generate vector for snippet ${snippetId}:`[3
9m[33m,[39m error)[33m;[39m
     [90m     |[39m                   [31m[1m^[22m[39m
     [90m 410 |[39m         }
     [90m 411 |[39m       }
     [90m 412 |[39m     } [36mfinally[39m {[0m

      at SnippetManager.processVectorGenerationQueue (src/main/services/SnippetManager.ts:409:19)

    console.error
      Failed to generate vector for snippet snippet-4aucxo35m: TypeError: dbManager.getDb is not a function
          at VectorStore.initialize (D:\OpenSource\SnippetBox\frontend\src\main\services\VectorStore.ts:21:26)
          at VectorStore.addVector (D:\OpenSource\SnippetBox\frontend\src\main\services\VectorStore.ts:27:10)
          at SnippetManager.processVectorGenerationQueue (D:\OpenSource\SnippetBox\frontend\src\main\services\SnippetManager.ts:406:34)
          at SnippetManager.generateVectorForSnippet (D:\OpenSource\SnippetBox\frontend\src\main\services\SnippetManager.ts:388:10)
          at SnippetManager.createSnippet (D:\OpenSource\SnippetBox\frontend\src\main\services\SnippetManager.ts:72:12)
          at processTicksAndRejections (node:internal/process/task_queues:105:5)
          at D:\OpenSource\SnippetBox\frontend\tests\property\SnippetProperty.test.ts:144:31
          at AsyncProperty.run (D:\OpenSource\SnippetBox\frontend\node_modules\fast-check\lib\cjs\fast-check.js:1208:19)
          at asyncRunIt (D:\OpenSource\SnippetBox\frontend\node_modules\fast-check\lib\cjs\fast-check.js:2503:15)
          at Object.<anonymous> (D:\OpenSource\SnippetBox\frontend\tests\property\SnippetProperty.test.ts:106:7)

    [0m [90m 407 |[39m           console[33m.[39mlog([32m`Generated vector for snippet: ${snippetId}`[39m)[33m;[39m
     [90m 408 |[39m         } [36mcatch[39m (error) {
    [31m[1m>[22m[39m[90m 409 |[39m           console[33m.[39merror([32m`Failed to generate vector for snippet ${snippetId}:`[3
9m[33m,[39m error)[33m;[39m
     [90m     |[39m                   [31m[1m^[22m[39m
     [90m 410 |[39m         }
     [90m 411 |[39m       }
     [90m 412 |[39m     } [36mfinally[39m {[0m

      at SnippetManager.processVectorGenerationQueue (src/main/services/SnippetManager.ts:409:19)

    console.error
      Failed to generate vector for snippet snippet-ou5y8p6tu: TypeError: dbManager.getDb is not a function
          at VectorStore.initialize (D:\OpenSource\SnippetBox\frontend\src\main\services\VectorStore.ts:21:26)
          at VectorStore.addVector (D:\OpenSource\SnippetBox\frontend\src\main\services\VectorStore.ts:27:10)
          at SnippetManager.processVectorGenerationQueue (D:\OpenSource\SnippetBox\frontend\src\main\services\SnippetManager.ts:406:34)
          at SnippetManager.generateVectorForSnippet (D:\OpenSource\SnippetBox\frontend\src\main\services\SnippetManager.ts:388:10)
          at SnippetManager.createSnippet (D:\OpenSource\SnippetBox\frontend\src\main\services\SnippetManager.ts:72:12)
          at processTicksAndRejections (node:internal/process/task_queues:105:5)
          at D:\OpenSource\SnippetBox\frontend\tests\property\SnippetProperty.test.ts:144:31
          at AsyncProperty.run (D:\OpenSource\SnippetBox\frontend\node_modules\fast-check\lib\cjs\fast-check.js:1208:19)
          at asyncRunIt (D:\OpenSource\SnippetBox\frontend\node_modules\fast-check\lib\cjs\fast-check.js:2503:15)
          at Object.<anonymous> (D:\OpenSource\SnippetBox\frontend\tests\property\SnippetProperty.test.ts:106:7)

    [0m [90m 407 |[39m           console[33m.[39mlog([32m`Generated vector for snippet: ${snippetId}`[39m)[33m;[39m
     [90m 408 |[39m         } [36mcatch[39m (error) {
    [31m[1m>[22m[39m[90m 409 |[39m           console[33m.[39merror([32m`Failed to generate vector for snippet ${snippetId}:`[3
9m[33m,[39m error)[33m;[39m
     [90m     |[39m                   [31m[1m^[22m[39m
     [90m 410 |[39m         }
     [90m 411 |[39m       }
     [90m 412 |[39m     } [36mfinally[39m {[0m

      at SnippetManager.processVectorGenerationQueue (src/main/services/SnippetManager.ts:409:19)

    console.error
      Failed to generate vector for snippet snippet-xdax8cqbo: TypeError: dbManager.getDb is not a function
          at VectorStore.initialize (D:\OpenSource\SnippetBox\frontend\src\main\services\VectorStore.ts:21:26)
          at VectorStore.addVector (D:\OpenSource\SnippetBox\frontend\src\main\services\VectorStore.ts:27:10)
          at SnippetManager.processVectorGenerationQueue (D:\OpenSource\SnippetBox\frontend\src\main\services\SnippetManager.ts:406:34)
          at SnippetManager.generateVectorForSnippet (D:\OpenSource\SnippetBox\frontend\src\main\services\SnippetManager.ts:388:10)
          at SnippetManager.createSnippet (D:\OpenSource\SnippetBox\frontend\src\main\services\SnippetManager.ts:72:12)
          at processTicksAndRejections (node:internal/process/task_queues:105:5)
          at D:\OpenSource\SnippetBox\frontend\tests\property\SnippetProperty.test.ts:144:31
          at AsyncProperty.run (D:\OpenSource\SnippetBox\frontend\node_modules\fast-check\lib\cjs\fast-check.js:1208:19)
          at asyncRunIt (D:\OpenSource\SnippetBox\frontend\node_modules\fast-check\lib\cjs\fast-check.js:2503:15)
          at Object.<anonymous> (D:\OpenSource\SnippetBox\frontend\tests\property\SnippetProperty.test.ts:106:7)

    [0m [90m 407 |[39m           console[33m.[39mlog([32m`Generated vector for snippet: ${snippetId}`[39m)[33m;[39m
     [90m 408 |[39m         } [36mcatch[39m (error) {
    [31m[1m>[22m[39m[90m 409 |[39m           console[33m.[39merror([32m`Failed to generate vector for snippet ${snippetId}:`[3
9m[33m,[39m error)[33m;[39m
     [90m     |[39m                   [31m[1m^[22m[39m
     [90m 410 |[39m         }
     [90m 411 |[39m       }
     [90m 412 |[39m     } [36mfinally[39m {[0m

      at SnippetManager.processVectorGenerationQueue (src/main/services/SnippetManager.ts:409:19)

    console.error
      Failed to generate vector for snippet snippet-29jc8v1az: TypeError: dbManager.getDb is not a function
          at VectorStore.initialize (D:\OpenSource\SnippetBox\frontend\src\main\services\VectorStore.ts:21:26)
          at VectorStore.addVector (D:\OpenSource\SnippetBox\frontend\src\main\services\VectorStore.ts:27:10)
          at SnippetManager.processVectorGenerationQueue (D:\OpenSource\SnippetBox\frontend\src\main\services\SnippetManager.ts:406:34)
          at SnippetManager.generateVectorForSnippet (D:\OpenSource\SnippetBox\frontend\src\main\services\SnippetManager.ts:388:10)
          at SnippetManager.createSnippet (D:\OpenSource\SnippetBox\frontend\src\main\services\SnippetManager.ts:72:12)
          at processTicksAndRejections (node:internal/process/task_queues:105:5)
          at D:\OpenSource\SnippetBox\frontend\tests\property\SnippetProperty.test.ts:144:31
          at AsyncProperty.run (D:\OpenSource\SnippetBox\frontend\node_modules\fast-check\lib\cjs\fast-check.js:1208:19)
          at asyncRunIt (D:\OpenSource\SnippetBox\frontend\node_modules\fast-check\lib\cjs\fast-check.js:2503:15)
          at Object.<anonymous> (D:\OpenSource\SnippetBox\frontend\tests\property\SnippetProperty.test.ts:106:7)

    [0m [90m 407 |[39m           console[33m.[39mlog([32m`Generated vector for snippet: ${snippetId}`[39m)[33m;[39m
     [90m 408 |[39m         } [36mcatch[39m (error) {
    [31m[1m>[22m[39m[90m 409 |[39m           console[33m.[39merror([32m`Failed to generate vector for snippet ${snippetId}:`[3
9m[33m,[39m error)[33m;[39m
     [90m     |[39m                   [31m[1m^[22m[39m
     [90m 410 |[39m         }
     [90m 411 |[39m       }
     [90m 412 |[39m     } [36mfinally[39m {[0m

      at SnippetManager.processVectorGenerationQueue (src/main/services/SnippetManager.ts:409:19)

    console.error
      Failed to generate vector for snippet snippet-eg4wmb8yq: TypeError: dbManager.getDb is not a function
          at VectorStore.initialize (D:\OpenSource\SnippetBox\frontend\src\main\services\VectorStore.ts:21:26)
          at VectorStore.addVector (D:\OpenSource\SnippetBox\frontend\src\main\services\VectorStore.ts:27:10)
          at SnippetManager.processVectorGenerationQueue (D:\OpenSource\SnippetBox\frontend\src\main\services\SnippetManager.ts:406:34)
          at SnippetManager.generateVectorForSnippet (D:\OpenSource\SnippetBox\frontend\src\main\services\SnippetManager.ts:388:10)
          at SnippetManager.createSnippet (D:\OpenSource\SnippetBox\frontend\src\main\services\SnippetManager.ts:72:12)
          at processTicksAndRejections (node:internal/process/task_queues:105:5)
          at D:\OpenSource\SnippetBox\frontend\tests\property\SnippetProperty.test.ts:144:31
          at AsyncProperty.run (D:\OpenSource\SnippetBox\frontend\node_modules\fast-check\lib\cjs\fast-check.js:1208:19)
          at asyncRunIt (D:\OpenSource\SnippetBox\frontend\node_modules\fast-check\lib\cjs\fast-check.js:2503:15)
          at Object.<anonymous> (D:\OpenSource\SnippetBox\frontend\tests\property\SnippetProperty.test.ts:106:7)

    [0m [90m 407 |[39m           console[33m.[39mlog([32m`Generated vector for snippet: ${snippetId}`[39m)[33m;[39m
     [90m 408 |[39m         } [36mcatch[39m (error) {
    [31m[1m>[22m[39m[90m 409 |[39m           console[33m.[39merror([32m`Failed to generate vector for snippet ${snippetId}:`[3
9m[33m,[39m error)[33m;[39m
     [90m     |[39m                   [31m[1m^[22m[39m
     [90m 410 |[39m         }
     [90m 411 |[39m       }
     [90m 412 |[39m     } [36mfinally[39m {[0m

      at SnippetManager.processVectorGenerationQueue (src/main/services/SnippetManager.ts:409:19)

    console.error
      Failed to generate vector for snippet snippet-fj9y4nuxr: TypeError: dbManager.getDb is not a function
          at VectorStore.initialize (D:\OpenSource\SnippetBox\frontend\src\main\services\VectorStore.ts:21:26)
          at VectorStore.addVector (D:\OpenSource\SnippetBox\frontend\src\main\services\VectorStore.ts:27:10)
          at SnippetManager.processVectorGenerationQueue (D:\OpenSource\SnippetBox\frontend\src\main\services\SnippetManager.ts:406:34)
          at SnippetManager.generateVectorForSnippet (D:\OpenSource\SnippetBox\frontend\src\main\services\SnippetManager.ts:388:10)
          at SnippetManager.createSnippet (D:\OpenSource\SnippetBox\frontend\src\main\services\SnippetManager.ts:72:12)
          at processTicksAndRejections (node:internal/process/task_queues:105:5)
          at D:\OpenSource\SnippetBox\frontend\tests\property\SnippetProperty.test.ts:144:31
          at AsyncProperty.run (D:\OpenSource\SnippetBox\frontend\node_modules\fast-check\lib\cjs\fast-check.js:1208:19)
          at asyncRunIt (D:\OpenSource\SnippetBox\frontend\node_modules\fast-check\lib\cjs\fast-check.js:2503:15)
          at Object.<anonymous> (D:\OpenSource\SnippetBox\frontend\tests\property\SnippetProperty.test.ts:106:7)

    [0m [90m 407 |[39m           console[33m.[39mlog([32m`Generated vector for snippet: ${snippetId}`[39m)[33m;[39m
     [90m 408 |[39m         } [36mcatch[39m (error) {
    [31m[1m>[22m[39m[90m 409 |[39m           console[33m.[39merror([32m`Failed to generate vector for snippet ${snippetId}:`[3
9m[33m,[39m error)[33m;[39m
     [90m     |[39m                   [31m[1m^[22m[39m
     [90m 410 |[39m         }
     [90m 411 |[39m       }
     [90m 412 |[39m     } [36mfinally[39m {[0m

      at SnippetManager.processVectorGenerationQueue (src/main/services/SnippetManager.ts:409:19)

    console.error
      Failed to generate vector for snippet snippet-7lkjj9e41: TypeError: dbManager.getDb is not a function
          at VectorStore.initialize (D:\OpenSource\SnippetBox\frontend\src\main\services\VectorStore.ts:21:26)
          at VectorStore.addVector (D:\OpenSource\SnippetBox\frontend\src\main\services\VectorStore.ts:27:10)
          at SnippetManager.processVectorGenerationQueue (D:\OpenSource\SnippetBox\frontend\src\main\services\SnippetManager.ts:406:34)
          at SnippetManager.generateVectorForSnippet (D:\OpenSource\SnippetBox\frontend\src\main\services\SnippetManager.ts:388:10)
          at SnippetManager.createSnippet (D:\OpenSource\SnippetBox\frontend\src\main\services\SnippetManager.ts:72:12)
          at processTicksAndRejections (node:internal/process/task_queues:105:5)
          at D:\OpenSource\SnippetBox\frontend\tests\property\SnippetProperty.test.ts:144:31
          at AsyncProperty.run (D:\OpenSource\SnippetBox\frontend\node_modules\fast-check\lib\cjs\fast-check.js:1208:19)
          at asyncRunIt (D:\OpenSource\SnippetBox\frontend\node_modules\fast-check\lib\cjs\fast-check.js:2503:15)
          at Object.<anonymous> (D:\OpenSource\SnippetBox\frontend\tests\property\SnippetProperty.test.ts:106:7)

    [0m [90m 407 |[39m           console[33m.[39mlog([32m`Generated vector for snippet: ${snippetId}`[39m)[33m;[39m
     [90m 408 |[39m         } [36mcatch[39m (error) {
    [31m[1m>[22m[39m[90m 409 |[39m           console[33m.[39merror([32m`Failed to generate vector for snippet ${snippetId}:`[3
9m[33m,[39m error)[33m;[39m
     [90m     |[39m                   [31m[1m^[22m[39m
     [90m 410 |[39m         }
     [90m 411 |[39m       }
     [90m 412 |[39m     } [36mfinally[39m {[0m

      at SnippetManager.processVectorGenerationQueue (src/main/services/SnippetManager.ts:409:19)

    console.error
      Failed to generate vector for snippet snippet-ysyb7p72f: TypeError: dbManager.getDb is not a function
          at VectorStore.initialize (D:\OpenSource\SnippetBox\frontend\src\main\services\VectorStore.ts:21:26)
          at VectorStore.addVector (D:\OpenSource\SnippetBox\frontend\src\main\services\VectorStore.ts:27:10)
          at SnippetManager.processVectorGenerationQueue (D:\OpenSource\SnippetBox\frontend\src\main\services\SnippetManager.ts:406:34)
          at SnippetManager.generateVectorForSnippet (D:\OpenSource\SnippetBox\frontend\src\main\services\SnippetManager.ts:388:10)
          at SnippetManager.createSnippet (D:\OpenSource\SnippetBox\frontend\src\main\services\SnippetManager.ts:72:12)
          at processTicksAndRejections (node:internal/process/task_queues:105:5)
          at D:\OpenSource\SnippetBox\frontend\tests\property\SnippetProperty.test.ts:144:31
          at AsyncProperty.run (D:\OpenSource\SnippetBox\frontend\node_modules\fast-check\lib\cjs\fast-check.js:1208:19)
          at asyncRunIt (D:\OpenSource\SnippetBox\frontend\node_modules\fast-check\lib\cjs\fast-check.js:2503:15)
          at Object.<anonymous> (D:\OpenSource\SnippetBox\frontend\tests\property\SnippetProperty.test.ts:106:7)

    [0m [90m 407 |[39m           console[33m.[39mlog([32m`Generated vector for snippet: ${snippetId}`[39m)[33m;[39m
     [90m 408 |[39m         } [36mcatch[39m (error) {
    [31m[1m>[22m[39m[90m 409 |[39m           console[33m.[39merror([32m`Failed to generate vector for snippet ${snippetId}:`[3
9m[33m,[39m error)[33m;[39m
     [90m     |[39m                   [31m[1m^[22m[39m
     [90m 410 |[39m         }
     [90m 411 |[39m       }
     [90m 412 |[39m     } [36mfinally[39m {[0m

      at SnippetManager.processVectorGenerationQueue (src/main/services/SnippetManager.ts:409:19)

    console.error
      Failed to generate vector for snippet snippet-yeoqnzn4p: TypeError: dbManager.getDb is not a function
          at VectorStore.initialize (D:\OpenSource\SnippetBox\frontend\src\main\services\VectorStore.ts:21:26)
          at VectorStore.addVector (D:\OpenSource\SnippetBox\frontend\src\main\services\VectorStore.ts:27:10)
          at SnippetManager.processVectorGenerationQueue (D:\OpenSource\SnippetBox\frontend\src\main\services\SnippetManager.ts:406:34)
          at SnippetManager.generateVectorForSnippet (D:\OpenSource\SnippetBox\frontend\src\main\services\SnippetManager.ts:388:10)
          at SnippetManager.createSnippet (D:\OpenSource\SnippetBox\frontend\src\main\services\SnippetManager.ts:72:12)
          at processTicksAndRejections (node:internal/process/task_queues:105:5)
          at D:\OpenSource\SnippetBox\frontend\tests\property\SnippetProperty.test.ts:144:31
          at AsyncProperty.run (D:\OpenSource\SnippetBox\frontend\node_modules\fast-check\lib\cjs\fast-check.js:1208:19)
          at asyncRunIt (D:\OpenSource\SnippetBox\frontend\node_modules\fast-check\lib\cjs\fast-check.js:2503:15)
          at Object.<anonymous> (D:\OpenSource\SnippetBox\frontend\tests\property\SnippetProperty.test.ts:106:7)

    [0m [90m 407 |[39m           console[33m.[39mlog([32m`Generated vector for snippet: ${snippetId}`[39m)[33m;[39m
     [90m 408 |[39m         } [36mcatch[39m (error) {
    [31m[1m>[22m[39m[90m 409 |[39m           console[33m.[39merror([32m`Failed to generate vector for snippet ${snippetId}:`[3
9m[33m,[39m error)[33m;[39m
     [90m     |[39m                   [31m[1m^[22m[39m
     [90m 410 |[39m         }
     [90m 411 |[39m       }
     [90m 412 |[39m     } [36mfinally[39m {[0m

      at SnippetManager.processVectorGenerationQueue (src/main/services/SnippetManager.ts:409:19)

    console.error
      Failed to generate vector for snippet test-snippet-id: TypeError: dbManager.getDb is not a function
          at VectorStore.initialize (D:\OpenSource\SnippetBox\frontend\src\main\services\VectorStore.ts:21:26)
          at VectorStore.addVector (D:\OpenSource\SnippetBox\frontend\src\main\services\VectorStore.ts:27:10)
          at SnippetManager.processVectorGenerationQueue (D:\OpenSource\SnippetBox\frontend\src\main\services\SnippetManager.ts:406:34)
          at SnippetManager.generateVectorForSnippet (D:\OpenSource\SnippetBox\frontend\src\main\services\SnippetManager.ts:388:10)
          at SnippetManager.createSnippet (D:\OpenSource\SnippetBox\frontend\src\main\services\SnippetManager.ts:72:12)
          at processTicksAndRejections (node:internal/process/task_queues:105:5)
          at D:\OpenSource\SnippetBox\frontend\tests\property\SnippetProperty.test.ts:208:36
          at AsyncProperty.run (D:\OpenSource\SnippetBox\frontend\node_modules\fast-check\lib\cjs\fast-check.js:1208:19)
          at asyncRunIt (D:\OpenSource\SnippetBox\frontend\node_modules\fast-check\lib\cjs\fast-check.js:2503:15)
          at Object.<anonymous> (D:\OpenSource\SnippetBox\frontend\tests\property\SnippetProperty.test.ts:157:7)

    [0m [90m 407 |[39m           console[33m.[39mlog([32m`Generated vector for snippet: ${snippetId}`[39m)[33m;[39m
     [90m 408 |[39m         } [36mcatch[39m (error) {
    [31m[1m>[22m[39m[90m 409 |[39m           console[33m.[39merror([32m`Failed to generate vector for snippet ${snippetId}:`[3
9m[33m,[39m error)[33m;[39m
     [90m     |[39m                   [31m[1m^[22m[39m
     [90m 410 |[39m         }
     [90m 411 |[39m       }
     [90m 412 |[39m     } [36mfinally[39m {[0m

      at SnippetManager.processVectorGenerationQueue (src/main/services/SnippetManager.ts:409:19)

    console.error
      Failed to generate vector for snippet test-snippet-id: TypeError: dbManager.getDb is not a function
          at VectorStore.initialize (D:\OpenSource\SnippetBox\frontend\src\main\services\VectorStore.ts:21:26)
          at VectorStore.addVector (D:\OpenSource\SnippetBox\frontend\src\main\services\VectorStore.ts:27:10)
          at SnippetManager.processVectorGenerationQueue (D:\OpenSource\SnippetBox\frontend\src\main\services\SnippetManager.ts:406:34)
          at SnippetManager.generateVectorForSnippet (D:\OpenSource\SnippetBox\frontend\src\main\services\SnippetManager.ts:388:10)
          at SnippetManager.updateSnippet (D:\OpenSource\SnippetBox\frontend\src\main\services\SnippetManager.ts:223:12)
          at processTicksAndRejections (node:internal/process/task_queues:105:5)
          at D:\OpenSource\SnippetBox\frontend\tests\property\SnippetProperty.test.ts:211:36
          at AsyncProperty.run (D:\OpenSource\SnippetBox\frontend\node_modules\fast-check\lib\cjs\fast-check.js:1208:19)
          at asyncRunIt (D:\OpenSource\SnippetBox\frontend\node_modules\fast-check\lib\cjs\fast-check.js:2503:15)
          at Object.<anonymous> (D:\OpenSource\SnippetBox\frontend\tests\property\SnippetProperty.test.ts:157:7)

    [0m [90m 407 |[39m           console[33m.[39mlog([32m`Generated vector for snippet: ${snippetId}`[39m)[33m;[39m
     [90m 408 |[39m         } [36mcatch[39m (error) {
    [31m[1m>[22m[39m[90m 409 |[39m           console[33m.[39merror([32m`Failed to generate vector for snippet ${snippetId}:`[3
9m[33m,[39m error)[33m;[39m
     [90m     |[39m                   [31m[1m^[22m[39m
     [90m 410 |[39m         }
     [90m 411 |[39m       }
     [90m 412 |[39m     } [36mfinally[39m {[0m

      at SnippetManager.processVectorGenerationQueue (src/main/services/SnippetManager.ts:409:19)

    console.error
      Failed to generate vector for snippet test-snippet-id: TypeError: dbManager.getDb is not a function
          at VectorStore.initialize (D:\OpenSource\SnippetBox\frontend\src\main\services\VectorStore.ts:21:26)
          at VectorStore.addVector (D:\OpenSource\SnippetBox\frontend\src\main\services\VectorStore.ts:27:10)
          at SnippetManager.processVectorGenerationQueue (D:\OpenSource\SnippetBox\frontend\src\main\services\SnippetManager.ts:406:34)
          at SnippetManager.generateVectorForSnippet (D:\OpenSource\SnippetBox\frontend\src\main\services\SnippetManager.ts:388:10)
          at SnippetManager.createSnippet (D:\OpenSource\SnippetBox\frontend\src\main\services\SnippetManager.ts:72:12)
          at processTicksAndRejections (node:internal/process/task_queues:105:5)
          at D:\OpenSource\SnippetBox\frontend\tests\property\SnippetProperty.test.ts:208:36
          at AsyncProperty.run (D:\OpenSource\SnippetBox\frontend\node_modules\fast-check\lib\cjs\fast-check.js:1208:19)
          at asyncRunIt (D:\OpenSource\SnippetBox\frontend\node_modules\fast-check\lib\cjs\fast-check.js:2503:15)
          at Object.<anonymous> (D:\OpenSource\SnippetBox\frontend\tests\property\SnippetProperty.test.ts:157:7)

    [0m [90m 407 |[39m           console[33m.[39mlog([32m`Generated vector for snippet: ${snippetId}`[39m)[33m;[39m
     [90m 408 |[39m         } [36mcatch[39m (error) {
    [31m[1m>[22m[39m[90m 409 |[39m           console[33m.[39merror([32m`Failed to generate vector for snippet ${snippetId}:`[3
9m[33m,[39m error)[33m;[39m
     [90m     |[39m                   [31m[1m^[22m[39m
     [90m 410 |[39m         }
     [90m 411 |[39m       }
     [90m 412 |[39m     } [36mfinally[39m {[0m

      at SnippetManager.processVectorGenerationQueue (src/main/services/SnippetManager.ts:409:19)

    console.error
      Failed to generate vector for snippet test-snippet-id: TypeError: dbManager.getDb is not a function
          at VectorStore.initialize (D:\OpenSource\SnippetBox\frontend\src\main\services\VectorStore.ts:21:26)
          at VectorStore.addVector (D:\OpenSource\SnippetBox\frontend\src\main\services\VectorStore.ts:27:10)
          at SnippetManager.processVectorGenerationQueue (D:\OpenSource\SnippetBox\frontend\src\main\services\SnippetManager.ts:406:34)
          at SnippetManager.generateVectorForSnippet (D:\OpenSource\SnippetBox\frontend\src\main\services\SnippetManager.ts:388:10)
          at SnippetManager.updateSnippet (D:\OpenSource\SnippetBox\frontend\src\main\services\SnippetManager.ts:223:12)
          at processTicksAndRejections (node:internal/process/task_queues:105:5)
          at D:\OpenSource\SnippetBox\frontend\tests\property\SnippetProperty.test.ts:211:36
          at AsyncProperty.run (D:\OpenSource\SnippetBox\frontend\node_modules\fast-check\lib\cjs\fast-check.js:1208:19)
          at asyncRunIt (D:\OpenSource\SnippetBox\frontend\node_modules\fast-check\lib\cjs\fast-check.js:2503:15)
          at Object.<anonymous> (D:\OpenSource\SnippetBox\frontend\tests\property\SnippetProperty.test.ts:157:7)

    [0m [90m 407 |[39m           console[33m.[39mlog([32m`Generated vector for snippet: ${snippetId}`[39m)[33m;[39m
     [90m 408 |[39m         } [36mcatch[39m (error) {
    [31m[1m>[22m[39m[90m 409 |[39m           console[33m.[39merror([32m`Failed to generate vector for snippet ${snippetId}:`[3
9m[33m,[39m error)[33m;[39m
     [90m     |[39m                   [31m[1m^[22m[39m
     [90m 410 |[39m         }
     [90m 411 |[39m       }
     [90m 412 |[39m     } [36mfinally[39m {[0m

      at SnippetManager.processVectorGenerationQueue (src/main/services/SnippetManager.ts:409:19)

    console.error
      Failed to generate vector for snippet test-snippet-id: TypeError: dbManager.getDb is not a function
          at VectorStore.initialize (D:\OpenSource\SnippetBox\frontend\src\main\services\VectorStore.ts:21:26)
          at VectorStore.addVector (D:\OpenSource\SnippetBox\frontend\src\main\services\VectorStore.ts:27:10)
          at SnippetManager.processVectorGenerationQueue (D:\OpenSource\SnippetBox\frontend\src\main\services\SnippetManager.ts:406:34)
          at SnippetManager.generateVectorForSnippet (D:\OpenSource\SnippetBox\frontend\src\main\services\SnippetManager.ts:388:10)
          at SnippetManager.createSnippet (D:\OpenSource\SnippetBox\frontend\src\main\services\SnippetManager.ts:72:12)
          at processTicksAndRejections (node:internal/process/task_queues:105:5)
          at D:\OpenSource\SnippetBox\frontend\tests\property\SnippetProperty.test.ts:208:36
          at AsyncProperty.run (D:\OpenSource\SnippetBox\frontend\node_modules\fast-check\lib\cjs\fast-check.js:1208:19)
          at asyncRunIt (D:\OpenSource\SnippetBox\frontend\node_modules\fast-check\lib\cjs\fast-check.js:2503:15)
          at Object.<anonymous> (D:\OpenSource\SnippetBox\frontend\tests\property\SnippetProperty.test.ts:157:7)

    [0m [90m 407 |[39m           console[33m.[39mlog([32m`Generated vector for snippet: ${snippetId}`[39m)[33m;[39m
     [90m 408 |[39m         } [36mcatch[39m (error) {
    [31m[1m>[22m[39m[90m 409 |[39m           console[33m.[39merror([32m`Failed to generate vector for snippet ${snippetId}:`[3
9m[33m,[39m error)[33m;[39m
     [90m     |[39m                   [31m[1m^[22m[39m
     [90m 410 |[39m         }
     [90m 411 |[39m       }
     [90m 412 |[39m     } [36mfinally[39m {[0m

      at SnippetManager.processVectorGenerationQueue (src/main/services/SnippetManager.ts:409:19)

    console.error
      Failed to generate vector for snippet test-snippet-id: TypeError: dbManager.getDb is not a function
          at VectorStore.initialize (D:\OpenSource\SnippetBox\frontend\src\main\services\VectorStore.ts:21:26)
          at VectorStore.addVector (D:\OpenSource\SnippetBox\frontend\src\main\services\VectorStore.ts:27:10)
          at SnippetManager.processVectorGenerationQueue (D:\OpenSource\SnippetBox\frontend\src\main\services\SnippetManager.ts:406:34)
          at SnippetManager.generateVectorForSnippet (D:\OpenSource\SnippetBox\frontend\src\main\services\SnippetManager.ts:388:10)
          at SnippetManager.updateSnippet (D:\OpenSource\SnippetBox\frontend\src\main\services\SnippetManager.ts:223:12)
          at processTicksAndRejections (node:internal/process/task_queues:105:5)
          at D:\OpenSource\SnippetBox\frontend\tests\property\SnippetProperty.test.ts:211:36
          at AsyncProperty.run (D:\OpenSource\SnippetBox\frontend\node_modules\fast-check\lib\cjs\fast-check.js:1208:19)
          at asyncRunIt (D:\OpenSource\SnippetBox\frontend\node_modules\fast-check\lib\cjs\fast-check.js:2503:15)
          at Object.<anonymous> (D:\OpenSource\SnippetBox\frontend\tests\property\SnippetProperty.test.ts:157:7)

    [0m [90m 407 |[39m           console[33m.[39mlog([32m`Generated vector for snippet: ${snippetId}`[39m)[33m;[39m
     [90m 408 |[39m         } [36mcatch[39m (error) {
    [31m[1m>[22m[39m[90m 409 |[39m           console[33m.[39merror([32m`Failed to generate vector for snippet ${snippetId}:`[3
9m[33m,[39m error)[33m;[39m
     [90m     |[39m                   [31m[1m^[22m[39m
     [90m 410 |[39m         }
     [90m 411 |[39m       }
     [90m 412 |[39m     } [36mfinally[39m {[0m

      at SnippetManager.processVectorGenerationQueue (src/main/services/SnippetManager.ts:409:19)

    console.error
      Failed to generate vector for snippet test-snippet-id: TypeError: dbManager.getDb is not a function
          at VectorStore.initialize (D:\OpenSource\SnippetBox\frontend\src\main\services\VectorStore.ts:21:26)
          at VectorStore.addVector (D:\OpenSource\SnippetBox\frontend\src\main\services\VectorStore.ts:27:10)
          at SnippetManager.processVectorGenerationQueue (D:\OpenSource\SnippetBox\frontend\src\main\services\SnippetManager.ts:406:34)
          at SnippetManager.generateVectorForSnippet (D:\OpenSource\SnippetBox\frontend\src\main\services\SnippetManager.ts:388:10)
          at SnippetManager.createSnippet (D:\OpenSource\SnippetBox\frontend\src\main\services\SnippetManager.ts:72:12)
          at processTicksAndRejections (node:internal/process/task_queues:105:5)
          at D:\OpenSource\SnippetBox\frontend\tests\property\SnippetProperty.test.ts:208:36
          at AsyncProperty.run (D:\OpenSource\SnippetBox\frontend\node_modules\fast-check\lib\cjs\fast-check.js:1208:19)
          at asyncRunIt (D:\OpenSource\SnippetBox\frontend\node_modules\fast-check\lib\cjs\fast-check.js:2503:15)
          at Object.<anonymous> (D:\OpenSource\SnippetBox\frontend\tests\property\SnippetProperty.test.ts:157:7)

    [0m [90m 407 |[39m           console[33m.[39mlog([32m`Generated vector for snippet: ${snippetId}`[39m)[33m;[39m
     [90m 408 |[39m         } [36mcatch[39m (error) {
    [31m[1m>[22m[39m[90m 409 |[39m           console[33m.[39merror([32m`Failed to generate vector for snippet ${snippetId}:`[3
9m[33m,[39m error)[33m;[39m
     [90m     |[39m                   [31m[1m^[22m[39m
     [90m 410 |[39m         }
     [90m 411 |[39m       }
     [90m 412 |[39m     } [36mfinally[39m {[0m

      at SnippetManager.processVectorGenerationQueue (src/main/services/SnippetManager.ts:409:19)

    console.error
      Failed to generate vector for snippet test-snippet-id: TypeError: dbManager.getDb is not a function
          at VectorStore.initialize (D:\OpenSource\SnippetBox\frontend\src\main\services\VectorStore.ts:21:26)
          at VectorStore.addVector (D:\OpenSource\SnippetBox\frontend\src\main\services\VectorStore.ts:27:10)
          at SnippetManager.processVectorGenerationQueue (D:\OpenSource\SnippetBox\frontend\src\main\services\SnippetManager.ts:406:34)
          at SnippetManager.generateVectorForSnippet (D:\OpenSource\SnippetBox\frontend\src\main\services\SnippetManager.ts:388:10)
          at SnippetManager.updateSnippet (D:\OpenSource\SnippetBox\frontend\src\main\services\SnippetManager.ts:223:12)
          at processTicksAndRejections (node:internal/process/task_queues:105:5)
          at D:\OpenSource\SnippetBox\frontend\tests\property\SnippetProperty.test.ts:211:36
          at AsyncProperty.run (D:\OpenSource\SnippetBox\frontend\node_modules\fast-check\lib\cjs\fast-check.js:1208:19)
          at asyncRunIt (D:\OpenSource\SnippetBox\frontend\node_modules\fast-check\lib\cjs\fast-check.js:2503:15)
          at Object.<anonymous> (D:\OpenSource\SnippetBox\frontend\tests\property\SnippetProperty.test.ts:157:7)

    [0m [90m 407 |[39m           console[33m.[39mlog([32m`Generated vector for snippet: ${snippetId}`[39m)[33m;[39m
     [90m 408 |[39m         } [36mcatch[39m (error) {
    [31m[1m>[22m[39m[90m 409 |[39m           console[33m.[39merror([32m`Failed to generate vector for snippet ${snippetId}:`[3
9m[33m,[39m error)[33m;[39m
     [90m     |[39m                   [31m[1m^[22m[39m
     [90m 410 |[39m         }
     [90m 411 |[39m       }
     [90m 412 |[39m     } [36mfinally[39m {[0m

      at SnippetManager.processVectorGenerationQueue (src/main/services/SnippetManager.ts:409:19)

    console.error
      Failed to generate vector for snippet test-snippet-id: TypeError: dbManager.getDb is not a function
          at VectorStore.initialize (D:\OpenSource\SnippetBox\frontend\src\main\services\VectorStore.ts:21:26)
          at VectorStore.addVector (D:\OpenSource\SnippetBox\frontend\src\main\services\VectorStore.ts:27:10)
          at SnippetManager.processVectorGenerationQueue (D:\OpenSource\SnippetBox\frontend\src\main\services\SnippetManager.ts:406:34)
          at SnippetManager.generateVectorForSnippet (D:\OpenSource\SnippetBox\frontend\src\main\services\SnippetManager.ts:388:10)
          at SnippetManager.createSnippet (D:\OpenSource\SnippetBox\frontend\src\main\services\SnippetManager.ts:72:12)
          at processTicksAndRejections (node:internal/process/task_queues:105:5)
          at D:\OpenSource\SnippetBox\frontend\tests\property\SnippetProperty.test.ts:208:36
          at AsyncProperty.run (D:\OpenSource\SnippetBox\frontend\node_modules\fast-check\lib\cjs\fast-check.js:1208:19)
          at asyncRunIt (D:\OpenSource\SnippetBox\frontend\node_modules\fast-check\lib\cjs\fast-check.js:2503:15)
          at Object.<anonymous> (D:\OpenSource\SnippetBox\frontend\tests\property\SnippetProperty.test.ts:157:7)

    [0m [90m 407 |[39m           console[33m.[39mlog([32m`Generated vector for snippet: ${snippetId}`[39m)[33m;[39m
     [90m 408 |[39m         } [36mcatch[39m (error) {
    [31m[1m>[22m[39m[90m 409 |[39m           console[33m.[39merror([32m`Failed to generate vector for snippet ${snippetId}:`[3
9m[33m,[39m error)[33m;[39m
     [90m     |[39m                   [31m[1m^[22m[39m
     [90m 410 |[39m         }
     [90m 411 |[39m       }
     [90m 412 |[39m     } [36mfinally[39m {[0m

      at SnippetManager.processVectorGenerationQueue (src/main/services/SnippetManager.ts:409:19)

    console.error
      Failed to generate vector for snippet test-snippet-id: TypeError: dbManager.getDb is not a function
          at VectorStore.initialize (D:\OpenSource\SnippetBox\frontend\src\main\services\VectorStore.ts:21:26)
          at VectorStore.addVector (D:\OpenSource\SnippetBox\frontend\src\main\services\VectorStore.ts:27:10)
          at SnippetManager.processVectorGenerationQueue (D:\OpenSource\SnippetBox\frontend\src\main\services\SnippetManager.ts:406:34)
          at SnippetManager.generateVectorForSnippet (D:\OpenSource\SnippetBox\frontend\src\main\services\SnippetManager.ts:388:10)
          at SnippetManager.updateSnippet (D:\OpenSource\SnippetBox\frontend\src\main\services\SnippetManager.ts:223:12)
          at processTicksAndRejections (node:internal/process/task_queues:105:5)
          at D:\OpenSource\SnippetBox\frontend\tests\property\SnippetProperty.test.ts:211:36
          at AsyncProperty.run (D:\OpenSource\SnippetBox\frontend\node_modules\fast-check\lib\cjs\fast-check.js:1208:19)
          at asyncRunIt (D:\OpenSource\SnippetBox\frontend\node_modules\fast-check\lib\cjs\fast-check.js:2503:15)
          at Object.<anonymous> (D:\OpenSource\SnippetBox\frontend\tests\property\SnippetProperty.test.ts:157:7)

    [0m [90m 407 |[39m           console[33m.[39mlog([32m`Generated vector for snippet: ${snippetId}`[39m)[33m;[39m
     [90m 408 |[39m         } [36mcatch[39m (error) {
    [31m[1m>[22m[39m[90m 409 |[39m           console[33m.[39merror([32m`Failed to generate vector for snippet ${snippetId}:`[3
9m[33m,[39m error)[33m;[39m
     [90m     |[39m                   [31m[1m^[22m[39m
     [90m 410 |[39m         }
     [90m 411 |[39m       }
     [90m 412 |[39m     } [36mfinally[39m {[0m

      at SnippetManager.processVectorGenerationQueue (src/main/services/SnippetManager.ts:409:19)

    console.error
      Failed to generate vector for snippet test-snippet-id: TypeError: dbManager.getDb is not a function
          at VectorStore.initialize (D:\OpenSource\SnippetBox\frontend\src\main\services\VectorStore.ts:21:26)
          at VectorStore.addVector (D:\OpenSource\SnippetBox\frontend\src\main\services\VectorStore.ts:27:10)
          at SnippetManager.processVectorGenerationQueue (D:\OpenSource\SnippetBox\frontend\src\main\services\SnippetManager.ts:406:34)
          at SnippetManager.generateVectorForSnippet (D:\OpenSource\SnippetBox\frontend\src\main\services\SnippetManager.ts:388:10)
          at SnippetManager.createSnippet (D:\OpenSource\SnippetBox\frontend\src\main\services\SnippetManager.ts:72:12)
          at processTicksAndRejections (node:internal/process/task_queues:105:5)
          at D:\OpenSource\SnippetBox\frontend\tests\property\SnippetProperty.test.ts:208:36
          at AsyncProperty.run (D:\OpenSource\SnippetBox\frontend\node_modules\fast-check\lib\cjs\fast-check.js:1208:19)
          at asyncRunIt (D:\OpenSource\SnippetBox\frontend\node_modules\fast-check\lib\cjs\fast-check.js:2503:15)
          at Object.<anonymous> (D:\OpenSource\SnippetBox\frontend\tests\property\SnippetProperty.test.ts:157:7)

    [0m [90m 407 |[39m           console[33m.[39mlog([32m`Generated vector for snippet: ${snippetId}`[39m)[33m;[39m
     [90m 408 |[39m         } [36mcatch[39m (error) {
    [31m[1m>[22m[39m[90m 409 |[39m           console[33m.[39merror([32m`Failed to generate vector for snippet ${snippetId}:`[3
9m[33m,[39m error)[33m;[39m
     [90m     |[39m                   [31m[1m^[22m[39m
     [90m 410 |[39m         }
     [90m 411 |[39m       }
     [90m 412 |[39m     } [36mfinally[39m {[0m

      at SnippetManager.processVectorGenerationQueue (src/main/services/SnippetManager.ts:409:19)

    console.error
      Failed to generate vector for snippet test-snippet-id: TypeError: dbManager.getDb is not a function
          at VectorStore.initialize (D:\OpenSource\SnippetBox\frontend\src\main\services\VectorStore.ts:21:26)
          at VectorStore.addVector (D:\OpenSource\SnippetBox\frontend\src\main\services\VectorStore.ts:27:10)
          at SnippetManager.processVectorGenerationQueue (D:\OpenSource\SnippetBox\frontend\src\main\services\SnippetManager.ts:406:34)
          at SnippetManager.generateVectorForSnippet (D:\OpenSource\SnippetBox\frontend\src\main\services\SnippetManager.ts:388:10)
          at SnippetManager.updateSnippet (D:\OpenSource\SnippetBox\frontend\src\main\services\SnippetManager.ts:223:12)
          at processTicksAndRejections (node:internal/process/task_queues:105:5)
          at D:\OpenSource\SnippetBox\frontend\tests\property\SnippetProperty.test.ts:211:36
          at AsyncProperty.run (D:\OpenSource\SnippetBox\frontend\node_modules\fast-check\lib\cjs\fast-check.js:1208:19)
          at asyncRunIt (D:\OpenSource\SnippetBox\frontend\node_modules\fast-check\lib\cjs\fast-check.js:2503:15)
          at Object.<anonymous> (D:\OpenSource\SnippetBox\frontend\tests\property\SnippetProperty.test.ts:157:7)

    [0m [90m 407 |[39m           console[33m.[39mlog([32m`Generated vector for snippet: ${snippetId}`[39m)[33m;[39m
     [90m 408 |[39m         } [36mcatch[39m (error) {
    [31m[1m>[22m[39m[90m 409 |[39m           console[33m.[39merror([32m`Failed to generate vector for snippet ${snippetId}:`[3
9m[33m,[39m error)[33m;[39m
     [90m     |[39m                   [31m[1m^[22m[39m
     [90m 410 |[39m         }
     [90m 411 |[39m       }
     [90m 412 |[39m     } [36mfinally[39m {[0m

      at SnippetManager.processVectorGenerationQueue (src/main/services/SnippetManager.ts:409:19)

    console.error
      Failed to generate vector for snippet test-snippet-id: TypeError: dbManager.getDb is not a function
          at VectorStore.initialize (D:\OpenSource\SnippetBox\frontend\src\main\services\VectorStore.ts:21:26)
          at VectorStore.addVector (D:\OpenSource\SnippetBox\frontend\src\main\services\VectorStore.ts:27:10)
          at SnippetManager.processVectorGenerationQueue (D:\OpenSource\SnippetBox\frontend\src\main\services\SnippetManager.ts:406:34)
          at SnippetManager.generateVectorForSnippet (D:\OpenSource\SnippetBox\frontend\src\main\services\SnippetManager.ts:388:10)
          at SnippetManager.createSnippet (D:\OpenSource\SnippetBox\frontend\src\main\services\SnippetManager.ts:72:12)
          at processTicksAndRejections (node:internal/process/task_queues:105:5)
          at D:\OpenSource\SnippetBox\frontend\tests\property\SnippetProperty.test.ts:208:36
          at AsyncProperty.run (D:\OpenSource\SnippetBox\frontend\node_modules\fast-check\lib\cjs\fast-check.js:1208:19)
          at asyncRunIt (D:\OpenSource\SnippetBox\frontend\node_modules\fast-check\lib\cjs\fast-check.js:2503:15)
          at Object.<anonymous> (D:\OpenSource\SnippetBox\frontend\tests\property\SnippetProperty.test.ts:157:7)

    [0m [90m 407 |[39m           console[33m.[39mlog([32m`Generated vector for snippet: ${snippetId}`[39m)[33m;[39m
     [90m 408 |[39m         } [36mcatch[39m (error) {
    [31m[1m>[22m[39m[90m 409 |[39m           console[33m.[39merror([32m`Failed to generate vector for snippet ${snippetId}:`[3
9m[33m,[39m error)[33m;[39m
     [90m     |[39m                   [31m[1m^[22m[39m
     [90m 410 |[39m         }
     [90m 411 |[39m       }
     [90m 412 |[39m     } [36mfinally[39m {[0m

      at SnippetManager.processVectorGenerationQueue (src/main/services/SnippetManager.ts:409:19)

    console.error
      Failed to generate vector for snippet test-snippet-id: TypeError: dbManager.getDb is not a function
          at VectorStore.initialize (D:\OpenSource\SnippetBox\frontend\src\main\services\VectorStore.ts:21:26)
          at VectorStore.addVector (D:\OpenSource\SnippetBox\frontend\src\main\services\VectorStore.ts:27:10)
          at SnippetManager.processVectorGenerationQueue (D:\OpenSource\SnippetBox\frontend\src\main\services\SnippetManager.ts:406:34)
          at SnippetManager.generateVectorForSnippet (D:\OpenSource\SnippetBox\frontend\src\main\services\SnippetManager.ts:388:10)
          at SnippetManager.updateSnippet (D:\OpenSource\SnippetBox\frontend\src\main\services\SnippetManager.ts:223:12)
          at processTicksAndRejections (node:internal/process/task_queues:105:5)
          at D:\OpenSource\SnippetBox\frontend\tests\property\SnippetProperty.test.ts:211:36
          at AsyncProperty.run (D:\OpenSource\SnippetBox\frontend\node_modules\fast-check\lib\cjs\fast-check.js:1208:19)
          at asyncRunIt (D:\OpenSource\SnippetBox\frontend\node_modules\fast-check\lib\cjs\fast-check.js:2503:15)
          at Object.<anonymous> (D:\OpenSource\SnippetBox\frontend\tests\property\SnippetProperty.test.ts:157:7)

    [0m [90m 407 |[39m           console[33m.[39mlog([32m`Generated vector for snippet: ${snippetId}`[39m)[33m;[39m
     [90m 408 |[39m         } [36mcatch[39m (error) {
    [31m[1m>[22m[39m[90m 409 |[39m           console[33m.[39merror([32m`Failed to generate vector for snippet ${snippetId}:`[3
9m[33m,[39m error)[33m;[39m
     [90m     |[39m                   [31m[1m^[22m[39m
     [90m 410 |[39m         }
     [90m 411 |[39m       }
     [90m 412 |[39m     } [36mfinally[39m {[0m

      at SnippetManager.processVectorGenerationQueue (src/main/services/SnippetManager.ts:409:19)

    console.error
      Failed to generate vector for snippet test-snippet-id: TypeError: dbManager.getDb is not a function
          at VectorStore.initialize (D:\OpenSource\SnippetBox\frontend\src\main\services\VectorStore.ts:21:26)
          at VectorStore.addVector (D:\OpenSource\SnippetBox\frontend\src\main\services\VectorStore.ts:27:10)
          at SnippetManager.processVectorGenerationQueue (D:\OpenSource\SnippetBox\frontend\src\main\services\SnippetManager.ts:406:34)
          at SnippetManager.generateVectorForSnippet (D:\OpenSource\SnippetBox\frontend\src\main\services\SnippetManager.ts:388:10)
          at SnippetManager.createSnippet (D:\OpenSource\SnippetBox\frontend\src\main\services\SnippetManager.ts:72:12)
          at processTicksAndRejections (node:internal/process/task_queues:105:5)
          at D:\OpenSource\SnippetBox\frontend\tests\property\SnippetProperty.test.ts:208:36
          at AsyncProperty.run (D:\OpenSource\SnippetBox\frontend\node_modules\fast-check\lib\cjs\fast-check.js:1208:19)
          at asyncRunIt (D:\OpenSource\SnippetBox\frontend\node_modules\fast-check\lib\cjs\fast-check.js:2503:15)
          at Object.<anonymous> (D:\OpenSource\SnippetBox\frontend\tests\property\SnippetProperty.test.ts:157:7)

    [0m [90m 407 |[39m           console[33m.[39mlog([32m`Generated vector for snippet: ${snippetId}`[39m)[33m;[39m
     [90m 408 |[39m         } [36mcatch[39m (error) {
    [31m[1m>[22m[39m[90m 409 |[39m           console[33m.[39merror([32m`Failed to generate vector for snippet ${snippetId}:`[3
9m[33m,[39m error)[33m;[39m
     [90m     |[39m                   [31m[1m^[22m[39m
     [90m 410 |[39m         }
     [90m 411 |[39m       }
     [90m 412 |[39m     } [36mfinally[39m {[0m

      at SnippetManager.processVectorGenerationQueue (src/main/services/SnippetManager.ts:409:19)

    console.error
      Failed to generate vector for snippet test-snippet-id: TypeError: dbManager.getDb is not a function
          at VectorStore.initialize (D:\OpenSource\SnippetBox\frontend\src\main\services\VectorStore.ts:21:26)
          at VectorStore.addVector (D:\OpenSource\SnippetBox\frontend\src\main\services\VectorStore.ts:27:10)
          at SnippetManager.processVectorGenerationQueue (D:\OpenSource\SnippetBox\frontend\src\main\services\SnippetManager.ts:406:34)
          at SnippetManager.generateVectorForSnippet (D:\OpenSource\SnippetBox\frontend\src\main\services\SnippetManager.ts:388:10)
          at SnippetManager.updateSnippet (D:\OpenSource\SnippetBox\frontend\src\main\services\SnippetManager.ts:223:12)
          at processTicksAndRejections (node:internal/process/task_queues:105:5)
          at D:\OpenSource\SnippetBox\frontend\tests\property\SnippetProperty.test.ts:211:36
          at AsyncProperty.run (D:\OpenSource\SnippetBox\frontend\node_modules\fast-check\lib\cjs\fast-check.js:1208:19)
          at asyncRunIt (D:\OpenSource\SnippetBox\frontend\node_modules\fast-check\lib\cjs\fast-check.js:2503:15)
          at Object.<anonymous> (D:\OpenSource\SnippetBox\frontend\tests\property\SnippetProperty.test.ts:157:7)

    [0m [90m 407 |[39m           console[33m.[39mlog([32m`Generated vector for snippet: ${snippetId}`[39m)[33m;[39m
     [90m 408 |[39m         } [36mcatch[39m (error) {
    [31m[1m>[22m[39m[90m 409 |[39m           console[33m.[39merror([32m`Failed to generate vector for snippet ${snippetId}:`[3
9m[33m,[39m error)[33m;[39m
     [90m     |[39m                   [31m[1m^[22m[39m
     [90m 410 |[39m         }
     [90m 411 |[39m       }
     [90m 412 |[39m     } [36mfinally[39m {[0m

      at SnippetManager.processVectorGenerationQueue (src/main/services/SnippetManager.ts:409:19)

    console.error
      Failed to generate vector for snippet test-snippet-id: TypeError: dbManager.getDb is not a function
          at VectorStore.initialize (D:\OpenSource\SnippetBox\frontend\src\main\services\VectorStore.ts:21:26)
          at VectorStore.addVector (D:\OpenSource\SnippetBox\frontend\src\main\services\VectorStore.ts:27:10)
          at SnippetManager.processVectorGenerationQueue (D:\OpenSource\SnippetBox\frontend\src\main\services\SnippetManager.ts:406:34)
          at SnippetManager.generateVectorForSnippet (D:\OpenSource\SnippetBox\frontend\src\main\services\SnippetManager.ts:388:10)
          at SnippetManager.createSnippet (D:\OpenSource\SnippetBox\frontend\src\main\services\SnippetManager.ts:72:12)
          at processTicksAndRejections (node:internal/process/task_queues:105:5)
          at D:\OpenSource\SnippetBox\frontend\tests\property\SnippetProperty.test.ts:208:36
          at AsyncProperty.run (D:\OpenSource\SnippetBox\frontend\node_modules\fast-check\lib\cjs\fast-check.js:1208:19)
          at asyncRunIt (D:\OpenSource\SnippetBox\frontend\node_modules\fast-check\lib\cjs\fast-check.js:2503:15)
          at Object.<anonymous> (D:\OpenSource\SnippetBox\frontend\tests\property\SnippetProperty.test.ts:157:7)

    [0m [90m 407 |[39m           console[33m.[39mlog([32m`Generated vector for snippet: ${snippetId}`[39m)[33m;[39m
     [90m 408 |[39m         } [36mcatch[39m (error) {
    [31m[1m>[22m[39m[90m 409 |[39m           console[33m.[39merror([32m`Failed to generate vector for snippet ${snippetId}:`[3
9m[33m,[39m error)[33m;[39m
     [90m     |[39m                   [31m[1m^[22m[39m
     [90m 410 |[39m         }
     [90m 411 |[39m       }
     [90m 412 |[39m     } [36mfinally[39m {[0m

      at SnippetManager.processVectorGenerationQueue (src/main/services/SnippetManager.ts:409:19)

    console.error
      Failed to generate vector for snippet test-snippet-id: TypeError: dbManager.getDb is not a function
          at VectorStore.initialize (D:\OpenSource\SnippetBox\frontend\src\main\services\VectorStore.ts:21:26)
          at VectorStore.addVector (D:\OpenSource\SnippetBox\frontend\src\main\services\VectorStore.ts:27:10)
          at SnippetManager.processVectorGenerationQueue (D:\OpenSource\SnippetBox\frontend\src\main\services\SnippetManager.ts:406:34)
          at SnippetManager.generateVectorForSnippet (D:\OpenSource\SnippetBox\frontend\src\main\services\SnippetManager.ts:388:10)
          at SnippetManager.updateSnippet (D:\OpenSource\SnippetBox\frontend\src\main\services\SnippetManager.ts:223:12)
          at processTicksAndRejections (node:internal/process/task_queues:105:5)
          at D:\OpenSource\SnippetBox\frontend\tests\property\SnippetProperty.test.ts:211:36
          at AsyncProperty.run (D:\OpenSource\SnippetBox\frontend\node_modules\fast-check\lib\cjs\fast-check.js:1208:19)
          at asyncRunIt (D:\OpenSource\SnippetBox\frontend\node_modules\fast-check\lib\cjs\fast-check.js:2503:15)
          at Object.<anonymous> (D:\OpenSource\SnippetBox\frontend\tests\property\SnippetProperty.test.ts:157:7)

    [0m [90m 407 |[39m           console[33m.[39mlog([32m`Generated vector for snippet: ${snippetId}`[39m)[33m;[39m
     [90m 408 |[39m         } [36mcatch[39m (error) {
    [31m[1m>[22m[39m[90m 409 |[39m           console[33m.[39merror([32m`Failed to generate vector for snippet ${snippetId}:`[3
9m[33m,[39m error)[33m;[39m
     [90m     |[39m                   [31m[1m^[22m[39m
     [90m 410 |[39m         }
     [90m 411 |[39m       }
     [90m 412 |[39m     } [36mfinally[39m {[0m

      at SnippetManager.processVectorGenerationQueue (src/main/services/SnippetManager.ts:409:19)

    console.error
      Failed to generate vector for snippet test-snippet-id: TypeError: dbManager.getDb is not a function
          at VectorStore.initialize (D:\OpenSource\SnippetBox\frontend\src\main\services\VectorStore.ts:21:26)
          at VectorStore.addVector (D:\OpenSource\SnippetBox\frontend\src\main\services\VectorStore.ts:27:10)
          at SnippetManager.processVectorGenerationQueue (D:\OpenSource\SnippetBox\frontend\src\main\services\SnippetManager.ts:406:34)
          at SnippetManager.generateVectorForSnippet (D:\OpenSource\SnippetBox\frontend\src\main\services\SnippetManager.ts:388:10)
          at SnippetManager.createSnippet (D:\OpenSource\SnippetBox\frontend\src\main\services\SnippetManager.ts:72:12)
          at processTicksAndRejections (node:internal/process/task_queues:105:5)
          at D:\OpenSource\SnippetBox\frontend\tests\property\SnippetProperty.test.ts:208:36
          at AsyncProperty.run (D:\OpenSource\SnippetBox\frontend\node_modules\fast-check\lib\cjs\fast-check.js:1208:19)
          at asyncRunIt (D:\OpenSource\SnippetBox\frontend\node_modules\fast-check\lib\cjs\fast-check.js:2503:15)
          at Object.<anonymous> (D:\OpenSource\SnippetBox\frontend\tests\property\SnippetProperty.test.ts:157:7)

    [0m [90m 407 |[39m           console[33m.[39mlog([32m`Generated vector for snippet: ${snippetId}`[39m)[33m;[39m
     [90m 408 |[39m         } [36mcatch[39m (error) {
    [31m[1m>[22m[39m[90m 409 |[39m           console[33m.[39merror([32m`Failed to generate vector for snippet ${snippetId}:`[3
9m[33m,[39m error)[33m;[39m
     [90m     |[39m                   [31m[1m^[22m[39m
     [90m 410 |[39m         }
     [90m 411 |[39m       }
     [90m 412 |[39m     } [36mfinally[39m {[0m

      at SnippetManager.processVectorGenerationQueue (src/main/services/SnippetManager.ts:409:19)

    console.error
      Failed to generate vector for snippet test-snippet-id: TypeError: dbManager.getDb is not a function
          at VectorStore.initialize (D:\OpenSource\SnippetBox\frontend\src\main\services\VectorStore.ts:21:26)
          at VectorStore.addVector (D:\OpenSource\SnippetBox\frontend\src\main\services\VectorStore.ts:27:10)
          at SnippetManager.processVectorGenerationQueue (D:\OpenSource\SnippetBox\frontend\src\main\services\SnippetManager.ts:406:34)
          at SnippetManager.generateVectorForSnippet (D:\OpenSource\SnippetBox\frontend\src\main\services\SnippetManager.ts:388:10)
          at SnippetManager.updateSnippet (D:\OpenSource\SnippetBox\frontend\src\main\services\SnippetManager.ts:223:12)
          at processTicksAndRejections (node:internal/process/task_queues:105:5)
          at D:\OpenSource\SnippetBox\frontend\tests\property\SnippetProperty.test.ts:211:36
          at AsyncProperty.run (D:\OpenSource\SnippetBox\frontend\node_modules\fast-check\lib\cjs\fast-check.js:1208:19)
          at asyncRunIt (D:\OpenSource\SnippetBox\frontend\node_modules\fast-check\lib\cjs\fast-check.js:2503:15)
          at Object.<anonymous> (D:\OpenSource\SnippetBox\frontend\tests\property\SnippetProperty.test.ts:157:7)

    [0m [90m 407 |[39m           console[33m.[39mlog([32m`Generated vector for snippet: ${snippetId}`[39m)[33m;[39m
     [90m 408 |[39m         } [36mcatch[39m (error) {
    [31m[1m>[22m[39m[90m 409 |[39m           console[33m.[39merror([32m`Failed to generate vector for snippet ${snippetId}:`[3
9m[33m,[39m error)[33m;[39m
     [90m     |[39m                   [31m[1m^[22m[39m
     [90m 410 |[39m         }
     [90m 411 |[39m       }
     [90m 412 |[39m     } [36mfinally[39m {[0m

      at SnippetManager.processVectorGenerationQueue (src/main/services/SnippetManager.ts:409:19)

    console.error
      Failed to generate vector for snippet test-snippet-id: TypeError: dbManager.getDb is not a function
          at VectorStore.initialize (D:\OpenSource\SnippetBox\frontend\src\main\services\VectorStore.ts:21:26)
          at VectorStore.addVector (D:\OpenSource\SnippetBox\frontend\src\main\services\VectorStore.ts:27:10)
          at SnippetManager.processVectorGenerationQueue (D:\OpenSource\SnippetBox\frontend\src\main\services\SnippetManager.ts:406:34)
          at SnippetManager.generateVectorForSnippet (D:\OpenSource\SnippetBox\frontend\src\main\services\SnippetManager.ts:388:10)
          at SnippetManager.createSnippet (D:\OpenSource\SnippetBox\frontend\src\main\services\SnippetManager.ts:72:12)
          at processTicksAndRejections (node:internal/process/task_queues:105:5)
          at D:\OpenSource\SnippetBox\frontend\tests\property\SnippetProperty.test.ts:208:36
          at AsyncProperty.run (D:\OpenSource\SnippetBox\frontend\node_modules\fast-check\lib\cjs\fast-check.js:1208:19)
          at asyncRunIt (D:\OpenSource\SnippetBox\frontend\node_modules\fast-check\lib\cjs\fast-check.js:2503:15)
          at Object.<anonymous> (D:\OpenSource\SnippetBox\frontend\tests\property\SnippetProperty.test.ts:157:7)

    [0m [90m 407 |[39m           console[33m.[39mlog([32m`Generated vector for snippet: ${snippetId}`[39m)[33m;[39m
     [90m 408 |[39m         } [36mcatch[39m (error) {
    [31m[1m>[22m[39m[90m 409 |[39m           console[33m.[39merror([32m`Failed to generate vector for snippet ${snippetId}:`[3
9m[33m,[39m error)[33m;[39m
     [90m     |[39m                   [31m[1m^[22m[39m
     [90m 410 |[39m         }
     [90m 411 |[39m       }
     [90m 412 |[39m     } [36mfinally[39m {[0m

      at SnippetManager.processVectorGenerationQueue (src/main/services/SnippetManager.ts:409:19)

    console.error
      Failed to generate vector for snippet test-snippet-id: TypeError: dbManager.getDb is not a function
          at VectorStore.initialize (D:\OpenSource\SnippetBox\frontend\src\main\services\VectorStore.ts:21:26)
          at VectorStore.addVector (D:\OpenSource\SnippetBox\frontend\src\main\services\VectorStore.ts:27:10)
          at SnippetManager.processVectorGenerationQueue (D:\OpenSource\SnippetBox\frontend\src\main\services\SnippetManager.ts:406:34)
          at SnippetManager.generateVectorForSnippet (D:\OpenSource\SnippetBox\frontend\src\main\services\SnippetManager.ts:388:10)
          at SnippetManager.updateSnippet (D:\OpenSource\SnippetBox\frontend\src\main\services\SnippetManager.ts:223:12)
          at processTicksAndRejections (node:internal/process/task_queues:105:5)
          at D:\OpenSource\SnippetBox\frontend\tests\property\SnippetProperty.test.ts:211:36
          at AsyncProperty.run (D:\OpenSource\SnippetBox\frontend\node_modules\fast-check\lib\cjs\fast-check.js:1208:19)
          at asyncRunIt (D:\OpenSource\SnippetBox\frontend\node_modules\fast-check\lib\cjs\fast-check.js:2503:15)
          at Object.<anonymous> (D:\OpenSource\SnippetBox\frontend\tests\property\SnippetProperty.test.ts:157:7)

    [0m [90m 407 |[39m           console[33m.[39mlog([32m`Generated vector for snippet: ${snippetId}`[39m)[33m;[39m
     [90m 408 |[39m         } [36mcatch[39m (error) {
    [31m[1m>[22m[39m[90m 409 |[39m           console[33m.[39merror([32m`Failed to generate vector for snippet ${snippetId}:`[3
9m[33m,[39m error)[33m;[39m
     [90m     |[39m                   [31m[1m^[22m[39m
     [90m 410 |[39m         }
     [90m 411 |[39m       }
     [90m 412 |[39m     } [36mfinally[39m {[0m

      at SnippetManager.processVectorGenerationQueue (src/main/services/SnippetManager.ts:409:19)

    console.error
      Failed to generate vector for snippet test-snippet-id: TypeError: dbManager.getDb is not a function
          at VectorStore.initialize (D:\OpenSource\SnippetBox\frontend\src\main\services\VectorStore.ts:21:26)
          at VectorStore.addVector (D:\OpenSource\SnippetBox\frontend\src\main\services\VectorStore.ts:27:10)
          at SnippetManager.processVectorGenerationQueue (D:\OpenSource\SnippetBox\frontend\src\main\services\SnippetManager.ts:406:34)
          at SnippetManager.generateVectorForSnippet (D:\OpenSource\SnippetBox\frontend\src\main\services\SnippetManager.ts:388:10)
          at SnippetManager.createSnippet (D:\OpenSource\SnippetBox\frontend\src\main\services\SnippetManager.ts:72:12)
          at processTicksAndRejections (node:internal/process/task_queues:105:5)
          at D:\OpenSource\SnippetBox\frontend\tests\property\SnippetProperty.test.ts:208:36
          at AsyncProperty.run (D:\OpenSource\SnippetBox\frontend\node_modules\fast-check\lib\cjs\fast-check.js:1208:19)
          at asyncRunIt (D:\OpenSource\SnippetBox\frontend\node_modules\fast-check\lib\cjs\fast-check.js:2503:15)
          at Object.<anonymous> (D:\OpenSource\SnippetBox\frontend\tests\property\SnippetProperty.test.ts:157:7)

    [0m [90m 407 |[39m           console[33m.[39mlog([32m`Generated vector for snippet: ${snippetId}`[39m)[33m;[39m
     [90m 408 |[39m         } [36mcatch[39m (error) {
    [31m[1m>[22m[39m[90m 409 |[39m           console[33m.[39merror([32m`Failed to generate vector for snippet ${snippetId}:`[3
9m[33m,[39m error)[33m;[39m
     [90m     |[39m                   [31m[1m^[22m[39m
     [90m 410 |[39m         }
     [90m 411 |[39m       }
     [90m 412 |[39m     } [36mfinally[39m {[0m

      at SnippetManager.processVectorGenerationQueue (src/main/services/SnippetManager.ts:409:19)

    console.error
      Failed to generate vector for snippet test-snippet-id: TypeError: dbManager.getDb is not a function
          at VectorStore.initialize (D:\OpenSource\SnippetBox\frontend\src\main\services\VectorStore.ts:21:26)
          at VectorStore.addVector (D:\OpenSource\SnippetBox\frontend\src\main\services\VectorStore.ts:27:10)
          at SnippetManager.processVectorGenerationQueue (D:\OpenSource\SnippetBox\frontend\src\main\services\SnippetManager.ts:406:34)
          at SnippetManager.generateVectorForSnippet (D:\OpenSource\SnippetBox\frontend\src\main\services\SnippetManager.ts:388:10)
          at SnippetManager.updateSnippet (D:\OpenSource\SnippetBox\frontend\src\main\services\SnippetManager.ts:223:12)
          at processTicksAndRejections (node:internal/process/task_queues:105:5)
          at D:\OpenSource\SnippetBox\frontend\tests\property\SnippetProperty.test.ts:211:36
          at AsyncProperty.run (D:\OpenSource\SnippetBox\frontend\node_modules\fast-check\lib\cjs\fast-check.js:1208:19)
          at asyncRunIt (D:\OpenSource\SnippetBox\frontend\node_modules\fast-check\lib\cjs\fast-check.js:2503:15)
          at Object.<anonymous> (D:\OpenSource\SnippetBox\frontend\tests\property\SnippetProperty.test.ts:157:7)

    [0m [90m 407 |[39m           console[33m.[39mlog([32m`Generated vector for snippet: ${snippetId}`[39m)[33m;[39m
     [90m 408 |[39m         } [36mcatch[39m (error) {
    [31m[1m>[22m[39m[90m 409 |[39m           console[33m.[39merror([32m`Failed to generate vector for snippet ${snippetId}:`[3
9m[33m,[39m error)[33m;[39m
     [90m     |[39m                   [31m[1m^[22m[39m
     [90m 410 |[39m         }
     [90m 411 |[39m       }
     [90m 412 |[39m     } [36mfinally[39m {[0m

      at SnippetManager.processVectorGenerationQueue (src/main/services/SnippetManager.ts:409:19)

    console.error
      Failed to generate vector for snippet test-snippet-id: TypeError: dbManager.getDb is not a function
          at VectorStore.initialize (D:\OpenSource\SnippetBox\frontend\src\main\services\VectorStore.ts:21:26)
          at VectorStore.addVector (D:\OpenSource\SnippetBox\frontend\src\main\services\VectorStore.ts:27:10)
          at SnippetManager.processVectorGenerationQueue (D:\OpenSource\SnippetBox\frontend\src\main\services\SnippetManager.ts:406:34)
          at SnippetManager.generateVectorForSnippet (D:\OpenSource\SnippetBox\frontend\src\main\services\SnippetManager.ts:388:10)
          at SnippetManager.createSnippet (D:\OpenSource\SnippetBox\frontend\src\main\services\SnippetManager.ts:72:12)
          at processTicksAndRejections (node:internal/process/task_queues:105:5)
          at D:\OpenSource\SnippetBox\frontend\tests\property\SnippetProperty.test.ts:208:36
          at AsyncProperty.run (D:\OpenSource\SnippetBox\frontend\node_modules\fast-check\lib\cjs\fast-check.js:1208:19)
          at asyncRunIt (D:\OpenSource\SnippetBox\frontend\node_modules\fast-check\lib\cjs\fast-check.js:2503:15)
          at Object.<anonymous> (D:\OpenSource\SnippetBox\frontend\tests\property\SnippetProperty.test.ts:157:7)

    [0m [90m 407 |[39m           console[33m.[39mlog([32m`Generated vector for snippet: ${snippetId}`[39m)[33m;[39m
     [90m 408 |[39m         } [36mcatch[39m (error) {
    [31m[1m>[22m[39m[90m 409 |[39m           console[33m.[39merror([32m`Failed to generate vector for snippet ${snippetId}:`[3
9m[33m,[39m error)[33m;[39m
     [90m     |[39m                   [31m[1m^[22m[39m
     [90m 410 |[39m         }
     [90m 411 |[39m       }
     [90m 412 |[39m     } [36mfinally[39m {[0m

      at SnippetManager.processVectorGenerationQueue (src/main/services/SnippetManager.ts:409:19)

    console.error
      Failed to generate vector for snippet test-snippet-id: TypeError: dbManager.getDb is not a function
          at VectorStore.initialize (D:\OpenSource\SnippetBox\frontend\src\main\services\VectorStore.ts:21:26)
          at VectorStore.addVector (D:\OpenSource\SnippetBox\frontend\src\main\services\VectorStore.ts:27:10)
          at SnippetManager.processVectorGenerationQueue (D:\OpenSource\SnippetBox\frontend\src\main\services\SnippetManager.ts:406:34)
          at SnippetManager.generateVectorForSnippet (D:\OpenSource\SnippetBox\frontend\src\main\services\SnippetManager.ts:388:10)
          at SnippetManager.updateSnippet (D:\OpenSource\SnippetBox\frontend\src\main\services\SnippetManager.ts:223:12)
          at processTicksAndRejections (node:internal/process/task_queues:105:5)
          at D:\OpenSource\SnippetBox\frontend\tests\property\SnippetProperty.test.ts:211:36
          at AsyncProperty.run (D:\OpenSource\SnippetBox\frontend\node_modules\fast-check\lib\cjs\fast-check.js:1208:19)
          at asyncRunIt (D:\OpenSource\SnippetBox\frontend\node_modules\fast-check\lib\cjs\fast-check.js:2503:15)
          at Object.<anonymous> (D:\OpenSource\SnippetBox\frontend\tests\property\SnippetProperty.test.ts:157:7)

    [0m [90m 407 |[39m           console[33m.[39mlog([32m`Generated vector for snippet: ${snippetId}`[39m)[33m;[39m
     [90m 408 |[39m         } [36mcatch[39m (error) {
    [31m[1m>[22m[39m[90m 409 |[39m           console[33m.[39merror([32m`Failed to generate vector for snippet ${snippetId}:`[3
9m[33m,[39m error)[33m;[39m
     [90m     |[39m                   [31m[1m^[22m[39m
     [90m 410 |[39m         }
     [90m 411 |[39m       }
     [90m 412 |[39m     } [36mfinally[39m {[0m

      at SnippetManager.processVectorGenerationQueue (src/main/services/SnippetManager.ts:409:19)

    console.error
      Failed to generate vector for snippet test-snippet-id: TypeError: dbManager.getDb is not a function
          at VectorStore.initialize (D:\OpenSource\SnippetBox\frontend\src\main\services\VectorStore.ts:21:26)
          at VectorStore.addVector (D:\OpenSource\SnippetBox\frontend\src\main\services\VectorStore.ts:27:10)
          at SnippetManager.processVectorGenerationQueue (D:\OpenSource\SnippetBox\frontend\src\main\services\SnippetManager.ts:406:34)
          at SnippetManager.generateVectorForSnippet (D:\OpenSource\SnippetBox\frontend\src\main\services\SnippetManager.ts:388:10)
          at SnippetManager.createSnippet (D:\OpenSource\SnippetBox\frontend\src\main\services\SnippetManager.ts:72:12)
          at processTicksAndRejections (node:internal/process/task_queues:105:5)
          at D:\OpenSource\SnippetBox\frontend\tests\property\SnippetProperty.test.ts:208:36
          at AsyncProperty.run (D:\OpenSource\SnippetBox\frontend\node_modules\fast-check\lib\cjs\fast-check.js:1208:19)
          at asyncRunIt (D:\OpenSource\SnippetBox\frontend\node_modules\fast-check\lib\cjs\fast-check.js:2503:15)
          at Object.<anonymous> (D:\OpenSource\SnippetBox\frontend\tests\property\SnippetProperty.test.ts:157:7)

    [0m [90m 407 |[39m           console[33m.[39mlog([32m`Generated vector for snippet: ${snippetId}`[39m)[33m;[39m
     [90m 408 |[39m         } [36mcatch[39m (error) {
    [31m[1m>[22m[39m[90m 409 |[39m           console[33m.[39merror([32m`Failed to generate vector for snippet ${snippetId}:`[3
9m[33m,[39m error)[33m;[39m
     [90m     |[39m                   [31m[1m^[22m[39m
     [90m 410 |[39m         }
     [90m 411 |[39m       }
     [90m 412 |[39m     } [36mfinally[39m {[0m

      at SnippetManager.processVectorGenerationQueue (src/main/services/SnippetManager.ts:409:19)

    console.error
      Failed to generate vector for snippet test-snippet-id: TypeError: dbManager.getDb is not a function
          at VectorStore.initialize (D:\OpenSource\SnippetBox\frontend\src\main\services\VectorStore.ts:21:26)
          at VectorStore.addVector (D:\OpenSource\SnippetBox\frontend\src\main\services\VectorStore.ts:27:10)
          at SnippetManager.processVectorGenerationQueue (D:\OpenSource\SnippetBox\frontend\src\main\services\SnippetManager.ts:406:34)
          at SnippetManager.generateVectorForSnippet (D:\OpenSource\SnippetBox\frontend\src\main\services\SnippetManager.ts:388:10)
          at SnippetManager.updateSnippet (D:\OpenSource\SnippetBox\frontend\src\main\services\SnippetManager.ts:223:12)
          at processTicksAndRejections (node:internal/process/task_queues:105:5)
          at D:\OpenSource\SnippetBox\frontend\tests\property\SnippetProperty.test.ts:211:36
          at AsyncProperty.run (D:\OpenSource\SnippetBox\frontend\node_modules\fast-check\lib\cjs\fast-check.js:1208:19)
          at asyncRunIt (D:\OpenSource\SnippetBox\frontend\node_modules\fast-check\lib\cjs\fast-check.js:2503:15)
          at Object.<anonymous> (D:\OpenSource\SnippetBox\frontend\tests\property\SnippetProperty.test.ts:157:7)

    [0m [90m 407 |[39m           console[33m.[39mlog([32m`Generated vector for snippet: ${snippetId}`[39m)[33m;[39m
     [90m 408 |[39m         } [36mcatch[39m (error) {
    [31m[1m>[22m[39m[90m 409 |[39m           console[33m.[39merror([32m`Failed to generate vector for snippet ${snippetId}:`[3
9m[33m,[39m error)[33m;[39m
     [90m     |[39m                   [31m[1m^[22m[39m
     [90m 410 |[39m         }
     [90m 411 |[39m       }
     [90m 412 |[39m     } [36mfinally[39m {[0m

      at SnippetManager.processVectorGenerationQueue (src/main/services/SnippetManager.ts:409:19)

    console.error
      Failed to generate vector for snippet test-snippet-id: TypeError: dbManager.getDb is not a function
          at VectorStore.initialize (D:\OpenSource\SnippetBox\frontend\src\main\services\VectorStore.ts:21:26)
          at VectorStore.addVector (D:\OpenSource\SnippetBox\frontend\src\main\services\VectorStore.ts:27:10)
          at SnippetManager.processVectorGenerationQueue (D:\OpenSource\SnippetBox\frontend\src\main\services\SnippetManager.ts:406:34)
          at SnippetManager.generateVectorForSnippet (D:\OpenSource\SnippetBox\frontend\src\main\services\SnippetManager.ts:388:10)
          at SnippetManager.createSnippet (D:\OpenSource\SnippetBox\frontend\src\main\services\SnippetManager.ts:72:12)
          at processTicksAndRejections (node:internal/process/task_queues:105:5)
          at D:\OpenSource\SnippetBox\frontend\tests\property\SnippetProperty.test.ts:208:36
          at AsyncProperty.run (D:\OpenSource\SnippetBox\frontend\node_modules\fast-check\lib\cjs\fast-check.js:1208:19)
          at asyncRunIt (D:\OpenSource\SnippetBox\frontend\node_modules\fast-check\lib\cjs\fast-check.js:2503:15)
          at Object.<anonymous> (D:\OpenSource\SnippetBox\frontend\tests\property\SnippetProperty.test.ts:157:7)

    [0m [90m 407 |[39m           console[33m.[39mlog([32m`Generated vector for snippet: ${snippetId}`[39m)[33m;[39m
     [90m 408 |[39m         } [36mcatch[39m (error) {
    [31m[1m>[22m[39m[90m 409 |[39m           console[33m.[39merror([32m`Failed to generate vector for snippet ${snippetId}:`[3
9m[33m,[39m error)[33m;[39m
     [90m     |[39m                   [31m[1m^[22m[39m
     [90m 410 |[39m         }
     [90m 411 |[39m       }
     [90m 412 |[39m     } [36mfinally[39m {[0m

      at SnippetManager.processVectorGenerationQueue (src/main/services/SnippetManager.ts:409:19)

    console.error
      Failed to generate vector for snippet test-snippet-id: TypeError: dbManager.getDb is not a function
          at VectorStore.initialize (D:\OpenSource\SnippetBox\frontend\src\main\services\VectorStore.ts:21:26)
          at VectorStore.addVector (D:\OpenSource\SnippetBox\frontend\src\main\services\VectorStore.ts:27:10)
          at SnippetManager.processVectorGenerationQueue (D:\OpenSource\SnippetBox\frontend\src\main\services\SnippetManager.ts:406:34)
          at SnippetManager.generateVectorForSnippet (D:\OpenSource\SnippetBox\frontend\src\main\services\SnippetManager.ts:388:10)
          at SnippetManager.updateSnippet (D:\OpenSource\SnippetBox\frontend\src\main\services\SnippetManager.ts:223:12)
          at processTicksAndRejections (node:internal/process/task_queues:105:5)
          at D:\OpenSource\SnippetBox\frontend\tests\property\SnippetProperty.test.ts:211:36
          at AsyncProperty.run (D:\OpenSource\SnippetBox\frontend\node_modules\fast-check\lib\cjs\fast-check.js:1208:19)
          at asyncRunIt (D:\OpenSource\SnippetBox\frontend\node_modules\fast-check\lib\cjs\fast-check.js:2503:15)
          at Object.<anonymous> (D:\OpenSource\SnippetBox\frontend\tests\property\SnippetProperty.test.ts:157:7)

    [0m [90m 407 |[39m           console[33m.[39mlog([32m`Generated vector for snippet: ${snippetId}`[39m)[33m;[39m
     [90m 408 |[39m         } [36mcatch[39m (error) {
    [31m[1m>[22m[39m[90m 409 |[39m           console[33m.[39merror([32m`Failed to generate vector for snippet ${snippetId}:`[3
9m[33m,[39m error)[33m;[39m
     [90m     |[39m                   [31m[1m^[22m[39m
     [90m 410 |[39m         }
     [90m 411 |[39m       }
     [90m 412 |[39m     } [36mfinally[39m {[0m

      at SnippetManager.processVectorGenerationQueue (src/main/services/SnippetManager.ts:409:19)

    console.error
      Failed to generate vector for snippet test-snippet-id: TypeError: dbManager.getDb is not a function
          at VectorStore.initialize (D:\OpenSource\SnippetBox\frontend\src\main\services\VectorStore.ts:21:26)
          at VectorStore.addVector (D:\OpenSource\SnippetBox\frontend\src\main\services\VectorStore.ts:27:10)
          at SnippetManager.processVectorGenerationQueue (D:\OpenSource\SnippetBox\frontend\src\main\services\SnippetManager.ts:406:34)
          at SnippetManager.generateVectorForSnippet (D:\OpenSource\SnippetBox\frontend\src\main\services\SnippetManager.ts:388:10)
          at SnippetManager.createSnippet (D:\OpenSource\SnippetBox\frontend\src\main\services\SnippetManager.ts:72:12)
          at processTicksAndRejections (node:internal/process/task_queues:105:5)
          at D:\OpenSource\SnippetBox\frontend\tests\property\SnippetProperty.test.ts:208:36
          at AsyncProperty.run (D:\OpenSource\SnippetBox\frontend\node_modules\fast-check\lib\cjs\fast-check.js:1208:19)
          at asyncRunIt (D:\OpenSource\SnippetBox\frontend\node_modules\fast-check\lib\cjs\fast-check.js:2503:15)
          at Object.<anonymous> (D:\OpenSource\SnippetBox\frontend\tests\property\SnippetProperty.test.ts:157:7)

    [0m [90m 407 |[39m           console[33m.[39mlog([32m`Generated vector for snippet: ${snippetId}`[39m)[33m;[39m
     [90m 408 |[39m         } [36mcatch[39m (error) {
    [31m[1m>[22m[39m[90m 409 |[39m           console[33m.[39merror([32m`Failed to generate vector for snippet ${snippetId}:`[3
9m[33m,[39m error)[33m;[39m
     [90m     |[39m                   [31m[1m^[22m[39m
     [90m 410 |[39m         }
     [90m 411 |[39m       }
     [90m 412 |[39m     } [36mfinally[39m {[0m

      at SnippetManager.processVectorGenerationQueue (src/main/services/SnippetManager.ts:409:19)

    console.error
      Failed to generate vector for snippet test-snippet-id: TypeError: dbManager.getDb is not a function
          at VectorStore.initialize (D:\OpenSource\SnippetBox\frontend\src\main\services\VectorStore.ts:21:26)
          at VectorStore.addVector (D:\OpenSource\SnippetBox\frontend\src\main\services\VectorStore.ts:27:10)
          at SnippetManager.processVectorGenerationQueue (D:\OpenSource\SnippetBox\frontend\src\main\services\SnippetManager.ts:406:34)
          at SnippetManager.generateVectorForSnippet (D:\OpenSource\SnippetBox\frontend\src\main\services\SnippetManager.ts:388:10)
          at SnippetManager.updateSnippet (D:\OpenSource\SnippetBox\frontend\src\main\services\SnippetManager.ts:223:12)
          at processTicksAndRejections (node:internal/process/task_queues:105:5)
          at D:\OpenSource\SnippetBox\frontend\tests\property\SnippetProperty.test.ts:211:36
          at AsyncProperty.run (D:\OpenSource\SnippetBox\frontend\node_modules\fast-check\lib\cjs\fast-check.js:1208:19)
          at asyncRunIt (D:\OpenSource\SnippetBox\frontend\node_modules\fast-check\lib\cjs\fast-check.js:2503:15)
          at Object.<anonymous> (D:\OpenSource\SnippetBox\frontend\tests\property\SnippetProperty.test.ts:157:7)

    [0m [90m 407 |[39m           console[33m.[39mlog([32m`Generated vector for snippet: ${snippetId}`[39m)[33m;[39m
     [90m 408 |[39m         } [36mcatch[39m (error) {
    [31m[1m>[22m[39m[90m 409 |[39m           console[33m.[39merror([32m`Failed to generate vector for snippet ${snippetId}:`[3
9m[33m,[39m error)[33m;[39m
     [90m     |[39m                   [31m[1m^[22m[39m
     [90m 410 |[39m         }
     [90m 411 |[39m       }
     [90m 412 |[39m     } [36mfinally[39m {[0m

      at SnippetManager.processVectorGenerationQueue (src/main/services/SnippetManager.ts:409:19)

    console.error
      Failed to generate vector for snippet test-snippet-id: TypeError: dbManager.getDb is not a function
          at VectorStore.initialize (D:\OpenSource\SnippetBox\frontend\src\main\services\VectorStore.ts:21:26)
          at VectorStore.addVector (D:\OpenSource\SnippetBox\frontend\src\main\services\VectorStore.ts:27:10)
          at SnippetManager.processVectorGenerationQueue (D:\OpenSource\SnippetBox\frontend\src\main\services\SnippetManager.ts:406:34)
          at SnippetManager.generateVectorForSnippet (D:\OpenSource\SnippetBox\frontend\src\main\services\SnippetManager.ts:388:10)
          at SnippetManager.createSnippet (D:\OpenSource\SnippetBox\frontend\src\main\services\SnippetManager.ts:72:12)
          at processTicksAndRejections (node:internal/process/task_queues:105:5)
          at D:\OpenSource\SnippetBox\frontend\tests\property\SnippetProperty.test.ts:208:36
          at AsyncProperty.run (D:\OpenSource\SnippetBox\frontend\node_modules\fast-check\lib\cjs\fast-check.js:1208:19)
          at asyncRunIt (D:\OpenSource\SnippetBox\frontend\node_modules\fast-check\lib\cjs\fast-check.js:2503:15)
          at Object.<anonymous> (D:\OpenSource\SnippetBox\frontend\tests\property\SnippetProperty.test.ts:157:7)

    [0m [90m 407 |[39m           console[33m.[39mlog([32m`Generated vector for snippet: ${snippetId}`[39m)[33m;[39m
     [90m 408 |[39m         } [36mcatch[39m (error) {
    [31m[1m>[22m[39m[90m 409 |[39m           console[33m.[39merror([32m`Failed to generate vector for snippet ${snippetId}:`[3
9m[33m,[39m error)[33m;[39m
     [90m     |[39m                   [31m[1m^[22m[39m
     [90m 410 |[39m         }
     [90m 411 |[39m       }
     [90m 412 |[39m     } [36mfinally[39m {[0m

      at SnippetManager.processVectorGenerationQueue (src/main/services/SnippetManager.ts:409:19)

    console.error
      Failed to generate vector for snippet test-snippet-id: TypeError: dbManager.getDb is not a function
          at VectorStore.initialize (D:\OpenSource\SnippetBox\frontend\src\main\services\VectorStore.ts:21:26)
          at VectorStore.addVector (D:\OpenSource\SnippetBox\frontend\src\main\services\VectorStore.ts:27:10)
          at SnippetManager.processVectorGenerationQueue (D:\OpenSource\SnippetBox\frontend\src\main\services\SnippetManager.ts:406:34)
          at SnippetManager.generateVectorForSnippet (D:\OpenSource\SnippetBox\frontend\src\main\services\SnippetManager.ts:388:10)
          at SnippetManager.updateSnippet (D:\OpenSource\SnippetBox\frontend\src\main\services\SnippetManager.ts:223:12)
          at processTicksAndRejections (node:internal/process/task_queues:105:5)
          at D:\OpenSource\SnippetBox\frontend\tests\property\SnippetProperty.test.ts:211:36
          at AsyncProperty.run (D:\OpenSource\SnippetBox\frontend\node_modules\fast-check\lib\cjs\fast-check.js:1208:19)
          at asyncRunIt (D:\OpenSource\SnippetBox\frontend\node_modules\fast-check\lib\cjs\fast-check.js:2503:15)
          at Object.<anonymous> (D:\OpenSource\SnippetBox\frontend\tests\property\SnippetProperty.test.ts:157:7)

    [0m [90m 407 |[39m           console[33m.[39mlog([32m`Generated vector for snippet: ${snippetId}`[39m)[33m;[39m
     [90m 408 |[39m         } [36mcatch[39m (error) {
    [31m[1m>[22m[39m[90m 409 |[39m           console[33m.[39merror([32m`Failed to generate vector for snippet ${snippetId}:`[3
9m[33m,[39m error)[33m;[39m
     [90m     |[39m                   [31m[1m^[22m[39m
     [90m 410 |[39m         }
     [90m 411 |[39m       }
     [90m 412 |[39m     } [36mfinally[39m {[0m

      at SnippetManager.processVectorGenerationQueue (src/main/services/SnippetManager.ts:409:19)

    console.error
      Failed to generate vector for snippet test-snippet-id: TypeError: dbManager.getDb is not a function
          at VectorStore.initialize (D:\OpenSource\SnippetBox\frontend\src\main\services\VectorStore.ts:21:26)
          at VectorStore.addVector (D:\OpenSource\SnippetBox\frontend\src\main\services\VectorStore.ts:27:10)
          at SnippetManager.processVectorGenerationQueue (D:\OpenSource\SnippetBox\frontend\src\main\services\SnippetManager.ts:406:34)
          at SnippetManager.generateVectorForSnippet (D:\OpenSource\SnippetBox\frontend\src\main\services\SnippetManager.ts:388:10)
          at SnippetManager.createSnippet (D:\OpenSource\SnippetBox\frontend\src\main\services\SnippetManager.ts:72:12)
          at processTicksAndRejections (node:internal/process/task_queues:105:5)
          at D:\OpenSource\SnippetBox\frontend\tests\property\SnippetProperty.test.ts:208:36
          at AsyncProperty.run (D:\OpenSource\SnippetBox\frontend\node_modules\fast-check\lib\cjs\fast-check.js:1208:19)
          at asyncRunIt (D:\OpenSource\SnippetBox\frontend\node_modules\fast-check\lib\cjs\fast-check.js:2503:15)
          at Object.<anonymous> (D:\OpenSource\SnippetBox\frontend\tests\property\SnippetProperty.test.ts:157:7)

    [0m [90m 407 |[39m           console[33m.[39mlog([32m`Generated vector for snippet: ${snippetId}`[39m)[33m;[39m
     [90m 408 |[39m         } [36mcatch[39m (error) {
    [31m[1m>[22m[39m[90m 409 |[39m           console[33m.[39merror([32m`Failed to generate vector for snippet ${snippetId}:`[3
9m[33m,[39m error)[33m;[39m
     [90m     |[39m                   [31m[1m^[22m[39m
     [90m 410 |[39m         }
     [90m 411 |[39m       }
     [90m 412 |[39m     } [36mfinally[39m {[0m

      at SnippetManager.processVectorGenerationQueue (src/main/services/SnippetManager.ts:409:19)

    console.error
      Failed to generate vector for snippet test-snippet-id: TypeError: dbManager.getDb is not a function
          at VectorStore.initialize (D:\OpenSource\SnippetBox\frontend\src\main\services\VectorStore.ts:21:26)
          at VectorStore.addVector (D:\OpenSource\SnippetBox\frontend\src\main\services\VectorStore.ts:27:10)
          at SnippetManager.processVectorGenerationQueue (D:\OpenSource\SnippetBox\frontend\src\main\services\SnippetManager.ts:406:34)
          at SnippetManager.generateVectorForSnippet (D:\OpenSource\SnippetBox\frontend\src\main\services\SnippetManager.ts:388:10)
          at SnippetManager.updateSnippet (D:\OpenSource\SnippetBox\frontend\src\main\services\SnippetManager.ts:223:12)
          at processTicksAndRejections (node:internal/process/task_queues:105:5)
          at D:\OpenSource\SnippetBox\frontend\tests\property\SnippetProperty.test.ts:211:36
          at AsyncProperty.run (D:\OpenSource\SnippetBox\frontend\node_modules\fast-check\lib\cjs\fast-check.js:1208:19)
          at asyncRunIt (D:\OpenSource\SnippetBox\frontend\node_modules\fast-check\lib\cjs\fast-check.js:2503:15)
          at Object.<anonymous> (D:\OpenSource\SnippetBox\frontend\tests\property\SnippetProperty.test.ts:157:7)

    [0m [90m 407 |[39m           console[33m.[39mlog([32m`Generated vector for snippet: ${snippetId}`[39m)[33m;[39m
     [90m 408 |[39m         } [36mcatch[39m (error) {
    [31m[1m>[22m[39m[90m 409 |[39m           console[33m.[39merror([32m`Failed to generate vector for snippet ${snippetId}:`[3
9m[33m,[39m error)[33m;[39m
     [90m     |[39m                   [31m[1m^[22m[39m
     [90m 410 |[39m         }
     [90m 411 |[39m       }
     [90m 412 |[39m     } [36mfinally[39m {[0m

      at SnippetManager.processVectorGenerationQueue (src/main/services/SnippetManager.ts:409:19)

    console.error
      Failed to generate vector for snippet test-snippet-id: TypeError: dbManager.getDb is not a function
          at VectorStore.initialize (D:\OpenSource\SnippetBox\frontend\src\main\services\VectorStore.ts:21:26)
          at VectorStore.addVector (D:\OpenSource\SnippetBox\frontend\src\main\services\VectorStore.ts:27:10)
          at SnippetManager.processVectorGenerationQueue (D:\OpenSource\SnippetBox\frontend\src\main\services\SnippetManager.ts:406:34)
          at SnippetManager.generateVectorForSnippet (D:\OpenSource\SnippetBox\frontend\src\main\services\SnippetManager.ts:388:10)
          at SnippetManager.createSnippet (D:\OpenSource\SnippetBox\frontend\src\main\services\SnippetManager.ts:72:12)
          at processTicksAndRejections (node:internal/process/task_queues:105:5)
          at D:\OpenSource\SnippetBox\frontend\tests\property\SnippetProperty.test.ts:208:36
          at AsyncProperty.run (D:\OpenSource\SnippetBox\frontend\node_modules\fast-check\lib\cjs\fast-check.js:1208:19)
          at asyncRunIt (D:\OpenSource\SnippetBox\frontend\node_modules\fast-check\lib\cjs\fast-check.js:2503:15)
          at Object.<anonymous> (D:\OpenSource\SnippetBox\frontend\tests\property\SnippetProperty.test.ts:157:7)

    [0m [90m 407 |[39m           console[33m.[39mlog([32m`Generated vector for snippet: ${snippetId}`[39m)[33m;[39m
     [90m 408 |[39m         } [36mcatch[39m (error) {
    [31m[1m>[22m[39m[90m 409 |[39m           console[33m.[39merror([32m`Failed to generate vector for snippet ${snippetId}:`[3
9m[33m,[39m error)[33m;[39m
     [90m     |[39m                   [31m[1m^[22m[39m
     [90m 410 |[39m         }
     [90m 411 |[39m       }
     [90m 412 |[39m     } [36mfinally[39m {[0m

      at SnippetManager.processVectorGenerationQueue (src/main/services/SnippetManager.ts:409:19)

    console.error
      Failed to generate vector for snippet test-snippet-id: TypeError: dbManager.getDb is not a function
          at VectorStore.initialize (D:\OpenSource\SnippetBox\frontend\src\main\services\VectorStore.ts:21:26)
          at VectorStore.addVector (D:\OpenSource\SnippetBox\frontend\src\main\services\VectorStore.ts:27:10)
          at SnippetManager.processVectorGenerationQueue (D:\OpenSource\SnippetBox\frontend\src\main\services\SnippetManager.ts:406:34)
          at SnippetManager.generateVectorForSnippet (D:\OpenSource\SnippetBox\frontend\src\main\services\SnippetManager.ts:388:10)
          at SnippetManager.updateSnippet (D:\OpenSource\SnippetBox\frontend\src\main\services\SnippetManager.ts:223:12)
          at processTicksAndRejections (node:internal/process/task_queues:105:5)
          at D:\OpenSource\SnippetBox\frontend\tests\property\SnippetProperty.test.ts:211:36
          at AsyncProperty.run (D:\OpenSource\SnippetBox\frontend\node_modules\fast-check\lib\cjs\fast-check.js:1208:19)
          at asyncRunIt (D:\OpenSource\SnippetBox\frontend\node_modules\fast-check\lib\cjs\fast-check.js:2503:15)
          at Object.<anonymous> (D:\OpenSource\SnippetBox\frontend\tests\property\SnippetProperty.test.ts:157:7)

    [0m [90m 407 |[39m           console[33m.[39mlog([32m`Generated vector for snippet: ${snippetId}`[39m)[33m;[39m
     [90m 408 |[39m         } [36mcatch[39m (error) {
    [31m[1m>[22m[39m[90m 409 |[39m           console[33m.[39merror([32m`Failed to generate vector for snippet ${snippetId}:`[3
9m[33m,[39m error)[33m;[39m
     [90m     |[39m                   [31m[1m^[22m[39m
     [90m 410 |[39m         }
     [90m 411 |[39m       }
     [90m 412 |[39m     } [36mfinally[39m {[0m

      at SnippetManager.processVectorGenerationQueue (src/main/services/SnippetManager.ts:409:19)

    console.error
      Failed to generate vector for snippet test-snippet-id: TypeError: dbManager.getDb is not a function
          at VectorStore.initialize (D:\OpenSource\SnippetBox\frontend\src\main\services\VectorStore.ts:21:26)
          at VectorStore.addVector (D:\OpenSource\SnippetBox\frontend\src\main\services\VectorStore.ts:27:10)
          at SnippetManager.processVectorGenerationQueue (D:\OpenSource\SnippetBox\frontend\src\main\services\SnippetManager.ts:406:34)
          at SnippetManager.generateVectorForSnippet (D:\OpenSource\SnippetBox\frontend\src\main\services\SnippetManager.ts:388:10)
          at SnippetManager.createSnippet (D:\OpenSource\SnippetBox\frontend\src\main\services\SnippetManager.ts:72:12)
          at processTicksAndRejections (node:internal/process/task_queues:105:5)
          at D:\OpenSource\SnippetBox\frontend\tests\property\SnippetProperty.test.ts:208:36
          at AsyncProperty.run (D:\OpenSource\SnippetBox\frontend\node_modules\fast-check\lib\cjs\fast-check.js:1208:19)
          at asyncRunIt (D:\OpenSource\SnippetBox\frontend\node_modules\fast-check\lib\cjs\fast-check.js:2503:15)
          at Object.<anonymous> (D:\OpenSource\SnippetBox\frontend\tests\property\SnippetProperty.test.ts:157:7)

    [0m [90m 407 |[39m           console[33m.[39mlog([32m`Generated vector for snippet: ${snippetId}`[39m)[33m;[39m
     [90m 408 |[39m         } [36mcatch[39m (error) {
    [31m[1m>[22m[39m[90m 409 |[39m           console[33m.[39merror([32m`Failed to generate vector for snippet ${snippetId}:`[3
9m[33m,[39m error)[33m;[39m
     [90m     |[39m                   [31m[1m^[22m[39m
     [90m 410 |[39m         }
     [90m 411 |[39m       }
     [90m 412 |[39m     } [36mfinally[39m {[0m

      at SnippetManager.processVectorGenerationQueue (src/main/services/SnippetManager.ts:409:19)

    console.error
      Failed to generate vector for snippet test-snippet-id: TypeError: dbManager.getDb is not a function
          at VectorStore.initialize (D:\OpenSource\SnippetBox\frontend\src\main\services\VectorStore.ts:21:26)
          at VectorStore.addVector (D:\OpenSource\SnippetBox\frontend\src\main\services\VectorStore.ts:27:10)
          at SnippetManager.processVectorGenerationQueue (D:\OpenSource\SnippetBox\frontend\src\main\services\SnippetManager.ts:406:34)
          at SnippetManager.generateVectorForSnippet (D:\OpenSource\SnippetBox\frontend\src\main\services\SnippetManager.ts:388:10)
          at SnippetManager.updateSnippet (D:\OpenSource\SnippetBox\frontend\src\main\services\SnippetManager.ts:223:12)
          at processTicksAndRejections (node:internal/process/task_queues:105:5)
          at D:\OpenSource\SnippetBox\frontend\tests\property\SnippetProperty.test.ts:211:36
          at AsyncProperty.run (D:\OpenSource\SnippetBox\frontend\node_modules\fast-check\lib\cjs\fast-check.js:1208:19)
          at asyncRunIt (D:\OpenSource\SnippetBox\frontend\node_modules\fast-check\lib\cjs\fast-check.js:2503:15)
          at Object.<anonymous> (D:\OpenSource\SnippetBox\frontend\tests\property\SnippetProperty.test.ts:157:7)

    [0m [90m 407 |[39m           console[33m.[39mlog([32m`Generated vector for snippet: ${snippetId}`[39m)[33m;[39m
     [90m 408 |[39m         } [36mcatch[39m (error) {
    [31m[1m>[22m[39m[90m 409 |[39m           console[33m.[39merror([32m`Failed to generate vector for snippet ${snippetId}:`[3
9m[33m,[39m error)[33m;[39m
     [90m     |[39m                   [31m[1m^[22m[39m
     [90m 410 |[39m         }
     [90m 411 |[39m       }
     [90m 412 |[39m     } [36mfinally[39m {[0m

      at SnippetManager.processVectorGenerationQueue (src/main/services/SnippetManager.ts:409:19)

    console.error
      Failed to generate vector for snippet test-snippet-id: TypeError: dbManager.getDb is not a function
          at VectorStore.initialize (D:\OpenSource\SnippetBox\frontend\src\main\services\VectorStore.ts:21:26)
          at VectorStore.addVector (D:\OpenSource\SnippetBox\frontend\src\main\services\VectorStore.ts:27:10)
          at SnippetManager.processVectorGenerationQueue (D:\OpenSource\SnippetBox\frontend\src\main\services\SnippetManager.ts:406:34)
          at SnippetManager.generateVectorForSnippet (D:\OpenSource\SnippetBox\frontend\src\main\services\SnippetManager.ts:388:10)
          at SnippetManager.createSnippet (D:\OpenSource\SnippetBox\frontend\src\main\services\SnippetManager.ts:72:12)
          at processTicksAndRejections (node:internal/process/task_queues:105:5)
          at D:\OpenSource\SnippetBox\frontend\tests\property\SnippetProperty.test.ts:208:36
          at AsyncProperty.run (D:\OpenSource\SnippetBox\frontend\node_modules\fast-check\lib\cjs\fast-check.js:1208:19)
          at asyncRunIt (D:\OpenSource\SnippetBox\frontend\node_modules\fast-check\lib\cjs\fast-check.js:2503:15)
          at Object.<anonymous> (D:\OpenSource\SnippetBox\frontend\tests\property\SnippetProperty.test.ts:157:7)

    [0m [90m 407 |[39m           console[33m.[39mlog([32m`Generated vector for snippet: ${snippetId}`[39m)[33m;[39m
     [90m 408 |[39m         } [36mcatch[39m (error) {
    [31m[1m>[22m[39m[90m 409 |[39m           console[33m.[39merror([32m`Failed to generate vector for snippet ${snippetId}:`[3
9m[33m,[39m error)[33m;[39m
     [90m     |[39m                   [31m[1m^[22m[39m
     [90m 410 |[39m         }
     [90m 411 |[39m       }
     [90m 412 |[39m     } [36mfinally[39m {[0m

      at SnippetManager.processVectorGenerationQueue (src/main/services/SnippetManager.ts:409:19)

    console.error
      Failed to generate vector for snippet test-snippet-id: TypeError: dbManager.getDb is not a function
          at VectorStore.initialize (D:\OpenSource\SnippetBox\frontend\src\main\services\VectorStore.ts:21:26)
          at VectorStore.addVector (D:\OpenSource\SnippetBox\frontend\src\main\services\VectorStore.ts:27:10)
          at SnippetManager.processVectorGenerationQueue (D:\OpenSource\SnippetBox\frontend\src\main\services\SnippetManager.ts:406:34)
          at SnippetManager.generateVectorForSnippet (D:\OpenSource\SnippetBox\frontend\src\main\services\SnippetManager.ts:388:10)
          at SnippetManager.updateSnippet (D:\OpenSource\SnippetBox\frontend\src\main\services\SnippetManager.ts:223:12)
          at processTicksAndRejections (node:internal/process/task_queues:105:5)
          at D:\OpenSource\SnippetBox\frontend\tests\property\SnippetProperty.test.ts:211:36
          at AsyncProperty.run (D:\OpenSource\SnippetBox\frontend\node_modules\fast-check\lib\cjs\fast-check.js:1208:19)
          at asyncRunIt (D:\OpenSource\SnippetBox\frontend\node_modules\fast-check\lib\cjs\fast-check.js:2503:15)
          at Object.<anonymous> (D:\OpenSource\SnippetBox\frontend\tests\property\SnippetProperty.test.ts:157:7)

    [0m [90m 407 |[39m           console[33m.[39mlog([32m`Generated vector for snippet: ${snippetId}`[39m)[33m;[39m
     [90m 408 |[39m         } [36mcatch[39m (error) {
    [31m[1m>[22m[39m[90m 409 |[39m           console[33m.[39merror([32m`Failed to generate vector for snippet ${snippetId}:`[3
9m[33m,[39m error)[33m;[39m
     [90m     |[39m                   [31m[1m^[22m[39m
     [90m 410 |[39m         }
     [90m 411 |[39m       }
     [90m 412 |[39m     } [36mfinally[39m {[0m

      at SnippetManager.processVectorGenerationQueue (src/main/services/SnippetManager.ts:409:19)

    console.error
      Failed to generate vector for snippet test-snippet-id: TypeError: dbManager.getDb is not a function
          at VectorStore.initialize (D:\OpenSource\SnippetBox\frontend\src\main\services\VectorStore.ts:21:26)
          at VectorStore.addVector (D:\OpenSource\SnippetBox\frontend\src\main\services\VectorStore.ts:27:10)
          at SnippetManager.processVectorGenerationQueue (D:\OpenSource\SnippetBox\frontend\src\main\services\SnippetManager.ts:406:34)
          at SnippetManager.generateVectorForSnippet (D:\OpenSource\SnippetBox\frontend\src\main\services\SnippetManager.ts:388:10)
          at SnippetManager.createSnippet (D:\OpenSource\SnippetBox\frontend\src\main\services\SnippetManager.ts:72:12)
          at processTicksAndRejections (node:internal/process/task_queues:105:5)
          at D:\OpenSource\SnippetBox\frontend\tests\property\SnippetProperty.test.ts:208:36
          at AsyncProperty.run (D:\OpenSource\SnippetBox\frontend\node_modules\fast-check\lib\cjs\fast-check.js:1208:19)
          at asyncRunIt (D:\OpenSource\SnippetBox\frontend\node_modules\fast-check\lib\cjs\fast-check.js:2503:15)
          at Object.<anonymous> (D:\OpenSource\SnippetBox\frontend\tests\property\SnippetProperty.test.ts:157:7)

    [0m [90m 407 |[39m           console[33m.[39mlog([32m`Generated vector for snippet: ${snippetId}`[39m)[33m;[39m
     [90m 408 |[39m         } [36mcatch[39m (error) {
    [31m[1m>[22m[39m[90m 409 |[39m           console[33m.[39merror([32m`Failed to generate vector for snippet ${snippetId}:`[3
9m[33m,[39m error)[33m;[39m
     [90m     |[39m                   [31m[1m^[22m[39m
     [90m 410 |[39m         }
     [90m 411 |[39m       }
     [90m 412 |[39m     } [36mfinally[39m {[0m

      at SnippetManager.processVectorGenerationQueue (src/main/services/SnippetManager.ts:409:19)

    console.error
      Failed to generate vector for snippet test-snippet-id: TypeError: dbManager.getDb is not a function
          at VectorStore.initialize (D:\OpenSource\SnippetBox\frontend\src\main\services\VectorStore.ts:21:26)
          at VectorStore.addVector (D:\OpenSource\SnippetBox\frontend\src\main\services\VectorStore.ts:27:10)
          at SnippetManager.processVectorGenerationQueue (D:\OpenSource\SnippetBox\frontend\src\main\services\SnippetManager.ts:406:34)
          at SnippetManager.generateVectorForSnippet (D:\OpenSource\SnippetBox\frontend\src\main\services\SnippetManager.ts:388:10)
          at SnippetManager.updateSnippet (D:\OpenSource\SnippetBox\frontend\src\main\services\SnippetManager.ts:223:12)
          at processTicksAndRejections (node:internal/process/task_queues:105:5)
          at D:\OpenSource\SnippetBox\frontend\tests\property\SnippetProperty.test.ts:211:36
          at AsyncProperty.run (D:\OpenSource\SnippetBox\frontend\node_modules\fast-check\lib\cjs\fast-check.js:1208:19)
          at asyncRunIt (D:\OpenSource\SnippetBox\frontend\node_modules\fast-check\lib\cjs\fast-check.js:2503:15)
          at Object.<anonymous> (D:\OpenSource\SnippetBox\frontend\tests\property\SnippetProperty.test.ts:157:7)

    [0m [90m 407 |[39m           console[33m.[39mlog([32m`Generated vector for snippet: ${snippetId}`[39m)[33m;[39m
     [90m 408 |[39m         } [36mcatch[39m (error) {
    [31m[1m>[22m[39m[90m 409 |[39m           console[33m.[39merror([32m`Failed to generate vector for snippet ${snippetId}:`[3
9m[33m,[39m error)[33m;[39m
     [90m     |[39m                   [31m[1m^[22m[39m
     [90m 410 |[39m         }
     [90m 411 |[39m       }
     [90m 412 |[39m     } [36mfinally[39m {[0m

      at SnippetManager.processVectorGenerationQueue (src/main/services/SnippetManager.ts:409:19)

    console.error
      Failed to generate vector for snippet test-snippet-id: TypeError: dbManager.getDb is not a function
          at VectorStore.initialize (D:\OpenSource\SnippetBox\frontend\src\main\services\VectorStore.ts:21:26)
          at VectorStore.addVector (D:\OpenSource\SnippetBox\frontend\src\main\services\VectorStore.ts:27:10)
          at SnippetManager.processVectorGenerationQueue (D:\OpenSource\SnippetBox\frontend\src\main\services\SnippetManager.ts:406:34)
          at SnippetManager.generateVectorForSnippet (D:\OpenSource\SnippetBox\frontend\src\main\services\SnippetManager.ts:388:10)
          at SnippetManager.createSnippet (D:\OpenSource\SnippetBox\frontend\src\main\services\SnippetManager.ts:72:12)
          at processTicksAndRejections (node:internal/process/task_queues:105:5)
          at D:\OpenSource\SnippetBox\frontend\tests\property\SnippetProperty.test.ts:208:36
          at AsyncProperty.run (D:\OpenSource\SnippetBox\frontend\node_modules\fast-check\lib\cjs\fast-check.js:1208:19)
          at asyncRunIt (D:\OpenSource\SnippetBox\frontend\node_modules\fast-check\lib\cjs\fast-check.js:2503:15)
          at Object.<anonymous> (D:\OpenSource\SnippetBox\frontend\tests\property\SnippetProperty.test.ts:157:7)

    [0m [90m 407 |[39m           console[33m.[39mlog([32m`Generated vector for snippet: ${snippetId}`[39m)[33m;[39m
     [90m 408 |[39m         } [36mcatch[39m (error) {
    [31m[1m>[22m[39m[90m 409 |[39m           console[33m.[39merror([32m`Failed to generate vector for snippet ${snippetId}:`[3
9m[33m,[39m error)[33m;[39m
     [90m     |[39m                   [31m[1m^[22m[39m
     [90m 410 |[39m         }
     [90m 411 |[39m       }
     [90m 412 |[39m     } [36mfinally[39m {[0m

      at SnippetManager.processVectorGenerationQueue (src/main/services/SnippetManager.ts:409:19)

    console.error
      Failed to generate vector for snippet test-snippet-id: TypeError: dbManager.getDb is not a function
          at VectorStore.initialize (D:\OpenSource\SnippetBox\frontend\src\main\services\VectorStore.ts:21:26)
          at VectorStore.addVector (D:\OpenSource\SnippetBox\frontend\src\main\services\VectorStore.ts:27:10)
          at SnippetManager.processVectorGenerationQueue (D:\OpenSource\SnippetBox\frontend\src\main\services\SnippetManager.ts:406:34)
          at SnippetManager.generateVectorForSnippet (D:\OpenSource\SnippetBox\frontend\src\main\services\SnippetManager.ts:388:10)
          at SnippetManager.updateSnippet (D:\OpenSource\SnippetBox\frontend\src\main\services\SnippetManager.ts:223:12)
          at processTicksAndRejections (node:internal/process/task_queues:105:5)
          at D:\OpenSource\SnippetBox\frontend\tests\property\SnippetProperty.test.ts:211:36
          at AsyncProperty.run (D:\OpenSource\SnippetBox\frontend\node_modules\fast-check\lib\cjs\fast-check.js:1208:19)
          at asyncRunIt (D:\OpenSource\SnippetBox\frontend\node_modules\fast-check\lib\cjs\fast-check.js:2503:15)
          at Object.<anonymous> (D:\OpenSource\SnippetBox\frontend\tests\property\SnippetProperty.test.ts:157:7)

    [0m [90m 407 |[39m           console[33m.[39mlog([32m`Generated vector for snippet: ${snippetId}`[39m)[33m;[39m
     [90m 408 |[39m         } [36mcatch[39m (error) {
    [31m[1m>[22m[39m[90m 409 |[39m           console[33m.[39merror([32m`Failed to generate vector for snippet ${snippetId}:`[3
9m[33m,[39m error)[33m;[39m
     [90m     |[39m                   [31m[1m^[22m[39m
     [90m 410 |[39m         }
     [90m 411 |[39m       }
     [90m 412 |[39m     } [36mfinally[39m {[0m

      at SnippetManager.processVectorGenerationQueue (src/main/services/SnippetManager.ts:409:19)

    console.error
      Failed to generate vector for snippet test-snippet-id: TypeError: dbManager.getDb is not a function
          at VectorStore.initialize (D:\OpenSource\SnippetBox\frontend\src\main\services\VectorStore.ts:21:26)
          at VectorStore.addVector (D:\OpenSource\SnippetBox\frontend\src\main\services\VectorStore.ts:27:10)
          at SnippetManager.processVectorGenerationQueue (D:\OpenSource\SnippetBox\frontend\src\main\services\SnippetManager.ts:406:34)
          at SnippetManager.generateVectorForSnippet (D:\OpenSource\SnippetBox\frontend\src\main\services\SnippetManager.ts:388:10)
          at SnippetManager.createSnippet (D:\OpenSource\SnippetBox\frontend\src\main\services\SnippetManager.ts:72:12)
          at processTicksAndRejections (node:internal/process/task_queues:105:5)
          at D:\OpenSource\SnippetBox\frontend\tests\property\SnippetProperty.test.ts:208:36
          at AsyncProperty.run (D:\OpenSource\SnippetBox\frontend\node_modules\fast-check\lib\cjs\fast-check.js:1208:19)
          at asyncRunIt (D:\OpenSource\SnippetBox\frontend\node_modules\fast-check\lib\cjs\fast-check.js:2503:15)
          at Object.<anonymous> (D:\OpenSource\SnippetBox\frontend\tests\property\SnippetProperty.test.ts:157:7)

    [0m [90m 407 |[39m           console[33m.[39mlog([32m`Generated vector for snippet: ${snippetId}`[39m)[33m;[39m
     [90m 408 |[39m         } [36mcatch[39m (error) {
    [31m[1m>[22m[39m[90m 409 |[39m           console[33m.[39merror([32m`Failed to generate vector for snippet ${snippetId}:`[3
9m[33m,[39m error)[33m;[39m
     [90m     |[39m                   [31m[1m^[22m[39m
     [90m 410 |[39m         }
     [90m 411 |[39m       }
     [90m 412 |[39m     } [36mfinally[39m {[0m

      at SnippetManager.processVectorGenerationQueue (src/main/services/SnippetManager.ts:409:19)

    console.error
      Failed to generate vector for snippet test-snippet-id: TypeError: dbManager.getDb is not a function
          at VectorStore.initialize (D:\OpenSource\SnippetBox\frontend\src\main\services\VectorStore.ts:21:26)
          at VectorStore.addVector (D:\OpenSource\SnippetBox\frontend\src\main\services\VectorStore.ts:27:10)
          at SnippetManager.processVectorGenerationQueue (D:\OpenSource\SnippetBox\frontend\src\main\services\SnippetManager.ts:406:34)
          at SnippetManager.generateVectorForSnippet (D:\OpenSource\SnippetBox\frontend\src\main\services\SnippetManager.ts:388:10)
          at SnippetManager.updateSnippet (D:\OpenSource\SnippetBox\frontend\src\main\services\SnippetManager.ts:223:12)
          at processTicksAndRejections (node:internal/process/task_queues:105:5)
          at D:\OpenSource\SnippetBox\frontend\tests\property\SnippetProperty.test.ts:211:36
          at AsyncProperty.run (D:\OpenSource\SnippetBox\frontend\node_modules\fast-check\lib\cjs\fast-check.js:1208:19)
          at asyncRunIt (D:\OpenSource\SnippetBox\frontend\node_modules\fast-check\lib\cjs\fast-check.js:2503:15)
          at Object.<anonymous> (D:\OpenSource\SnippetBox\frontend\tests\property\SnippetProperty.test.ts:157:7)

    [0m [90m 407 |[39m           console[33m.[39mlog([32m`Generated vector for snippet: ${snippetId}`[39m)[33m;[39m
     [90m 408 |[39m         } [36mcatch[39m (error) {
    [31m[1m>[22m[39m[90m 409 |[39m           console[33m.[39merror([32m`Failed to generate vector for snippet ${snippetId}:`[3
9m[33m,[39m error)[33m;[39m
     [90m     |[39m                   [31m[1m^[22m[39m
     [90m 410 |[39m         }
     [90m 411 |[39m       }
     [90m 412 |[39m     } [36mfinally[39m {[0m

      at SnippetManager.processVectorGenerationQueue (src/main/services/SnippetManager.ts:409:19)

    console.error
      Failed to generate vector for snippet test-snippet-id: TypeError: dbManager.getDb is not a function
          at VectorStore.initialize (D:\OpenSource\SnippetBox\frontend\src\main\services\VectorStore.ts:21:26)
          at VectorStore.addVector (D:\OpenSource\SnippetBox\frontend\src\main\services\VectorStore.ts:27:10)
          at SnippetManager.processVectorGenerationQueue (D:\OpenSource\SnippetBox\frontend\src\main\services\SnippetManager.ts:406:34)
          at SnippetManager.generateVectorForSnippet (D:\OpenSource\SnippetBox\frontend\src\main\services\SnippetManager.ts:388:10)
          at SnippetManager.createSnippet (D:\OpenSource\SnippetBox\frontend\src\main\services\SnippetManager.ts:72:12)
          at processTicksAndRejections (node:internal/process/task_queues:105:5)
          at D:\OpenSource\SnippetBox\frontend\tests\property\SnippetProperty.test.ts:208:36
          at AsyncProperty.run (D:\OpenSource\SnippetBox\frontend\node_modules\fast-check\lib\cjs\fast-check.js:1208:19)
          at asyncRunIt (D:\OpenSource\SnippetBox\frontend\node_modules\fast-check\lib\cjs\fast-check.js:2503:15)
          at Object.<anonymous> (D:\OpenSource\SnippetBox\frontend\tests\property\SnippetProperty.test.ts:157:7)

    [0m [90m 407 |[39m           console[33m.[39mlog([32m`Generated vector for snippet: ${snippetId}`[39m)[33m;[39m
     [90m 408 |[39m         } [36mcatch[39m (error) {
    [31m[1m>[22m[39m[90m 409 |[39m           console[33m.[39merror([32m`Failed to generate vector for snippet ${snippetId}:`[3
9m[33m,[39m error)[33m;[39m
     [90m     |[39m                   [31m[1m^[22m[39m
     [90m 410 |[39m         }
     [90m 411 |[39m       }
     [90m 412 |[39m     } [36mfinally[39m {[0m

      at SnippetManager.processVectorGenerationQueue (src/main/services/SnippetManager.ts:409:19)

    console.error
      Failed to generate vector for snippet test-snippet-id: TypeError: dbManager.getDb is not a function
          at VectorStore.initialize (D:\OpenSource\SnippetBox\frontend\src\main\services\VectorStore.ts:21:26)
          at VectorStore.addVector (D:\OpenSource\SnippetBox\frontend\src\main\services\VectorStore.ts:27:10)
          at SnippetManager.processVectorGenerationQueue (D:\OpenSource\SnippetBox\frontend\src\main\services\SnippetManager.ts:406:34)
          at SnippetManager.generateVectorForSnippet (D:\OpenSource\SnippetBox\frontend\src\main\services\SnippetManager.ts:388:10)
          at SnippetManager.updateSnippet (D:\OpenSource\SnippetBox\frontend\src\main\services\SnippetManager.ts:223:12)
          at processTicksAndRejections (node:internal/process/task_queues:105:5)
          at D:\OpenSource\SnippetBox\frontend\tests\property\SnippetProperty.test.ts:211:36
          at AsyncProperty.run (D:\OpenSource\SnippetBox\frontend\node_modules\fast-check\lib\cjs\fast-check.js:1208:19)
          at asyncRunIt (D:\OpenSource\SnippetBox\frontend\node_modules\fast-check\lib\cjs\fast-check.js:2503:15)
          at Object.<anonymous> (D:\OpenSource\SnippetBox\frontend\tests\property\SnippetProperty.test.ts:157:7)

    [0m [90m 407 |[39m           console[33m.[39mlog([32m`Generated vector for snippet: ${snippetId}`[39m)[33m;[39m
     [90m 408 |[39m         } [36mcatch[39m (error) {
    [31m[1m>[22m[39m[90m 409 |[39m           console[33m.[39merror([32m`Failed to generate vector for snippet ${snippetId}:`[3
9m[33m,[39m error)[33m;[39m
     [90m     |[39m                   [31m[1m^[22m[39m
     [90m 410 |[39m         }
     [90m 411 |[39m       }
     [90m 412 |[39m     } [36mfinally[39m {[0m

      at SnippetManager.processVectorGenerationQueue (src/main/services/SnippetManager.ts:409:19)

    console.error
      Failed to generate vector for snippet test-snippet-id: TypeError: dbManager.getDb is not a function
          at VectorStore.initialize (D:\OpenSource\SnippetBox\frontend\src\main\services\VectorStore.ts:21:26)
          at VectorStore.addVector (D:\OpenSource\SnippetBox\frontend\src\main\services\VectorStore.ts:27:10)
          at SnippetManager.processVectorGenerationQueue (D:\OpenSource\SnippetBox\frontend\src\main\services\SnippetManager.ts:406:34)
          at SnippetManager.generateVectorForSnippet (D:\OpenSource\SnippetBox\frontend\src\main\services\SnippetManager.ts:388:10)
          at SnippetManager.createSnippet (D:\OpenSource\SnippetBox\frontend\src\main\services\SnippetManager.ts:72:12)
          at processTicksAndRejections (node:internal/process/task_queues:105:5)
          at D:\OpenSource\SnippetBox\frontend\tests\property\SnippetProperty.test.ts:208:36
          at AsyncProperty.run (D:\OpenSource\SnippetBox\frontend\node_modules\fast-check\lib\cjs\fast-check.js:1208:19)
          at asyncRunIt (D:\OpenSource\SnippetBox\frontend\node_modules\fast-check\lib\cjs\fast-check.js:2503:15)
          at Object.<anonymous> (D:\OpenSource\SnippetBox\frontend\tests\property\SnippetProperty.test.ts:157:7)

    [0m [90m 407 |[39m           console[33m.[39mlog([32m`Generated vector for snippet: ${snippetId}`[39m)[33m;[39m
     [90m 408 |[39m         } [36mcatch[39m (error) {
    [31m[1m>[22m[39m[90m 409 |[39m           console[33m.[39merror([32m`Failed to generate vector for snippet ${snippetId}:`[3
9m[33m,[39m error)[33m;[39m
     [90m     |[39m                   [31m[1m^[22m[39m
     [90m 410 |[39m         }
     [90m 411 |[39m       }
     [90m 412 |[39m     } [36mfinally[39m {[0m

      at SnippetManager.processVectorGenerationQueue (src/main/services/SnippetManager.ts:409:19)

    console.error
      Failed to generate vector for snippet test-snippet-id: TypeError: dbManager.getDb is not a function
          at VectorStore.initialize (D:\OpenSource\SnippetBox\frontend\src\main\services\VectorStore.ts:21:26)
          at VectorStore.addVector (D:\OpenSource\SnippetBox\frontend\src\main\services\VectorStore.ts:27:10)
          at SnippetManager.processVectorGenerationQueue (D:\OpenSource\SnippetBox\frontend\src\main\services\SnippetManager.ts:406:34)
          at SnippetManager.generateVectorForSnippet (D:\OpenSource\SnippetBox\frontend\src\main\services\SnippetManager.ts:388:10)
          at SnippetManager.updateSnippet (D:\OpenSource\SnippetBox\frontend\src\main\services\SnippetManager.ts:223:12)
          at processTicksAndRejections (node:internal/process/task_queues:105:5)
          at D:\OpenSource\SnippetBox\frontend\tests\property\SnippetProperty.test.ts:211:36
          at AsyncProperty.run (D:\OpenSource\SnippetBox\frontend\node_modules\fast-check\lib\cjs\fast-check.js:1208:19)
          at asyncRunIt (D:\OpenSource\SnippetBox\frontend\node_modules\fast-check\lib\cjs\fast-check.js:2503:15)
          at Object.<anonymous> (D:\OpenSource\SnippetBox\frontend\tests\property\SnippetProperty.test.ts:157:7)

    [0m [90m 407 |[39m           console[33m.[39mlog([32m`Generated vector for snippet: ${snippetId}`[39m)[33m;[39m
     [90m 408 |[39m         } [36mcatch[39m (error) {
    [31m[1m>[22m[39m[90m 409 |[39m           console[33m.[39merror([32m`Failed to generate vector for snippet ${snippetId}:`[3
9m[33m,[39m error)[33m;[39m
     [90m     |[39m                   [31m[1m^[22m[39m
     [90m 410 |[39m         }
     [90m 411 |[39m       }
     [90m 412 |[39m     } [36mfinally[39m {[0m

      at SnippetManager.processVectorGenerationQueue (src/main/services/SnippetManager.ts:409:19)

    console.error
      Failed to generate vector for snippet test-snippet-id: TypeError: dbManager.getDb is not a function
          at VectorStore.initialize (D:\OpenSource\SnippetBox\frontend\src\main\services\VectorStore.ts:21:26)
          at VectorStore.addVector (D:\OpenSource\SnippetBox\frontend\src\main\services\VectorStore.ts:27:10)
          at SnippetManager.processVectorGenerationQueue (D:\OpenSource\SnippetBox\frontend\src\main\services\SnippetManager.ts:406:34)
          at SnippetManager.generateVectorForSnippet (D:\OpenSource\SnippetBox\frontend\src\main\services\SnippetManager.ts:388:10)
          at SnippetManager.createSnippet (D:\OpenSource\SnippetBox\frontend\src\main\services\SnippetManager.ts:72:12)
          at processTicksAndRejections (node:internal/process/task_queues:105:5)
          at D:\OpenSource\SnippetBox\frontend\tests\property\SnippetProperty.test.ts:208:36
          at AsyncProperty.run (D:\OpenSource\SnippetBox\frontend\node_modules\fast-check\lib\cjs\fast-check.js:1208:19)
          at asyncRunIt (D:\OpenSource\SnippetBox\frontend\node_modules\fast-check\lib\cjs\fast-check.js:2503:15)
          at Object.<anonymous> (D:\OpenSource\SnippetBox\frontend\tests\property\SnippetProperty.test.ts:157:7)

    [0m [90m 407 |[39m           console[33m.[39mlog([32m`Generated vector for snippet: ${snippetId}`[39m)[33m;[39m
     [90m 408 |[39m         } [36mcatch[39m (error) {
    [31m[1m>[22m[39m[90m 409 |[39m           console[33m.[39merror([32m`Failed to generate vector for snippet ${snippetId}:`[3
9m[33m,[39m error)[33m;[39m
     [90m     |[39m                   [31m[1m^[22m[39m
     [90m 410 |[39m         }
     [90m 411 |[39m       }
     [90m 412 |[39m     } [36mfinally[39m {[0m

      at SnippetManager.processVectorGenerationQueue (src/main/services/SnippetManager.ts:409:19)

    console.error
      Failed to generate vector for snippet test-snippet-id: TypeError: dbManager.getDb is not a function
          at VectorStore.initialize (D:\OpenSource\SnippetBox\frontend\src\main\services\VectorStore.ts:21:26)
          at VectorStore.addVector (D:\OpenSource\SnippetBox\frontend\src\main\services\VectorStore.ts:27:10)
          at SnippetManager.processVectorGenerationQueue (D:\OpenSource\SnippetBox\frontend\src\main\services\SnippetManager.ts:406:34)
          at SnippetManager.generateVectorForSnippet (D:\OpenSource\SnippetBox\frontend\src\main\services\SnippetManager.ts:388:10)
          at SnippetManager.updateSnippet (D:\OpenSource\SnippetBox\frontend\src\main\services\SnippetManager.ts:223:12)
          at processTicksAndRejections (node:internal/process/task_queues:105:5)
          at D:\OpenSource\SnippetBox\frontend\tests\property\SnippetProperty.test.ts:211:36
          at AsyncProperty.run (D:\OpenSource\SnippetBox\frontend\node_modules\fast-check\lib\cjs\fast-check.js:1208:19)
          at asyncRunIt (D:\OpenSource\SnippetBox\frontend\node_modules\fast-check\lib\cjs\fast-check.js:2503:15)
          at Object.<anonymous> (D:\OpenSource\SnippetBox\frontend\tests\property\SnippetProperty.test.ts:157:7)

    [0m [90m 407 |[39m           console[33m.[39mlog([32m`Generated vector for snippet: ${snippetId}`[39m)[33m;[39m
     [90m 408 |[39m         } [36mcatch[39m (error) {
    [31m[1m>[22m[39m[90m 409 |[39m           console[33m.[39merror([32m`Failed to generate vector for snippet ${snippetId}:`[3
9m[33m,[39m error)[33m;[39m
     [90m     |[39m                   [31m[1m^[22m[39m
     [90m 410 |[39m         }
     [90m 411 |[39m       }
     [90m 412 |[39m     } [36mfinally[39m {[0m

      at SnippetManager.processVectorGenerationQueue (src/main/services/SnippetManager.ts:409:19)

    console.error
      Failed to generate vector for snippet test-snippet-id: TypeError: dbManager.getDb is not a function
          at VectorStore.initialize (D:\OpenSource\SnippetBox\frontend\src\main\services\VectorStore.ts:21:26)
          at VectorStore.addVector (D:\OpenSource\SnippetBox\frontend\src\main\services\VectorStore.ts:27:10)
          at SnippetManager.processVectorGenerationQueue (D:\OpenSource\SnippetBox\frontend\src\main\services\SnippetManager.ts:406:34)
          at SnippetManager.generateVectorForSnippet (D:\OpenSource\SnippetBox\frontend\src\main\services\SnippetManager.ts:388:10)
          at SnippetManager.createSnippet (D:\OpenSource\SnippetBox\frontend\src\main\services\SnippetManager.ts:72:12)
          at processTicksAndRejections (node:internal/process/task_queues:105:5)
          at D:\OpenSource\SnippetBox\frontend\tests\property\SnippetProperty.test.ts:208:36
          at AsyncProperty.run (D:\OpenSource\SnippetBox\frontend\node_modules\fast-check\lib\cjs\fast-check.js:1208:19)
          at asyncRunIt (D:\OpenSource\SnippetBox\frontend\node_modules\fast-check\lib\cjs\fast-check.js:2503:15)
          at Object.<anonymous> (D:\OpenSource\SnippetBox\frontend\tests\property\SnippetProperty.test.ts:157:7)

    [0m [90m 407 |[39m           console[33m.[39mlog([32m`Generated vector for snippet: ${snippetId}`[39m)[33m;[39m
     [90m 408 |[39m         } [36mcatch[39m (error) {
    [31m[1m>[22m[39m[90m 409 |[39m           console[33m.[39merror([32m`Failed to generate vector for snippet ${snippetId}:`[3
9m[33m,[39m error)[33m;[39m
     [90m     |[39m                   [31m[1m^[22m[39m
     [90m 410 |[39m         }
     [90m 411 |[39m       }
     [90m 412 |[39m     } [36mfinally[39m {[0m

      at SnippetManager.processVectorGenerationQueue (src/main/services/SnippetManager.ts:409:19)

    console.error
      Failed to generate vector for snippet test-snippet-id: TypeError: dbManager.getDb is not a function
          at VectorStore.initialize (D:\OpenSource\SnippetBox\frontend\src\main\services\VectorStore.ts:21:26)
          at VectorStore.addVector (D:\OpenSource\SnippetBox\frontend\src\main\services\VectorStore.ts:27:10)
          at SnippetManager.processVectorGenerationQueue (D:\OpenSource\SnippetBox\frontend\src\main\services\SnippetManager.ts:406:34)
          at SnippetManager.generateVectorForSnippet (D:\OpenSource\SnippetBox\frontend\src\main\services\SnippetManager.ts:388:10)
          at SnippetManager.updateSnippet (D:\OpenSource\SnippetBox\frontend\src\main\services\SnippetManager.ts:223:12)
          at processTicksAndRejections (node:internal/process/task_queues:105:5)
          at D:\OpenSource\SnippetBox\frontend\tests\property\SnippetProperty.test.ts:211:36
          at AsyncProperty.run (D:\OpenSource\SnippetBox\frontend\node_modules\fast-check\lib\cjs\fast-check.js:1208:19)
          at asyncRunIt (D:\OpenSource\SnippetBox\frontend\node_modules\fast-check\lib\cjs\fast-check.js:2503:15)
          at Object.<anonymous> (D:\OpenSource\SnippetBox\frontend\tests\property\SnippetProperty.test.ts:157:7)

    [0m [90m 407 |[39m           console[33m.[39mlog([32m`Generated vector for snippet: ${snippetId}`[39m)[33m;[39m
     [90m 408 |[39m         } [36mcatch[39m (error) {
    [31m[1m>[22m[39m[90m 409 |[39m           console[33m.[39merror([32m`Failed to generate vector for snippet ${snippetId}:`[3
9m[33m,[39m error)[33m;[39m
     [90m     |[39m                   [31m[1m^[22m[39m
     [90m 410 |[39m         }
     [90m 411 |[39m       }
     [90m 412 |[39m     } [36mfinally[39m {[0m

      at SnippetManager.processVectorGenerationQueue (src/main/services/SnippetManager.ts:409:19)

    console.error
      Failed to generate vector for snippet test-snippet-id: TypeError: dbManager.getDb is not a function
          at VectorStore.initialize (D:\OpenSource\SnippetBox\frontend\src\main\services\VectorStore.ts:21:26)
          at VectorStore.addVector (D:\OpenSource\SnippetBox\frontend\src\main\services\VectorStore.ts:27:10)
          at SnippetManager.processVectorGenerationQueue (D:\OpenSource\SnippetBox\frontend\src\main\services\SnippetManager.ts:406:34)
          at SnippetManager.generateVectorForSnippet (D:\OpenSource\SnippetBox\frontend\src\main\services\SnippetManager.ts:388:10)
          at SnippetManager.createSnippet (D:\OpenSource\SnippetBox\frontend\src\main\services\SnippetManager.ts:72:12)
          at processTicksAndRejections (node:internal/process/task_queues:105:5)
          at D:\OpenSource\SnippetBox\frontend\tests\property\SnippetProperty.test.ts:208:36
          at AsyncProperty.run (D:\OpenSource\SnippetBox\frontend\node_modules\fast-check\lib\cjs\fast-check.js:1208:19)
          at asyncRunIt (D:\OpenSource\SnippetBox\frontend\node_modules\fast-check\lib\cjs\fast-check.js:2503:15)
          at Object.<anonymous> (D:\OpenSource\SnippetBox\frontend\tests\property\SnippetProperty.test.ts:157:7)

    [0m [90m 407 |[39m           console[33m.[39mlog([32m`Generated vector for snippet: ${snippetId}`[39m)[33m;[39m
     [90m 408 |[39m         } [36mcatch[39m (error) {
    [31m[1m>[22m[39m[90m 409 |[39m           console[33m.[39merror([32m`Failed to generate vector for snippet ${snippetId}:`[3
9m[33m,[39m error)[33m;[39m
     [90m     |[39m                   [31m[1m^[22m[39m
     [90m 410 |[39m         }
     [90m 411 |[39m       }
     [90m 412 |[39m     } [36mfinally[39m {[0m

      at SnippetManager.processVectorGenerationQueue (src/main/services/SnippetManager.ts:409:19)

    console.error
      Failed to generate vector for snippet test-snippet-id: TypeError: dbManager.getDb is not a function
          at VectorStore.initialize (D:\OpenSource\SnippetBox\frontend\src\main\services\VectorStore.ts:21:26)
          at VectorStore.addVector (D:\OpenSource\SnippetBox\frontend\src\main\services\VectorStore.ts:27:10)
          at SnippetManager.processVectorGenerationQueue (D:\OpenSource\SnippetBox\frontend\src\main\services\SnippetManager.ts:406:34)
          at SnippetManager.generateVectorForSnippet (D:\OpenSource\SnippetBox\frontend\src\main\services\SnippetManager.ts:388:10)
          at SnippetManager.updateSnippet (D:\OpenSource\SnippetBox\frontend\src\main\services\SnippetManager.ts:223:12)
          at processTicksAndRejections (node:internal/process/task_queues:105:5)
          at D:\OpenSource\SnippetBox\frontend\tests\property\SnippetProperty.test.ts:211:36
          at AsyncProperty.run (D:\OpenSource\SnippetBox\frontend\node_modules\fast-check\lib\cjs\fast-check.js:1208:19)
          at asyncRunIt (D:\OpenSource\SnippetBox\frontend\node_modules\fast-check\lib\cjs\fast-check.js:2503:15)
          at Object.<anonymous> (D:\OpenSource\SnippetBox\frontend\tests\property\SnippetProperty.test.ts:157:7)

    [0m [90m 407 |[39m           console[33m.[39mlog([32m`Generated vector for snippet: ${snippetId}`[39m)[33m;[39m
     [90m 408 |[39m         } [36mcatch[39m (error) {
    [31m[1m>[22m[39m[90m 409 |[39m           console[33m.[39merror([32m`Failed to generate vector for snippet ${snippetId}:`[3
9m[33m,[39m error)[33m;[39m
     [90m     |[39m                   [31m[1m^[22m[39m
     [90m 410 |[39m         }
     [90m 411 |[39m       }
     [90m 412 |[39m     } [36mfinally[39m {[0m

      at SnippetManager.processVectorGenerationQueue (src/main/services/SnippetManager.ts:409:19)

    console.error
      Failed to generate vector for snippet test-snippet-id: TypeError: dbManager.getDb is not a function
          at VectorStore.initialize (D:\OpenSource\SnippetBox\frontend\src\main\services\VectorStore.ts:21:26)
          at VectorStore.addVector (D:\OpenSource\SnippetBox\frontend\src\main\services\VectorStore.ts:27:10)
          at SnippetManager.processVectorGenerationQueue (D:\OpenSource\SnippetBox\frontend\src\main\services\SnippetManager.ts:406:34)
          at SnippetManager.generateVectorForSnippet (D:\OpenSource\SnippetBox\frontend\src\main\services\SnippetManager.ts:388:10)
          at SnippetManager.createSnippet (D:\OpenSource\SnippetBox\frontend\src\main\services\SnippetManager.ts:72:12)
          at processTicksAndRejections (node:internal/process/task_queues:105:5)
          at D:\OpenSource\SnippetBox\frontend\tests\property\SnippetProperty.test.ts:208:36
          at AsyncProperty.run (D:\OpenSource\SnippetBox\frontend\node_modules\fast-check\lib\cjs\fast-check.js:1208:19)
          at asyncRunIt (D:\OpenSource\SnippetBox\frontend\node_modules\fast-check\lib\cjs\fast-check.js:2503:15)
          at Object.<anonymous> (D:\OpenSource\SnippetBox\frontend\tests\property\SnippetProperty.test.ts:157:7)

    [0m [90m 407 |[39m           console[33m.[39mlog([32m`Generated vector for snippet: ${snippetId}`[39m)[33m;[39m
     [90m 408 |[39m         } [36mcatch[39m (error) {
    [31m[1m>[22m[39m[90m 409 |[39m           console[33m.[39merror([32m`Failed to generate vector for snippet ${snippetId}:`[3
9m[33m,[39m error)[33m;[39m
     [90m     |[39m                   [31m[1m^[22m[39m
     [90m 410 |[39m         }
     [90m 411 |[39m       }
     [90m 412 |[39m     } [36mfinally[39m {[0m

      at SnippetManager.processVectorGenerationQueue (src/main/services/SnippetManager.ts:409:19)

    console.error
      Failed to generate vector for snippet test-snippet-id: TypeError: dbManager.getDb is not a function
          at VectorStore.initialize (D:\OpenSource\SnippetBox\frontend\src\main\services\VectorStore.ts:21:26)
          at VectorStore.addVector (D:\OpenSource\SnippetBox\frontend\src\main\services\VectorStore.ts:27:10)
          at SnippetManager.processVectorGenerationQueue (D:\OpenSource\SnippetBox\frontend\src\main\services\SnippetManager.ts:406:34)
          at SnippetManager.generateVectorForSnippet (D:\OpenSource\SnippetBox\frontend\src\main\services\SnippetManager.ts:388:10)
          at SnippetManager.updateSnippet (D:\OpenSource\SnippetBox\frontend\src\main\services\SnippetManager.ts:223:12)
          at processTicksAndRejections (node:internal/process/task_queues:105:5)
          at D:\OpenSource\SnippetBox\frontend\tests\property\SnippetProperty.test.ts:211:36
          at AsyncProperty.run (D:\OpenSource\SnippetBox\frontend\node_modules\fast-check\lib\cjs\fast-check.js:1208:19)
          at asyncRunIt (D:\OpenSource\SnippetBox\frontend\node_modules\fast-check\lib\cjs\fast-check.js:2503:15)
          at Object.<anonymous> (D:\OpenSource\SnippetBox\frontend\tests\property\SnippetProperty.test.ts:157:7)

    [0m [90m 407 |[39m           console[33m.[39mlog([32m`Generated vector for snippet: ${snippetId}`[39m)[33m;[39m
     [90m 408 |[39m         } [36mcatch[39m (error) {
    [31m[1m>[22m[39m[90m 409 |[39m           console[33m.[39merror([32m`Failed to generate vector for snippet ${snippetId}:`[3
9m[33m,[39m error)[33m;[39m
     [90m     |[39m                   [31m[1m^[22m[39m
     [90m 410 |[39m         }
     [90m 411 |[39m       }
     [90m 412 |[39m     } [36mfinally[39m {[0m

      at SnippetManager.processVectorGenerationQueue (src/main/services/SnippetManager.ts:409:19)

    console.error
      Failed to generate vector for snippet test-snippet-id: TypeError: dbManager.getDb is not a function
          at VectorStore.initialize (D:\OpenSource\SnippetBox\frontend\src\main\services\VectorStore.ts:21:26)
          at VectorStore.addVector (D:\OpenSource\SnippetBox\frontend\src\main\services\VectorStore.ts:27:10)
          at SnippetManager.processVectorGenerationQueue (D:\OpenSource\SnippetBox\frontend\src\main\services\SnippetManager.ts:406:34)
          at SnippetManager.generateVectorForSnippet (D:\OpenSource\SnippetBox\frontend\src\main\services\SnippetManager.ts:388:10)
          at SnippetManager.createSnippet (D:\OpenSource\SnippetBox\frontend\src\main\services\SnippetManager.ts:72:12)
          at processTicksAndRejections (node:internal/process/task_queues:105:5)
          at D:\OpenSource\SnippetBox\frontend\tests\property\SnippetProperty.test.ts:208:36
          at AsyncProperty.run (D:\OpenSource\SnippetBox\frontend\node_modules\fast-check\lib\cjs\fast-check.js:1208:19)
          at asyncRunIt (D:\OpenSource\SnippetBox\frontend\node_modules\fast-check\lib\cjs\fast-check.js:2503:15)
          at Object.<anonymous> (D:\OpenSource\SnippetBox\frontend\tests\property\SnippetProperty.test.ts:157:7)

    [0m [90m 407 |[39m           console[33m.[39mlog([32m`Generated vector for snippet: ${snippetId}`[39m)[33m;[39m
     [90m 408 |[39m         } [36mcatch[39m (error) {
    [31m[1m>[22m[39m[90m 409 |[39m           console[33m.[39merror([32m`Failed to generate vector for snippet ${snippetId}:`[3
9m[33m,[39m error)[33m;[39m
     [90m     |[39m                   [31m[1m^[22m[39m
     [90m 410 |[39m         }
     [90m 411 |[39m       }
     [90m 412 |[39m     } [36mfinally[39m {[0m

      at SnippetManager.processVectorGenerationQueue (src/main/services/SnippetManager.ts:409:19)

    console.error
      Failed to generate vector for snippet test-snippet-id: TypeError: dbManager.getDb is not a function
          at VectorStore.initialize (D:\OpenSource\SnippetBox\frontend\src\main\services\VectorStore.ts:21:26)
          at VectorStore.addVector (D:\OpenSource\SnippetBox\frontend\src\main\services\VectorStore.ts:27:10)
          at SnippetManager.processVectorGenerationQueue (D:\OpenSource\SnippetBox\frontend\src\main\services\SnippetManager.ts:406:34)
          at SnippetManager.generateVectorForSnippet (D:\OpenSource\SnippetBox\frontend\src\main\services\SnippetManager.ts:388:10)
          at SnippetManager.updateSnippet (D:\OpenSource\SnippetBox\frontend\src\main\services\SnippetManager.ts:223:12)
          at processTicksAndRejections (node:internal/process/task_queues:105:5)
          at D:\OpenSource\SnippetBox\frontend\tests\property\SnippetProperty.test.ts:211:36
          at AsyncProperty.run (D:\OpenSource\SnippetBox\frontend\node_modules\fast-check\lib\cjs\fast-check.js:1208:19)
          at asyncRunIt (D:\OpenSource\SnippetBox\frontend\node_modules\fast-check\lib\cjs\fast-check.js:2503:15)
          at Object.<anonymous> (D:\OpenSource\SnippetBox\frontend\tests\property\SnippetProperty.test.ts:157:7)

    [0m [90m 407 |[39m           console[33m.[39mlog([32m`Generated vector for snippet: ${snippetId}`[39m)[33m;[39m
     [90m 408 |[39m         } [36mcatch[39m (error) {
    [31m[1m>[22m[39m[90m 409 |[39m           console[33m.[39merror([32m`Failed to generate vector for snippet ${snippetId}:`[3
9m[33m,[39m error)[33m;[39m
     [90m     |[39m                   [31m[1m^[22m[39m
     [90m 410 |[39m         }
     [90m 411 |[39m       }
     [90m 412 |[39m     } [36mfinally[39m {[0m

      at SnippetManager.processVectorGenerationQueue (src/main/services/SnippetManager.ts:409:19)

    console.error
      Failed to generate vector for snippet test-snippet-id: TypeError: dbManager.getDb is not a function
          at VectorStore.initialize (D:\OpenSource\SnippetBox\frontend\src\main\services\VectorStore.ts:21:26)
          at VectorStore.addVector (D:\OpenSource\SnippetBox\frontend\src\main\services\VectorStore.ts:27:10)
          at SnippetManager.processVectorGenerationQueue (D:\OpenSource\SnippetBox\frontend\src\main\services\SnippetManager.ts:406:34)
          at SnippetManager.generateVectorForSnippet (D:\OpenSource\SnippetBox\frontend\src\main\services\SnippetManager.ts:388:10)
          at SnippetManager.createSnippet (D:\OpenSource\SnippetBox\frontend\src\main\services\SnippetManager.ts:72:12)
          at processTicksAndRejections (node:internal/process/task_queues:105:5)
          at D:\OpenSource\SnippetBox\frontend\tests\property\SnippetProperty.test.ts:208:36
          at AsyncProperty.run (D:\OpenSource\SnippetBox\frontend\node_modules\fast-check\lib\cjs\fast-check.js:1208:19)
          at asyncRunIt (D:\OpenSource\SnippetBox\frontend\node_modules\fast-check\lib\cjs\fast-check.js:2503:15)
          at Object.<anonymous> (D:\OpenSource\SnippetBox\frontend\tests\property\SnippetProperty.test.ts:157:7)

    [0m [90m 407 |[39m           console[33m.[39mlog([32m`Generated vector for snippet: ${snippetId}`[39m)[33m;[39m
     [90m 408 |[39m         } [36mcatch[39m (error) {
    [31m[1m>[22m[39m[90m 409 |[39m           console[33m.[39merror([32m`Failed to generate vector for snippet ${snippetId}:`[3
9m[33m,[39m error)[33m;[39m
     [90m     |[39m                   [31m[1m^[22m[39m
     [90m 410 |[39m         }
     [90m 411 |[39m       }
     [90m 412 |[39m     } [36mfinally[39m {[0m

      at SnippetManager.processVectorGenerationQueue (src/main/services/SnippetManager.ts:409:19)

    console.error
      Failed to generate vector for snippet test-snippet-id: TypeError: dbManager.getDb is not a function
          at VectorStore.initialize (D:\OpenSource\SnippetBox\frontend\src\main\services\VectorStore.ts:21:26)
          at VectorStore.addVector (D:\OpenSource\SnippetBox\frontend\src\main\services\VectorStore.ts:27:10)
          at SnippetManager.processVectorGenerationQueue (D:\OpenSource\SnippetBox\frontend\src\main\services\SnippetManager.ts:406:34)
          at SnippetManager.generateVectorForSnippet (D:\OpenSource\SnippetBox\frontend\src\main\services\SnippetManager.ts:388:10)
          at SnippetManager.updateSnippet (D:\OpenSource\SnippetBox\frontend\src\main\services\SnippetManager.ts:223:12)
          at processTicksAndRejections (node:internal/process/task_queues:105:5)
          at D:\OpenSource\SnippetBox\frontend\tests\property\SnippetProperty.test.ts:211:36
          at AsyncProperty.run (D:\OpenSource\SnippetBox\frontend\node_modules\fast-check\lib\cjs\fast-check.js:1208:19)
          at asyncRunIt (D:\OpenSource\SnippetBox\frontend\node_modules\fast-check\lib\cjs\fast-check.js:2503:15)
          at Object.<anonymous> (D:\OpenSource\SnippetBox\frontend\tests\property\SnippetProperty.test.ts:157:7)

    [0m [90m 407 |[39m           console[33m.[39mlog([32m`Generated vector for snippet: ${snippetId}`[39m)[33m;[39m
     [90m 408 |[39m         } [36mcatch[39m (error) {
    [31m[1m>[22m[39m[90m 409 |[39m           console[33m.[39merror([32m`Failed to generate vector for snippet ${snippetId}:`[3
9m[33m,[39m error)[33m;[39m
     [90m     |[39m                   [31m[1m^[22m[39m
     [90m 410 |[39m         }
     [90m 411 |[39m       }
     [90m 412 |[39m     } [36mfinally[39m {[0m

      at SnippetManager.processVectorGenerationQueue (src/main/services/SnippetManager.ts:409:19)

    console.error
      Failed to generate vector for snippet test-snippet-id: TypeError: dbManager.getDb is not a function
          at VectorStore.initialize (D:\OpenSource\SnippetBox\frontend\src\main\services\VectorStore.ts:21:26)
          at VectorStore.addVector (D:\OpenSource\SnippetBox\frontend\src\main\services\VectorStore.ts:27:10)
          at SnippetManager.processVectorGenerationQueue (D:\OpenSource\SnippetBox\frontend\src\main\services\SnippetManager.ts:406:34)
          at SnippetManager.generateVectorForSnippet (D:\OpenSource\SnippetBox\frontend\src\main\services\SnippetManager.ts:388:10)
          at SnippetManager.createSnippet (D:\OpenSource\SnippetBox\frontend\src\main\services\SnippetManager.ts:72:12)
          at processTicksAndRejections (node:internal/process/task_queues:105:5)
          at D:\OpenSource\SnippetBox\frontend\tests\property\SnippetProperty.test.ts:208:36
          at AsyncProperty.run (D:\OpenSource\SnippetBox\frontend\node_modules\fast-check\lib\cjs\fast-check.js:1208:19)
          at asyncRunIt (D:\OpenSource\SnippetBox\frontend\node_modules\fast-check\lib\cjs\fast-check.js:2503:15)
          at Object.<anonymous> (D:\OpenSource\SnippetBox\frontend\tests\property\SnippetProperty.test.ts:157:7)

    [0m [90m 407 |[39m           console[33m.[39mlog([32m`Generated vector for snippet: ${snippetId}`[39m)[33m;[39m
     [90m 408 |[39m         } [36mcatch[39m (error) {
    [31m[1m>[22m[39m[90m 409 |[39m           console[33m.[39merror([32m`Failed to generate vector for snippet ${snippetId}:`[3
9m[33m,[39m error)[33m;[39m
     [90m     |[39m                   [31m[1m^[22m[39m
     [90m 410 |[39m         }
     [90m 411 |[39m       }
     [90m 412 |[39m     } [36mfinally[39m {[0m

      at SnippetManager.processVectorGenerationQueue (src/main/services/SnippetManager.ts:409:19)

    console.error
      Failed to generate vector for snippet test-snippet-id: TypeError: dbManager.getDb is not a function
          at VectorStore.initialize (D:\OpenSource\SnippetBox\frontend\src\main\services\VectorStore.ts:21:26)
          at VectorStore.addVector (D:\OpenSource\SnippetBox\frontend\src\main\services\VectorStore.ts:27:10)
          at SnippetManager.processVectorGenerationQueue (D:\OpenSource\SnippetBox\frontend\src\main\services\SnippetManager.ts:406:34)
          at SnippetManager.generateVectorForSnippet (D:\OpenSource\SnippetBox\frontend\src\main\services\SnippetManager.ts:388:10)
          at SnippetManager.updateSnippet (D:\OpenSource\SnippetBox\frontend\src\main\services\SnippetManager.ts:223:12)
          at processTicksAndRejections (node:internal/process/task_queues:105:5)
          at D:\OpenSource\SnippetBox\frontend\tests\property\SnippetProperty.test.ts:211:36
          at AsyncProperty.run (D:\OpenSource\SnippetBox\frontend\node_modules\fast-check\lib\cjs\fast-check.js:1208:19)
          at asyncRunIt (D:\OpenSource\SnippetBox\frontend\node_modules\fast-check\lib\cjs\fast-check.js:2503:15)
          at Object.<anonymous> (D:\OpenSource\SnippetBox\frontend\tests\property\SnippetProperty.test.ts:157:7)

    [0m [90m 407 |[39m           console[33m.[39mlog([32m`Generated vector for snippet: ${snippetId}`[39m)[33m;[39m
     [90m 408 |[39m         } [36mcatch[39m (error) {
    [31m[1m>[22m[39m[90m 409 |[39m           console[33m.[39merror([32m`Failed to generate vector for snippet ${snippetId}:`[3
9m[33m,[39m error)[33m;[39m
     [90m     |[39m                   [31m[1m^[22m[39m
     [90m 410 |[39m         }
     [90m 411 |[39m       }
     [90m 412 |[39m     } [36mfinally[39m {[0m

      at SnippetManager.processVectorGenerationQueue (src/main/services/SnippetManager.ts:409:19)

    console.error
      Failed to generate vector for snippet test-snippet-id: TypeError: dbManager.getDb is not a function
          at VectorStore.initialize (D:\OpenSource\SnippetBox\frontend\src\main\services\VectorStore.ts:21:26)
          at VectorStore.addVector (D:\OpenSource\SnippetBox\frontend\src\main\services\VectorStore.ts:27:10)
          at SnippetManager.processVectorGenerationQueue (D:\OpenSource\SnippetBox\frontend\src\main\services\SnippetManager.ts:406:34)
          at SnippetManager.generateVectorForSnippet (D:\OpenSource\SnippetBox\frontend\src\main\services\SnippetManager.ts:388:10)
          at SnippetManager.createSnippet (D:\OpenSource\SnippetBox\frontend\src\main\services\SnippetManager.ts:72:12)
          at processTicksAndRejections (node:internal/process/task_queues:105:5)
          at D:\OpenSource\SnippetBox\frontend\tests\property\SnippetProperty.test.ts:208:36
          at AsyncProperty.run (D:\OpenSource\SnippetBox\frontend\node_modules\fast-check\lib\cjs\fast-check.js:1208:19)
          at asyncRunIt (D:\OpenSource\SnippetBox\frontend\node_modules\fast-check\lib\cjs\fast-check.js:2503:15)
          at Object.<anonymous> (D:\OpenSource\SnippetBox\frontend\tests\property\SnippetProperty.test.ts:157:7)

    [0m [90m 407 |[39m           console[33m.[39mlog([32m`Generated vector for snippet: ${snippetId}`[39m)[33m;[39m
     [90m 408 |[39m         } [36mcatch[39m (error) {
    [31m[1m>[22m[39m[90m 409 |[39m           console[33m.[39merror([32m`Failed to generate vector for snippet ${snippetId}:`[3
9m[33m,[39m error)[33m;[39m
     [90m     |[39m                   [31m[1m^[22m[39m
     [90m 410 |[39m         }
     [90m 411 |[39m       }
     [90m 412 |[39m     } [36mfinally[39m {[0m

      at SnippetManager.processVectorGenerationQueue (src/main/services/SnippetManager.ts:409:19)

    console.error
      Failed to generate vector for snippet test-snippet-id: TypeError: dbManager.getDb is not a function
          at VectorStore.initialize (D:\OpenSource\SnippetBox\frontend\src\main\services\VectorStore.ts:21:26)
          at VectorStore.addVector (D:\OpenSource\SnippetBox\frontend\src\main\services\VectorStore.ts:27:10)
          at SnippetManager.processVectorGenerationQueue (D:\OpenSource\SnippetBox\frontend\src\main\services\SnippetManager.ts:406:34)
          at SnippetManager.generateVectorForSnippet (D:\OpenSource\SnippetBox\frontend\src\main\services\SnippetManager.ts:388:10)
          at SnippetManager.updateSnippet (D:\OpenSource\SnippetBox\frontend\src\main\services\SnippetManager.ts:223:12)
          at processTicksAndRejections (node:internal/process/task_queues:105:5)
          at D:\OpenSource\SnippetBox\frontend\tests\property\SnippetProperty.test.ts:211:36
          at AsyncProperty.run (D:\OpenSource\SnippetBox\frontend\node_modules\fast-check\lib\cjs\fast-check.js:1208:19)
          at asyncRunIt (D:\OpenSource\SnippetBox\frontend\node_modules\fast-check\lib\cjs\fast-check.js:2503:15)
          at Object.<anonymous> (D:\OpenSource\SnippetBox\frontend\tests\property\SnippetProperty.test.ts:157:7)

    [0m [90m 407 |[39m           console[33m.[39mlog([32m`Generated vector for snippet: ${snippetId}`[39m)[33m;[39m
     [90m 408 |[39m         } [36mcatch[39m (error) {
    [31m[1m>[22m[39m[90m 409 |[39m           console[33m.[39merror([32m`Failed to generate vector for snippet ${snippetId}:`[3
9m[33m,[39m error)[33m;[39m
     [90m     |[39m                   [31m[1m^[22m[39m
     [90m 410 |[39m         }
     [90m 411 |[39m       }
     [90m 412 |[39m     } [36mfinally[39m {[0m

      at SnippetManager.processVectorGenerationQueue (src/main/services/SnippetManager.ts:409:19)

    console.error
      Failed to generate vector for snippet test-snippet-id: TypeError: dbManager.getDb is not a function
          at VectorStore.initialize (D:\OpenSource\SnippetBox\frontend\src\main\services\VectorStore.ts:21:26)
          at VectorStore.addVector (D:\OpenSource\SnippetBox\frontend\src\main\services\VectorStore.ts:27:10)
          at SnippetManager.processVectorGenerationQueue (D:\OpenSource\SnippetBox\frontend\src\main\services\SnippetManager.ts:406:34)
          at SnippetManager.generateVectorForSnippet (D:\OpenSource\SnippetBox\frontend\src\main\services\SnippetManager.ts:388:10)
          at SnippetManager.createSnippet (D:\OpenSource\SnippetBox\frontend\src\main\services\SnippetManager.ts:72:12)
          at processTicksAndRejections (node:internal/process/task_queues:105:5)
          at D:\OpenSource\SnippetBox\frontend\tests\property\SnippetProperty.test.ts:208:36
          at AsyncProperty.run (D:\OpenSource\SnippetBox\frontend\node_modules\fast-check\lib\cjs\fast-check.js:1208:19)
          at asyncRunIt (D:\OpenSource\SnippetBox\frontend\node_modules\fast-check\lib\cjs\fast-check.js:2503:15)
          at Object.<anonymous> (D:\OpenSource\SnippetBox\frontend\tests\property\SnippetProperty.test.ts:157:7)

    [0m [90m 407 |[39m           console[33m.[39mlog([32m`Generated vector for snippet: ${snippetId}`[39m)[33m;[39m
     [90m 408 |[39m         } [36mcatch[39m (error) {
    [31m[1m>[22m[39m[90m 409 |[39m           console[33m.[39merror([32m`Failed to generate vector for snippet ${snippetId}:`[3
9m[33m,[39m error)[33m;[39m
     [90m     |[39m                   [31m[1m^[22m[39m
     [90m 410 |[39m         }
     [90m 411 |[39m       }
     [90m 412 |[39m     } [36mfinally[39m {[0m

      at SnippetManager.processVectorGenerationQueue (src/main/services/SnippetManager.ts:409:19)

    console.error
      Failed to generate vector for snippet test-snippet-id: TypeError: dbManager.getDb is not a function
          at VectorStore.initialize (D:\OpenSource\SnippetBox\frontend\src\main\services\VectorStore.ts:21:26)
          at VectorStore.addVector (D:\OpenSource\SnippetBox\frontend\src\main\services\VectorStore.ts:27:10)
          at SnippetManager.processVectorGenerationQueue (D:\OpenSource\SnippetBox\frontend\src\main\services\SnippetManager.ts:406:34)
          at SnippetManager.generateVectorForSnippet (D:\OpenSource\SnippetBox\frontend\src\main\services\SnippetManager.ts:388:10)
          at SnippetManager.updateSnippet (D:\OpenSource\SnippetBox\frontend\src\main\services\SnippetManager.ts:223:12)
          at processTicksAndRejections (node:internal/process/task_queues:105:5)
          at D:\OpenSource\SnippetBox\frontend\tests\property\SnippetProperty.test.ts:211:36
          at AsyncProperty.run (D:\OpenSource\SnippetBox\frontend\node_modules\fast-check\lib\cjs\fast-check.js:1208:19)
          at asyncRunIt (D:\OpenSource\SnippetBox\frontend\node_modules\fast-check\lib\cjs\fast-check.js:2503:15)
          at Object.<anonymous> (D:\OpenSource\SnippetBox\frontend\tests\property\SnippetProperty.test.ts:157:7)

    [0m [90m 407 |[39m           console[33m.[39mlog([32m`Generated vector for snippet: ${snippetId}`[39m)[33m;[39m
     [90m 408 |[39m         } [36mcatch[39m (error) {
    [31m[1m>[22m[39m[90m 409 |[39m           console[33m.[39merror([32m`Failed to generate vector for snippet ${snippetId}:`[3
9m[33m,[39m error)[33m;[39m
     [90m     |[39m                   [31m[1m^[22m[39m
     [90m 410 |[39m         }
     [90m 411 |[39m       }
     [90m 412 |[39m     } [36mfinally[39m {[0m

      at SnippetManager.processVectorGenerationQueue (src/main/services/SnippetManager.ts:409:19)

    console.error
      Failed to generate vector for snippet test-snippet-id: TypeError: dbManager.getDb is not a function
          at VectorStore.initialize (D:\OpenSource\SnippetBox\frontend\src\main\services\VectorStore.ts:21:26)
          at VectorStore.addVector (D:\OpenSource\SnippetBox\frontend\src\main\services\VectorStore.ts:27:10)
          at SnippetManager.processVectorGenerationQueue (D:\OpenSource\SnippetBox\frontend\src\main\services\SnippetManager.ts:406:34)
          at SnippetManager.generateVectorForSnippet (D:\OpenSource\SnippetBox\frontend\src\main\services\SnippetManager.ts:388:10)
          at SnippetManager.createSnippet (D:\OpenSource\SnippetBox\frontend\src\main\services\SnippetManager.ts:72:12)
          at processTicksAndRejections (node:internal/process/task_queues:105:5)
          at D:\OpenSource\SnippetBox\frontend\tests\property\SnippetProperty.test.ts:208:36
          at AsyncProperty.run (D:\OpenSource\SnippetBox\frontend\node_modules\fast-check\lib\cjs\fast-check.js:1208:19)
          at asyncRunIt (D:\OpenSource\SnippetBox\frontend\node_modules\fast-check\lib\cjs\fast-check.js:2503:15)
          at Object.<anonymous> (D:\OpenSource\SnippetBox\frontend\tests\property\SnippetProperty.test.ts:157:7)

    [0m [90m 407 |[39m           console[33m.[39mlog([32m`Generated vector for snippet: ${snippetId}`[39m)[33m;[39m
     [90m 408 |[39m         } [36mcatch[39m (error) {
    [31m[1m>[22m[39m[90m 409 |[39m           console[33m.[39merror([32m`Failed to generate vector for snippet ${snippetId}:`[3
9m[33m,[39m error)[33m;[39m
     [90m     |[39m                   [31m[1m^[22m[39m
     [90m 410 |[39m         }
     [90m 411 |[39m       }
     [90m 412 |[39m     } [36mfinally[39m {[0m

      at SnippetManager.processVectorGenerationQueue (src/main/services/SnippetManager.ts:409:19)

    console.error
      Failed to generate vector for snippet test-snippet-id: TypeError: dbManager.getDb is not a function
          at VectorStore.initialize (D:\OpenSource\SnippetBox\frontend\src\main\services\VectorStore.ts:21:26)
          at VectorStore.addVector (D:\OpenSource\SnippetBox\frontend\src\main\services\VectorStore.ts:27:10)
          at SnippetManager.processVectorGenerationQueue (D:\OpenSource\SnippetBox\frontend\src\main\services\SnippetManager.ts:406:34)
          at SnippetManager.generateVectorForSnippet (D:\OpenSource\SnippetBox\frontend\src\main\services\SnippetManager.ts:388:10)
          at SnippetManager.updateSnippet (D:\OpenSource\SnippetBox\frontend\src\main\services\SnippetManager.ts:223:12)
          at processTicksAndRejections (node:internal/process/task_queues:105:5)
          at D:\OpenSource\SnippetBox\frontend\tests\property\SnippetProperty.test.ts:211:36
          at AsyncProperty.run (D:\OpenSource\SnippetBox\frontend\node_modules\fast-check\lib\cjs\fast-check.js:1208:19)
          at asyncRunIt (D:\OpenSource\SnippetBox\frontend\node_modules\fast-check\lib\cjs\fast-check.js:2503:15)
          at Object.<anonymous> (D:\OpenSource\SnippetBox\frontend\tests\property\SnippetProperty.test.ts:157:7)

    [0m [90m 407 |[39m           console[33m.[39mlog([32m`Generated vector for snippet: ${snippetId}`[39m)[33m;[39m
     [90m 408 |[39m         } [36mcatch[39m (error) {
    [31m[1m>[22m[39m[90m 409 |[39m           console[33m.[39merror([32m`Failed to generate vector for snippet ${snippetId}:`[3
9m[33m,[39m error)[33m;[39m
     [90m     |[39m                   [31m[1m^[22m[39m
     [90m 410 |[39m         }
     [90m 411 |[39m       }
     [90m 412 |[39m     } [36mfinally[39m {[0m

      at SnippetManager.processVectorGenerationQueue (src/main/services/SnippetManager.ts:409:19)

    console.error
      Failed to generate vector for snippet test-snippet-id: TypeError: dbManager.getDb is not a function
          at VectorStore.initialize (D:\OpenSource\SnippetBox\frontend\src\main\services\VectorStore.ts:21:26)
          at VectorStore.addVector (D:\OpenSource\SnippetBox\frontend\src\main\services\VectorStore.ts:27:10)
          at SnippetManager.processVectorGenerationQueue (D:\OpenSource\SnippetBox\frontend\src\main\services\SnippetManager.ts:406:34)
          at SnippetManager.generateVectorForSnippet (D:\OpenSource\SnippetBox\frontend\src\main\services\SnippetManager.ts:388:10)
          at SnippetManager.createSnippet (D:\OpenSource\SnippetBox\frontend\src\main\services\SnippetManager.ts:72:12)
          at processTicksAndRejections (node:internal/process/task_queues:105:5)
          at D:\OpenSource\SnippetBox\frontend\tests\property\SnippetProperty.test.ts:208:36
          at AsyncProperty.run (D:\OpenSource\SnippetBox\frontend\node_modules\fast-check\lib\cjs\fast-check.js:1208:19)
          at asyncRunIt (D:\OpenSource\SnippetBox\frontend\node_modules\fast-check\lib\cjs\fast-check.js:2503:15)
          at Object.<anonymous> (D:\OpenSource\SnippetBox\frontend\tests\property\SnippetProperty.test.ts:157:7)

    [0m [90m 407 |[39m           console[33m.[39mlog([32m`Generated vector for snippet: ${snippetId}`[39m)[33m;[39m
     [90m 408 |[39m         } [36mcatch[39m (error) {
    [31m[1m>[22m[39m[90m 409 |[39m           console[33m.[39merror([32m`Failed to generate vector for snippet ${snippetId}:`[3
9m[33m,[39m error)[33m;[39m
     [90m     |[39m                   [31m[1m^[22m[39m
     [90m 410 |[39m         }
     [90m 411 |[39m       }
     [90m 412 |[39m     } [36mfinally[39m {[0m

      at SnippetManager.processVectorGenerationQueue (src/main/services/SnippetManager.ts:409:19)

    console.error
      Failed to generate vector for snippet test-snippet-id: TypeError: dbManager.getDb is not a function
          at VectorStore.initialize (D:\OpenSource\SnippetBox\frontend\src\main\services\VectorStore.ts:21:26)
          at VectorStore.addVector (D:\OpenSource\SnippetBox\frontend\src\main\services\VectorStore.ts:27:10)
          at SnippetManager.processVectorGenerationQueue (D:\OpenSource\SnippetBox\frontend\src\main\services\SnippetManager.ts:406:34)
          at SnippetManager.generateVectorForSnippet (D:\OpenSource\SnippetBox\frontend\src\main\services\SnippetManager.ts:388:10)
          at SnippetManager.updateSnippet (D:\OpenSource\SnippetBox\frontend\src\main\services\SnippetManager.ts:223:12)
          at processTicksAndRejections (node:internal/process/task_queues:105:5)
          at D:\OpenSource\SnippetBox\frontend\tests\property\SnippetProperty.test.ts:211:36
          at AsyncProperty.run (D:\OpenSource\SnippetBox\frontend\node_modules\fast-check\lib\cjs\fast-check.js:1208:19)
          at asyncRunIt (D:\OpenSource\SnippetBox\frontend\node_modules\fast-check\lib\cjs\fast-check.js:2503:15)
          at Object.<anonymous> (D:\OpenSource\SnippetBox\frontend\tests\property\SnippetProperty.test.ts:157:7)

    [0m [90m 407 |[39m           console[33m.[39mlog([32m`Generated vector for snippet: ${snippetId}`[39m)[33m;[39m
     [90m 408 |[39m         } [36mcatch[39m (error) {
    [31m[1m>[22m[39m[90m 409 |[39m           console[33m.[39merror([32m`Failed to generate vector for snippet ${snippetId}:`[3
9m[33m,[39m error)[33m;[39m
     [90m     |[39m                   [31m[1m^[22m[39m
     [90m 410 |[39m         }
     [90m 411 |[39m       }
     [90m 412 |[39m     } [36mfinally[39m {[0m

      at SnippetManager.processVectorGenerationQueue (src/main/services/SnippetManager.ts:409:19)

    console.error
      Failed to generate vector for snippet test-snippet-id: TypeError: dbManager.getDb is not a function
          at VectorStore.initialize (D:\OpenSource\SnippetBox\frontend\src\main\services\VectorStore.ts:21:26)
          at VectorStore.addVector (D:\OpenSource\SnippetBox\frontend\src\main\services\VectorStore.ts:27:10)
          at SnippetManager.processVectorGenerationQueue (D:\OpenSource\SnippetBox\frontend\src\main\services\SnippetManager.ts:406:34)
          at SnippetManager.generateVectorForSnippet (D:\OpenSource\SnippetBox\frontend\src\main\services\SnippetManager.ts:388:10)
          at SnippetManager.createSnippet (D:\OpenSource\SnippetBox\frontend\src\main\services\SnippetManager.ts:72:12)
          at processTicksAndRejections (node:internal/process/task_queues:105:5)
          at D:\OpenSource\SnippetBox\frontend\tests\property\SnippetProperty.test.ts:208:36
          at AsyncProperty.run (D:\OpenSource\SnippetBox\frontend\node_modules\fast-check\lib\cjs\fast-check.js:1208:19)
          at asyncRunIt (D:\OpenSource\SnippetBox\frontend\node_modules\fast-check\lib\cjs\fast-check.js:2503:15)
          at Object.<anonymous> (D:\OpenSource\SnippetBox\frontend\tests\property\SnippetProperty.test.ts:157:7)

    [0m [90m 407 |[39m           console[33m.[39mlog([32m`Generated vector for snippet: ${snippetId}`[39m)[33m;[39m
     [90m 408 |[39m         } [36mcatch[39m (error) {
    [31m[1m>[22m[39m[90m 409 |[39m           console[33m.[39merror([32m`Failed to generate vector for snippet ${snippetId}:`[3
9m[33m,[39m error)[33m;[39m
     [90m     |[39m                   [31m[1m^[22m[39m
     [90m 410 |[39m         }
     [90m 411 |[39m       }
     [90m 412 |[39m     } [36mfinally[39m {[0m

      at SnippetManager.processVectorGenerationQueue (src/main/services/SnippetManager.ts:409:19)

    console.error
      Failed to generate vector for snippet test-snippet-id: TypeError: dbManager.getDb is not a function
          at VectorStore.initialize (D:\OpenSource\SnippetBox\frontend\src\main\services\VectorStore.ts:21:26)
          at VectorStore.addVector (D:\OpenSource\SnippetBox\frontend\src\main\services\VectorStore.ts:27:10)
          at SnippetManager.processVectorGenerationQueue (D:\OpenSource\SnippetBox\frontend\src\main\services\SnippetManager.ts:406:34)
          at SnippetManager.generateVectorForSnippet (D:\OpenSource\SnippetBox\frontend\src\main\services\SnippetManager.ts:388:10)
          at SnippetManager.updateSnippet (D:\OpenSource\SnippetBox\frontend\src\main\services\SnippetManager.ts:223:12)
          at processTicksAndRejections (node:internal/process/task_queues:105:5)
          at D:\OpenSource\SnippetBox\frontend\tests\property\SnippetProperty.test.ts:211:36
          at AsyncProperty.run (D:\OpenSource\SnippetBox\frontend\node_modules\fast-check\lib\cjs\fast-check.js:1208:19)
          at asyncRunIt (D:\OpenSource\SnippetBox\frontend\node_modules\fast-check\lib\cjs\fast-check.js:2503:15)
          at Object.<anonymous> (D:\OpenSource\SnippetBox\frontend\tests\property\SnippetProperty.test.ts:157:7)

    [0m [90m 407 |[39m           console[33m.[39mlog([32m`Generated vector for snippet: ${snippetId}`[39m)[33m;[39m
     [90m 408 |[39m         } [36mcatch[39m (error) {
    [31m[1m>[22m[39m[90m 409 |[39m           console[33m.[39merror([32m`Failed to generate vector for snippet ${snippetId}:`[3
9m[33m,[39m error)[33m;[39m
     [90m     |[39m                   [31m[1m^[22m[39m
     [90m 410 |[39m         }
     [90m 411 |[39m       }
     [90m 412 |[39m     } [36mfinally[39m {[0m

      at SnippetManager.processVectorGenerationQueue (src/main/services/SnippetManager.ts:409:19)

    console.error
      Failed to generate vector for snippet test-snippet-id: TypeError: dbManager.getDb is not a function
          at VectorStore.initialize (D:\OpenSource\SnippetBox\frontend\src\main\services\VectorStore.ts:21:26)
          at VectorStore.addVector (D:\OpenSource\SnippetBox\frontend\src\main\services\VectorStore.ts:27:10)
          at SnippetManager.processVectorGenerationQueue (D:\OpenSource\SnippetBox\frontend\src\main\services\SnippetManager.ts:406:34)
          at SnippetManager.generateVectorForSnippet (D:\OpenSource\SnippetBox\frontend\src\main\services\SnippetManager.ts:388:10)
          at SnippetManager.createSnippet (D:\OpenSource\SnippetBox\frontend\src\main\services\SnippetManager.ts:72:12)
          at processTicksAndRejections (node:internal/process/task_queues:105:5)
          at D:\OpenSource\SnippetBox\frontend\tests\property\SnippetProperty.test.ts:208:36
          at AsyncProperty.run (D:\OpenSource\SnippetBox\frontend\node_modules\fast-check\lib\cjs\fast-check.js:1208:19)
          at asyncRunIt (D:\OpenSource\SnippetBox\frontend\node_modules\fast-check\lib\cjs\fast-check.js:2503:15)
          at Object.<anonymous> (D:\OpenSource\SnippetBox\frontend\tests\property\SnippetProperty.test.ts:157:7)

    [0m [90m 407 |[39m           console[33m.[39mlog([32m`Generated vector for snippet: ${snippetId}`[39m)[33m;[39m
     [90m 408 |[39m         } [36mcatch[39m (error) {
    [31m[1m>[22m[39m[90m 409 |[39m           console[33m.[39merror([32m`Failed to generate vector for snippet ${snippetId}:`[3
9m[33m,[39m error)[33m;[39m
     [90m     |[39m                   [31m[1m^[22m[39m
     [90m 410 |[39m         }
     [90m 411 |[39m       }
     [90m 412 |[39m     } [36mfinally[39m {[0m

      at SnippetManager.processVectorGenerationQueue (src/main/services/SnippetManager.ts:409:19)

    console.error
      Failed to generate vector for snippet test-snippet-id: TypeError: dbManager.getDb is not a function
          at VectorStore.initialize (D:\OpenSource\SnippetBox\frontend\src\main\services\VectorStore.ts:21:26)
          at VectorStore.addVector (D:\OpenSource\SnippetBox\frontend\src\main\services\VectorStore.ts:27:10)
          at SnippetManager.processVectorGenerationQueue (D:\OpenSource\SnippetBox\frontend\src\main\services\SnippetManager.ts:406:34)
          at SnippetManager.generateVectorForSnippet (D:\OpenSource\SnippetBox\frontend\src\main\services\SnippetManager.ts:388:10)
          at SnippetManager.updateSnippet (D:\OpenSource\SnippetBox\frontend\src\main\services\SnippetManager.ts:223:12)
          at processTicksAndRejections (node:internal/process/task_queues:105:5)
          at D:\OpenSource\SnippetBox\frontend\tests\property\SnippetProperty.test.ts:211:36
          at AsyncProperty.run (D:\OpenSource\SnippetBox\frontend\node_modules\fast-check\lib\cjs\fast-check.js:1208:19)
          at asyncRunIt (D:\OpenSource\SnippetBox\frontend\node_modules\fast-check\lib\cjs\fast-check.js:2503:15)
          at Object.<anonymous> (D:\OpenSource\SnippetBox\frontend\tests\property\SnippetProperty.test.ts:157:7)

    [0m [90m 407 |[39m           console[33m.[39mlog([32m`Generated vector for snippet: ${snippetId}`[39m)[33m;[39m
     [90m 408 |[39m         } [36mcatch[39m (error) {
    [31m[1m>[22m[39m[90m 409 |[39m           console[33m.[39merror([32m`Failed to generate vector for snippet ${snippetId}:`[3
9m[33m,[39m error)[33m;[39m
     [90m     |[39m                   [31m[1m^[22m[39m
     [90m 410 |[39m         }
     [90m 411 |[39m       }
     [90m 412 |[39m     } [36mfinally[39m {[0m

      at SnippetManager.processVectorGenerationQueue (src/main/services/SnippetManager.ts:409:19)

    console.error
      Failed to generate vector for snippet test-snippet-id: TypeError: dbManager.getDb is not a function
          at VectorStore.initialize (D:\OpenSource\SnippetBox\frontend\src\main\services\VectorStore.ts:21:26)
          at VectorStore.addVector (D:\OpenSource\SnippetBox\frontend\src\main\services\VectorStore.ts:27:10)
          at SnippetManager.processVectorGenerationQueue (D:\OpenSource\SnippetBox\frontend\src\main\services\SnippetManager.ts:406:34)
          at SnippetManager.generateVectorForSnippet (D:\OpenSource\SnippetBox\frontend\src\main\services\SnippetManager.ts:388:10)
          at SnippetManager.createSnippet (D:\OpenSource\SnippetBox\frontend\src\main\services\SnippetManager.ts:72:12)
          at processTicksAndRejections (node:internal/process/task_queues:105:5)
          at D:\OpenSource\SnippetBox\frontend\tests\property\SnippetProperty.test.ts:208:36
          at AsyncProperty.run (D:\OpenSource\SnippetBox\frontend\node_modules\fast-check\lib\cjs\fast-check.js:1208:19)
          at asyncRunIt (D:\OpenSource\SnippetBox\frontend\node_modules\fast-check\lib\cjs\fast-check.js:2503:15)
          at Object.<anonymous> (D:\OpenSource\SnippetBox\frontend\tests\property\SnippetProperty.test.ts:157:7)

    [0m [90m 407 |[39m           console[33m.[39mlog([32m`Generated vector for snippet: ${snippetId}`[39m)[33m;[39m
     [90m 408 |[39m         } [36mcatch[39m (error) {
    [31m[1m>[22m[39m[90m 409 |[39m           console[33m.[39merror([32m`Failed to generate vector for snippet ${snippetId}:`[3
9m[33m,[39m error)[33m;[39m
     [90m     |[39m                   [31m[1m^[22m[39m
     [90m 410 |[39m         }
     [90m 411 |[39m       }
     [90m 412 |[39m     } [36mfinally[39m {[0m

      at SnippetManager.processVectorGenerationQueue (src/main/services/SnippetManager.ts:409:19)

    console.error
      Failed to generate vector for snippet test-snippet-id: TypeError: dbManager.getDb is not a function
          at VectorStore.initialize (D:\OpenSource\SnippetBox\frontend\src\main\services\VectorStore.ts:21:26)
          at VectorStore.addVector (D:\OpenSource\SnippetBox\frontend\src\main\services\VectorStore.ts:27:10)
          at SnippetManager.processVectorGenerationQueue (D:\OpenSource\SnippetBox\frontend\src\main\services\SnippetManager.ts:406:34)
          at SnippetManager.generateVectorForSnippet (D:\OpenSource\SnippetBox\frontend\src\main\services\SnippetManager.ts:388:10)
          at SnippetManager.updateSnippet (D:\OpenSource\SnippetBox\frontend\src\main\services\SnippetManager.ts:223:12)
          at processTicksAndRejections (node:internal/process/task_queues:105:5)
          at D:\OpenSource\SnippetBox\frontend\tests\property\SnippetProperty.test.ts:211:36
          at AsyncProperty.run (D:\OpenSource\SnippetBox\frontend\node_modules\fast-check\lib\cjs\fast-check.js:1208:19)
          at asyncRunIt (D:\OpenSource\SnippetBox\frontend\node_modules\fast-check\lib\cjs\fast-check.js:2503:15)
          at Object.<anonymous> (D:\OpenSource\SnippetBox\frontend\tests\property\SnippetProperty.test.ts:157:7)

    [0m [90m 407 |[39m           console[33m.[39mlog([32m`Generated vector for snippet: ${snippetId}`[39m)[33m;[39m
     [90m 408 |[39m         } [36mcatch[39m (error) {
    [31m[1m>[22m[39m[90m 409 |[39m           console[33m.[39merror([32m`Failed to generate vector for snippet ${snippetId}:`[3
9m[33m,[39m error)[33m;[39m
     [90m     |[39m                   [31m[1m^[22m[39m
     [90m 410 |[39m         }
     [90m 411 |[39m       }
     [90m 412 |[39m     } [36mfinally[39m {[0m

      at SnippetManager.processVectorGenerationQueue (src/main/services/SnippetManager.ts:409:19)

    console.error
      Failed to generate vector for snippet test-snippet-id: TypeError: dbManager.getDb is not a function
          at VectorStore.initialize (D:\OpenSource\SnippetBox\frontend\src\main\services\VectorStore.ts:21:26)
          at VectorStore.addVector (D:\OpenSource\SnippetBox\frontend\src\main\services\VectorStore.ts:27:10)
          at SnippetManager.processVectorGenerationQueue (D:\OpenSource\SnippetBox\frontend\src\main\services\SnippetManager.ts:406:34)
          at SnippetManager.generateVectorForSnippet (D:\OpenSource\SnippetBox\frontend\src\main\services\SnippetManager.ts:388:10)
          at SnippetManager.createSnippet (D:\OpenSource\SnippetBox\frontend\src\main\services\SnippetManager.ts:72:12)
          at processTicksAndRejections (node:internal/process/task_queues:105:5)
          at D:\OpenSource\SnippetBox\frontend\tests\property\SnippetProperty.test.ts:208:36
          at AsyncProperty.run (D:\OpenSource\SnippetBox\frontend\node_modules\fast-check\lib\cjs\fast-check.js:1208:19)
          at asyncRunIt (D:\OpenSource\SnippetBox\frontend\node_modules\fast-check\lib\cjs\fast-check.js:2503:15)
          at Object.<anonymous> (D:\OpenSource\SnippetBox\frontend\tests\property\SnippetProperty.test.ts:157:7)

    [0m [90m 407 |[39m           console[33m.[39mlog([32m`Generated vector for snippet: ${snippetId}`[39m)[33m;[39m
     [90m 408 |[39m         } [36mcatch[39m (error) {
    [31m[1m>[22m[39m[90m 409 |[39m           console[33m.[39merror([32m`Failed to generate vector for snippet ${snippetId}:`[3
9m[33m,[39m error)[33m;[39m
     [90m     |[39m                   [31m[1m^[22m[39m
     [90m 410 |[39m         }
     [90m 411 |[39m       }
     [90m 412 |[39m     } [36mfinally[39m {[0m

      at SnippetManager.processVectorGenerationQueue (src/main/services/SnippetManager.ts:409:19)

    console.error
      Failed to generate vector for snippet test-snippet-id: TypeError: dbManager.getDb is not a function
          at VectorStore.initialize (D:\OpenSource\SnippetBox\frontend\src\main\services\VectorStore.ts:21:26)
          at VectorStore.addVector (D:\OpenSource\SnippetBox\frontend\src\main\services\VectorStore.ts:27:10)
          at SnippetManager.processVectorGenerationQueue (D:\OpenSource\SnippetBox\frontend\src\main\services\SnippetManager.ts:406:34)
          at SnippetManager.generateVectorForSnippet (D:\OpenSource\SnippetBox\frontend\src\main\services\SnippetManager.ts:388:10)
          at SnippetManager.updateSnippet (D:\OpenSource\SnippetBox\frontend\src\main\services\SnippetManager.ts:223:12)
          at processTicksAndRejections (node:internal/process/task_queues:105:5)
          at D:\OpenSource\SnippetBox\frontend\tests\property\SnippetProperty.test.ts:211:36
          at AsyncProperty.run (D:\OpenSource\SnippetBox\frontend\node_modules\fast-check\lib\cjs\fast-check.js:1208:19)
          at asyncRunIt (D:\OpenSource\SnippetBox\frontend\node_modules\fast-check\lib\cjs\fast-check.js:2503:15)
          at Object.<anonymous> (D:\OpenSource\SnippetBox\frontend\tests\property\SnippetProperty.test.ts:157:7)

    [0m [90m 407 |[39m           console[33m.[39mlog([32m`Generated vector for snippet: ${snippetId}`[39m)[33m;[39m
     [90m 408 |[39m         } [36mcatch[39m (error) {
    [31m[1m>[22m[39m[90m 409 |[39m           console[33m.[39merror([32m`Failed to generate vector for snippet ${snippetId}:`[3
9m[33m,[39m error)[33m;[39m
     [90m     |[39m                   [31m[1m^[22m[39m
     [90m 410 |[39m         }
     [90m 411 |[39m       }
     [90m 412 |[39m     } [36mfinally[39m {[0m

      at SnippetManager.processVectorGenerationQueue (src/main/services/SnippetManager.ts:409:19)

    console.error
      Failed to generate vector for snippet test-snippet-id: TypeError: dbManager.getDb is not a function
          at VectorStore.initialize (D:\OpenSource\SnippetBox\frontend\src\main\services\VectorStore.ts:21:26)
          at VectorStore.addVector (D:\OpenSource\SnippetBox\frontend\src\main\services\VectorStore.ts:27:10)
          at SnippetManager.processVectorGenerationQueue (D:\OpenSource\SnippetBox\frontend\src\main\services\SnippetManager.ts:406:34)
          at SnippetManager.generateVectorForSnippet (D:\OpenSource\SnippetBox\frontend\src\main\services\SnippetManager.ts:388:10)
          at SnippetManager.createSnippet (D:\OpenSource\SnippetBox\frontend\src\main\services\SnippetManager.ts:72:12)
          at processTicksAndRejections (node:internal/process/task_queues:105:5)
          at D:\OpenSource\SnippetBox\frontend\tests\property\SnippetProperty.test.ts:208:36
          at AsyncProperty.run (D:\OpenSource\SnippetBox\frontend\node_modules\fast-check\lib\cjs\fast-check.js:1208:19)
          at asyncRunIt (D:\OpenSource\SnippetBox\frontend\node_modules\fast-check\lib\cjs\fast-check.js:2503:15)
          at Object.<anonymous> (D:\OpenSource\SnippetBox\frontend\tests\property\SnippetProperty.test.ts:157:7)

    [0m [90m 407 |[39m           console[33m.[39mlog([32m`Generated vector for snippet: ${snippetId}`[39m)[33m;[39m
     [90m 408 |[39m         } [36mcatch[39m (error) {
    [31m[1m>[22m[39m[90m 409 |[39m           console[33m.[39merror([32m`Failed to generate vector for snippet ${snippetId}:`[3
9m[33m,[39m error)[33m;[39m
     [90m     |[39m                   [31m[1m^[22m[39m
     [90m 410 |[39m         }
     [90m 411 |[39m       }
     [90m 412 |[39m     } [36mfinally[39m {[0m

      at SnippetManager.processVectorGenerationQueue (src/main/services/SnippetManager.ts:409:19)

    console.error
      Failed to generate vector for snippet test-snippet-id: TypeError: dbManager.getDb is not a function
          at VectorStore.initialize (D:\OpenSource\SnippetBox\frontend\src\main\services\VectorStore.ts:21:26)
          at VectorStore.addVector (D:\OpenSource\SnippetBox\frontend\src\main\services\VectorStore.ts:27:10)
          at SnippetManager.processVectorGenerationQueue (D:\OpenSource\SnippetBox\frontend\src\main\services\SnippetManager.ts:406:34)
          at SnippetManager.generateVectorForSnippet (D:\OpenSource\SnippetBox\frontend\src\main\services\SnippetManager.ts:388:10)
          at SnippetManager.updateSnippet (D:\OpenSource\SnippetBox\frontend\src\main\services\SnippetManager.ts:223:12)
          at processTicksAndRejections (node:internal/process/task_queues:105:5)
          at D:\OpenSource\SnippetBox\frontend\tests\property\SnippetProperty.test.ts:211:36
          at AsyncProperty.run (D:\OpenSource\SnippetBox\frontend\node_modules\fast-check\lib\cjs\fast-check.js:1208:19)
          at asyncRunIt (D:\OpenSource\SnippetBox\frontend\node_modules\fast-check\lib\cjs\fast-check.js:2503:15)
          at Object.<anonymous> (D:\OpenSource\SnippetBox\frontend\tests\property\SnippetProperty.test.ts:157:7)

    [0m [90m 407 |[39m           console[33m.[39mlog([32m`Generated vector for snippet: ${snippetId}`[39m)[33m;[39m
     [90m 408 |[39m         } [36mcatch[39m (error) {
    [31m[1m>[22m[39m[90m 409 |[39m           console[33m.[39merror([32m`Failed to generate vector for snippet ${snippetId}:`[3
9m[33m,[39m error)[33m;[39m
     [90m     |[39m                   [31m[1m^[22m[39m
     [90m 410 |[39m         }
     [90m 411 |[39m       }
     [90m 412 |[39m     } [36mfinally[39m {[0m

      at SnippetManager.processVectorGenerationQueue (src/main/services/SnippetManager.ts:409:19)

    console.error
      Failed to generate vector for snippet test-snippet-id: TypeError: dbManager.getDb is not a function
          at VectorStore.initialize (D:\OpenSource\SnippetBox\frontend\src\main\services\VectorStore.ts:21:26)
          at VectorStore.addVector (D:\OpenSource\SnippetBox\frontend\src\main\services\VectorStore.ts:27:10)
          at SnippetManager.processVectorGenerationQueue (D:\OpenSource\SnippetBox\frontend\src\main\services\SnippetManager.ts:406:34)
          at SnippetManager.generateVectorForSnippet (D:\OpenSource\SnippetBox\frontend\src\main\services\SnippetManager.ts:388:10)
          at SnippetManager.createSnippet (D:\OpenSource\SnippetBox\frontend\src\main\services\SnippetManager.ts:72:12)
          at processTicksAndRejections (node:internal/process/task_queues:105:5)
          at D:\OpenSource\SnippetBox\frontend\tests\property\SnippetProperty.test.ts:208:36
          at AsyncProperty.run (D:\OpenSource\SnippetBox\frontend\node_modules\fast-check\lib\cjs\fast-check.js:1208:19)
          at asyncRunIt (D:\OpenSource\SnippetBox\frontend\node_modules\fast-check\lib\cjs\fast-check.js:2503:15)
          at Object.<anonymous> (D:\OpenSource\SnippetBox\frontend\tests\property\SnippetProperty.test.ts:157:7)

    [0m [90m 407 |[39m           console[33m.[39mlog([32m`Generated vector for snippet: ${snippetId}`[39m)[33m;[39m
     [90m 408 |[39m         } [36mcatch[39m (error) {
    [31m[1m>[22m[39m[90m 409 |[39m           console[33m.[39merror([32m`Failed to generate vector for snippet ${snippetId}:`[3
9m[33m,[39m error)[33m;[39m
     [90m     |[39m                   [31m[1m^[22m[39m
     [90m 410 |[39m         }
     [90m 411 |[39m       }
     [90m 412 |[39m     } [36mfinally[39m {[0m

      at SnippetManager.processVectorGenerationQueue (src/main/services/SnippetManager.ts:409:19)

    console.error
      Failed to generate vector for snippet test-snippet-id: TypeError: dbManager.getDb is not a function
          at VectorStore.initialize (D:\OpenSource\SnippetBox\frontend\src\main\services\VectorStore.ts:21:26)
          at VectorStore.addVector (D:\OpenSource\SnippetBox\frontend\src\main\services\VectorStore.ts:27:10)
          at SnippetManager.processVectorGenerationQueue (D:\OpenSource\SnippetBox\frontend\src\main\services\SnippetManager.ts:406:34)
          at SnippetManager.generateVectorForSnippet (D:\OpenSource\SnippetBox\frontend\src\main\services\SnippetManager.ts:388:10)
          at SnippetManager.updateSnippet (D:\OpenSource\SnippetBox\frontend\src\main\services\SnippetManager.ts:223:12)
          at processTicksAndRejections (node:internal/process/task_queues:105:5)
          at D:\OpenSource\SnippetBox\frontend\tests\property\SnippetProperty.test.ts:211:36
          at AsyncProperty.run (D:\OpenSource\SnippetBox\frontend\node_modules\fast-check\lib\cjs\fast-check.js:1208:19)
          at asyncRunIt (D:\OpenSource\SnippetBox\frontend\node_modules\fast-check\lib\cjs\fast-check.js:2503:15)
          at Object.<anonymous> (D:\OpenSource\SnippetBox\frontend\tests\property\SnippetProperty.test.ts:157:7)

    [0m [90m 407 |[39m           console[33m.[39mlog([32m`Generated vector for snippet: ${snippetId}`[39m)[33m;[39m
     [90m 408 |[39m         } [36mcatch[39m (error) {
    [31m[1m>[22m[39m[90m 409 |[39m           console[33m.[39merror([32m`Failed to generate vector for snippet ${snippetId}:`[3
9m[33m,[39m error)[33m;[39m
     [90m     |[39m                   [31m[1m^[22m[39m
     [90m 410 |[39m         }
     [90m 411 |[39m       }
     [90m 412 |[39m     } [36mfinally[39m {[0m

      at SnippetManager.processVectorGenerationQueue (src/main/services/SnippetManager.ts:409:19)

    console.error
      Failed to generate vector for snippet test-snippet-id: TypeError: dbManager.getDb is not a function
          at VectorStore.initialize (D:\OpenSource\SnippetBox\frontend\src\main\services\VectorStore.ts:21:26)
          at VectorStore.addVector (D:\OpenSource\SnippetBox\frontend\src\main\services\VectorStore.ts:27:10)
          at SnippetManager.processVectorGenerationQueue (D:\OpenSource\SnippetBox\frontend\src\main\services\SnippetManager.ts:406:34)
          at SnippetManager.generateVectorForSnippet (D:\OpenSource\SnippetBox\frontend\src\main\services\SnippetManager.ts:388:10)
          at SnippetManager.createSnippet (D:\OpenSource\SnippetBox\frontend\src\main\services\SnippetManager.ts:72:12)
          at processTicksAndRejections (node:internal/process/task_queues:105:5)
          at D:\OpenSource\SnippetBox\frontend\tests\property\SnippetProperty.test.ts:208:36
          at AsyncProperty.run (D:\OpenSource\SnippetBox\frontend\node_modules\fast-check\lib\cjs\fast-check.js:1208:19)
          at asyncRunIt (D:\OpenSource\SnippetBox\frontend\node_modules\fast-check\lib\cjs\fast-check.js:2503:15)
          at Object.<anonymous> (D:\OpenSource\SnippetBox\frontend\tests\property\SnippetProperty.test.ts:157:7)

    [0m [90m 407 |[39m           console[33m.[39mlog([32m`Generated vector for snippet: ${snippetId}`[39m)[33m;[39m
     [90m 408 |[39m         } [36mcatch[39m (error) {
    [31m[1m>[22m[39m[90m 409 |[39m           console[33m.[39merror([32m`Failed to generate vector for snippet ${snippetId}:`[3
9m[33m,[39m error)[33m;[39m
     [90m     |[39m                   [31m[1m^[22m[39m
     [90m 410 |[39m         }
     [90m 411 |[39m       }
     [90m 412 |[39m     } [36mfinally[39m {[0m

      at SnippetManager.processVectorGenerationQueue (src/main/services/SnippetManager.ts:409:19)

    console.error
      Failed to generate vector for snippet test-snippet-id: TypeError: dbManager.getDb is not a function
          at VectorStore.initialize (D:\OpenSource\SnippetBox\frontend\src\main\services\VectorStore.ts:21:26)
          at VectorStore.addVector (D:\OpenSource\SnippetBox\frontend\src\main\services\VectorStore.ts:27:10)
          at SnippetManager.processVectorGenerationQueue (D:\OpenSource\SnippetBox\frontend\src\main\services\SnippetManager.ts:406:34)
          at SnippetManager.generateVectorForSnippet (D:\OpenSource\SnippetBox\frontend\src\main\services\SnippetManager.ts:388:10)
          at SnippetManager.updateSnippet (D:\OpenSource\SnippetBox\frontend\src\main\services\SnippetManager.ts:223:12)
          at processTicksAndRejections (node:internal/process/task_queues:105:5)
          at D:\OpenSource\SnippetBox\frontend\tests\property\SnippetProperty.test.ts:211:36
          at AsyncProperty.run (D:\OpenSource\SnippetBox\frontend\node_modules\fast-check\lib\cjs\fast-check.js:1208:19)
          at asyncRunIt (D:\OpenSource\SnippetBox\frontend\node_modules\fast-check\lib\cjs\fast-check.js:2503:15)
          at Object.<anonymous> (D:\OpenSource\SnippetBox\frontend\tests\property\SnippetProperty.test.ts:157:7)

    [0m [90m 407 |[39m           console[33m.[39mlog([32m`Generated vector for snippet: ${snippetId}`[39m)[33m;[39m
     [90m 408 |[39m         } [36mcatch[39m (error) {
    [31m[1m>[22m[39m[90m 409 |[39m           console[33m.[39merror([32m`Failed to generate vector for snippet ${snippetId}:`[3
9m[33m,[39m error)[33m;[39m
     [90m     |[39m                   [31m[1m^[22m[39m
     [90m 410 |[39m         }
     [90m 411 |[39m       }
     [90m 412 |[39m     } [36mfinally[39m {[0m

      at SnippetManager.processVectorGenerationQueue (src/main/services/SnippetManager.ts:409:19)

    console.error
      Failed to generate vector for snippet test-snippet-id: TypeError: dbManager.getDb is not a function
          at VectorStore.initialize (D:\OpenSource\SnippetBox\frontend\src\main\services\VectorStore.ts:21:26)
          at VectorStore.addVector (D:\OpenSource\SnippetBox\frontend\src\main\services\VectorStore.ts:27:10)
          at SnippetManager.processVectorGenerationQueue (D:\OpenSource\SnippetBox\frontend\src\main\services\SnippetManager.ts:406:34)
          at SnippetManager.generateVectorForSnippet (D:\OpenSource\SnippetBox\frontend\src\main\services\SnippetManager.ts:388:10)
          at SnippetManager.createSnippet (D:\OpenSource\SnippetBox\frontend\src\main\services\SnippetManager.ts:72:12)
          at processTicksAndRejections (node:internal/process/task_queues:105:5)
          at D:\OpenSource\SnippetBox\frontend\tests\property\SnippetProperty.test.ts:208:36
          at AsyncProperty.run (D:\OpenSource\SnippetBox\frontend\node_modules\fast-check\lib\cjs\fast-check.js:1208:19)
          at asyncRunIt (D:\OpenSource\SnippetBox\frontend\node_modules\fast-check\lib\cjs\fast-check.js:2503:15)
          at Object.<anonymous> (D:\OpenSource\SnippetBox\frontend\tests\property\SnippetProperty.test.ts:157:7)

    [0m [90m 407 |[39m           console[33m.[39mlog([32m`Generated vector for snippet: ${snippetId}`[39m)[33m;[39m
     [90m 408 |[39m         } [36mcatch[39m (error) {
    [31m[1m>[22m[39m[90m 409 |[39m           console[33m.[39merror([32m`Failed to generate vector for snippet ${snippetId}:`[3
9m[33m,[39m error)[33m;[39m
     [90m     |[39m                   [31m[1m^[22m[39m
     [90m 410 |[39m         }
     [90m 411 |[39m       }
     [90m 412 |[39m     } [36mfinally[39m {[0m

      at SnippetManager.processVectorGenerationQueue (src/main/services/SnippetManager.ts:409:19)

    console.error
      Failed to generate vector for snippet test-snippet-id: TypeError: dbManager.getDb is not a function
          at VectorStore.initialize (D:\OpenSource\SnippetBox\frontend\src\main\services\VectorStore.ts:21:26)
          at VectorStore.addVector (D:\OpenSource\SnippetBox\frontend\src\main\services\VectorStore.ts:27:10)
          at SnippetManager.processVectorGenerationQueue (D:\OpenSource\SnippetBox\frontend\src\main\services\SnippetManager.ts:406:34)
          at SnippetManager.generateVectorForSnippet (D:\OpenSource\SnippetBox\frontend\src\main\services\SnippetManager.ts:388:10)
          at SnippetManager.updateSnippet (D:\OpenSource\SnippetBox\frontend\src\main\services\SnippetManager.ts:223:12)
          at processTicksAndRejections (node:internal/process/task_queues:105:5)
          at D:\OpenSource\SnippetBox\frontend\tests\property\SnippetProperty.test.ts:211:36
          at AsyncProperty.run (D:\OpenSource\SnippetBox\frontend\node_modules\fast-check\lib\cjs\fast-check.js:1208:19)
          at asyncRunIt (D:\OpenSource\SnippetBox\frontend\node_modules\fast-check\lib\cjs\fast-check.js:2503:15)
          at Object.<anonymous> (D:\OpenSource\SnippetBox\frontend\tests\property\SnippetProperty.test.ts:157:7)

    [0m [90m 407 |[39m           console[33m.[39mlog([32m`Generated vector for snippet: ${snippetId}`[39m)[33m;[39m
     [90m 408 |[39m         } [36mcatch[39m (error) {
    [31m[1m>[22m[39m[90m 409 |[39m           console[33m.[39merror([32m`Failed to generate vector for snippet ${snippetId}:`[3
9m[33m,[39m error)[33m;[39m
     [90m     |[39m                   [31m[1m^[22m[39m
     [90m 410 |[39m         }
     [90m 411 |[39m       }
     [90m 412 |[39m     } [36mfinally[39m {[0m

      at SnippetManager.processVectorGenerationQueue (src/main/services/SnippetManager.ts:409:19)

    console.error
      Failed to generate vector for snippet test-snippet-id: TypeError: dbManager.getDb is not a function
          at VectorStore.initialize (D:\OpenSource\SnippetBox\frontend\src\main\services\VectorStore.ts:21:26)
          at VectorStore.addVector (D:\OpenSource\SnippetBox\frontend\src\main\services\VectorStore.ts:27:10)
          at SnippetManager.processVectorGenerationQueue (D:\OpenSource\SnippetBox\frontend\src\main\services\SnippetManager.ts:406:34)
          at SnippetManager.generateVectorForSnippet (D:\OpenSource\SnippetBox\frontend\src\main\services\SnippetManager.ts:388:10)
          at SnippetManager.createSnippet (D:\OpenSource\SnippetBox\frontend\src\main\services\SnippetManager.ts:72:12)
          at processTicksAndRejections (node:internal/process/task_queues:105:5)
          at D:\OpenSource\SnippetBox\frontend\tests\property\SnippetProperty.test.ts:208:36
          at AsyncProperty.run (D:\OpenSource\SnippetBox\frontend\node_modules\fast-check\lib\cjs\fast-check.js:1208:19)
          at asyncRunIt (D:\OpenSource\SnippetBox\frontend\node_modules\fast-check\lib\cjs\fast-check.js:2503:15)
          at Object.<anonymous> (D:\OpenSource\SnippetBox\frontend\tests\property\SnippetProperty.test.ts:157:7)

    [0m [90m 407 |[39m           console[33m.[39mlog([32m`Generated vector for snippet: ${snippetId}`[39m)[33m;[39m
     [90m 408 |[39m         } [36mcatch[39m (error) {
    [31m[1m>[22m[39m[90m 409 |[39m           console[33m.[39merror([32m`Failed to generate vector for snippet ${snippetId}:`[3
9m[33m,[39m error)[33m;[39m
     [90m     |[39m                   [31m[1m^[22m[39m
     [90m 410 |[39m         }
     [90m 411 |[39m       }
     [90m 412 |[39m     } [36mfinally[39m {[0m

      at SnippetManager.processVectorGenerationQueue (src/main/services/SnippetManager.ts:409:19)

    console.error
      Failed to generate vector for snippet test-snippet-id: TypeError: dbManager.getDb is not a function
          at VectorStore.initialize (D:\OpenSource\SnippetBox\frontend\src\main\services\VectorStore.ts:21:26)
          at VectorStore.addVector (D:\OpenSource\SnippetBox\frontend\src\main\services\VectorStore.ts:27:10)
          at SnippetManager.processVectorGenerationQueue (D:\OpenSource\SnippetBox\frontend\src\main\services\SnippetManager.ts:406:34)
          at SnippetManager.generateVectorForSnippet (D:\OpenSource\SnippetBox\frontend\src\main\services\SnippetManager.ts:388:10)
          at SnippetManager.updateSnippet (D:\OpenSource\SnippetBox\frontend\src\main\services\SnippetManager.ts:223:12)
          at processTicksAndRejections (node:internal/process/task_queues:105:5)
          at D:\OpenSource\SnippetBox\frontend\tests\property\SnippetProperty.test.ts:211:36
          at AsyncProperty.run (D:\OpenSource\SnippetBox\frontend\node_modules\fast-check\lib\cjs\fast-check.js:1208:19)
          at asyncRunIt (D:\OpenSource\SnippetBox\frontend\node_modules\fast-check\lib\cjs\fast-check.js:2503:15)
          at Object.<anonymous> (D:\OpenSource\SnippetBox\frontend\tests\property\SnippetProperty.test.ts:157:7)

    [0m [90m 407 |[39m           console[33m.[39mlog([32m`Generated vector for snippet: ${snippetId}`[39m)[33m;[39m
     [90m 408 |[39m         } [36mcatch[39m (error) {
    [31m[1m>[22m[39m[90m 409 |[39m           console[33m.[39merror([32m`Failed to generate vector for snippet ${snippetId}:`[3
9m[33m,[39m error)[33m;[39m
     [90m     |[39m                   [31m[1m^[22m[39m
     [90m 410 |[39m         }
     [90m 411 |[39m       }
     [90m 412 |[39m     } [36mfinally[39m {[0m

      at SnippetManager.processVectorGenerationQueue (src/main/services/SnippetManager.ts:409:19)

    console.error
      Failed to generate vector for snippet test-snippet-id: TypeError: dbManager.getDb is not a function
          at VectorStore.initialize (D:\OpenSource\SnippetBox\frontend\src\main\services\VectorStore.ts:21:26)
          at VectorStore.addVector (D:\OpenSource\SnippetBox\frontend\src\main\services\VectorStore.ts:27:10)
          at SnippetManager.processVectorGenerationQueue (D:\OpenSource\SnippetBox\frontend\src\main\services\SnippetManager.ts:406:34)
          at SnippetManager.generateVectorForSnippet (D:\OpenSource\SnippetBox\frontend\src\main\services\SnippetManager.ts:388:10)
          at SnippetManager.createSnippet (D:\OpenSource\SnippetBox\frontend\src\main\services\SnippetManager.ts:72:12)
          at processTicksAndRejections (node:internal/process/task_queues:105:5)
          at D:\OpenSource\SnippetBox\frontend\tests\property\SnippetProperty.test.ts:208:36
          at AsyncProperty.run (D:\OpenSource\SnippetBox\frontend\node_modules\fast-check\lib\cjs\fast-check.js:1208:19)
          at asyncRunIt (D:\OpenSource\SnippetBox\frontend\node_modules\fast-check\lib\cjs\fast-check.js:2503:15)
          at Object.<anonymous> (D:\OpenSource\SnippetBox\frontend\tests\property\SnippetProperty.test.ts:157:7)

    [0m [90m 407 |[39m           console[33m.[39mlog([32m`Generated vector for snippet: ${snippetId}`[39m)[33m;[39m
     [90m 408 |[39m         } [36mcatch[39m (error) {
    [31m[1m>[22m[39m[90m 409 |[39m           console[33m.[39merror([32m`Failed to generate vector for snippet ${snippetId}:`[3
9m[33m,[39m error)[33m;[39m
     [90m     |[39m                   [31m[1m^[22m[39m
     [90m 410 |[39m         }
     [90m 411 |[39m       }
     [90m 412 |[39m     } [36mfinally[39m {[0m

      at SnippetManager.processVectorGenerationQueue (src/main/services/SnippetManager.ts:409:19)

    console.error
      Failed to generate vector for snippet test-snippet-id: TypeError: dbManager.getDb is not a function
          at VectorStore.initialize (D:\OpenSource\SnippetBox\frontend\src\main\services\VectorStore.ts:21:26)
          at VectorStore.addVector (D:\OpenSource\SnippetBox\frontend\src\main\services\VectorStore.ts:27:10)
          at SnippetManager.processVectorGenerationQueue (D:\OpenSource\SnippetBox\frontend\src\main\services\SnippetManager.ts:406:34)
          at SnippetManager.generateVectorForSnippet (D:\OpenSource\SnippetBox\frontend\src\main\services\SnippetManager.ts:388:10)
          at SnippetManager.updateSnippet (D:\OpenSource\SnippetBox\frontend\src\main\services\SnippetManager.ts:223:12)
          at processTicksAndRejections (node:internal/process/task_queues:105:5)
          at D:\OpenSource\SnippetBox\frontend\tests\property\SnippetProperty.test.ts:211:36
          at AsyncProperty.run (D:\OpenSource\SnippetBox\frontend\node_modules\fast-check\lib\cjs\fast-check.js:1208:19)
          at asyncRunIt (D:\OpenSource\SnippetBox\frontend\node_modules\fast-check\lib\cjs\fast-check.js:2503:15)
          at Object.<anonymous> (D:\OpenSource\SnippetBox\frontend\tests\property\SnippetProperty.test.ts:157:7)

    [0m [90m 407 |[39m           console[33m.[39mlog([32m`Generated vector for snippet: ${snippetId}`[39m)[33m;[39m
     [90m 408 |[39m         } [36mcatch[39m (error) {
    [31m[1m>[22m[39m[90m 409 |[39m           console[33m.[39merror([32m`Failed to generate vector for snippet ${snippetId}:`[3
9m[33m,[39m error)[33m;[39m
     [90m     |[39m                   [31m[1m^[22m[39m
     [90m 410 |[39m         }
     [90m 411 |[39m       }
     [90m 412 |[39m     } [36mfinally[39m {[0m

      at SnippetManager.processVectorGenerationQueue (src/main/services/SnippetManager.ts:409:19)

    console.error
      Failed to generate vector for snippet test-snippet-id: TypeError: dbManager.getDb is not a function
          at VectorStore.initialize (D:\OpenSource\SnippetBox\frontend\src\main\services\VectorStore.ts:21:26)
          at VectorStore.addVector (D:\OpenSource\SnippetBox\frontend\src\main\services\VectorStore.ts:27:10)
          at SnippetManager.processVectorGenerationQueue (D:\OpenSource\SnippetBox\frontend\src\main\services\SnippetManager.ts:406:34)
          at SnippetManager.generateVectorForSnippet (D:\OpenSource\SnippetBox\frontend\src\main\services\SnippetManager.ts:388:10)
          at SnippetManager.createSnippet (D:\OpenSource\SnippetBox\frontend\src\main\services\SnippetManager.ts:72:12)
          at processTicksAndRejections (node:internal/process/task_queues:105:5)
          at D:\OpenSource\SnippetBox\frontend\tests\property\SnippetProperty.test.ts:208:36
          at AsyncProperty.run (D:\OpenSource\SnippetBox\frontend\node_modules\fast-check\lib\cjs\fast-check.js:1208:19)
          at asyncRunIt (D:\OpenSource\SnippetBox\frontend\node_modules\fast-check\lib\cjs\fast-check.js:2503:15)
          at Object.<anonymous> (D:\OpenSource\SnippetBox\frontend\tests\property\SnippetProperty.test.ts:157:7)

    [0m [90m 407 |[39m           console[33m.[39mlog([32m`Generated vector for snippet: ${snippetId}`[39m)[33m;[39m
     [90m 408 |[39m         } [36mcatch[39m (error) {
    [31m[1m>[22m[39m[90m 409 |[39m           console[33m.[39merror([32m`Failed to generate vector for snippet ${snippetId}:`[3
9m[33m,[39m error)[33m;[39m
     [90m     |[39m                   [31m[1m^[22m[39m
     [90m 410 |[39m         }
     [90m 411 |[39m       }
     [90m 412 |[39m     } [36mfinally[39m {[0m

      at SnippetManager.processVectorGenerationQueue (src/main/services/SnippetManager.ts:409:19)

    console.error
      Failed to generate vector for snippet test-snippet-id: TypeError: dbManager.getDb is not a function
          at VectorStore.initialize (D:\OpenSource\SnippetBox\frontend\src\main\services\VectorStore.ts:21:26)
          at VectorStore.addVector (D:\OpenSource\SnippetBox\frontend\src\main\services\VectorStore.ts:27:10)
          at SnippetManager.processVectorGenerationQueue (D:\OpenSource\SnippetBox\frontend\src\main\services\SnippetManager.ts:406:34)
          at SnippetManager.generateVectorForSnippet (D:\OpenSource\SnippetBox\frontend\src\main\services\SnippetManager.ts:388:10)
          at SnippetManager.updateSnippet (D:\OpenSource\SnippetBox\frontend\src\main\services\SnippetManager.ts:223:12)
          at processTicksAndRejections (node:internal/process/task_queues:105:5)
          at D:\OpenSource\SnippetBox\frontend\tests\property\SnippetProperty.test.ts:211:36
          at AsyncProperty.run (D:\OpenSource\SnippetBox\frontend\node_modules\fast-check\lib\cjs\fast-check.js:1208:19)
          at asyncRunIt (D:\OpenSource\SnippetBox\frontend\node_modules\fast-check\lib\cjs\fast-check.js:2503:15)
          at Object.<anonymous> (D:\OpenSource\SnippetBox\frontend\tests\property\SnippetProperty.test.ts:157:7)

    [0m [90m 407 |[39m           console[33m.[39mlog([32m`Generated vector for snippet: ${snippetId}`[39m)[33m;[39m
     [90m 408 |[39m         } [36mcatch[39m (error) {
    [31m[1m>[22m[39m[90m 409 |[39m           console[33m.[39merror([32m`Failed to generate vector for snippet ${snippetId}:`[3
9m[33m,[39m error)[33m;[39m
     [90m     |[39m                   [31m[1m^[22m[39m
     [90m 410 |[39m         }
     [90m 411 |[39m       }
     [90m 412 |[39m     } [36mfinally[39m {[0m

      at SnippetManager.processVectorGenerationQueue (src/main/services/SnippetManager.ts:409:19)

    console.error
      Failed to generate vector for snippet test-snippet-id: TypeError: dbManager.getDb is not a function
          at VectorStore.initialize (D:\OpenSource\SnippetBox\frontend\src\main\services\VectorStore.ts:21:26)
          at VectorStore.addVector (D:\OpenSource\SnippetBox\frontend\src\main\services\VectorStore.ts:27:10)
          at SnippetManager.processVectorGenerationQueue (D:\OpenSource\SnippetBox\frontend\src\main\services\SnippetManager.ts:406:34)
          at SnippetManager.generateVectorForSnippet (D:\OpenSource\SnippetBox\frontend\src\main\services\SnippetManager.ts:388:10)
          at SnippetManager.createSnippet (D:\OpenSource\SnippetBox\frontend\src\main\services\SnippetManager.ts:72:12)
          at processTicksAndRejections (node:internal/process/task_queues:105:5)
          at D:\OpenSource\SnippetBox\frontend\tests\property\SnippetProperty.test.ts:208:36
          at AsyncProperty.run (D:\OpenSource\SnippetBox\frontend\node_modules\fast-check\lib\cjs\fast-check.js:1208:19)
          at asyncRunIt (D:\OpenSource\SnippetBox\frontend\node_modules\fast-check\lib\cjs\fast-check.js:2503:15)
          at Object.<anonymous> (D:\OpenSource\SnippetBox\frontend\tests\property\SnippetProperty.test.ts:157:7)

    [0m [90m 407 |[39m           console[33m.[39mlog([32m`Generated vector for snippet: ${snippetId}`[39m)[33m;[39m
     [90m 408 |[39m         } [36mcatch[39m (error) {
    [31m[1m>[22m[39m[90m 409 |[39m           console[33m.[39merror([32m`Failed to generate vector for snippet ${snippetId}:`[3
9m[33m,[39m error)[33m;[39m
     [90m     |[39m                   [31m[1m^[22m[39m
     [90m 410 |[39m         }
     [90m 411 |[39m       }
     [90m 412 |[39m     } [36mfinally[39m {[0m

      at SnippetManager.processVectorGenerationQueue (src/main/services/SnippetManager.ts:409:19)

    console.error
      Failed to generate vector for snippet test-snippet-id: TypeError: dbManager.getDb is not a function
          at VectorStore.initialize (D:\OpenSource\SnippetBox\frontend\src\main\services\VectorStore.ts:21:26)
          at VectorStore.addVector (D:\OpenSource\SnippetBox\frontend\src\main\services\VectorStore.ts:27:10)
          at SnippetManager.processVectorGenerationQueue (D:\OpenSource\SnippetBox\frontend\src\main\services\SnippetManager.ts:406:34)
          at SnippetManager.generateVectorForSnippet (D:\OpenSource\SnippetBox\frontend\src\main\services\SnippetManager.ts:388:10)
          at SnippetManager.updateSnippet (D:\OpenSource\SnippetBox\frontend\src\main\services\SnippetManager.ts:223:12)
          at processTicksAndRejections (node:internal/process/task_queues:105:5)
          at D:\OpenSource\SnippetBox\frontend\tests\property\SnippetProperty.test.ts:211:36
          at AsyncProperty.run (D:\OpenSource\SnippetBox\frontend\node_modules\fast-check\lib\cjs\fast-check.js:1208:19)
          at asyncRunIt (D:\OpenSource\SnippetBox\frontend\node_modules\fast-check\lib\cjs\fast-check.js:2503:15)
          at Object.<anonymous> (D:\OpenSource\SnippetBox\frontend\tests\property\SnippetProperty.test.ts:157:7)

    [0m [90m 407 |[39m           console[33m.[39mlog([32m`Generated vector for snippet: ${snippetId}`[39m)[33m;[39m
     [90m 408 |[39m         } [36mcatch[39m (error) {
    [31m[1m>[22m[39m[90m 409 |[39m           console[33m.[39merror([32m`Failed to generate vector for snippet ${snippetId}:`[3
9m[33m,[39m error)[33m;[39m
     [90m     |[39m                   [31m[1m^[22m[39m
     [90m 410 |[39m         }
     [90m 411 |[39m       }
     [90m 412 |[39m     } [36mfinally[39m {[0m

      at SnippetManager.processVectorGenerationQueue (src/main/services/SnippetManager.ts:409:19)

    console.error
      Failed to generate vector for snippet test-snippet-id: TypeError: dbManager.getDb is not a function
          at VectorStore.initialize (D:\OpenSource\SnippetBox\frontend\src\main\services\VectorStore.ts:21:26)
          at VectorStore.addVector (D:\OpenSource\SnippetBox\frontend\src\main\services\VectorStore.ts:27:10)
          at SnippetManager.processVectorGenerationQueue (D:\OpenSource\SnippetBox\frontend\src\main\services\SnippetManager.ts:406:34)
          at SnippetManager.generateVectorForSnippet (D:\OpenSource\SnippetBox\frontend\src\main\services\SnippetManager.ts:388:10)
          at SnippetManager.createSnippet (D:\OpenSource\SnippetBox\frontend\src\main\services\SnippetManager.ts:72:12)
          at processTicksAndRejections (node:internal/process/task_queues:105:5)
          at D:\OpenSource\SnippetBox\frontend\tests\property\SnippetProperty.test.ts:208:36
          at AsyncProperty.run (D:\OpenSource\SnippetBox\frontend\node_modules\fast-check\lib\cjs\fast-check.js:1208:19)
          at asyncRunIt (D:\OpenSource\SnippetBox\frontend\node_modules\fast-check\lib\cjs\fast-check.js:2503:15)
          at Object.<anonymous> (D:\OpenSource\SnippetBox\frontend\tests\property\SnippetProperty.test.ts:157:7)

    [0m [90m 407 |[39m           console[33m.[39mlog([32m`Generated vector for snippet: ${snippetId}`[39m)[33m;[39m
     [90m 408 |[39m         } [36mcatch[39m (error) {
    [31m[1m>[22m[39m[90m 409 |[39m           console[33m.[39merror([32m`Failed to generate vector for snippet ${snippetId}:`[3
9m[33m,[39m error)[33m;[39m
     [90m     |[39m                   [31m[1m^[22m[39m
     [90m 410 |[39m         }
     [90m 411 |[39m       }
     [90m 412 |[39m     } [36mfinally[39m {[0m

      at SnippetManager.processVectorGenerationQueue (src/main/services/SnippetManager.ts:409:19)

    console.error
      Failed to generate vector for snippet test-snippet-id: TypeError: dbManager.getDb is not a function
          at VectorStore.initialize (D:\OpenSource\SnippetBox\frontend\src\main\services\VectorStore.ts:21:26)
          at VectorStore.addVector (D:\OpenSource\SnippetBox\frontend\src\main\services\VectorStore.ts:27:10)
          at SnippetManager.processVectorGenerationQueue (D:\OpenSource\SnippetBox\frontend\src\main\services\SnippetManager.ts:406:34)
          at SnippetManager.generateVectorForSnippet (D:\OpenSource\SnippetBox\frontend\src\main\services\SnippetManager.ts:388:10)
          at SnippetManager.updateSnippet (D:\OpenSource\SnippetBox\frontend\src\main\services\SnippetManager.ts:223:12)
          at processTicksAndRejections (node:internal/process/task_queues:105:5)
          at D:\OpenSource\SnippetBox\frontend\tests\property\SnippetProperty.test.ts:211:36
          at AsyncProperty.run (D:\OpenSource\SnippetBox\frontend\node_modules\fast-check\lib\cjs\fast-check.js:1208:19)
          at asyncRunIt (D:\OpenSource\SnippetBox\frontend\node_modules\fast-check\lib\cjs\fast-check.js:2503:15)
          at Object.<anonymous> (D:\OpenSource\SnippetBox\frontend\tests\property\SnippetProperty.test.ts:157:7)

    [0m [90m 407 |[39m           console[33m.[39mlog([32m`Generated vector for snippet: ${snippetId}`[39m)[33m;[39m
     [90m 408 |[39m         } [36mcatch[39m (error) {
    [31m[1m>[22m[39m[90m 409 |[39m           console[33m.[39merror([32m`Failed to generate vector for snippet ${snippetId}:`[3
9m[33m,[39m error)[33m;[39m
     [90m     |[39m                   [31m[1m^[22m[39m
     [90m 410 |[39m         }
     [90m 411 |[39m       }
     [90m 412 |[39m     } [36mfinally[39m {[0m

      at SnippetManager.processVectorGenerationQueue (src/main/services/SnippetManager.ts:409:19)

    console.error
      Failed to generate vector for snippet test-snippet-id: TypeError: dbManager.getDb is not a function
          at VectorStore.initialize (D:\OpenSource\SnippetBox\frontend\src\main\services\VectorStore.ts:21:26)
          at VectorStore.addVector (D:\OpenSource\SnippetBox\frontend\src\main\services\VectorStore.ts:27:10)
          at SnippetManager.processVectorGenerationQueue (D:\OpenSource\SnippetBox\frontend\src\main\services\SnippetManager.ts:406:34)
          at SnippetManager.generateVectorForSnippet (D:\OpenSource\SnippetBox\frontend\src\main\services\SnippetManager.ts:388:10)
          at SnippetManager.createSnippet (D:\OpenSource\SnippetBox\frontend\src\main\services\SnippetManager.ts:72:12)
          at processTicksAndRejections (node:internal/process/task_queues:105:5)
          at D:\OpenSource\SnippetBox\frontend\tests\property\SnippetProperty.test.ts:208:36
          at AsyncProperty.run (D:\OpenSource\SnippetBox\frontend\node_modules\fast-check\lib\cjs\fast-check.js:1208:19)
          at asyncRunIt (D:\OpenSource\SnippetBox\frontend\node_modules\fast-check\lib\cjs\fast-check.js:2503:15)
          at Object.<anonymous> (D:\OpenSource\SnippetBox\frontend\tests\property\SnippetProperty.test.ts:157:7)

    [0m [90m 407 |[39m           console[33m.[39mlog([32m`Generated vector for snippet: ${snippetId}`[39m)[33m;[39m
     [90m 408 |[39m         } [36mcatch[39m (error) {
    [31m[1m>[22m[39m[90m 409 |[39m           console[33m.[39merror([32m`Failed to generate vector for snippet ${snippetId}:`[3
9m[33m,[39m error)[33m;[39m
     [90m     |[39m                   [31m[1m^[22m[39m
     [90m 410 |[39m         }
     [90m 411 |[39m       }
     [90m 412 |[39m     } [36mfinally[39m {[0m

      at SnippetManager.processVectorGenerationQueue (src/main/services/SnippetManager.ts:409:19)

    console.error
      Failed to generate vector for snippet test-snippet-id: TypeError: dbManager.getDb is not a function
          at VectorStore.initialize (D:\OpenSource\SnippetBox\frontend\src\main\services\VectorStore.ts:21:26)
          at VectorStore.addVector (D:\OpenSource\SnippetBox\frontend\src\main\services\VectorStore.ts:27:10)
          at SnippetManager.processVectorGenerationQueue (D:\OpenSource\SnippetBox\frontend\src\main\services\SnippetManager.ts:406:34)
          at SnippetManager.generateVectorForSnippet (D:\OpenSource\SnippetBox\frontend\src\main\services\SnippetManager.ts:388:10)
          at SnippetManager.updateSnippet (D:\OpenSource\SnippetBox\frontend\src\main\services\SnippetManager.ts:223:12)
          at processTicksAndRejections (node:internal/process/task_queues:105:5)
          at D:\OpenSource\SnippetBox\frontend\tests\property\SnippetProperty.test.ts:211:36
          at AsyncProperty.run (D:\OpenSource\SnippetBox\frontend\node_modules\fast-check\lib\cjs\fast-check.js:1208:19)
          at asyncRunIt (D:\OpenSource\SnippetBox\frontend\node_modules\fast-check\lib\cjs\fast-check.js:2503:15)
          at Object.<anonymous> (D:\OpenSource\SnippetBox\frontend\tests\property\SnippetProperty.test.ts:157:7)

    [0m [90m 407 |[39m           console[33m.[39mlog([32m`Generated vector for snippet: ${snippetId}`[39m)[33m;[39m
     [90m 408 |[39m         } [36mcatch[39m (error) {
    [31m[1m>[22m[39m[90m 409 |[39m           console[33m.[39merror([32m`Failed to generate vector for snippet ${snippetId}:`[3
9m[33m,[39m error)[33m;[39m
     [90m     |[39m                   [31m[1m^[22m[39m
     [90m 410 |[39m         }
     [90m 411 |[39m       }
     [90m 412 |[39m     } [36mfinally[39m {[0m

      at SnippetManager.processVectorGenerationQueue (src/main/services/SnippetManager.ts:409:19)

    console.error
      Failed to generate vector for snippet test-snippet-id: TypeError: dbManager.getDb is not a function
          at VectorStore.initialize (D:\OpenSource\SnippetBox\frontend\src\main\services\VectorStore.ts:21:26)
          at VectorStore.addVector (D:\OpenSource\SnippetBox\frontend\src\main\services\VectorStore.ts:27:10)
          at SnippetManager.processVectorGenerationQueue (D:\OpenSource\SnippetBox\frontend\src\main\services\SnippetManager.ts:406:34)
          at SnippetManager.generateVectorForSnippet (D:\OpenSource\SnippetBox\frontend\src\main\services\SnippetManager.ts:388:10)
          at SnippetManager.createSnippet (D:\OpenSource\SnippetBox\frontend\src\main\services\SnippetManager.ts:72:12)
          at processTicksAndRejections (node:internal/process/task_queues:105:5)
          at D:\OpenSource\SnippetBox\frontend\tests\property\SnippetProperty.test.ts:208:36
          at AsyncProperty.run (D:\OpenSource\SnippetBox\frontend\node_modules\fast-check\lib\cjs\fast-check.js:1208:19)
          at asyncRunIt (D:\OpenSource\SnippetBox\frontend\node_modules\fast-check\lib\cjs\fast-check.js:2503:15)
          at Object.<anonymous> (D:\OpenSource\SnippetBox\frontend\tests\property\SnippetProperty.test.ts:157:7)

    [0m [90m 407 |[39m           console[33m.[39mlog([32m`Generated vector for snippet: ${snippetId}`[39m)[33m;[39m
     [90m 408 |[39m         } [36mcatch[39m (error) {
    [31m[1m>[22m[39m[90m 409 |[39m           console[33m.[39merror([32m`Failed to generate vector for snippet ${snippetId}:`[3
9m[33m,[39m error)[33m;[39m
     [90m     |[39m                   [31m[1m^[22m[39m
     [90m 410 |[39m         }
     [90m 411 |[39m       }
     [90m 412 |[39m     } [36mfinally[39m {[0m

      at SnippetManager.processVectorGenerationQueue (src/main/services/SnippetManager.ts:409:19)

    console.error
      Failed to generate vector for snippet test-snippet-id: TypeError: dbManager.getDb is not a function
          at VectorStore.initialize (D:\OpenSource\SnippetBox\frontend\src\main\services\VectorStore.ts:21:26)
          at VectorStore.addVector (D:\OpenSource\SnippetBox\frontend\src\main\services\VectorStore.ts:27:10)
          at SnippetManager.processVectorGenerationQueue (D:\OpenSource\SnippetBox\frontend\src\main\services\SnippetManager.ts:406:34)
          at SnippetManager.generateVectorForSnippet (D:\OpenSource\SnippetBox\frontend\src\main\services\SnippetManager.ts:388:10)
          at SnippetManager.updateSnippet (D:\OpenSource\SnippetBox\frontend\src\main\services\SnippetManager.ts:223:12)
          at processTicksAndRejections (node:internal/process/task_queues:105:5)
          at D:\OpenSource\SnippetBox\frontend\tests\property\SnippetProperty.test.ts:211:36
          at AsyncProperty.run (D:\OpenSource\SnippetBox\frontend\node_modules\fast-check\lib\cjs\fast-check.js:1208:19)
          at asyncRunIt (D:\OpenSource\SnippetBox\frontend\node_modules\fast-check\lib\cjs\fast-check.js:2503:15)
          at Object.<anonymous> (D:\OpenSource\SnippetBox\frontend\tests\property\SnippetProperty.test.ts:157:7)

    [0m [90m 407 |[39m           console[33m.[39mlog([32m`Generated vector for snippet: ${snippetId}`[39m)[33m;[39m
     [90m 408 |[39m         } [36mcatch[39m (error) {
    [31m[1m>[22m[39m[90m 409 |[39m           console[33m.[39merror([32m`Failed to generate vector for snippet ${snippetId}:`[3
9m[33m,[39m error)[33m;[39m
     [90m     |[39m                   [31m[1m^[22m[39m
     [90m 410 |[39m         }
     [90m 411 |[39m       }
     [90m 412 |[39m     } [36mfinally[39m {[0m

      at SnippetManager.processVectorGenerationQueue (src/main/services/SnippetManager.ts:409:19)

    console.error
      Failed to generate vector for snippet test-snippet-id: TypeError: dbManager.getDb is not a function
          at VectorStore.initialize (D:\OpenSource\SnippetBox\frontend\src\main\services\VectorStore.ts:21:26)
          at VectorStore.addVector (D:\OpenSource\SnippetBox\frontend\src\main\services\VectorStore.ts:27:10)
          at SnippetManager.processVectorGenerationQueue (D:\OpenSource\SnippetBox\frontend\src\main\services\SnippetManager.ts:406:34)
          at SnippetManager.generateVectorForSnippet (D:\OpenSource\SnippetBox\frontend\src\main\services\SnippetManager.ts:388:10)
          at SnippetManager.createSnippet (D:\OpenSource\SnippetBox\frontend\src\main\services\SnippetManager.ts:72:12)
          at processTicksAndRejections (node:internal/process/task_queues:105:5)
          at D:\OpenSource\SnippetBox\frontend\tests\property\SnippetProperty.test.ts:208:36
          at AsyncProperty.run (D:\OpenSource\SnippetBox\frontend\node_modules\fast-check\lib\cjs\fast-check.js:1208:19)
          at asyncRunIt (D:\OpenSource\SnippetBox\frontend\node_modules\fast-check\lib\cjs\fast-check.js:2503:15)
          at Object.<anonymous> (D:\OpenSource\SnippetBox\frontend\tests\property\SnippetProperty.test.ts:157:7)

    [0m [90m 407 |[39m           console[33m.[39mlog([32m`Generated vector for snippet: ${snippetId}`[39m)[33m;[39m
     [90m 408 |[39m         } [36mcatch[39m (error) {
    [31m[1m>[22m[39m[90m 409 |[39m           console[33m.[39merror([32m`Failed to generate vector for snippet ${snippetId}:`[3
9m[33m,[39m error)[33m;[39m
     [90m     |[39m                   [31m[1m^[22m[39m
     [90m 410 |[39m         }
     [90m 411 |[39m       }
     [90m 412 |[39m     } [36mfinally[39m {[0m

      at SnippetManager.processVectorGenerationQueue (src/main/services/SnippetManager.ts:409:19)

    console.error
      Failed to generate vector for snippet test-snippet-id: TypeError: dbManager.getDb is not a function
          at VectorStore.initialize (D:\OpenSource\SnippetBox\frontend\src\main\services\VectorStore.ts:21:26)
          at VectorStore.addVector (D:\OpenSource\SnippetBox\frontend\src\main\services\VectorStore.ts:27:10)
          at SnippetManager.processVectorGenerationQueue (D:\OpenSource\SnippetBox\frontend\src\main\services\SnippetManager.ts:406:34)
          at SnippetManager.generateVectorForSnippet (D:\OpenSource\SnippetBox\frontend\src\main\services\SnippetManager.ts:388:10)
          at SnippetManager.updateSnippet (D:\OpenSource\SnippetBox\frontend\src\main\services\SnippetManager.ts:223:12)
          at processTicksAndRejections (node:internal/process/task_queues:105:5)
          at D:\OpenSource\SnippetBox\frontend\tests\property\SnippetProperty.test.ts:211:36
          at AsyncProperty.run (D:\OpenSource\SnippetBox\frontend\node_modules\fast-check\lib\cjs\fast-check.js:1208:19)
          at asyncRunIt (D:\OpenSource\SnippetBox\frontend\node_modules\fast-check\lib\cjs\fast-check.js:2503:15)
          at Object.<anonymous> (D:\OpenSource\SnippetBox\frontend\tests\property\SnippetProperty.test.ts:157:7)

    [0m [90m 407 |[39m           console[33m.[39mlog([32m`Generated vector for snippet: ${snippetId}`[39m)[33m;[39m
     [90m 408 |[39m         } [36mcatch[39m (error) {
    [31m[1m>[22m[39m[90m 409 |[39m           console[33m.[39merror([32m`Failed to generate vector for snippet ${snippetId}:`[3
9m[33m,[39m error)[33m;[39m
     [90m     |[39m                   [31m[1m^[22m[39m
     [90m 410 |[39m         }
     [90m 411 |[39m       }
     [90m 412 |[39m     } [36mfinally[39m {[0m

      at SnippetManager.processVectorGenerationQueue (src/main/services/SnippetManager.ts:409:19)

    console.error
      Failed to generate vector for snippet test-snippet-id: TypeError: dbManager.getDb is not a function
          at VectorStore.initialize (D:\OpenSource\SnippetBox\frontend\src\main\services\VectorStore.ts:21:26)
          at VectorStore.addVector (D:\OpenSource\SnippetBox\frontend\src\main\services\VectorStore.ts:27:10)
          at SnippetManager.processVectorGenerationQueue (D:\OpenSource\SnippetBox\frontend\src\main\services\SnippetManager.ts:406:34)
          at SnippetManager.generateVectorForSnippet (D:\OpenSource\SnippetBox\frontend\src\main\services\SnippetManager.ts:388:10)
          at SnippetManager.createSnippet (D:\OpenSource\SnippetBox\frontend\src\main\services\SnippetManager.ts:72:12)
          at processTicksAndRejections (node:internal/process/task_queues:105:5)
          at D:\OpenSource\SnippetBox\frontend\tests\property\SnippetProperty.test.ts:208:36
          at AsyncProperty.run (D:\OpenSource\SnippetBox\frontend\node_modules\fast-check\lib\cjs\fast-check.js:1208:19)
          at asyncRunIt (D:\OpenSource\SnippetBox\frontend\node_modules\fast-check\lib\cjs\fast-check.js:2503:15)
          at Object.<anonymous> (D:\OpenSource\SnippetBox\frontend\tests\property\SnippetProperty.test.ts:157:7)

    [0m [90m 407 |[39m           console[33m.[39mlog([32m`Generated vector for snippet: ${snippetId}`[39m)[33m;[39m
     [90m 408 |[39m         } [36mcatch[39m (error) {
    [31m[1m>[22m[39m[90m 409 |[39m           console[33m.[39merror([32m`Failed to generate vector for snippet ${snippetId}:`[3
9m[33m,[39m error)[33m;[39m
     [90m     |[39m                   [31m[1m^[22m[39m
     [90m 410 |[39m         }
     [90m 411 |[39m       }
     [90m 412 |[39m     } [36mfinally[39m {[0m

      at SnippetManager.processVectorGenerationQueue (src/main/services/SnippetManager.ts:409:19)

    console.error
      Failed to generate vector for snippet test-snippet-id: TypeError: dbManager.getDb is not a function
          at VectorStore.initialize (D:\OpenSource\SnippetBox\frontend\src\main\services\VectorStore.ts:21:26)
          at VectorStore.addVector (D:\OpenSource\SnippetBox\frontend\src\main\services\VectorStore.ts:27:10)
          at SnippetManager.processVectorGenerationQueue (D:\OpenSource\SnippetBox\frontend\src\main\services\SnippetManager.ts:406:34)
          at SnippetManager.generateVectorForSnippet (D:\OpenSource\SnippetBox\frontend\src\main\services\SnippetManager.ts:388:10)
          at SnippetManager.updateSnippet (D:\OpenSource\SnippetBox\frontend\src\main\services\SnippetManager.ts:223:12)
          at processTicksAndRejections (node:internal/process/task_queues:105:5)
          at D:\OpenSource\SnippetBox\frontend\tests\property\SnippetProperty.test.ts:211:36
          at AsyncProperty.run (D:\OpenSource\SnippetBox\frontend\node_modules\fast-check\lib\cjs\fast-check.js:1208:19)
          at asyncRunIt (D:\OpenSource\SnippetBox\frontend\node_modules\fast-check\lib\cjs\fast-check.js:2503:15)
          at Object.<anonymous> (D:\OpenSource\SnippetBox\frontend\tests\property\SnippetProperty.test.ts:157:7)

    [0m [90m 407 |[39m           console[33m.[39mlog([32m`Generated vector for snippet: ${snippetId}`[39m)[33m;[39m
     [90m 408 |[39m         } [36mcatch[39m (error) {
    [31m[1m>[22m[39m[90m 409 |[39m           console[33m.[39merror([32m`Failed to generate vector for snippet ${snippetId}:`[3
9m[33m,[39m error)[33m;[39m
     [90m     |[39m                   [31m[1m^[22m[39m
     [90m 410 |[39m         }
     [90m 411 |[39m       }
     [90m 412 |[39m     } [36mfinally[39m {[0m

      at SnippetManager.processVectorGenerationQueue (src/main/services/SnippetManager.ts:409:19)

    console.error
      Failed to generate vector for snippet test-snippet-id: TypeError: dbManager.getDb is not a function
          at VectorStore.initialize (D:\OpenSource\SnippetBox\frontend\src\main\services\VectorStore.ts:21:26)
          at VectorStore.addVector (D:\OpenSource\SnippetBox\frontend\src\main\services\VectorStore.ts:27:10)
          at SnippetManager.processVectorGenerationQueue (D:\OpenSource\SnippetBox\frontend\src\main\services\SnippetManager.ts:406:34)
          at SnippetManager.generateVectorForSnippet (D:\OpenSource\SnippetBox\frontend\src\main\services\SnippetManager.ts:388:10)
          at SnippetManager.createSnippet (D:\OpenSource\SnippetBox\frontend\src\main\services\SnippetManager.ts:72:12)
          at processTicksAndRejections (node:internal/process/task_queues:105:5)
          at D:\OpenSource\SnippetBox\frontend\tests\property\SnippetProperty.test.ts:208:36
          at AsyncProperty.run (D:\OpenSource\SnippetBox\frontend\node_modules\fast-check\lib\cjs\fast-check.js:1208:19)
          at asyncRunIt (D:\OpenSource\SnippetBox\frontend\node_modules\fast-check\lib\cjs\fast-check.js:2503:15)
          at Object.<anonymous> (D:\OpenSource\SnippetBox\frontend\tests\property\SnippetProperty.test.ts:157:7)

    [0m [90m 407 |[39m           console[33m.[39mlog([32m`Generated vector for snippet: ${snippetId}`[39m)[33m;[39m
     [90m 408 |[39m         } [36mcatch[39m (error) {
    [31m[1m>[22m[39m[90m 409 |[39m           console[33m.[39merror([32m`Failed to generate vector for snippet ${snippetId}:`[3
9m[33m,[39m error)[33m;[39m
     [90m     |[39m                   [31m[1m^[22m[39m
     [90m 410 |[39m         }
     [90m 411 |[39m       }
     [90m 412 |[39m     } [36mfinally[39m {[0m

      at SnippetManager.processVectorGenerationQueue (src/main/services/SnippetManager.ts:409:19)

    console.error
      Failed to generate vector for snippet test-snippet-id: TypeError: dbManager.getDb is not a function
          at VectorStore.initialize (D:\OpenSource\SnippetBox\frontend\src\main\services\VectorStore.ts:21:26)
          at VectorStore.addVector (D:\OpenSource\SnippetBox\frontend\src\main\services\VectorStore.ts:27:10)
          at SnippetManager.processVectorGenerationQueue (D:\OpenSource\SnippetBox\frontend\src\main\services\SnippetManager.ts:406:34)
          at SnippetManager.generateVectorForSnippet (D:\OpenSource\SnippetBox\frontend\src\main\services\SnippetManager.ts:388:10)
          at SnippetManager.updateSnippet (D:\OpenSource\SnippetBox\frontend\src\main\services\SnippetManager.ts:223:12)
          at processTicksAndRejections (node:internal/process/task_queues:105:5)
          at D:\OpenSource\SnippetBox\frontend\tests\property\SnippetProperty.test.ts:211:36
          at AsyncProperty.run (D:\OpenSource\SnippetBox\frontend\node_modules\fast-check\lib\cjs\fast-check.js:1208:19)
          at asyncRunIt (D:\OpenSource\SnippetBox\frontend\node_modules\fast-check\lib\cjs\fast-check.js:2503:15)
          at Object.<anonymous> (D:\OpenSource\SnippetBox\frontend\tests\property\SnippetProperty.test.ts:157:7)

    [0m [90m 407 |[39m           console[33m.[39mlog([32m`Generated vector for snippet: ${snippetId}`[39m)[33m;[39m
     [90m 408 |[39m         } [36mcatch[39m (error) {
    [31m[1m>[22m[39m[90m 409 |[39m           console[33m.[39merror([32m`Failed to generate vector for snippet ${snippetId}:`[3
9m[33m,[39m error)[33m;[39m
     [90m     |[39m                   [31m[1m^[22m[39m
     [90m 410 |[39m         }
     [90m 411 |[39m       }
     [90m 412 |[39m     } [36mfinally[39m {[0m

      at SnippetManager.processVectorGenerationQueue (src/main/services/SnippetManager.ts:409:19)

    console.error
      Failed to generate vector for snippet test-snippet-id: TypeError: dbManager.getDb is not a function
          at VectorStore.initialize (D:\OpenSource\SnippetBox\frontend\src\main\services\VectorStore.ts:21:26)
          at VectorStore.addVector (D:\OpenSource\SnippetBox\frontend\src\main\services\VectorStore.ts:27:10)
          at SnippetManager.processVectorGenerationQueue (D:\OpenSource\SnippetBox\frontend\src\main\services\SnippetManager.ts:406:34)
          at SnippetManager.generateVectorForSnippet (D:\OpenSource\SnippetBox\frontend\src\main\services\SnippetManager.ts:388:10)
          at SnippetManager.createSnippet (D:\OpenSource\SnippetBox\frontend\src\main\services\SnippetManager.ts:72:12)
          at processTicksAndRejections (node:internal/process/task_queues:105:5)
          at D:\OpenSource\SnippetBox\frontend\tests\property\SnippetProperty.test.ts:208:36
          at AsyncProperty.run (D:\OpenSource\SnippetBox\frontend\node_modules\fast-check\lib\cjs\fast-check.js:1208:19)
          at asyncRunIt (D:\OpenSource\SnippetBox\frontend\node_modules\fast-check\lib\cjs\fast-check.js:2503:15)
          at Object.<anonymous> (D:\OpenSource\SnippetBox\frontend\tests\property\SnippetProperty.test.ts:157:7)

    [0m [90m 407 |[39m           console[33m.[39mlog([32m`Generated vector for snippet: ${snippetId}`[39m)[33m;[39m
     [90m 408 |[39m         } [36mcatch[39m (error) {
    [31m[1m>[22m[39m[90m 409 |[39m           console[33m.[39merror([32m`Failed to generate vector for snippet ${snippetId}:`[3
9m[33m,[39m error)[33m;[39m
     [90m     |[39m                   [31m[1m^[22m[39m
     [90m 410 |[39m         }
     [90m 411 |[39m       }
     [90m 412 |[39m     } [36mfinally[39m {[0m

      at SnippetManager.processVectorGenerationQueue (src/main/services/SnippetManager.ts:409:19)

    console.error
      Failed to generate vector for snippet test-snippet-id: TypeError: dbManager.getDb is not a function
          at VectorStore.initialize (D:\OpenSource\SnippetBox\frontend\src\main\services\VectorStore.ts:21:26)
          at VectorStore.addVector (D:\OpenSource\SnippetBox\frontend\src\main\services\VectorStore.ts:27:10)
          at SnippetManager.processVectorGenerationQueue (D:\OpenSource\SnippetBox\frontend\src\main\services\SnippetManager.ts:406:34)
          at SnippetManager.generateVectorForSnippet (D:\OpenSource\SnippetBox\frontend\src\main\services\SnippetManager.ts:388:10)
          at SnippetManager.updateSnippet (D:\OpenSource\SnippetBox\frontend\src\main\services\SnippetManager.ts:223:12)
          at processTicksAndRejections (node:internal/process/task_queues:105:5)
          at D:\OpenSource\SnippetBox\frontend\tests\property\SnippetProperty.test.ts:211:36
          at AsyncProperty.run (D:\OpenSource\SnippetBox\frontend\node_modules\fast-check\lib\cjs\fast-check.js:1208:19)
          at asyncRunIt (D:\OpenSource\SnippetBox\frontend\node_modules\fast-check\lib\cjs\fast-check.js:2503:15)
          at Object.<anonymous> (D:\OpenSource\SnippetBox\frontend\tests\property\SnippetProperty.test.ts:157:7)

    [0m [90m 407 |[39m           console[33m.[39mlog([32m`Generated vector for snippet: ${snippetId}`[39m)[33m;[39m
     [90m 408 |[39m         } [36mcatch[39m (error) {
    [31m[1m>[22m[39m[90m 409 |[39m           console[33m.[39merror([32m`Failed to generate vector for snippet ${snippetId}:`[3
9m[33m,[39m error)[33m;[39m
     [90m     |[39m                   [31m[1m^[22m[39m
     [90m 410 |[39m         }
     [90m 411 |[39m       }
     [90m 412 |[39m     } [36mfinally[39m {[0m

      at SnippetManager.processVectorGenerationQueue (src/main/services/SnippetManager.ts:409:19)

    console.error
      Failed to generate vector for snippet test-snippet-id: TypeError: dbManager.getDb is not a function
          at VectorStore.initialize (D:\OpenSource\SnippetBox\frontend\src\main\services\VectorStore.ts:21:26)
          at VectorStore.addVector (D:\OpenSource\SnippetBox\frontend\src\main\services\VectorStore.ts:27:10)
          at SnippetManager.processVectorGenerationQueue (D:\OpenSource\SnippetBox\frontend\src\main\services\SnippetManager.ts:406:34)
          at SnippetManager.generateVectorForSnippet (D:\OpenSource\SnippetBox\frontend\src\main\services\SnippetManager.ts:388:10)
          at SnippetManager.createSnippet (D:\OpenSource\SnippetBox\frontend\src\main\services\SnippetManager.ts:72:12)
          at processTicksAndRejections (node:internal/process/task_queues:105:5)
          at D:\OpenSource\SnippetBox\frontend\tests\property\SnippetProperty.test.ts:208:36
          at AsyncProperty.run (D:\OpenSource\SnippetBox\frontend\node_modules\fast-check\lib\cjs\fast-check.js:1208:19)
          at asyncRunIt (D:\OpenSource\SnippetBox\frontend\node_modules\fast-check\lib\cjs\fast-check.js:2503:15)
          at Object.<anonymous> (D:\OpenSource\SnippetBox\frontend\tests\property\SnippetProperty.test.ts:157:7)

    [0m [90m 407 |[39m           console[33m.[39mlog([32m`Generated vector for snippet: ${snippetId}`[39m)[33m;[39m
     [90m 408 |[39m         } [36mcatch[39m (error) {
    [31m[1m>[22m[39m[90m 409 |[39m           console[33m.[39merror([32m`Failed to generate vector for snippet ${snippetId}:`[3
9m[33m,[39m error)[33m;[39m
     [90m     |[39m                   [31m[1m^[22m[39m
     [90m 410 |[39m         }
     [90m 411 |[39m       }
     [90m 412 |[39m     } [36mfinally[39m {[0m

      at SnippetManager.processVectorGenerationQueue (src/main/services/SnippetManager.ts:409:19)

    console.error
      Failed to generate vector for snippet test-snippet-id: TypeError: dbManager.getDb is not a function
          at VectorStore.initialize (D:\OpenSource\SnippetBox\frontend\src\main\services\VectorStore.ts:21:26)
          at VectorStore.addVector (D:\OpenSource\SnippetBox\frontend\src\main\services\VectorStore.ts:27:10)
          at SnippetManager.processVectorGenerationQueue (D:\OpenSource\SnippetBox\frontend\src\main\services\SnippetManager.ts:406:34)
          at SnippetManager.generateVectorForSnippet (D:\OpenSource\SnippetBox\frontend\src\main\services\SnippetManager.ts:388:10)
          at SnippetManager.updateSnippet (D:\OpenSource\SnippetBox\frontend\src\main\services\SnippetManager.ts:223:12)
          at processTicksAndRejections (node:internal/process/task_queues:105:5)
          at D:\OpenSource\SnippetBox\frontend\tests\property\SnippetProperty.test.ts:211:36
          at AsyncProperty.run (D:\OpenSource\SnippetBox\frontend\node_modules\fast-check\lib\cjs\fast-check.js:1208:19)
          at asyncRunIt (D:\OpenSource\SnippetBox\frontend\node_modules\fast-check\lib\cjs\fast-check.js:2503:15)
          at Object.<anonymous> (D:\OpenSource\SnippetBox\frontend\tests\property\SnippetProperty.test.ts:157:7)

    [0m [90m 407 |[39m           console[33m.[39mlog([32m`Generated vector for snippet: ${snippetId}`[39m)[33m;[39m
     [90m 408 |[39m         } [36mcatch[39m (error) {
    [31m[1m>[22m[39m[90m 409 |[39m           console[33m.[39merror([32m`Failed to generate vector for snippet ${snippetId}:`[3
9m[33m,[39m error)[33m;[39m
     [90m     |[39m                   [31m[1m^[22m[39m
     [90m 410 |[39m         }
     [90m 411 |[39m       }
     [90m 412 |[39m     } [36mfinally[39m {[0m

      at SnippetManager.processVectorGenerationQueue (src/main/services/SnippetManager.ts:409:19)

    console.error
      Failed to generate vector for snippet test-snippet-id: TypeError: dbManager.getDb is not a function
          at VectorStore.initialize (D:\OpenSource\SnippetBox\frontend\src\main\services\VectorStore.ts:21:26)
          at VectorStore.addVector (D:\OpenSource\SnippetBox\frontend\src\main\services\VectorStore.ts:27:10)
          at SnippetManager.processVectorGenerationQueue (D:\OpenSource\SnippetBox\frontend\src\main\services\SnippetManager.ts:406:34)
          at SnippetManager.generateVectorForSnippet (D:\OpenSource\SnippetBox\frontend\src\main\services\SnippetManager.ts:388:10)
          at SnippetManager.createSnippet (D:\OpenSource\SnippetBox\frontend\src\main\services\SnippetManager.ts:72:12)
          at processTicksAndRejections (node:internal/process/task_queues:105:5)
          at D:\OpenSource\SnippetBox\frontend\tests\property\SnippetProperty.test.ts:208:36
          at AsyncProperty.run (D:\OpenSource\SnippetBox\frontend\node_modules\fast-check\lib\cjs\fast-check.js:1208:19)
          at asyncRunIt (D:\OpenSource\SnippetBox\frontend\node_modules\fast-check\lib\cjs\fast-check.js:2503:15)
          at Object.<anonymous> (D:\OpenSource\SnippetBox\frontend\tests\property\SnippetProperty.test.ts:157:7)

    [0m [90m 407 |[39m           console[33m.[39mlog([32m`Generated vector for snippet: ${snippetId}`[39m)[33m;[39m
     [90m 408 |[39m         } [36mcatch[39m (error) {
    [31m[1m>[22m[39m[90m 409 |[39m           console[33m.[39merror([32m`Failed to generate vector for snippet ${snippetId}:`[3
9m[33m,[39m error)[33m;[39m
     [90m     |[39m                   [31m[1m^[22m[39m
     [90m 410 |[39m         }
     [90m 411 |[39m       }
     [90m 412 |[39m     } [36mfinally[39m {[0m

      at SnippetManager.processVectorGenerationQueue (src/main/services/SnippetManager.ts:409:19)

    console.error
      Failed to generate vector for snippet test-snippet-id: TypeError: dbManager.getDb is not a function
          at VectorStore.initialize (D:\OpenSource\SnippetBox\frontend\src\main\services\VectorStore.ts:21:26)
          at VectorStore.addVector (D:\OpenSource\SnippetBox\frontend\src\main\services\VectorStore.ts:27:10)
          at SnippetManager.processVectorGenerationQueue (D:\OpenSource\SnippetBox\frontend\src\main\services\SnippetManager.ts:406:34)
          at SnippetManager.generateVectorForSnippet (D:\OpenSource\SnippetBox\frontend\src\main\services\SnippetManager.ts:388:10)
          at SnippetManager.updateSnippet (D:\OpenSource\SnippetBox\frontend\src\main\services\SnippetManager.ts:223:12)
          at processTicksAndRejections (node:internal/process/task_queues:105:5)
          at D:\OpenSource\SnippetBox\frontend\tests\property\SnippetProperty.test.ts:211:36
          at AsyncProperty.run (D:\OpenSource\SnippetBox\frontend\node_modules\fast-check\lib\cjs\fast-check.js:1208:19)
          at asyncRunIt (D:\OpenSource\SnippetBox\frontend\node_modules\fast-check\lib\cjs\fast-check.js:2503:15)
          at Object.<anonymous> (D:\OpenSource\SnippetBox\frontend\tests\property\SnippetProperty.test.ts:157:7)

    [0m [90m 407 |[39m           console[33m.[39mlog([32m`Generated vector for snippet: ${snippetId}`[39m)[33m;[39m
     [90m 408 |[39m         } [36mcatch[39m (error) {
    [31m[1m>[22m[39m[90m 409 |[39m           console[33m.[39merror([32m`Failed to generate vector for snippet ${snippetId}:`[3
9m[33m,[39m error)[33m;[39m
     [90m     |[39m                   [31m[1m^[22m[39m
     [90m 410 |[39m         }
     [90m 411 |[39m       }
     [90m 412 |[39m     } [36mfinally[39m {[0m

      at SnippetManager.processVectorGenerationQueue (src/main/services/SnippetManager.ts:409:19)

    console.error
      Failed to generate vector for snippet test-snippet-id: TypeError: dbManager.getDb is not a function
          at VectorStore.initialize (D:\OpenSource\SnippetBox\frontend\src\main\services\VectorStore.ts:21:26)
          at VectorStore.addVector (D:\OpenSource\SnippetBox\frontend\src\main\services\VectorStore.ts:27:10)
          at SnippetManager.processVectorGenerationQueue (D:\OpenSource\SnippetBox\frontend\src\main\services\SnippetManager.ts:406:34)
          at SnippetManager.generateVectorForSnippet (D:\OpenSource\SnippetBox\frontend\src\main\services\SnippetManager.ts:388:10)
          at SnippetManager.createSnippet (D:\OpenSource\SnippetBox\frontend\src\main\services\SnippetManager.ts:72:12)
          at processTicksAndRejections (node:internal/process/task_queues:105:5)
          at D:\OpenSource\SnippetBox\frontend\tests\property\SnippetProperty.test.ts:208:36
          at AsyncProperty.run (D:\OpenSource\SnippetBox\frontend\node_modules\fast-check\lib\cjs\fast-check.js:1208:19)
          at asyncRunIt (D:\OpenSource\SnippetBox\frontend\node_modules\fast-check\lib\cjs\fast-check.js:2503:15)
          at Object.<anonymous> (D:\OpenSource\SnippetBox\frontend\tests\property\SnippetProperty.test.ts:157:7)

    [0m [90m 407 |[39m           console[33m.[39mlog([32m`Generated vector for snippet: ${snippetId}`[39m)[33m;[39m
     [90m 408 |[39m         } [36mcatch[39m (error) {
    [31m[1m>[22m[39m[90m 409 |[39m           console[33m.[39merror([32m`Failed to generate vector for snippet ${snippetId}:`[3
9m[33m,[39m error)[33m;[39m
     [90m     |[39m                   [31m[1m^[22m[39m
     [90m 410 |[39m         }
     [90m 411 |[39m       }
     [90m 412 |[39m     } [36mfinally[39m {[0m

      at SnippetManager.processVectorGenerationQueue (src/main/services/SnippetManager.ts:409:19)

    console.error
      Failed to generate vector for snippet test-snippet-id: TypeError: dbManager.getDb is not a function
          at VectorStore.initialize (D:\OpenSource\SnippetBox\frontend\src\main\services\VectorStore.ts:21:26)
          at VectorStore.addVector (D:\OpenSource\SnippetBox\frontend\src\main\services\VectorStore.ts:27:10)
          at SnippetManager.processVectorGenerationQueue (D:\OpenSource\SnippetBox\frontend\src\main\services\SnippetManager.ts:406:34)
          at SnippetManager.generateVectorForSnippet (D:\OpenSource\SnippetBox\frontend\src\main\services\SnippetManager.ts:388:10)
          at SnippetManager.updateSnippet (D:\OpenSource\SnippetBox\frontend\src\main\services\SnippetManager.ts:223:12)
          at processTicksAndRejections (node:internal/process/task_queues:105:5)
          at D:\OpenSource\SnippetBox\frontend\tests\property\SnippetProperty.test.ts:211:36
          at AsyncProperty.run (D:\OpenSource\SnippetBox\frontend\node_modules\fast-check\lib\cjs\fast-check.js:1208:19)
          at asyncRunIt (D:\OpenSource\SnippetBox\frontend\node_modules\fast-check\lib\cjs\fast-check.js:2503:15)
          at Object.<anonymous> (D:\OpenSource\SnippetBox\frontend\tests\property\SnippetProperty.test.ts:157:7)

    [0m [90m 407 |[39m           console[33m.[39mlog([32m`Generated vector for snippet: ${snippetId}`[39m)[33m;[39m
     [90m 408 |[39m         } [36mcatch[39m (error) {
    [31m[1m>[22m[39m[90m 409 |[39m           console[33m.[39merror([32m`Failed to generate vector for snippet ${snippetId}:`[3
9m[33m,[39m error)[33m;[39m
     [90m     |[39m                   [31m[1m^[22m[39m
     [90m 410 |[39m         }
     [90m 411 |[39m       }
     [90m 412 |[39m     } [36mfinally[39m {[0m

      at SnippetManager.processVectorGenerationQueue (src/main/services/SnippetManager.ts:409:19)

    console.error
      Failed to generate vector for snippet test-snippet-id: TypeError: dbManager.getDb is not a function
          at VectorStore.initialize (D:\OpenSource\SnippetBox\frontend\src\main\services\VectorStore.ts:21:26)
          at VectorStore.addVector (D:\OpenSource\SnippetBox\frontend\src\main\services\VectorStore.ts:27:10)
          at SnippetManager.processVectorGenerationQueue (D:\OpenSource\SnippetBox\frontend\src\main\services\SnippetManager.ts:406:34)
          at SnippetManager.generateVectorForSnippet (D:\OpenSource\SnippetBox\frontend\src\main\services\SnippetManager.ts:388:10)
          at SnippetManager.createSnippet (D:\OpenSource\SnippetBox\frontend\src\main\services\SnippetManager.ts:72:12)
          at processTicksAndRejections (node:internal/process/task_queues:105:5)
          at D:\OpenSource\SnippetBox\frontend\tests\property\SnippetProperty.test.ts:208:36
          at AsyncProperty.run (D:\OpenSource\SnippetBox\frontend\node_modules\fast-check\lib\cjs\fast-check.js:1208:19)
          at asyncRunIt (D:\OpenSource\SnippetBox\frontend\node_modules\fast-check\lib\cjs\fast-check.js:2503:15)
          at Object.<anonymous> (D:\OpenSource\SnippetBox\frontend\tests\property\SnippetProperty.test.ts:157:7)

    [0m [90m 407 |[39m           console[33m.[39mlog([32m`Generated vector for snippet: ${snippetId}`[39m)[33m;[39m
     [90m 408 |[39m         } [36mcatch[39m (error) {
    [31m[1m>[22m[39m[90m 409 |[39m           console[33m.[39merror([32m`Failed to generate vector for snippet ${snippetId}:`[3
9m[33m,[39m error)[33m;[39m
     [90m     |[39m                   [31m[1m^[22m[39m
     [90m 410 |[39m         }
     [90m 411 |[39m       }
     [90m 412 |[39m     } [36mfinally[39m {[0m

      at SnippetManager.processVectorGenerationQueue (src/main/services/SnippetManager.ts:409:19)

    console.error
      Failed to generate vector for snippet test-snippet-id: TypeError: dbManager.getDb is not a function
          at VectorStore.initialize (D:\OpenSource\SnippetBox\frontend\src\main\services\VectorStore.ts:21:26)
          at VectorStore.addVector (D:\OpenSource\SnippetBox\frontend\src\main\services\VectorStore.ts:27:10)
          at SnippetManager.processVectorGenerationQueue (D:\OpenSource\SnippetBox\frontend\src\main\services\SnippetManager.ts:406:34)
          at SnippetManager.generateVectorForSnippet (D:\OpenSource\SnippetBox\frontend\src\main\services\SnippetManager.ts:388:10)
          at SnippetManager.updateSnippet (D:\OpenSource\SnippetBox\frontend\src\main\services\SnippetManager.ts:223:12)
          at processTicksAndRejections (node:internal/process/task_queues:105:5)
          at D:\OpenSource\SnippetBox\frontend\tests\property\SnippetProperty.test.ts:211:36
          at AsyncProperty.run (D:\OpenSource\SnippetBox\frontend\node_modules\fast-check\lib\cjs\fast-check.js:1208:19)
          at asyncRunIt (D:\OpenSource\SnippetBox\frontend\node_modules\fast-check\lib\cjs\fast-check.js:2503:15)
          at Object.<anonymous> (D:\OpenSource\SnippetBox\frontend\tests\property\SnippetProperty.test.ts:157:7)

    [0m [90m 407 |[39m           console[33m.[39mlog([32m`Generated vector for snippet: ${snippetId}`[39m)[33m;[39m
     [90m 408 |[39m         } [36mcatch[39m (error) {
    [31m[1m>[22m[39m[90m 409 |[39m           console[33m.[39merror([32m`Failed to generate vector for snippet ${snippetId}:`[3
9m[33m,[39m error)[33m;[39m
     [90m     |[39m                   [31m[1m^[22m[39m
     [90m 410 |[39m         }
     [90m 411 |[39m       }
     [90m 412 |[39m     } [36mfinally[39m {[0m

      at SnippetManager.processVectorGenerationQueue (src/main/services/SnippetManager.ts:409:19)

    console.error
      Failed to generate vector for snippet test-snippet-id: TypeError: dbManager.getDb is not a function
          at VectorStore.initialize (D:\OpenSource\SnippetBox\frontend\src\main\services\VectorStore.ts:21:26)
          at VectorStore.addVector (D:\OpenSource\SnippetBox\frontend\src\main\services\VectorStore.ts:27:10)
          at SnippetManager.processVectorGenerationQueue (D:\OpenSource\SnippetBox\frontend\src\main\services\SnippetManager.ts:406:34)
          at SnippetManager.generateVectorForSnippet (D:\OpenSource\SnippetBox\frontend\src\main\services\SnippetManager.ts:388:10)
          at SnippetManager.createSnippet (D:\OpenSource\SnippetBox\frontend\src\main\services\SnippetManager.ts:72:12)
          at processTicksAndRejections (node:internal/process/task_queues:105:5)
          at D:\OpenSource\SnippetBox\frontend\tests\property\SnippetProperty.test.ts:208:36
          at AsyncProperty.run (D:\OpenSource\SnippetBox\frontend\node_modules\fast-check\lib\cjs\fast-check.js:1208:19)
          at asyncRunIt (D:\OpenSource\SnippetBox\frontend\node_modules\fast-check\lib\cjs\fast-check.js:2503:15)
          at Object.<anonymous> (D:\OpenSource\SnippetBox\frontend\tests\property\SnippetProperty.test.ts:157:7)

    [0m [90m 407 |[39m           console[33m.[39mlog([32m`Generated vector for snippet: ${snippetId}`[39m)[33m;[39m
     [90m 408 |[39m         } [36mcatch[39m (error) {
    [31m[1m>[22m[39m[90m 409 |[39m           console[33m.[39merror([32m`Failed to generate vector for snippet ${snippetId}:`[3
9m[33m,[39m error)[33m;[39m
     [90m     |[39m                   [31m[1m^[22m[39m
     [90m 410 |[39m         }
     [90m 411 |[39m       }
     [90m 412 |[39m     } [36mfinally[39m {[0m

      at SnippetManager.processVectorGenerationQueue (src/main/services/SnippetManager.ts:409:19)

    console.error
      Failed to generate vector for snippet test-snippet-id: TypeError: dbManager.getDb is not a function
          at VectorStore.initialize (D:\OpenSource\SnippetBox\frontend\src\main\services\VectorStore.ts:21:26)
          at VectorStore.addVector (D:\OpenSource\SnippetBox\frontend\src\main\services\VectorStore.ts:27:10)
          at SnippetManager.processVectorGenerationQueue (D:\OpenSource\SnippetBox\frontend\src\main\services\SnippetManager.ts:406:34)
          at SnippetManager.generateVectorForSnippet (D:\OpenSource\SnippetBox\frontend\src\main\services\SnippetManager.ts:388:10)
          at SnippetManager.updateSnippet (D:\OpenSource\SnippetBox\frontend\src\main\services\SnippetManager.ts:223:12)
          at processTicksAndRejections (node:internal/process/task_queues:105:5)
          at D:\OpenSource\SnippetBox\frontend\tests\property\SnippetProperty.test.ts:211:36
          at AsyncProperty.run (D:\OpenSource\SnippetBox\frontend\node_modules\fast-check\lib\cjs\fast-check.js:1208:19)
          at asyncRunIt (D:\OpenSource\SnippetBox\frontend\node_modules\fast-check\lib\cjs\fast-check.js:2503:15)
          at Object.<anonymous> (D:\OpenSource\SnippetBox\frontend\tests\property\SnippetProperty.test.ts:157:7)

    [0m [90m 407 |[39m           console[33m.[39mlog([32m`Generated vector for snippet: ${snippetId}`[39m)[33m;[39m
     [90m 408 |[39m         } [36mcatch[39m (error) {
    [31m[1m>[22m[39m[90m 409 |[39m           console[33m.[39merror([32m`Failed to generate vector for snippet ${snippetId}:`[3
9m[33m,[39m error)[33m;[39m
     [90m     |[39m                   [31m[1m^[22m[39m
     [90m 410 |[39m         }
     [90m 411 |[39m       }
     [90m 412 |[39m     } [36mfinally[39m {[0m

      at SnippetManager.processVectorGenerationQueue (src/main/services/SnippetManager.ts:409:19)

    console.error
      Failed to generate vector for snippet test-snippet-id: TypeError: dbManager.getDb is not a function
          at VectorStore.initialize (D:\OpenSource\SnippetBox\frontend\src\main\services\VectorStore.ts:21:26)
          at VectorStore.addVector (D:\OpenSource\SnippetBox\frontend\src\main\services\VectorStore.ts:27:10)
          at SnippetManager.processVectorGenerationQueue (D:\OpenSource\SnippetBox\frontend\src\main\services\SnippetManager.ts:406:34)
          at SnippetManager.generateVectorForSnippet (D:\OpenSource\SnippetBox\frontend\src\main\services\SnippetManager.ts:388:10)
          at SnippetManager.createSnippet (D:\OpenSource\SnippetBox\frontend\src\main\services\SnippetManager.ts:72:12)
          at processTicksAndRejections (node:internal/process/task_queues:105:5)
          at D:\OpenSource\SnippetBox\frontend\tests\property\SnippetProperty.test.ts:208:36
          at AsyncProperty.run (D:\OpenSource\SnippetBox\frontend\node_modules\fast-check\lib\cjs\fast-check.js:1208:19)
          at asyncRunIt (D:\OpenSource\SnippetBox\frontend\node_modules\fast-check\lib\cjs\fast-check.js:2503:15)
          at Object.<anonymous> (D:\OpenSource\SnippetBox\frontend\tests\property\SnippetProperty.test.ts:157:7)

    [0m [90m 407 |[39m           console[33m.[39mlog([32m`Generated vector for snippet: ${snippetId}`[39m)[33m;[39m
     [90m 408 |[39m         } [36mcatch[39m (error) {
    [31m[1m>[22m[39m[90m 409 |[39m           console[33m.[39merror([32m`Failed to generate vector for snippet ${snippetId}:`[3
9m[33m,[39m error)[33m;[39m
     [90m     |[39m                   [31m[1m^[22m[39m
     [90m 410 |[39m         }
     [90m 411 |[39m       }
     [90m 412 |[39m     } [36mfinally[39m {[0m

      at SnippetManager.processVectorGenerationQueue (src/main/services/SnippetManager.ts:409:19)

    console.error
      Failed to generate vector for snippet test-snippet-id: TypeError: dbManager.getDb is not a function
          at VectorStore.initialize (D:\OpenSource\SnippetBox\frontend\src\main\services\VectorStore.ts:21:26)
          at VectorStore.addVector (D:\OpenSource\SnippetBox\frontend\src\main\services\VectorStore.ts:27:10)
          at SnippetManager.processVectorGenerationQueue (D:\OpenSource\SnippetBox\frontend\src\main\services\SnippetManager.ts:406:34)
          at SnippetManager.generateVectorForSnippet (D:\OpenSource\SnippetBox\frontend\src\main\services\SnippetManager.ts:388:10)
          at SnippetManager.updateSnippet (D:\OpenSource\SnippetBox\frontend\src\main\services\SnippetManager.ts:223:12)
          at processTicksAndRejections (node:internal/process/task_queues:105:5)
          at D:\OpenSource\SnippetBox\frontend\tests\property\SnippetProperty.test.ts:211:36
          at AsyncProperty.run (D:\OpenSource\SnippetBox\frontend\node_modules\fast-check\lib\cjs\fast-check.js:1208:19)
          at asyncRunIt (D:\OpenSource\SnippetBox\frontend\node_modules\fast-check\lib\cjs\fast-check.js:2503:15)
          at Object.<anonymous> (D:\OpenSource\SnippetBox\frontend\tests\property\SnippetProperty.test.ts:157:7)

    [0m [90m 407 |[39m           console[33m.[39mlog([32m`Generated vector for snippet: ${snippetId}`[39m)[33m;[39m
     [90m 408 |[39m         } [36mcatch[39m (error) {
    [31m[1m>[22m[39m[90m 409 |[39m           console[33m.[39merror([32m`Failed to generate vector for snippet ${snippetId}:`[3
9m[33m,[39m error)[33m;[39m
     [90m     |[39m                   [31m[1m^[22m[39m
     [90m 410 |[39m         }
     [90m 411 |[39m       }
     [90m 412 |[39m     } [36mfinally[39m {[0m

      at SnippetManager.processVectorGenerationQueue (src/main/services/SnippetManager.ts:409:19)

    console.error
      Failed to generate vector for snippet test-snippet-id: TypeError: dbManager.getDb is not a function
          at VectorStore.initialize (D:\OpenSource\SnippetBox\frontend\src\main\services\VectorStore.ts:21:26)
          at VectorStore.addVector (D:\OpenSource\SnippetBox\frontend\src\main\services\VectorStore.ts:27:10)
          at SnippetManager.processVectorGenerationQueue (D:\OpenSource\SnippetBox\frontend\src\main\services\SnippetManager.ts:406:34)
          at SnippetManager.generateVectorForSnippet (D:\OpenSource\SnippetBox\frontend\src\main\services\SnippetManager.ts:388:10)
          at SnippetManager.createSnippet (D:\OpenSource\SnippetBox\frontend\src\main\services\SnippetManager.ts:72:12)
          at processTicksAndRejections (node:internal/process/task_queues:105:5)
          at D:\OpenSource\SnippetBox\frontend\tests\property\SnippetProperty.test.ts:208:36
          at AsyncProperty.run (D:\OpenSource\SnippetBox\frontend\node_modules\fast-check\lib\cjs\fast-check.js:1208:19)
          at asyncRunIt (D:\OpenSource\SnippetBox\frontend\node_modules\fast-check\lib\cjs\fast-check.js:2503:15)
          at Object.<anonymous> (D:\OpenSource\SnippetBox\frontend\tests\property\SnippetProperty.test.ts:157:7)

    [0m [90m 407 |[39m           console[33m.[39mlog([32m`Generated vector for snippet: ${snippetId}`[39m)[33m;[39m
     [90m 408 |[39m         } [36mcatch[39m (error) {
    [31m[1m>[22m[39m[90m 409 |[39m           console[33m.[39merror([32m`Failed to generate vector for snippet ${snippetId}:`[3
9m[33m,[39m error)[33m;[39m
     [90m     |[39m                   [31m[1m^[22m[39m
     [90m 410 |[39m         }
     [90m 411 |[39m       }
     [90m 412 |[39m     } [36mfinally[39m {[0m

      at SnippetManager.processVectorGenerationQueue (src/main/services/SnippetManager.ts:409:19)

    console.error
      Failed to generate vector for snippet test-snippet-id: TypeError: dbManager.getDb is not a function
          at VectorStore.initialize (D:\OpenSource\SnippetBox\frontend\src\main\services\VectorStore.ts:21:26)
          at VectorStore.addVector (D:\OpenSource\SnippetBox\frontend\src\main\services\VectorStore.ts:27:10)
          at SnippetManager.processVectorGenerationQueue (D:\OpenSource\SnippetBox\frontend\src\main\services\SnippetManager.ts:406:34)
          at SnippetManager.generateVectorForSnippet (D:\OpenSource\SnippetBox\frontend\src\main\services\SnippetManager.ts:388:10)
          at SnippetManager.updateSnippet (D:\OpenSource\SnippetBox\frontend\src\main\services\SnippetManager.ts:223:12)
          at processTicksAndRejections (node:internal/process/task_queues:105:5)
          at D:\OpenSource\SnippetBox\frontend\tests\property\SnippetProperty.test.ts:211:36
          at AsyncProperty.run (D:\OpenSource\SnippetBox\frontend\node_modules\fast-check\lib\cjs\fast-check.js:1208:19)
          at asyncRunIt (D:\OpenSource\SnippetBox\frontend\node_modules\fast-check\lib\cjs\fast-check.js:2503:15)
          at Object.<anonymous> (D:\OpenSource\SnippetBox\frontend\tests\property\SnippetProperty.test.ts:157:7)

    [0m [90m 407 |[39m           console[33m.[39mlog([32m`Generated vector for snippet: ${snippetId}`[39m)[33m;[39m
     [90m 408 |[39m         } [36mcatch[39m (error) {
    [31m[1m>[22m[39m[90m 409 |[39m           console[33m.[39merror([32m`Failed to generate vector for snippet ${snippetId}:`[3
9m[33m,[39m error)[33m;[39m
     [90m     |[39m                   [31m[1m^[22m[39m
     [90m 410 |[39m         }
     [90m 411 |[39m       }
     [90m 412 |[39m     } [36mfinally[39m {[0m

      at SnippetManager.processVectorGenerationQueue (src/main/services/SnippetManager.ts:409:19)

    console.error
      Failed to generate vector for snippet test-snippet-id: TypeError: dbManager.getDb is not a function
          at VectorStore.initialize (D:\OpenSource\SnippetBox\frontend\src\main\services\VectorStore.ts:21:26)
          at VectorStore.addVector (D:\OpenSource\SnippetBox\frontend\src\main\services\VectorStore.ts:27:10)
          at SnippetManager.processVectorGenerationQueue (D:\OpenSource\SnippetBox\frontend\src\main\services\SnippetManager.ts:406:34)
          at SnippetManager.generateVectorForSnippet (D:\OpenSource\SnippetBox\frontend\src\main\services\SnippetManager.ts:388:10)
          at SnippetManager.createSnippet (D:\OpenSource\SnippetBox\frontend\src\main\services\SnippetManager.ts:72:12)
          at processTicksAndRejections (node:internal/process/task_queues:105:5)
          at D:\OpenSource\SnippetBox\frontend\tests\property\SnippetProperty.test.ts:208:36
          at AsyncProperty.run (D:\OpenSource\SnippetBox\frontend\node_modules\fast-check\lib\cjs\fast-check.js:1208:19)
          at asyncRunIt (D:\OpenSource\SnippetBox\frontend\node_modules\fast-check\lib\cjs\fast-check.js:2503:15)
          at Object.<anonymous> (D:\OpenSource\SnippetBox\frontend\tests\property\SnippetProperty.test.ts:157:7)

    [0m [90m 407 |[39m           console[33m.[39mlog([32m`Generated vector for snippet: ${snippetId}`[39m)[33m;[39m
     [90m 408 |[39m         } [36mcatch[39m (error) {
    [31m[1m>[22m[39m[90m 409 |[39m           console[33m.[39merror([32m`Failed to generate vector for snippet ${snippetId}:`[3
9m[33m,[39m error)[33m;[39m
     [90m     |[39m                   [31m[1m^[22m[39m
     [90m 410 |[39m         }
     [90m 411 |[39m       }
     [90m 412 |[39m     } [36mfinally[39m {[0m

      at SnippetManager.processVectorGenerationQueue (src/main/services/SnippetManager.ts:409:19)

    console.error
      Failed to generate vector for snippet test-snippet-id: TypeError: dbManager.getDb is not a function
          at VectorStore.initialize (D:\OpenSource\SnippetBox\frontend\src\main\services\VectorStore.ts:21:26)
          at VectorStore.addVector (D:\OpenSource\SnippetBox\frontend\src\main\services\VectorStore.ts:27:10)
          at SnippetManager.processVectorGenerationQueue (D:\OpenSource\SnippetBox\frontend\src\main\services\SnippetManager.ts:406:34)
          at SnippetManager.generateVectorForSnippet (D:\OpenSource\SnippetBox\frontend\src\main\services\SnippetManager.ts:388:10)
          at SnippetManager.updateSnippet (D:\OpenSource\SnippetBox\frontend\src\main\services\SnippetManager.ts:223:12)
          at processTicksAndRejections (node:internal/process/task_queues:105:5)
          at D:\OpenSource\SnippetBox\frontend\tests\property\SnippetProperty.test.ts:211:36
          at AsyncProperty.run (D:\OpenSource\SnippetBox\frontend\node_modules\fast-check\lib\cjs\fast-check.js:1208:19)
          at asyncRunIt (D:\OpenSource\SnippetBox\frontend\node_modules\fast-check\lib\cjs\fast-check.js:2503:15)
          at Object.<anonymous> (D:\OpenSource\SnippetBox\frontend\tests\property\SnippetProperty.test.ts:157:7)

    [0m [90m 407 |[39m           console[33m.[39mlog([32m`Generated vector for snippet: ${snippetId}`[39m)[33m;[39m
     [90m 408 |[39m         } [36mcatch[39m (error) {
    [31m[1m>[22m[39m[90m 409 |[39m           console[33m.[39merror([32m`Failed to generate vector for snippet ${snippetId}:`[3
9m[33m,[39m error)[33m;[39m
     [90m     |[39m                   [31m[1m^[22m[39m
     [90m 410 |[39m         }
     [90m 411 |[39m       }
     [90m 412 |[39m     } [36mfinally[39m {[0m

      at SnippetManager.processVectorGenerationQueue (src/main/services/SnippetManager.ts:409:19)

    console.error
      Failed to generate vector for snippet test-snippet-id: TypeError: dbManager.getDb is not a function
          at VectorStore.initialize (D:\OpenSource\SnippetBox\frontend\src\main\services\VectorStore.ts:21:26)
          at VectorStore.addVector (D:\OpenSource\SnippetBox\frontend\src\main\services\VectorStore.ts:27:10)
          at SnippetManager.processVectorGenerationQueue (D:\OpenSource\SnippetBox\frontend\src\main\services\SnippetManager.ts:406:34)
          at SnippetManager.generateVectorForSnippet (D:\OpenSource\SnippetBox\frontend\src\main\services\SnippetManager.ts:388:10)
          at SnippetManager.createSnippet (D:\OpenSource\SnippetBox\frontend\src\main\services\SnippetManager.ts:72:12)
          at processTicksAndRejections (node:internal/process/task_queues:105:5)
          at D:\OpenSource\SnippetBox\frontend\tests\property\SnippetProperty.test.ts:208:36
          at AsyncProperty.run (D:\OpenSource\SnippetBox\frontend\node_modules\fast-check\lib\cjs\fast-check.js:1208:19)
          at asyncRunIt (D:\OpenSource\SnippetBox\frontend\node_modules\fast-check\lib\cjs\fast-check.js:2503:15)
          at Object.<anonymous> (D:\OpenSource\SnippetBox\frontend\tests\property\SnippetProperty.test.ts:157:7)

    [0m [90m 407 |[39m           console[33m.[39mlog([32m`Generated vector for snippet: ${snippetId}`[39m)[33m;[39m
     [90m 408 |[39m         } [36mcatch[39m (error) {
    [31m[1m>[22m[39m[90m 409 |[39m           console[33m.[39merror([32m`Failed to generate vector for snippet ${snippetId}:`[3
9m[33m,[39m error)[33m;[39m
     [90m     |[39m                   [31m[1m^[22m[39m
     [90m 410 |[39m         }
     [90m 411 |[39m       }
     [90m 412 |[39m     } [36mfinally[39m {[0m

      at SnippetManager.processVectorGenerationQueue (src/main/services/SnippetManager.ts:409:19)

    console.error
      Failed to generate vector for snippet test-snippet-id: TypeError: dbManager.getDb is not a function
          at VectorStore.initialize (D:\OpenSource\SnippetBox\frontend\src\main\services\VectorStore.ts:21:26)
          at VectorStore.addVector (D:\OpenSource\SnippetBox\frontend\src\main\services\VectorStore.ts:27:10)
          at SnippetManager.processVectorGenerationQueue (D:\OpenSource\SnippetBox\frontend\src\main\services\SnippetManager.ts:406:34)
          at SnippetManager.generateVectorForSnippet (D:\OpenSource\SnippetBox\frontend\src\main\services\SnippetManager.ts:388:10)
          at SnippetManager.updateSnippet (D:\OpenSource\SnippetBox\frontend\src\main\services\SnippetManager.ts:223:12)
          at processTicksAndRejections (node:internal/process/task_queues:105:5)
          at D:\OpenSource\SnippetBox\frontend\tests\property\SnippetProperty.test.ts:211:36
          at AsyncProperty.run (D:\OpenSource\SnippetBox\frontend\node_modules\fast-check\lib\cjs\fast-check.js:1208:19)
          at asyncRunIt (D:\OpenSource\SnippetBox\frontend\node_modules\fast-check\lib\cjs\fast-check.js:2503:15)
          at Object.<anonymous> (D:\OpenSource\SnippetBox\frontend\tests\property\SnippetProperty.test.ts:157:7)

    [0m [90m 407 |[39m           console[33m.[39mlog([32m`Generated vector for snippet: ${snippetId}`[39m)[33m;[39m
     [90m 408 |[39m         } [36mcatch[39m (error) {
    [31m[1m>[22m[39m[90m 409 |[39m           console[33m.[39merror([32m`Failed to generate vector for snippet ${snippetId}:`[3
9m[33m,[39m error)[33m;[39m
     [90m     |[39m                   [31m[1m^[22m[39m
     [90m 410 |[39m         }
     [90m 411 |[39m       }
     [90m 412 |[39m     } [36mfinally[39m {[0m

      at SnippetManager.processVectorGenerationQueue (src/main/services/SnippetManager.ts:409:19)

    console.error
      Failed to generate vector for snippet test-snippet-id: TypeError: dbManager.getDb is not a function
          at VectorStore.initialize (D:\OpenSource\SnippetBox\frontend\src\main\services\VectorStore.ts:21:26)
          at VectorStore.addVector (D:\OpenSource\SnippetBox\frontend\src\main\services\VectorStore.ts:27:10)
          at SnippetManager.processVectorGenerationQueue (D:\OpenSource\SnippetBox\frontend\src\main\services\SnippetManager.ts:406:34)
          at SnippetManager.generateVectorForSnippet (D:\OpenSource\SnippetBox\frontend\src\main\services\SnippetManager.ts:388:10)
          at SnippetManager.createSnippet (D:\OpenSource\SnippetBox\frontend\src\main\services\SnippetManager.ts:72:12)
          at processTicksAndRejections (node:internal/process/task_queues:105:5)
          at D:\OpenSource\SnippetBox\frontend\tests\property\SnippetProperty.test.ts:208:36
          at AsyncProperty.run (D:\OpenSource\SnippetBox\frontend\node_modules\fast-check\lib\cjs\fast-check.js:1208:19)
          at asyncRunIt (D:\OpenSource\SnippetBox\frontend\node_modules\fast-check\lib\cjs\fast-check.js:2503:15)
          at Object.<anonymous> (D:\OpenSource\SnippetBox\frontend\tests\property\SnippetProperty.test.ts:157:7)

    [0m [90m 407 |[39m           console[33m.[39mlog([32m`Generated vector for snippet: ${snippetId}`[39m)[33m;[39m
     [90m 408 |[39m         } [36mcatch[39m (error) {
    [31m[1m>[22m[39m[90m 409 |[39m           console[33m.[39merror([32m`Failed to generate vector for snippet ${snippetId}:`[3
9m[33m,[39m error)[33m;[39m
     [90m     |[39m                   [31m[1m^[22m[39m
     [90m 410 |[39m         }
     [90m 411 |[39m       }
     [90m 412 |[39m     } [36mfinally[39m {[0m

      at SnippetManager.processVectorGenerationQueue (src/main/services/SnippetManager.ts:409:19)

    console.error
      Failed to generate vector for snippet test-snippet-id: TypeError: dbManager.getDb is not a function
          at VectorStore.initialize (D:\OpenSource\SnippetBox\frontend\src\main\services\VectorStore.ts:21:26)
          at VectorStore.addVector (D:\OpenSource\SnippetBox\frontend\src\main\services\VectorStore.ts:27:10)
          at SnippetManager.processVectorGenerationQueue (D:\OpenSource\SnippetBox\frontend\src\main\services\SnippetManager.ts:406:34)
          at SnippetManager.generateVectorForSnippet (D:\OpenSource\SnippetBox\frontend\src\main\services\SnippetManager.ts:388:10)
          at SnippetManager.updateSnippet (D:\OpenSource\SnippetBox\frontend\src\main\services\SnippetManager.ts:223:12)
          at processTicksAndRejections (node:internal/process/task_queues:105:5)
          at D:\OpenSource\SnippetBox\frontend\tests\property\SnippetProperty.test.ts:211:36
          at AsyncProperty.run (D:\OpenSource\SnippetBox\frontend\node_modules\fast-check\lib\cjs\fast-check.js:1208:19)
          at asyncRunIt (D:\OpenSource\SnippetBox\frontend\node_modules\fast-check\lib\cjs\fast-check.js:2503:15)
          at Object.<anonymous> (D:\OpenSource\SnippetBox\frontend\tests\property\SnippetProperty.test.ts:157:7)

    [0m [90m 407 |[39m           console[33m.[39mlog([32m`Generated vector for snippet: ${snippetId}`[39m)[33m;[39m
     [90m 408 |[39m         } [36mcatch[39m (error) {
    [31m[1m>[22m[39m[90m 409 |[39m           console[33m.[39merror([32m`Failed to generate vector for snippet ${snippetId}:`[3
9m[33m,[39m error)[33m;[39m
     [90m     |[39m                   [31m[1m^[22m[39m
     [90m 410 |[39m         }
     [90m 411 |[39m       }
     [90m 412 |[39m     } [36mfinally[39m {[0m

      at SnippetManager.processVectorGenerationQueue (src/main/services/SnippetManager.ts:409:19)

    console.error
      Failed to generate vector for snippet test-snippet-id: TypeError: dbManager.getDb is not a function
          at VectorStore.initialize (D:\OpenSource\SnippetBox\frontend\src\main\services\VectorStore.ts:21:26)
          at VectorStore.addVector (D:\OpenSource\SnippetBox\frontend\src\main\services\VectorStore.ts:27:10)
          at SnippetManager.processVectorGenerationQueue (D:\OpenSource\SnippetBox\frontend\src\main\services\SnippetManager.ts:406:34)
          at SnippetManager.generateVectorForSnippet (D:\OpenSource\SnippetBox\frontend\src\main\services\SnippetManager.ts:388:10)
          at SnippetManager.createSnippet (D:\OpenSource\SnippetBox\frontend\src\main\services\SnippetManager.ts:72:12)
          at processTicksAndRejections (node:internal/process/task_queues:105:5)
          at D:\OpenSource\SnippetBox\frontend\tests\property\SnippetProperty.test.ts:208:36
          at AsyncProperty.run (D:\OpenSource\SnippetBox\frontend\node_modules\fast-check\lib\cjs\fast-check.js:1208:19)
          at asyncRunIt (D:\OpenSource\SnippetBox\frontend\node_modules\fast-check\lib\cjs\fast-check.js:2503:15)
          at Object.<anonymous> (D:\OpenSource\SnippetBox\frontend\tests\property\SnippetProperty.test.ts:157:7)

    [0m [90m 407 |[39m           console[33m.[39mlog([32m`Generated vector for snippet: ${snippetId}`[39m)[33m;[39m
     [90m 408 |[39m         } [36mcatch[39m (error) {
    [31m[1m>[22m[39m[90m 409 |[39m           console[33m.[39merror([32m`Failed to generate vector for snippet ${snippetId}:`[3
9m[33m,[39m error)[33m;[39m
     [90m     |[39m                   [31m[1m^[22m[39m
     [90m 410 |[39m         }
     [90m 411 |[39m       }
     [90m 412 |[39m     } [36mfinally[39m {[0m

      at SnippetManager.processVectorGenerationQueue (src/main/services/SnippetManager.ts:409:19)

    console.error
      Failed to generate vector for snippet test-snippet-id: TypeError: dbManager.getDb is not a function
          at VectorStore.initialize (D:\OpenSource\SnippetBox\frontend\src\main\services\VectorStore.ts:21:26)
          at VectorStore.addVector (D:\OpenSource\SnippetBox\frontend\src\main\services\VectorStore.ts:27:10)
          at SnippetManager.processVectorGenerationQueue (D:\OpenSource\SnippetBox\frontend\src\main\services\SnippetManager.ts:406:34)
          at SnippetManager.generateVectorForSnippet (D:\OpenSource\SnippetBox\frontend\src\main\services\SnippetManager.ts:388:10)
          at SnippetManager.updateSnippet (D:\OpenSource\SnippetBox\frontend\src\main\services\SnippetManager.ts:223:12)
          at processTicksAndRejections (node:internal/process/task_queues:105:5)
          at D:\OpenSource\SnippetBox\frontend\tests\property\SnippetProperty.test.ts:211:36
          at AsyncProperty.run (D:\OpenSource\SnippetBox\frontend\node_modules\fast-check\lib\cjs\fast-check.js:1208:19)
          at asyncRunIt (D:\OpenSource\SnippetBox\frontend\node_modules\fast-check\lib\cjs\fast-check.js:2503:15)
          at Object.<anonymous> (D:\OpenSource\SnippetBox\frontend\tests\property\SnippetProperty.test.ts:157:7)

    [0m [90m 407 |[39m           console[33m.[39mlog([32m`Generated vector for snippet: ${snippetId}`[39m)[33m;[39m
     [90m 408 |[39m         } [36mcatch[39m (error) {
    [31m[1m>[22m[39m[90m 409 |[39m           console[33m.[39merror([32m`Failed to generate vector for snippet ${snippetId}:`[3
9m[33m,[39m error)[33m;[39m
     [90m     |[39m                   [31m[1m^[22m[39m
     [90m 410 |[39m         }
     [90m 411 |[39m       }
     [90m 412 |[39m     } [36mfinally[39m {[0m

      at SnippetManager.processVectorGenerationQueue (src/main/services/SnippetManager.ts:409:19)

    console.error
      Failed to generate vector for snippet test-snippet-id: TypeError: dbManager.getDb is not a function
          at VectorStore.initialize (D:\OpenSource\SnippetBox\frontend\src\main\services\VectorStore.ts:21:26)
          at VectorStore.addVector (D:\OpenSource\SnippetBox\frontend\src\main\services\VectorStore.ts:27:10)
          at SnippetManager.processVectorGenerationQueue (D:\OpenSource\SnippetBox\frontend\src\main\services\SnippetManager.ts:406:34)
          at SnippetManager.generateVectorForSnippet (D:\OpenSource\SnippetBox\frontend\src\main\services\SnippetManager.ts:388:10)
          at SnippetManager.createSnippet (D:\OpenSource\SnippetBox\frontend\src\main\services\SnippetManager.ts:72:12)
          at processTicksAndRejections (node:internal/process/task_queues:105:5)
          at D:\OpenSource\SnippetBox\frontend\tests\property\SnippetProperty.test.ts:208:36
          at AsyncProperty.run (D:\OpenSource\SnippetBox\frontend\node_modules\fast-check\lib\cjs\fast-check.js:1208:19)
          at asyncRunIt (D:\OpenSource\SnippetBox\frontend\node_modules\fast-check\lib\cjs\fast-check.js:2503:15)
          at Object.<anonymous> (D:\OpenSource\SnippetBox\frontend\tests\property\SnippetProperty.test.ts:157:7)

    [0m [90m 407 |[39m           console[33m.[39mlog([32m`Generated vector for snippet: ${snippetId}`[39m)[33m;[39m
     [90m 408 |[39m         } [36mcatch[39m (error) {
    [31m[1m>[22m[39m[90m 409 |[39m           console[33m.[39merror([32m`Failed to generate vector for snippet ${snippetId}:`[3
9m[33m,[39m error)[33m;[39m
     [90m     |[39m                   [31m[1m^[22m[39m
     [90m 410 |[39m         }
     [90m 411 |[39m       }
     [90m 412 |[39m     } [36mfinally[39m {[0m

      at SnippetManager.processVectorGenerationQueue (src/main/services/SnippetManager.ts:409:19)

    console.error
      Failed to generate vector for snippet test-snippet-id: TypeError: dbManager.getDb is not a function
          at VectorStore.initialize (D:\OpenSource\SnippetBox\frontend\src\main\services\VectorStore.ts:21:26)
          at VectorStore.addVector (D:\OpenSource\SnippetBox\frontend\src\main\services\VectorStore.ts:27:10)
          at SnippetManager.processVectorGenerationQueue (D:\OpenSource\SnippetBox\frontend\src\main\services\SnippetManager.ts:406:34)
          at SnippetManager.generateVectorForSnippet (D:\OpenSource\SnippetBox\frontend\src\main\services\SnippetManager.ts:388:10)
          at SnippetManager.updateSnippet (D:\OpenSource\SnippetBox\frontend\src\main\services\SnippetManager.ts:223:12)
          at processTicksAndRejections (node:internal/process/task_queues:105:5)
          at D:\OpenSource\SnippetBox\frontend\tests\property\SnippetProperty.test.ts:211:36
          at AsyncProperty.run (D:\OpenSource\SnippetBox\frontend\node_modules\fast-check\lib\cjs\fast-check.js:1208:19)
          at asyncRunIt (D:\OpenSource\SnippetBox\frontend\node_modules\fast-check\lib\cjs\fast-check.js:2503:15)
          at Object.<anonymous> (D:\OpenSource\SnippetBox\frontend\tests\property\SnippetProperty.test.ts:157:7)

    [0m [90m 407 |[39m           console[33m.[39mlog([32m`Generated vector for snippet: ${snippetId}`[39m)[33m;[39m
     [90m 408 |[39m         } [36mcatch[39m (error) {
    [31m[1m>[22m[39m[90m 409 |[39m           console[33m.[39merror([32m`Failed to generate vector for snippet ${snippetId}:`[3
9m[33m,[39m error)[33m;[39m
     [90m     |[39m                   [31m[1m^[22m[39m
     [90m 410 |[39m         }
     [90m 411 |[39m       }
     [90m 412 |[39m     } [36mfinally[39m {[0m

      at SnippetManager.processVectorGenerationQueue (src/main/services/SnippetManager.ts:409:19)

    console.error
      Failed to generate vector for snippet test-snippet-id: TypeError: dbManager.getDb is not a function
          at VectorStore.initialize (D:\OpenSource\SnippetBox\frontend\src\main\services\VectorStore.ts:21:26)
          at VectorStore.addVector (D:\OpenSource\SnippetBox\frontend\src\main\services\VectorStore.ts:27:10)
          at SnippetManager.processVectorGenerationQueue (D:\OpenSource\SnippetBox\frontend\src\main\services\SnippetManager.ts:406:34)
          at SnippetManager.generateVectorForSnippet (D:\OpenSource\SnippetBox\frontend\src\main\services\SnippetManager.ts:388:10)
          at SnippetManager.createSnippet (D:\OpenSource\SnippetBox\frontend\src\main\services\SnippetManager.ts:72:12)
          at processTicksAndRejections (node:internal/process/task_queues:105:5)
          at D:\OpenSource\SnippetBox\frontend\tests\property\SnippetProperty.test.ts:208:36
          at AsyncProperty.run (D:\OpenSource\SnippetBox\frontend\node_modules\fast-check\lib\cjs\fast-check.js:1208:19)
          at asyncRunIt (D:\OpenSource\SnippetBox\frontend\node_modules\fast-check\lib\cjs\fast-check.js:2503:15)
          at Object.<anonymous> (D:\OpenSource\SnippetBox\frontend\tests\property\SnippetProperty.test.ts:157:7)

    [0m [90m 407 |[39m           console[33m.[39mlog([32m`Generated vector for snippet: ${snippetId}`[39m)[33m;[39m
     [90m 408 |[39m         } [36mcatch[39m (error) {
    [31m[1m>[22m[39m[90m 409 |[39m           console[33m.[39merror([32m`Failed to generate vector for snippet ${snippetId}:`[3
9m[33m,[39m error)[33m;[39m
     [90m     |[39m                   [31m[1m^[22m[39m
     [90m 410 |[39m         }
     [90m 411 |[39m       }
     [90m 412 |[39m     } [36mfinally[39m {[0m

      at SnippetManager.processVectorGenerationQueue (src/main/services/SnippetManager.ts:409:19)

    console.error
      Failed to generate vector for snippet test-snippet-id: TypeError: dbManager.getDb is not a function
          at VectorStore.initialize (D:\OpenSource\SnippetBox\frontend\src\main\services\VectorStore.ts:21:26)
          at VectorStore.addVector (D:\OpenSource\SnippetBox\frontend\src\main\services\VectorStore.ts:27:10)
          at SnippetManager.processVectorGenerationQueue (D:\OpenSource\SnippetBox\frontend\src\main\services\SnippetManager.ts:406:34)
          at SnippetManager.generateVectorForSnippet (D:\OpenSource\SnippetBox\frontend\src\main\services\SnippetManager.ts:388:10)
          at SnippetManager.updateSnippet (D:\OpenSource\SnippetBox\frontend\src\main\services\SnippetManager.ts:223:12)
          at processTicksAndRejections (node:internal/process/task_queues:105:5)
          at D:\OpenSource\SnippetBox\frontend\tests\property\SnippetProperty.test.ts:211:36
          at AsyncProperty.run (D:\OpenSource\SnippetBox\frontend\node_modules\fast-check\lib\cjs\fast-check.js:1208:19)
          at asyncRunIt (D:\OpenSource\SnippetBox\frontend\node_modules\fast-check\lib\cjs\fast-check.js:2503:15)
          at Object.<anonymous> (D:\OpenSource\SnippetBox\frontend\tests\property\SnippetProperty.test.ts:157:7)

    [0m [90m 407 |[39m           console[33m.[39mlog([32m`Generated vector for snippet: ${snippetId}`[39m)[33m;[39m
     [90m 408 |[39m         } [36mcatch[39m (error) {
    [31m[1m>[22m[39m[90m 409 |[39m           console[33m.[39merror([32m`Failed to generate vector for snippet ${snippetId}:`[3
9m[33m,[39m error)[33m;[39m
     [90m     |[39m                   [31m[1m^[22m[39m
     [90m 410 |[39m         }
     [90m 411 |[39m       }
     [90m 412 |[39m     } [36mfinally[39m {[0m

      at SnippetManager.processVectorGenerationQueue (src/main/services/SnippetManager.ts:409:19)

    console.error
      Failed to generate vector for snippet test-snippet-id: TypeError: dbManager.getDb is not a function
          at VectorStore.initialize (D:\OpenSource\SnippetBox\frontend\src\main\services\VectorStore.ts:21:26)
          at VectorStore.addVector (D:\OpenSource\SnippetBox\frontend\src\main\services\VectorStore.ts:27:10)
          at SnippetManager.processVectorGenerationQueue (D:\OpenSource\SnippetBox\frontend\src\main\services\SnippetManager.ts:406:34)
          at SnippetManager.generateVectorForSnippet (D:\OpenSource\SnippetBox\frontend\src\main\services\SnippetManager.ts:388:10)
          at SnippetManager.createSnippet (D:\OpenSource\SnippetBox\frontend\src\main\services\SnippetManager.ts:72:12)
          at processTicksAndRejections (node:internal/process/task_queues:105:5)
          at D:\OpenSource\SnippetBox\frontend\tests\property\SnippetProperty.test.ts:208:36
          at AsyncProperty.run (D:\OpenSource\SnippetBox\frontend\node_modules\fast-check\lib\cjs\fast-check.js:1208:19)
          at asyncRunIt (D:\OpenSource\SnippetBox\frontend\node_modules\fast-check\lib\cjs\fast-check.js:2503:15)
          at Object.<anonymous> (D:\OpenSource\SnippetBox\frontend\tests\property\SnippetProperty.test.ts:157:7)

    [0m [90m 407 |[39m           console[33m.[39mlog([32m`Generated vector for snippet: ${snippetId}`[39m)[33m;[39m
     [90m 408 |[39m         } [36mcatch[39m (error) {
    [31m[1m>[22m[39m[90m 409 |[39m           console[33m.[39merror([32m`Failed to generate vector for snippet ${snippetId}:`[3
9m[33m,[39m error)[33m;[39m
     [90m     |[39m                   [31m[1m^[22m[39m
     [90m 410 |[39m         }
     [90m 411 |[39m       }
     [90m 412 |[39m     } [36mfinally[39m {[0m

      at SnippetManager.processVectorGenerationQueue (src/main/services/SnippetManager.ts:409:19)

    console.error
      Failed to generate vector for snippet test-snippet-id: TypeError: dbManager.getDb is not a function
          at VectorStore.initialize (D:\OpenSource\SnippetBox\frontend\src\main\services\VectorStore.ts:21:26)
          at VectorStore.addVector (D:\OpenSource\SnippetBox\frontend\src\main\services\VectorStore.ts:27:10)
          at SnippetManager.processVectorGenerationQueue (D:\OpenSource\SnippetBox\frontend\src\main\services\SnippetManager.ts:406:34)
          at SnippetManager.generateVectorForSnippet (D:\OpenSource\SnippetBox\frontend\src\main\services\SnippetManager.ts:388:10)
          at SnippetManager.updateSnippet (D:\OpenSource\SnippetBox\frontend\src\main\services\SnippetManager.ts:223:12)
          at processTicksAndRejections (node:internal/process/task_queues:105:5)
          at D:\OpenSource\SnippetBox\frontend\tests\property\SnippetProperty.test.ts:211:36
          at AsyncProperty.run (D:\OpenSource\SnippetBox\frontend\node_modules\fast-check\lib\cjs\fast-check.js:1208:19)
          at asyncRunIt (D:\OpenSource\SnippetBox\frontend\node_modules\fast-check\lib\cjs\fast-check.js:2503:15)
          at Object.<anonymous> (D:\OpenSource\SnippetBox\frontend\tests\property\SnippetProperty.test.ts:157:7)

    [0m [90m 407 |[39m           console[33m.[39mlog([32m`Generated vector for snippet: ${snippetId}`[39m)[33m;[39m
     [90m 408 |[39m         } [36mcatch[39m (error) {
    [31m[1m>[22m[39m[90m 409 |[39m           console[33m.[39merror([32m`Failed to generate vector for snippet ${snippetId}:`[3
9m[33m,[39m error)[33m;[39m
     [90m     |[39m                   [31m[1m^[22m[39m
     [90m 410 |[39m         }
     [90m 411 |[39m       }
     [90m 412 |[39m     } [36mfinally[39m {[0m

      at SnippetManager.processVectorGenerationQueue (src/main/services/SnippetManager.ts:409:19)

    console.error
      Failed to generate vector for snippet test-snippet-id: TypeError: dbManager.getDb is not a function
          at VectorStore.initialize (D:\OpenSource\SnippetBox\frontend\src\main\services\VectorStore.ts:21:26)
          at VectorStore.addVector (D:\OpenSource\SnippetBox\frontend\src\main\services\VectorStore.ts:27:10)
          at SnippetManager.processVectorGenerationQueue (D:\OpenSource\SnippetBox\frontend\src\main\services\SnippetManager.ts:406:34)
          at SnippetManager.generateVectorForSnippet (D:\OpenSource\SnippetBox\frontend\src\main\services\SnippetManager.ts:388:10)
          at SnippetManager.createSnippet (D:\OpenSource\SnippetBox\frontend\src\main\services\SnippetManager.ts:72:12)
          at processTicksAndRejections (node:internal/process/task_queues:105:5)
          at D:\OpenSource\SnippetBox\frontend\tests\property\SnippetProperty.test.ts:208:36
          at AsyncProperty.run (D:\OpenSource\SnippetBox\frontend\node_modules\fast-check\lib\cjs\fast-check.js:1208:19)
          at asyncRunIt (D:\OpenSource\SnippetBox\frontend\node_modules\fast-check\lib\cjs\fast-check.js:2503:15)
          at Object.<anonymous> (D:\OpenSource\SnippetBox\frontend\tests\property\SnippetProperty.test.ts:157:7)

    [0m [90m 407 |[39m           console[33m.[39mlog([32m`Generated vector for snippet: ${snippetId}`[39m)[33m;[39m
     [90m 408 |[39m         } [36mcatch[39m (error) {
    [31m[1m>[22m[39m[90m 409 |[39m           console[33m.[39merror([32m`Failed to generate vector for snippet ${snippetId}:`[3
9m[33m,[39m error)[33m;[39m
     [90m     |[39m                   [31m[1m^[22m[39m
     [90m 410 |[39m         }
     [90m 411 |[39m       }
     [90m 412 |[39m     } [36mfinally[39m {[0m

      at SnippetManager.processVectorGenerationQueue (src/main/services/SnippetManager.ts:409:19)

    console.error
      Failed to generate vector for snippet test-snippet-id: TypeError: dbManager.getDb is not a function
          at VectorStore.initialize (D:\OpenSource\SnippetBox\frontend\src\main\services\VectorStore.ts:21:26)
          at VectorStore.addVector (D:\OpenSource\SnippetBox\frontend\src\main\services\VectorStore.ts:27:10)
          at SnippetManager.processVectorGenerationQueue (D:\OpenSource\SnippetBox\frontend\src\main\services\SnippetManager.ts:406:34)
          at SnippetManager.generateVectorForSnippet (D:\OpenSource\SnippetBox\frontend\src\main\services\SnippetManager.ts:388:10)
          at SnippetManager.updateSnippet (D:\OpenSource\SnippetBox\frontend\src\main\services\SnippetManager.ts:223:12)
          at processTicksAndRejections (node:internal/process/task_queues:105:5)
          at D:\OpenSource\SnippetBox\frontend\tests\property\SnippetProperty.test.ts:211:36
          at AsyncProperty.run (D:\OpenSource\SnippetBox\frontend\node_modules\fast-check\lib\cjs\fast-check.js:1208:19)
          at asyncRunIt (D:\OpenSource\SnippetBox\frontend\node_modules\fast-check\lib\cjs\fast-check.js:2503:15)
          at Object.<anonymous> (D:\OpenSource\SnippetBox\frontend\tests\property\SnippetProperty.test.ts:157:7)

    [0m [90m 407 |[39m           console[33m.[39mlog([32m`Generated vector for snippet: ${snippetId}`[39m)[33m;[39m
     [90m 408 |[39m         } [36mcatch[39m (error) {
    [31m[1m>[22m[39m[90m 409 |[39m           console[33m.[39merror([32m`Failed to generate vector for snippet ${snippetId}:`[3
9m[33m,[39m error)[33m;[39m
     [90m     |[39m                   [31m[1m^[22m[39m
     [90m 410 |[39m         }
     [90m 411 |[39m       }
     [90m 412 |[39m     } [36mfinally[39m {[0m

      at SnippetManager.processVectorGenerationQueue (src/main/services/SnippetManager.ts:409:19)

    console.error
      Failed to generate vector for snippet test-snippet-id: TypeError: dbManager.getDb is not a function
          at VectorStore.initialize (D:\OpenSource\SnippetBox\frontend\src\main\services\VectorStore.ts:21:26)
          at VectorStore.addVector (D:\OpenSource\SnippetBox\frontend\src\main\services\VectorStore.ts:27:10)
          at SnippetManager.processVectorGenerationQueue (D:\OpenSource\SnippetBox\frontend\src\main\services\SnippetManager.ts:406:34)
          at SnippetManager.generateVectorForSnippet (D:\OpenSource\SnippetBox\frontend\src\main\services\SnippetManager.ts:388:10)
          at SnippetManager.createSnippet (D:\OpenSource\SnippetBox\frontend\src\main\services\SnippetManager.ts:72:12)
          at processTicksAndRejections (node:internal/process/task_queues:105:5)
          at D:\OpenSource\SnippetBox\frontend\tests\property\SnippetProperty.test.ts:208:36
          at AsyncProperty.run (D:\OpenSource\SnippetBox\frontend\node_modules\fast-check\lib\cjs\fast-check.js:1208:19)
          at asyncRunIt (D:\OpenSource\SnippetBox\frontend\node_modules\fast-check\lib\cjs\fast-check.js:2503:15)
          at Object.<anonymous> (D:\OpenSource\SnippetBox\frontend\tests\property\SnippetProperty.test.ts:157:7)

    [0m [90m 407 |[39m           console[33m.[39mlog([32m`Generated vector for snippet: ${snippetId}`[39m)[33m;[39m
     [90m 408 |[39m         } [36mcatch[39m (error) {
    [31m[1m>[22m[39m[90m 409 |[39m           console[33m.[39merror([32m`Failed to generate vector for snippet ${snippetId}:`[3
9m[33m,[39m error)[33m;[39m
     [90m     |[39m                   [31m[1m^[22m[39m
     [90m 410 |[39m         }
     [90m 411 |[39m       }
     [90m 412 |[39m     } [36mfinally[39m {[0m

      at SnippetManager.processVectorGenerationQueue (src/main/services/SnippetManager.ts:409:19)

    console.error
      Failed to generate vector for snippet test-snippet-id: TypeError: dbManager.getDb is not a function
          at VectorStore.initialize (D:\OpenSource\SnippetBox\frontend\src\main\services\VectorStore.ts:21:26)
          at VectorStore.addVector (D:\OpenSource\SnippetBox\frontend\src\main\services\VectorStore.ts:27:10)
          at SnippetManager.processVectorGenerationQueue (D:\OpenSource\SnippetBox\frontend\src\main\services\SnippetManager.ts:406:34)
          at SnippetManager.generateVectorForSnippet (D:\OpenSource\SnippetBox\frontend\src\main\services\SnippetManager.ts:388:10)
          at SnippetManager.updateSnippet (D:\OpenSource\SnippetBox\frontend\src\main\services\SnippetManager.ts:223:12)
          at processTicksAndRejections (node:internal/process/task_queues:105:5)
          at D:\OpenSource\SnippetBox\frontend\tests\property\SnippetProperty.test.ts:211:36
          at AsyncProperty.run (D:\OpenSource\SnippetBox\frontend\node_modules\fast-check\lib\cjs\fast-check.js:1208:19)
          at asyncRunIt (D:\OpenSource\SnippetBox\frontend\node_modules\fast-check\lib\cjs\fast-check.js:2503:15)
          at Object.<anonymous> (D:\OpenSource\SnippetBox\frontend\tests\property\SnippetProperty.test.ts:157:7)

    [0m [90m 407 |[39m           console[33m.[39mlog([32m`Generated vector for snippet: ${snippetId}`[39m)[33m;[39m
     [90m 408 |[39m         } [36mcatch[39m (error) {
    [31m[1m>[22m[39m[90m 409 |[39m           console[33m.[39merror([32m`Failed to generate vector for snippet ${snippetId}:`[3
9m[33m,[39m error)[33m;[39m
     [90m     |[39m                   [31m[1m^[22m[39m
     [90m 410 |[39m         }
     [90m 411 |[39m       }
     [90m 412 |[39m     } [36mfinally[39m {[0m

      at SnippetManager.processVectorGenerationQueue (src/main/services/SnippetManager.ts:409:19)

    console.error
      Failed to generate vector for snippet test-snippet-id: TypeError: dbManager.getDb is not a function
          at VectorStore.initialize (D:\OpenSource\SnippetBox\frontend\src\main\services\VectorStore.ts:21:26)
          at VectorStore.addVector (D:\OpenSource\SnippetBox\frontend\src\main\services\VectorStore.ts:27:10)
          at SnippetManager.processVectorGenerationQueue (D:\OpenSource\SnippetBox\frontend\src\main\services\SnippetManager.ts:406:34)
          at SnippetManager.generateVectorForSnippet (D:\OpenSource\SnippetBox\frontend\src\main\services\SnippetManager.ts:388:10)
          at SnippetManager.createSnippet (D:\OpenSource\SnippetBox\frontend\src\main\services\SnippetManager.ts:72:12)
          at processTicksAndRejections (node:internal/process/task_queues:105:5)
          at D:\OpenSource\SnippetBox\frontend\tests\property\SnippetProperty.test.ts:208:36
          at AsyncProperty.run (D:\OpenSource\SnippetBox\frontend\node_modules\fast-check\lib\cjs\fast-check.js:1208:19)
          at asyncRunIt (D:\OpenSource\SnippetBox\frontend\node_modules\fast-check\lib\cjs\fast-check.js:2503:15)
          at Object.<anonymous> (D:\OpenSource\SnippetBox\frontend\tests\property\SnippetProperty.test.ts:157:7)

    [0m [90m 407 |[39m           console[33m.[39mlog([32m`Generated vector for snippet: ${snippetId}`[39m)[33m;[39m
     [90m 408 |[39m         } [36mcatch[39m (error) {
    [31m[1m>[22m[39m[90m 409 |[39m           console[33m.[39merror([32m`Failed to generate vector for snippet ${snippetId}:`[3
9m[33m,[39m error)[33m;[39m
     [90m     |[39m                   [31m[1m^[22m[39m
     [90m 410 |[39m         }
     [90m 411 |[39m       }
     [90m 412 |[39m     } [36mfinally[39m {[0m

      at SnippetManager.processVectorGenerationQueue (src/main/services/SnippetManager.ts:409:19)

    console.error
      Failed to generate vector for snippet test-snippet-id: TypeError: dbManager.getDb is not a function
          at VectorStore.initialize (D:\OpenSource\SnippetBox\frontend\src\main\services\VectorStore.ts:21:26)
          at VectorStore.addVector (D:\OpenSource\SnippetBox\frontend\src\main\services\VectorStore.ts:27:10)
          at SnippetManager.processVectorGenerationQueue (D:\OpenSource\SnippetBox\frontend\src\main\services\SnippetManager.ts:406:34)
          at SnippetManager.generateVectorForSnippet (D:\OpenSource\SnippetBox\frontend\src\main\services\SnippetManager.ts:388:10)
          at SnippetManager.updateSnippet (D:\OpenSource\SnippetBox\frontend\src\main\services\SnippetManager.ts:223:12)
          at processTicksAndRejections (node:internal/process/task_queues:105:5)
          at D:\OpenSource\SnippetBox\frontend\tests\property\SnippetProperty.test.ts:211:36
          at AsyncProperty.run (D:\OpenSource\SnippetBox\frontend\node_modules\fast-check\lib\cjs\fast-check.js:1208:19)
          at asyncRunIt (D:\OpenSource\SnippetBox\frontend\node_modules\fast-check\lib\cjs\fast-check.js:2503:15)
          at Object.<anonymous> (D:\OpenSource\SnippetBox\frontend\tests\property\SnippetProperty.test.ts:157:7)

    [0m [90m 407 |[39m           console[33m.[39mlog([32m`Generated vector for snippet: ${snippetId}`[39m)[33m;[39m
     [90m 408 |[39m         } [36mcatch[39m (error) {
    [31m[1m>[22m[39m[90m 409 |[39m           console[33m.[39merror([32m`Failed to generate vector for snippet ${snippetId}:`[3
9m[33m,[39m error)[33m;[39m
     [90m     |[39m                   [31m[1m^[22m[39m
     [90m 410 |[39m         }
     [90m 411 |[39m       }
     [90m 412 |[39m     } [36mfinally[39m {[0m

      at SnippetManager.processVectorGenerationQueue (src/main/services/SnippetManager.ts:409:19)

    console.error
      Failed to generate vector for snippet test-snippet-id: TypeError: dbManager.getDb is not a function
          at VectorStore.initialize (D:\OpenSource\SnippetBox\frontend\src\main\services\VectorStore.ts:21:26)
          at VectorStore.addVector (D:\OpenSource\SnippetBox\frontend\src\main\services\VectorStore.ts:27:10)
          at SnippetManager.processVectorGenerationQueue (D:\OpenSource\SnippetBox\frontend\src\main\services\SnippetManager.ts:406:34)
          at SnippetManager.generateVectorForSnippet (D:\OpenSource\SnippetBox\frontend\src\main\services\SnippetManager.ts:388:10)
          at SnippetManager.createSnippet (D:\OpenSource\SnippetBox\frontend\src\main\services\SnippetManager.ts:72:12)
          at processTicksAndRejections (node:internal/process/task_queues:105:5)
          at D:\OpenSource\SnippetBox\frontend\tests\property\SnippetProperty.test.ts:208:36
          at AsyncProperty.run (D:\OpenSource\SnippetBox\frontend\node_modules\fast-check\lib\cjs\fast-check.js:1208:19)
          at asyncRunIt (D:\OpenSource\SnippetBox\frontend\node_modules\fast-check\lib\cjs\fast-check.js:2503:15)
          at Object.<anonymous> (D:\OpenSource\SnippetBox\frontend\tests\property\SnippetProperty.test.ts:157:7)

    [0m [90m 407 |[39m           console[33m.[39mlog([32m`Generated vector for snippet: ${snippetId}`[39m)[33m;[39m
     [90m 408 |[39m         } [36mcatch[39m (error) {
    [31m[1m>[22m[39m[90m 409 |[39m           console[33m.[39merror([32m`Failed to generate vector for snippet ${snippetId}:`[3
9m[33m,[39m error)[33m;[39m
     [90m     |[39m                   [31m[1m^[22m[39m
     [90m 410 |[39m         }
     [90m 411 |[39m       }
     [90m 412 |[39m     } [36mfinally[39m {[0m

      at SnippetManager.processVectorGenerationQueue (src/main/services/SnippetManager.ts:409:19)

    console.error
      Failed to generate vector for snippet test-snippet-id: TypeError: dbManager.getDb is not a function
          at VectorStore.initialize (D:\OpenSource\SnippetBox\frontend\src\main\services\VectorStore.ts:21:26)
          at VectorStore.addVector (D:\OpenSource\SnippetBox\frontend\src\main\services\VectorStore.ts:27:10)
          at SnippetManager.processVectorGenerationQueue (D:\OpenSource\SnippetBox\frontend\src\main\services\SnippetManager.ts:406:34)
          at SnippetManager.generateVectorForSnippet (D:\OpenSource\SnippetBox\frontend\src\main\services\SnippetManager.ts:388:10)
          at SnippetManager.updateSnippet (D:\OpenSource\SnippetBox\frontend\src\main\services\SnippetManager.ts:223:12)
          at processTicksAndRejections (node:internal/process/task_queues:105:5)
          at D:\OpenSource\SnippetBox\frontend\tests\property\SnippetProperty.test.ts:211:36
          at AsyncProperty.run (D:\OpenSource\SnippetBox\frontend\node_modules\fast-check\lib\cjs\fast-check.js:1208:19)
          at asyncRunIt (D:\OpenSource\SnippetBox\frontend\node_modules\fast-check\lib\cjs\fast-check.js:2503:15)
          at Object.<anonymous> (D:\OpenSource\SnippetBox\frontend\tests\property\SnippetProperty.test.ts:157:7)

    [0m [90m 407 |[39m           console[33m.[39mlog([32m`Generated vector for snippet: ${snippetId}`[39m)[33m;[39m
     [90m 408 |[39m         } [36mcatch[39m (error) {
    [31m[1m>[22m[39m[90m 409 |[39m           console[33m.[39merror([32m`Failed to generate vector for snippet ${snippetId}:`[3
9m[33m,[39m error)[33m;[39m
     [90m     |[39m                   [31m[1m^[22m[39m
     [90m 410 |[39m         }
     [90m 411 |[39m       }
     [90m 412 |[39m     } [36mfinally[39m {[0m

      at SnippetManager.processVectorGenerationQueue (src/main/services/SnippetManager.ts:409:19)

    console.error
      Failed to generate vector for snippet test-snippet-id: TypeError: dbManager.getDb is not a function
          at VectorStore.initialize (D:\OpenSource\SnippetBox\frontend\src\main\services\VectorStore.ts:21:26)
          at VectorStore.addVector (D:\OpenSource\SnippetBox\frontend\src\main\services\VectorStore.ts:27:10)
          at SnippetManager.processVectorGenerationQueue (D:\OpenSource\SnippetBox\frontend\src\main\services\SnippetManager.ts:406:34)
          at SnippetManager.generateVectorForSnippet (D:\OpenSource\SnippetBox\frontend\src\main\services\SnippetManager.ts:388:10)
          at SnippetManager.createSnippet (D:\OpenSource\SnippetBox\frontend\src\main\services\SnippetManager.ts:72:12)
          at processTicksAndRejections (node:internal/process/task_queues:105:5)
          at D:\OpenSource\SnippetBox\frontend\tests\property\SnippetProperty.test.ts:208:36
          at AsyncProperty.run (D:\OpenSource\SnippetBox\frontend\node_modules\fast-check\lib\cjs\fast-check.js:1208:19)
          at asyncRunIt (D:\OpenSource\SnippetBox\frontend\node_modules\fast-check\lib\cjs\fast-check.js:2503:15)
          at Object.<anonymous> (D:\OpenSource\SnippetBox\frontend\tests\property\SnippetProperty.test.ts:157:7)

    [0m [90m 407 |[39m           console[33m.[39mlog([32m`Generated vector for snippet: ${snippetId}`[39m)[33m;[39m
     [90m 408 |[39m         } [36mcatch[39m (error) {
    [31m[1m>[22m[39m[90m 409 |[39m           console[33m.[39merror([32m`Failed to generate vector for snippet ${snippetId}:`[3
9m[33m,[39m error)[33m;[39m
     [90m     |[39m                   [31m[1m^[22m[39m
     [90m 410 |[39m         }
     [90m 411 |[39m       }
     [90m 412 |[39m     } [36mfinally[39m {[0m

      at SnippetManager.processVectorGenerationQueue (src/main/services/SnippetManager.ts:409:19)

    console.error
      Failed to generate vector for snippet test-snippet-id: TypeError: dbManager.getDb is not a function
          at VectorStore.initialize (D:\OpenSource\SnippetBox\frontend\src\main\services\VectorStore.ts:21:26)
          at VectorStore.addVector (D:\OpenSource\SnippetBox\frontend\src\main\services\VectorStore.ts:27:10)
          at SnippetManager.processVectorGenerationQueue (D:\OpenSource\SnippetBox\frontend\src\main\services\SnippetManager.ts:406:34)
          at SnippetManager.generateVectorForSnippet (D:\OpenSource\SnippetBox\frontend\src\main\services\SnippetManager.ts:388:10)
          at SnippetManager.updateSnippet (D:\OpenSource\SnippetBox\frontend\src\main\services\SnippetManager.ts:223:12)
          at processTicksAndRejections (node:internal/process/task_queues:105:5)
          at D:\OpenSource\SnippetBox\frontend\tests\property\SnippetProperty.test.ts:211:36
          at AsyncProperty.run (D:\OpenSource\SnippetBox\frontend\node_modules\fast-check\lib\cjs\fast-check.js:1208:19)
          at asyncRunIt (D:\OpenSource\SnippetBox\frontend\node_modules\fast-check\lib\cjs\fast-check.js:2503:15)
          at Object.<anonymous> (D:\OpenSource\SnippetBox\frontend\tests\property\SnippetProperty.test.ts:157:7)

    [0m [90m 407 |[39m           console[33m.[39mlog([32m`Generated vector for snippet: ${snippetId}`[39m)[33m;[39m
     [90m 408 |[39m         } [36mcatch[39m (error) {
    [31m[1m>[22m[39m[90m 409 |[39m           console[33m.[39merror([32m`Failed to generate vector for snippet ${snippetId}:`[3
9m[33m,[39m error)[33m;[39m
     [90m     |[39m                   [31m[1m^[22m[39m
     [90m 410 |[39m         }
     [90m 411 |[39m       }
     [90m 412 |[39m     } [36mfinally[39m {[0m

      at SnippetManager.processVectorGenerationQueue (src/main/services/SnippetManager.ts:409:19)

    console.error
      Failed to generate vector for snippet test-snippet-id: TypeError: dbManager.getDb is not a function
          at VectorStore.initialize (D:\OpenSource\SnippetBox\frontend\src\main\services\VectorStore.ts:21:26)
          at VectorStore.addVector (D:\OpenSource\SnippetBox\frontend\src\main\services\VectorStore.ts:27:10)
          at SnippetManager.processVectorGenerationQueue (D:\OpenSource\SnippetBox\frontend\src\main\services\SnippetManager.ts:406:34)
          at SnippetManager.generateVectorForSnippet (D:\OpenSource\SnippetBox\frontend\src\main\services\SnippetManager.ts:388:10)
          at SnippetManager.createSnippet (D:\OpenSource\SnippetBox\frontend\src\main\services\SnippetManager.ts:72:12)
          at processTicksAndRejections (node:internal/process/task_queues:105:5)
          at D:\OpenSource\SnippetBox\frontend\tests\property\SnippetProperty.test.ts:208:36
          at AsyncProperty.run (D:\OpenSource\SnippetBox\frontend\node_modules\fast-check\lib\cjs\fast-check.js:1208:19)
          at asyncRunIt (D:\OpenSource\SnippetBox\frontend\node_modules\fast-check\lib\cjs\fast-check.js:2503:15)
          at Object.<anonymous> (D:\OpenSource\SnippetBox\frontend\tests\property\SnippetProperty.test.ts:157:7)

    [0m [90m 407 |[39m           console[33m.[39mlog([32m`Generated vector for snippet: ${snippetId}`[39m)[33m;[39m
     [90m 408 |[39m         } [36mcatch[39m (error) {
    [31m[1m>[22m[39m[90m 409 |[39m           console[33m.[39merror([32m`Failed to generate vector for snippet ${snippetId}:`[3
9m[33m,[39m error)[33m;[39m
     [90m     |[39m                   [31m[1m^[22m[39m
     [90m 410 |[39m         }
     [90m 411 |[39m       }
     [90m 412 |[39m     } [36mfinally[39m {[0m

      at SnippetManager.processVectorGenerationQueue (src/main/services/SnippetManager.ts:409:19)

    console.error
      Failed to generate vector for snippet test-snippet-id: TypeError: dbManager.getDb is not a function
          at VectorStore.initialize (D:\OpenSource\SnippetBox\frontend\src\main\services\VectorStore.ts:21:26)
          at VectorStore.addVector (D:\OpenSource\SnippetBox\frontend\src\main\services\VectorStore.ts:27:10)
          at SnippetManager.processVectorGenerationQueue (D:\OpenSource\SnippetBox\frontend\src\main\services\SnippetManager.ts:406:34)
          at SnippetManager.generateVectorForSnippet (D:\OpenSource\SnippetBox\frontend\src\main\services\SnippetManager.ts:388:10)
          at SnippetManager.updateSnippet (D:\OpenSource\SnippetBox\frontend\src\main\services\SnippetManager.ts:223:12)
          at processTicksAndRejections (node:internal/process/task_queues:105:5)
          at D:\OpenSource\SnippetBox\frontend\tests\property\SnippetProperty.test.ts:211:36
          at AsyncProperty.run (D:\OpenSource\SnippetBox\frontend\node_modules\fast-check\lib\cjs\fast-check.js:1208:19)
          at asyncRunIt (D:\OpenSource\SnippetBox\frontend\node_modules\fast-check\lib\cjs\fast-check.js:2503:15)
          at Object.<anonymous> (D:\OpenSource\SnippetBox\frontend\tests\property\SnippetProperty.test.ts:157:7)

    [0m [90m 407 |[39m           console[33m.[39mlog([32m`Generated vector for snippet: ${snippetId}`[39m)[33m;[39m
     [90m 408 |[39m         } [36mcatch[39m (error) {
    [31m[1m>[22m[39m[90m 409 |[39m           console[33m.[39merror([32m`Failed to generate vector for snippet ${snippetId}:`[3
9m[33m,[39m error)[33m;[39m
     [90m     |[39m                   [31m[1m^[22m[39m
     [90m 410 |[39m         }
     [90m 411 |[39m       }
     [90m 412 |[39m     } [36mfinally[39m {[0m

      at SnippetManager.processVectorGenerationQueue (src/main/services/SnippetManager.ts:409:19)

    console.error
      Failed to generate vector for snippet test-snippet-id: TypeError: dbManager.getDb is not a function
          at VectorStore.initialize (D:\OpenSource\SnippetBox\frontend\src\main\services\VectorStore.ts:21:26)
          at VectorStore.addVector (D:\OpenSource\SnippetBox\frontend\src\main\services\VectorStore.ts:27:10)
          at SnippetManager.processVectorGenerationQueue (D:\OpenSource\SnippetBox\frontend\src\main\services\SnippetManager.ts:406:34)
          at SnippetManager.generateVectorForSnippet (D:\OpenSource\SnippetBox\frontend\src\main\services\SnippetManager.ts:388:10)
          at SnippetManager.createSnippet (D:\OpenSource\SnippetBox\frontend\src\main\services\SnippetManager.ts:72:12)
          at processTicksAndRejections (node:internal/process/task_queues:105:5)
          at D:\OpenSource\SnippetBox\frontend\tests\property\SnippetProperty.test.ts:208:36
          at AsyncProperty.run (D:\OpenSource\SnippetBox\frontend\node_modules\fast-check\lib\cjs\fast-check.js:1208:19)
          at asyncRunIt (D:\OpenSource\SnippetBox\frontend\node_modules\fast-check\lib\cjs\fast-check.js:2503:15)
          at Object.<anonymous> (D:\OpenSource\SnippetBox\frontend\tests\property\SnippetProperty.test.ts:157:7)

    [0m [90m 407 |[39m           console[33m.[39mlog([32m`Generated vector for snippet: ${snippetId}`[39m)[33m;[39m
     [90m 408 |[39m         } [36mcatch[39m (error) {
    [31m[1m>[22m[39m[90m 409 |[39m           console[33m.[39merror([32m`Failed to generate vector for snippet ${snippetId}:`[3
9m[33m,[39m error)[33m;[39m
     [90m     |[39m                   [31m[1m^[22m[39m
     [90m 410 |[39m         }
     [90m 411 |[39m       }
     [90m 412 |[39m     } [36mfinally[39m {[0m

      at SnippetManager.processVectorGenerationQueue (src/main/services/SnippetManager.ts:409:19)

    console.error
      Failed to generate vector for snippet test-snippet-id: TypeError: dbManager.getDb is not a function
          at VectorStore.initialize (D:\OpenSource\SnippetBox\frontend\src\main\services\VectorStore.ts:21:26)
          at VectorStore.addVector (D:\OpenSource\SnippetBox\frontend\src\main\services\VectorStore.ts:27:10)
          at SnippetManager.processVectorGenerationQueue (D:\OpenSource\SnippetBox\frontend\src\main\services\SnippetManager.ts:406:34)
          at SnippetManager.generateVectorForSnippet (D:\OpenSource\SnippetBox\frontend\src\main\services\SnippetManager.ts:388:10)
          at SnippetManager.updateSnippet (D:\OpenSource\SnippetBox\frontend\src\main\services\SnippetManager.ts:223:12)
          at processTicksAndRejections (node:internal/process/task_queues:105:5)
          at D:\OpenSource\SnippetBox\frontend\tests\property\SnippetProperty.test.ts:211:36
          at AsyncProperty.run (D:\OpenSource\SnippetBox\frontend\node_modules\fast-check\lib\cjs\fast-check.js:1208:19)
          at asyncRunIt (D:\OpenSource\SnippetBox\frontend\node_modules\fast-check\lib\cjs\fast-check.js:2503:15)
          at Object.<anonymous> (D:\OpenSource\SnippetBox\frontend\tests\property\SnippetProperty.test.ts:157:7)

    [0m [90m 407 |[39m           console[33m.[39mlog([32m`Generated vector for snippet: ${snippetId}`[39m)[33m;[39m
     [90m 408 |[39m         } [36mcatch[39m (error) {
    [31m[1m>[22m[39m[90m 409 |[39m           console[33m.[39merror([32m`Failed to generate vector for snippet ${snippetId}:`[3
9m[33m,[39m error)[33m;[39m
     [90m     |[39m                   [31m[1m^[22m[39m
     [90m 410 |[39m         }
     [90m 411 |[39m       }
     [90m 412 |[39m     } [36mfinally[39m {[0m

      at SnippetManager.processVectorGenerationQueue (src/main/services/SnippetManager.ts:409:19)

    console.error
      Failed to generate vector for snippet test-snippet-id: TypeError: dbManager.getDb is not a function
          at VectorStore.initialize (D:\OpenSource\SnippetBox\frontend\src\main\services\VectorStore.ts:21:26)
          at VectorStore.addVector (D:\OpenSource\SnippetBox\frontend\src\main\services\VectorStore.ts:27:10)
          at SnippetManager.processVectorGenerationQueue (D:\OpenSource\SnippetBox\frontend\src\main\services\SnippetManager.ts:406:34)
          at SnippetManager.generateVectorForSnippet (D:\OpenSource\SnippetBox\frontend\src\main\services\SnippetManager.ts:388:10)
          at SnippetManager.createSnippet (D:\OpenSource\SnippetBox\frontend\src\main\services\SnippetManager.ts:72:12)
          at processTicksAndRejections (node:internal/process/task_queues:105:5)
          at D:\OpenSource\SnippetBox\frontend\tests\property\SnippetProperty.test.ts:208:36
          at AsyncProperty.run (D:\OpenSource\SnippetBox\frontend\node_modules\fast-check\lib\cjs\fast-check.js:1208:19)
          at asyncRunIt (D:\OpenSource\SnippetBox\frontend\node_modules\fast-check\lib\cjs\fast-check.js:2503:15)
          at Object.<anonymous> (D:\OpenSource\SnippetBox\frontend\tests\property\SnippetProperty.test.ts:157:7)

    [0m [90m 407 |[39m           console[33m.[39mlog([32m`Generated vector for snippet: ${snippetId}`[39m)[33m;[39m
     [90m 408 |[39m         } [36mcatch[39m (error) {
    [31m[1m>[22m[39m[90m 409 |[39m           console[33m.[39merror([32m`Failed to generate vector for snippet ${snippetId}:`[3
9m[33m,[39m error)[33m;[39m
     [90m     |[39m                   [31m[1m^[22m[39m
     [90m 410 |[39m         }
     [90m 411 |[39m       }
     [90m 412 |[39m     } [36mfinally[39m {[0m

      at SnippetManager.processVectorGenerationQueue (src/main/services/SnippetManager.ts:409:19)

    console.error
      Failed to generate vector for snippet test-snippet-id: TypeError: dbManager.getDb is not a function
          at VectorStore.initialize (D:\OpenSource\SnippetBox\frontend\src\main\services\VectorStore.ts:21:26)
          at VectorStore.addVector (D:\OpenSource\SnippetBox\frontend\src\main\services\VectorStore.ts:27:10)
          at SnippetManager.processVectorGenerationQueue (D:\OpenSource\SnippetBox\frontend\src\main\services\SnippetManager.ts:406:34)
          at SnippetManager.generateVectorForSnippet (D:\OpenSource\SnippetBox\frontend\src\main\services\SnippetManager.ts:388:10)
          at SnippetManager.updateSnippet (D:\OpenSource\SnippetBox\frontend\src\main\services\SnippetManager.ts:223:12)
          at processTicksAndRejections (node:internal/process/task_queues:105:5)
          at D:\OpenSource\SnippetBox\frontend\tests\property\SnippetProperty.test.ts:211:36
          at AsyncProperty.run (D:\OpenSource\SnippetBox\frontend\node_modules\fast-check\lib\cjs\fast-check.js:1208:19)
          at asyncRunIt (D:\OpenSource\SnippetBox\frontend\node_modules\fast-check\lib\cjs\fast-check.js:2503:15)
          at Object.<anonymous> (D:\OpenSource\SnippetBox\frontend\tests\property\SnippetProperty.test.ts:157:7)

    [0m [90m 407 |[39m           console[33m.[39mlog([32m`Generated vector for snippet: ${snippetId}`[39m)[33m;[39m
     [90m 408 |[39m         } [36mcatch[39m (error) {
    [31m[1m>[22m[39m[90m 409 |[39m           console[33m.[39merror([32m`Failed to generate vector for snippet ${snippetId}:`[3
9m[33m,[39m error)[33m;[39m
     [90m     |[39m                   [31m[1m^[22m[39m
     [90m 410 |[39m         }
     [90m 411 |[39m       }
     [90m 412 |[39m     } [36mfinally[39m {[0m

      at SnippetManager.processVectorGenerationQueue (src/main/services/SnippetManager.ts:409:19)

    console.error
      Failed to generate vector for snippet test-snippet-id: TypeError: dbManager.getDb is not a function
          at VectorStore.initialize (D:\OpenSource\SnippetBox\frontend\src\main\services\VectorStore.ts:21:26)
          at VectorStore.addVector (D:\OpenSource\SnippetBox\frontend\src\main\services\VectorStore.ts:27:10)
          at SnippetManager.processVectorGenerationQueue (D:\OpenSource\SnippetBox\frontend\src\main\services\SnippetManager.ts:406:34)
          at SnippetManager.generateVectorForSnippet (D:\OpenSource\SnippetBox\frontend\src\main\services\SnippetManager.ts:388:10)
          at SnippetManager.createSnippet (D:\OpenSource\SnippetBox\frontend\src\main\services\SnippetManager.ts:72:12)
          at processTicksAndRejections (node:internal/process/task_queues:105:5)
          at D:\OpenSource\SnippetBox\frontend\tests\property\SnippetProperty.test.ts:208:36
          at AsyncProperty.run (D:\OpenSource\SnippetBox\frontend\node_modules\fast-check\lib\cjs\fast-check.js:1208:19)
          at asyncRunIt (D:\OpenSource\SnippetBox\frontend\node_modules\fast-check\lib\cjs\fast-check.js:2503:15)
          at Object.<anonymous> (D:\OpenSource\SnippetBox\frontend\tests\property\SnippetProperty.test.ts:157:7)

    [0m [90m 407 |[39m           console[33m.[39mlog([32m`Generated vector for snippet: ${snippetId}`[39m)[33m;[39m
     [90m 408 |[39m         } [36mcatch[39m (error) {
    [31m[1m>[22m[39m[90m 409 |[39m           console[33m.[39merror([32m`Failed to generate vector for snippet ${snippetId}:`[3
9m[33m,[39m error)[33m;[39m
     [90m     |[39m                   [31m[1m^[22m[39m
     [90m 410 |[39m         }
     [90m 411 |[39m       }
     [90m 412 |[39m     } [36mfinally[39m {[0m

      at SnippetManager.processVectorGenerationQueue (src/main/services/SnippetManager.ts:409:19)

    console.error
      Failed to generate vector for snippet test-snippet-id: TypeError: dbManager.getDb is not a function
          at VectorStore.initialize (D:\OpenSource\SnippetBox\frontend\src\main\services\VectorStore.ts:21:26)
          at VectorStore.addVector (D:\OpenSource\SnippetBox\frontend\src\main\services\VectorStore.ts:27:10)
          at SnippetManager.processVectorGenerationQueue (D:\OpenSource\SnippetBox\frontend\src\main\services\SnippetManager.ts:406:34)
          at SnippetManager.generateVectorForSnippet (D:\OpenSource\SnippetBox\frontend\src\main\services\SnippetManager.ts:388:10)
          at SnippetManager.updateSnippet (D:\OpenSource\SnippetBox\frontend\src\main\services\SnippetManager.ts:223:12)
          at processTicksAndRejections (node:internal/process/task_queues:105:5)
          at D:\OpenSource\SnippetBox\frontend\tests\property\SnippetProperty.test.ts:211:36
          at AsyncProperty.run (D:\OpenSource\SnippetBox\frontend\node_modules\fast-check\lib\cjs\fast-check.js:1208:19)
          at asyncRunIt (D:\OpenSource\SnippetBox\frontend\node_modules\fast-check\lib\cjs\fast-check.js:2503:15)
          at Object.<anonymous> (D:\OpenSource\SnippetBox\frontend\tests\property\SnippetProperty.test.ts:157:7)

    [0m [90m 407 |[39m           console[33m.[39mlog([32m`Generated vector for snippet: ${snippetId}`[39m)[33m;[39m
     [90m 408 |[39m         } [36mcatch[39m (error) {
    [31m[1m>[22m[39m[90m 409 |[39m           console[33m.[39merror([32m`Failed to generate vector for snippet ${snippetId}:`[3
9m[33m,[39m error)[33m;[39m
     [90m     |[39m                   [31m[1m^[22m[39m
     [90m 410 |[39m         }
     [90m 411 |[39m       }
     [90m 412 |[39m     } [36mfinally[39m {[0m

      at SnippetManager.processVectorGenerationQueue (src/main/services/SnippetManager.ts:409:19)

    console.error
      Failed to generate vector for snippet test-snippet-id: TypeError: dbManager.getDb is not a function
          at VectorStore.initialize (D:\OpenSource\SnippetBox\frontend\src\main\services\VectorStore.ts:21:26)
          at VectorStore.addVector (D:\OpenSource\SnippetBox\frontend\src\main\services\VectorStore.ts:27:10)
          at SnippetManager.processVectorGenerationQueue (D:\OpenSource\SnippetBox\frontend\src\main\services\SnippetManager.ts:406:34)
          at SnippetManager.generateVectorForSnippet (D:\OpenSource\SnippetBox\frontend\src\main\services\SnippetManager.ts:388:10)
          at SnippetManager.createSnippet (D:\OpenSource\SnippetBox\frontend\src\main\services\SnippetManager.ts:72:12)
          at processTicksAndRejections (node:internal/process/task_queues:105:5)
          at D:\OpenSource\SnippetBox\frontend\tests\property\SnippetProperty.test.ts:208:36
          at AsyncProperty.run (D:\OpenSource\SnippetBox\frontend\node_modules\fast-check\lib\cjs\fast-check.js:1208:19)
          at asyncRunIt (D:\OpenSource\SnippetBox\frontend\node_modules\fast-check\lib\cjs\fast-check.js:2503:15)
          at Object.<anonymous> (D:\OpenSource\SnippetBox\frontend\tests\property\SnippetProperty.test.ts:157:7)

    [0m [90m 407 |[39m           console[33m.[39mlog([32m`Generated vector for snippet: ${snippetId}`[39m)[33m;[39m
     [90m 408 |[39m         } [36mcatch[39m (error) {
    [31m[1m>[22m[39m[90m 409 |[39m           console[33m.[39merror([32m`Failed to generate vector for snippet ${snippetId}:`[3
9m[33m,[39m error)[33m;[39m
     [90m     |[39m                   [31m[1m^[22m[39m
     [90m 410 |[39m         }
     [90m 411 |[39m       }
     [90m 412 |[39m     } [36mfinally[39m {[0m

      at SnippetManager.processVectorGenerationQueue (src/main/services/SnippetManager.ts:409:19)

    console.error
      Failed to generate vector for snippet test-snippet-id: TypeError: dbManager.getDb is not a function
          at VectorStore.initialize (D:\OpenSource\SnippetBox\frontend\src\main\services\VectorStore.ts:21:26)
          at VectorStore.addVector (D:\OpenSource\SnippetBox\frontend\src\main\services\VectorStore.ts:27:10)
          at SnippetManager.processVectorGenerationQueue (D:\OpenSource\SnippetBox\frontend\src\main\services\SnippetManager.ts:406:34)
          at SnippetManager.generateVectorForSnippet (D:\OpenSource\SnippetBox\frontend\src\main\services\SnippetManager.ts:388:10)
          at SnippetManager.updateSnippet (D:\OpenSource\SnippetBox\frontend\src\main\services\SnippetManager.ts:223:12)
          at processTicksAndRejections (node:internal/process/task_queues:105:5)
          at D:\OpenSource\SnippetBox\frontend\tests\property\SnippetProperty.test.ts:211:36
          at AsyncProperty.run (D:\OpenSource\SnippetBox\frontend\node_modules\fast-check\lib\cjs\fast-check.js:1208:19)
          at asyncRunIt (D:\OpenSource\SnippetBox\frontend\node_modules\fast-check\lib\cjs\fast-check.js:2503:15)
          at Object.<anonymous> (D:\OpenSource\SnippetBox\frontend\tests\property\SnippetProperty.test.ts:157:7)

    [0m [90m 407 |[39m           console[33m.[39mlog([32m`Generated vector for snippet: ${snippetId}`[39m)[33m;[39m
     [90m 408 |[39m         } [36mcatch[39m (error) {
    [31m[1m>[22m[39m[90m 409 |[39m           console[33m.[39merror([32m`Failed to generate vector for snippet ${snippetId}:`[3
9m[33m,[39m error)[33m;[39m
     [90m     |[39m                   [31m[1m^[22m[39m
     [90m 410 |[39m         }
     [90m 411 |[39m       }
     [90m 412 |[39m     } [36mfinally[39m {[0m

      at SnippetManager.processVectorGenerationQueue (src/main/services/SnippetManager.ts:409:19)

    console.error
      Failed to generate vector for snippet test-snippet-id: TypeError: dbManager.getDb is not a function
          at VectorStore.initialize (D:\OpenSource\SnippetBox\frontend\src\main\services\VectorStore.ts:21:26)
          at VectorStore.addVector (D:\OpenSource\SnippetBox\frontend\src\main\services\VectorStore.ts:27:10)
          at SnippetManager.processVectorGenerationQueue (D:\OpenSource\SnippetBox\frontend\src\main\services\SnippetManager.ts:406:34)
          at SnippetManager.generateVectorForSnippet (D:\OpenSource\SnippetBox\frontend\src\main\services\SnippetManager.ts:388:10)
          at SnippetManager.createSnippet (D:\OpenSource\SnippetBox\frontend\src\main\services\SnippetManager.ts:72:12)
          at processTicksAndRejections (node:internal/process/task_queues:105:5)
          at D:\OpenSource\SnippetBox\frontend\tests\property\SnippetProperty.test.ts:208:36
          at AsyncProperty.run (D:\OpenSource\SnippetBox\frontend\node_modules\fast-check\lib\cjs\fast-check.js:1208:19)
          at asyncRunIt (D:\OpenSource\SnippetBox\frontend\node_modules\fast-check\lib\cjs\fast-check.js:2503:15)
          at Object.<anonymous> (D:\OpenSource\SnippetBox\frontend\tests\property\SnippetProperty.test.ts:157:7)

    [0m [90m 407 |[39m           console[33m.[39mlog([32m`Generated vector for snippet: ${snippetId}`[39m)[33m;[39m
     [90m 408 |[39m         } [36mcatch[39m (error) {
    [31m[1m>[22m[39m[90m 409 |[39m           console[33m.[39merror([32m`Failed to generate vector for snippet ${snippetId}:`[3
9m[33m,[39m error)[33m;[39m
     [90m     |[39m                   [31m[1m^[22m[39m
     [90m 410 |[39m         }
     [90m 411 |[39m       }
     [90m 412 |[39m     } [36mfinally[39m {[0m

      at SnippetManager.processVectorGenerationQueue (src/main/services/SnippetManager.ts:409:19)

    console.error
      Failed to generate vector for snippet test-snippet-id: TypeError: dbManager.getDb is not a function
          at VectorStore.initialize (D:\OpenSource\SnippetBox\frontend\src\main\services\VectorStore.ts:21:26)
          at VectorStore.addVector (D:\OpenSource\SnippetBox\frontend\src\main\services\VectorStore.ts:27:10)
          at SnippetManager.processVectorGenerationQueue (D:\OpenSource\SnippetBox\frontend\src\main\services\SnippetManager.ts:406:34)
          at SnippetManager.generateVectorForSnippet (D:\OpenSource\SnippetBox\frontend\src\main\services\SnippetManager.ts:388:10)
          at SnippetManager.updateSnippet (D:\OpenSource\SnippetBox\frontend\src\main\services\SnippetManager.ts:223:12)
          at processTicksAndRejections (node:internal/process/task_queues:105:5)
          at D:\OpenSource\SnippetBox\frontend\tests\property\SnippetProperty.test.ts:211:36
          at AsyncProperty.run (D:\OpenSource\SnippetBox\frontend\node_modules\fast-check\lib\cjs\fast-check.js:1208:19)
          at asyncRunIt (D:\OpenSource\SnippetBox\frontend\node_modules\fast-check\lib\cjs\fast-check.js:2503:15)
          at Object.<anonymous> (D:\OpenSource\SnippetBox\frontend\tests\property\SnippetProperty.test.ts:157:7)

    [0m [90m 407 |[39m           console[33m.[39mlog([32m`Generated vector for snippet: ${snippetId}`[39m)[33m;[39m
     [90m 408 |[39m         } [36mcatch[39m (error) {
    [31m[1m>[22m[39m[90m 409 |[39m           console[33m.[39merror([32m`Failed to generate vector for snippet ${snippetId}:`[3
9m[33m,[39m error)[33m;[39m
     [90m     |[39m                   [31m[1m^[22m[39m
     [90m 410 |[39m         }
     [90m 411 |[39m       }
     [90m 412 |[39m     } [36mfinally[39m {[0m

      at SnippetManager.processVectorGenerationQueue (src/main/services/SnippetManager.ts:409:19)

    console.error
      Failed to generate vector for snippet test-snippet-id: TypeError: dbManager.getDb is not a function
          at VectorStore.initialize (D:\OpenSource\SnippetBox\frontend\src\main\services\VectorStore.ts:21:26)
          at VectorStore.addVector (D:\OpenSource\SnippetBox\frontend\src\main\services\VectorStore.ts:27:10)
          at SnippetManager.processVectorGenerationQueue (D:\OpenSource\SnippetBox\frontend\src\main\services\SnippetManager.ts:406:34)
          at SnippetManager.generateVectorForSnippet (D:\OpenSource\SnippetBox\frontend\src\main\services\SnippetManager.ts:388:10)
          at SnippetManager.createSnippet (D:\OpenSource\SnippetBox\frontend\src\main\services\SnippetManager.ts:72:12)
          at processTicksAndRejections (node:internal/process/task_queues:105:5)
          at D:\OpenSource\SnippetBox\frontend\tests\property\SnippetProperty.test.ts:208:36
          at AsyncProperty.run (D:\OpenSource\SnippetBox\frontend\node_modules\fast-check\lib\cjs\fast-check.js:1208:19)
          at asyncRunIt (D:\OpenSource\SnippetBox\frontend\node_modules\fast-check\lib\cjs\fast-check.js:2503:15)
          at Object.<anonymous> (D:\OpenSource\SnippetBox\frontend\tests\property\SnippetProperty.test.ts:157:7)

    [0m [90m 407 |[39m           console[33m.[39mlog([32m`Generated vector for snippet: ${snippetId}`[39m)[33m;[39m
     [90m 408 |[39m         } [36mcatch[39m (error) {
    [31m[1m>[22m[39m[90m 409 |[39m           console[33m.[39merror([32m`Failed to generate vector for snippet ${snippetId}:`[3
9m[33m,[39m error)[33m;[39m
     [90m     |[39m                   [31m[1m^[22m[39m
     [90m 410 |[39m         }
     [90m 411 |[39m       }
     [90m 412 |[39m     } [36mfinally[39m {[0m

      at SnippetManager.processVectorGenerationQueue (src/main/services/SnippetManager.ts:409:19)

    console.error
      Failed to generate vector for snippet test-snippet-id: TypeError: dbManager.getDb is not a function
          at VectorStore.initialize (D:\OpenSource\SnippetBox\frontend\src\main\services\VectorStore.ts:21:26)
          at VectorStore.addVector (D:\OpenSource\SnippetBox\frontend\src\main\services\VectorStore.ts:27:10)
          at SnippetManager.processVectorGenerationQueue (D:\OpenSource\SnippetBox\frontend\src\main\services\SnippetManager.ts:406:34)
          at SnippetManager.generateVectorForSnippet (D:\OpenSource\SnippetBox\frontend\src\main\services\SnippetManager.ts:388:10)
          at SnippetManager.updateSnippet (D:\OpenSource\SnippetBox\frontend\src\main\services\SnippetManager.ts:223:12)
          at processTicksAndRejections (node:internal/process/task_queues:105:5)
          at D:\OpenSource\SnippetBox\frontend\tests\property\SnippetProperty.test.ts:211:36
          at AsyncProperty.run (D:\OpenSource\SnippetBox\frontend\node_modules\fast-check\lib\cjs\fast-check.js:1208:19)
          at asyncRunIt (D:\OpenSource\SnippetBox\frontend\node_modules\fast-check\lib\cjs\fast-check.js:2503:15)
          at Object.<anonymous> (D:\OpenSource\SnippetBox\frontend\tests\property\SnippetProperty.test.ts:157:7)

    [0m [90m 407 |[39m           console[33m.[39mlog([32m`Generated vector for snippet: ${snippetId}`[39m)[33m;[39m
     [90m 408 |[39m         } [36mcatch[39m (error) {
    [31m[1m>[22m[39m[90m 409 |[39m           console[33m.[39merror([32m`Failed to generate vector for snippet ${snippetId}:`[3
9m[33m,[39m error)[33m;[39m
     [90m     |[39m                   [31m[1m^[22m[39m
     [90m 410 |[39m         }
     [90m 411 |[39m       }
     [90m 412 |[39m     } [36mfinally[39m {[0m

      at SnippetManager.processVectorGenerationQueue (src/main/services/SnippetManager.ts:409:19)

    console.error
      Failed to generate vector for snippet test-snippet-id: TypeError: dbManager.getDb is not a function
          at VectorStore.initialize (D:\OpenSource\SnippetBox\frontend\src\main\services\VectorStore.ts:21:26)
          at VectorStore.addVector (D:\OpenSource\SnippetBox\frontend\src\main\services\VectorStore.ts:27:10)
          at SnippetManager.processVectorGenerationQueue (D:\OpenSource\SnippetBox\frontend\src\main\services\SnippetManager.ts:406:34)
          at SnippetManager.generateVectorForSnippet (D:\OpenSource\SnippetBox\frontend\src\main\services\SnippetManager.ts:388:10)
          at SnippetManager.createSnippet (D:\OpenSource\SnippetBox\frontend\src\main\services\SnippetManager.ts:72:12)
          at processTicksAndRejections (node:internal/process/task_queues:105:5)
          at D:\OpenSource\SnippetBox\frontend\tests\property\SnippetProperty.test.ts:208:36
          at AsyncProperty.run (D:\OpenSource\SnippetBox\frontend\node_modules\fast-check\lib\cjs\fast-check.js:1208:19)
          at asyncRunIt (D:\OpenSource\SnippetBox\frontend\node_modules\fast-check\lib\cjs\fast-check.js:2503:15)
          at Object.<anonymous> (D:\OpenSource\SnippetBox\frontend\tests\property\SnippetProperty.test.ts:157:7)

    [0m [90m 407 |[39m           console[33m.[39mlog([32m`Generated vector for snippet: ${snippetId}`[39m)[33m;[39m
     [90m 408 |[39m         } [36mcatch[39m (error) {
    [31m[1m>[22m[39m[90m 409 |[39m           console[33m.[39merror([32m`Failed to generate vector for snippet ${snippetId}:`[3
9m[33m,[39m error)[33m;[39m
     [90m     |[39m                   [31m[1m^[22m[39m
     [90m 410 |[39m         }
     [90m 411 |[39m       }
     [90m 412 |[39m     } [36mfinally[39m {[0m

      at SnippetManager.processVectorGenerationQueue (src/main/services/SnippetManager.ts:409:19)

    console.error
      Failed to generate vector for snippet test-snippet-id: TypeError: dbManager.getDb is not a function
          at VectorStore.initialize (D:\OpenSource\SnippetBox\frontend\src\main\services\VectorStore.ts:21:26)
          at VectorStore.addVector (D:\OpenSource\SnippetBox\frontend\src\main\services\VectorStore.ts:27:10)
          at SnippetManager.processVectorGenerationQueue (D:\OpenSource\SnippetBox\frontend\src\main\services\SnippetManager.ts:406:34)
          at SnippetManager.generateVectorForSnippet (D:\OpenSource\SnippetBox\frontend\src\main\services\SnippetManager.ts:388:10)
          at SnippetManager.updateSnippet (D:\OpenSource\SnippetBox\frontend\src\main\services\SnippetManager.ts:223:12)
          at processTicksAndRejections (node:internal/process/task_queues:105:5)
          at D:\OpenSource\SnippetBox\frontend\tests\property\SnippetProperty.test.ts:211:36
          at AsyncProperty.run (D:\OpenSource\SnippetBox\frontend\node_modules\fast-check\lib\cjs\fast-check.js:1208:19)
          at asyncRunIt (D:\OpenSource\SnippetBox\frontend\node_modules\fast-check\lib\cjs\fast-check.js:2503:15)
          at Object.<anonymous> (D:\OpenSource\SnippetBox\frontend\tests\property\SnippetProperty.test.ts:157:7)

    [0m [90m 407 |[39m           console[33m.[39mlog([32m`Generated vector for snippet: ${snippetId}`[39m)[33m;[39m
     [90m 408 |[39m         } [36mcatch[39m (error) {
    [31m[1m>[22m[39m[90m 409 |[39m           console[33m.[39merror([32m`Failed to generate vector for snippet ${snippetId}:`[3
9m[33m,[39m error)[33m;[39m
     [90m     |[39m                   [31m[1m^[22m[39m
     [90m 410 |[39m         }
     [90m 411 |[39m       }
     [90m 412 |[39m     } [36mfinally[39m {[0m

      at SnippetManager.processVectorGenerationQueue (src/main/services/SnippetManager.ts:409:19)

    console.error
      Failed to generate vector for snippet test-snippet-id: TypeError: dbManager.getDb is not a function
          at VectorStore.initialize (D:\OpenSource\SnippetBox\frontend\src\main\services\VectorStore.ts:21:26)
          at VectorStore.addVector (D:\OpenSource\SnippetBox\frontend\src\main\services\VectorStore.ts:27:10)
          at SnippetManager.processVectorGenerationQueue (D:\OpenSource\SnippetBox\frontend\src\main\services\SnippetManager.ts:406:34)
          at SnippetManager.generateVectorForSnippet (D:\OpenSource\SnippetBox\frontend\src\main\services\SnippetManager.ts:388:10)
          at SnippetManager.createSnippet (D:\OpenSource\SnippetBox\frontend\src\main\services\SnippetManager.ts:72:12)
          at processTicksAndRejections (node:internal/process/task_queues:105:5)
          at D:\OpenSource\SnippetBox\frontend\tests\property\SnippetProperty.test.ts:208:36
          at AsyncProperty.run (D:\OpenSource\SnippetBox\frontend\node_modules\fast-check\lib\cjs\fast-check.js:1208:19)
          at asyncRunIt (D:\OpenSource\SnippetBox\frontend\node_modules\fast-check\lib\cjs\fast-check.js:2503:15)
          at Object.<anonymous> (D:\OpenSource\SnippetBox\frontend\tests\property\SnippetProperty.test.ts:157:7)

    [0m [90m 407 |[39m           console[33m.[39mlog([32m`Generated vector for snippet: ${snippetId}`[39m)[33m;[39m
     [90m 408 |[39m         } [36mcatch[39m (error) {
    [31m[1m>[22m[39m[90m 409 |[39m           console[33m.[39merror([32m`Failed to generate vector for snippet ${snippetId}:`[3
9m[33m,[39m error)[33m;[39m
     [90m     |[39m                   [31m[1m^[22m[39m
     [90m 410 |[39m         }
     [90m 411 |[39m       }
     [90m 412 |[39m     } [36mfinally[39m {[0m

      at SnippetManager.processVectorGenerationQueue (src/main/services/SnippetManager.ts:409:19)

    console.error
      Failed to generate vector for snippet test-snippet-id: TypeError: dbManager.getDb is not a function
          at VectorStore.initialize (D:\OpenSource\SnippetBox\frontend\src\main\services\VectorStore.ts:21:26)
          at VectorStore.addVector (D:\OpenSource\SnippetBox\frontend\src\main\services\VectorStore.ts:27:10)
          at SnippetManager.processVectorGenerationQueue (D:\OpenSource\SnippetBox\frontend\src\main\services\SnippetManager.ts:406:34)
          at SnippetManager.generateVectorForSnippet (D:\OpenSource\SnippetBox\frontend\src\main\services\SnippetManager.ts:388:10)
          at SnippetManager.updateSnippet (D:\OpenSource\SnippetBox\frontend\src\main\services\SnippetManager.ts:223:12)
          at processTicksAndRejections (node:internal/process/task_queues:105:5)
          at D:\OpenSource\SnippetBox\frontend\tests\property\SnippetProperty.test.ts:211:36
          at AsyncProperty.run (D:\OpenSource\SnippetBox\frontend\node_modules\fast-check\lib\cjs\fast-check.js:1208:19)
          at asyncRunIt (D:\OpenSource\SnippetBox\frontend\node_modules\fast-check\lib\cjs\fast-check.js:2503:15)
          at Object.<anonymous> (D:\OpenSource\SnippetBox\frontend\tests\property\SnippetProperty.test.ts:157:7)

    [0m [90m 407 |[39m           console[33m.[39mlog([32m`Generated vector for snippet: ${snippetId}`[39m)[33m;[39m
     [90m 408 |[39m         } [36mcatch[39m (error) {
    [31m[1m>[22m[39m[90m 409 |[39m           console[33m.[39merror([32m`Failed to generate vector for snippet ${snippetId}:`[3
9m[33m,[39m error)[33m;[39m
     [90m     |[39m                   [31m[1m^[22m[39m
     [90m 410 |[39m         }
     [90m 411 |[39m       }
     [90m 412 |[39m     } [36mfinally[39m {[0m

      at SnippetManager.processVectorGenerationQueue (src/main/services/SnippetManager.ts:409:19)

    console.error
      Failed to generate vector for snippet test-snippet-id: TypeError: dbManager.getDb is not a function
          at VectorStore.initialize (D:\OpenSource\SnippetBox\frontend\src\main\services\VectorStore.ts:21:26)
          at VectorStore.addVector (D:\OpenSource\SnippetBox\frontend\src\main\services\VectorStore.ts:27:10)
          at SnippetManager.processVectorGenerationQueue (D:\OpenSource\SnippetBox\frontend\src\main\services\SnippetManager.ts:406:34)
          at SnippetManager.generateVectorForSnippet (D:\OpenSource\SnippetBox\frontend\src\main\services\SnippetManager.ts:388:10)
          at SnippetManager.createSnippet (D:\OpenSource\SnippetBox\frontend\src\main\services\SnippetManager.ts:72:12)
          at processTicksAndRejections (node:internal/process/task_queues:105:5)
          at D:\OpenSource\SnippetBox\frontend\tests\property\SnippetProperty.test.ts:208:36
          at AsyncProperty.run (D:\OpenSource\SnippetBox\frontend\node_modules\fast-check\lib\cjs\fast-check.js:1208:19)
          at asyncRunIt (D:\OpenSource\SnippetBox\frontend\node_modules\fast-check\lib\cjs\fast-check.js:2503:15)
          at Object.<anonymous> (D:\OpenSource\SnippetBox\frontend\tests\property\SnippetProperty.test.ts:157:7)

    [0m [90m 407 |[39m           console[33m.[39mlog([32m`Generated vector for snippet: ${snippetId}`[39m)[33m;[39m
     [90m 408 |[39m         } [36mcatch[39m (error) {
    [31m[1m>[22m[39m[90m 409 |[39m           console[33m.[39merror([32m`Failed to generate vector for snippet ${snippetId}:`[3
9m[33m,[39m error)[33m;[39m
     [90m     |[39m                   [31m[1m^[22m[39m
     [90m 410 |[39m         }
     [90m 411 |[39m       }
     [90m 412 |[39m     } [36mfinally[39m {[0m

      at SnippetManager.processVectorGenerationQueue (src/main/services/SnippetManager.ts:409:19)

    console.error
      Failed to generate vector for snippet test-snippet-id: TypeError: dbManager.getDb is not a function
          at VectorStore.initialize (D:\OpenSource\SnippetBox\frontend\src\main\services\VectorStore.ts:21:26)
          at VectorStore.addVector (D:\OpenSource\SnippetBox\frontend\src\main\services\VectorStore.ts:27:10)
          at SnippetManager.processVectorGenerationQueue (D:\OpenSource\SnippetBox\frontend\src\main\services\SnippetManager.ts:406:34)
          at SnippetManager.generateVectorForSnippet (D:\OpenSource\SnippetBox\frontend\src\main\services\SnippetManager.ts:388:10)
          at SnippetManager.updateSnippet (D:\OpenSource\SnippetBox\frontend\src\main\services\SnippetManager.ts:223:12)
          at processTicksAndRejections (node:internal/process/task_queues:105:5)
          at D:\OpenSource\SnippetBox\frontend\tests\property\SnippetProperty.test.ts:211:36
          at AsyncProperty.run (D:\OpenSource\SnippetBox\frontend\node_modules\fast-check\lib\cjs\fast-check.js:1208:19)
          at asyncRunIt (D:\OpenSource\SnippetBox\frontend\node_modules\fast-check\lib\cjs\fast-check.js:2503:15)
          at Object.<anonymous> (D:\OpenSource\SnippetBox\frontend\tests\property\SnippetProperty.test.ts:157:7)

    [0m [90m 407 |[39m           console[33m.[39mlog([32m`Generated vector for snippet: ${snippetId}`[39m)[33m;[39m
     [90m 408 |[39m         } [36mcatch[39m (error) {
    [31m[1m>[22m[39m[90m 409 |[39m           console[33m.[39merror([32m`Failed to generate vector for snippet ${snippetId}:`[3
9m[33m,[39m error)[33m;[39m
     [90m     |[39m                   [31m[1m^[22m[39m
     [90m 410 |[39m         }
     [90m 411 |[39m       }
     [90m 412 |[39m     } [36mfinally[39m {[0m

      at SnippetManager.processVectorGenerationQueue (src/main/services/SnippetManager.ts:409:19)

    console.error
      Failed to generate vector for snippet test-snippet-id: TypeError: dbManager.getDb is not a function
          at VectorStore.initialize (D:\OpenSource\SnippetBox\frontend\src\main\services\VectorStore.ts:21:26)
          at VectorStore.addVector (D:\OpenSource\SnippetBox\frontend\src\main\services\VectorStore.ts:27:10)
          at SnippetManager.processVectorGenerationQueue (D:\OpenSource\SnippetBox\frontend\src\main\services\SnippetManager.ts:406:34)
          at SnippetManager.generateVectorForSnippet (D:\OpenSource\SnippetBox\frontend\src\main\services\SnippetManager.ts:388:10)
          at SnippetManager.createSnippet (D:\OpenSource\SnippetBox\frontend\src\main\services\SnippetManager.ts:72:12)
          at processTicksAndRejections (node:internal/process/task_queues:105:5)
          at D:\OpenSource\SnippetBox\frontend\tests\property\SnippetProperty.test.ts:208:36
          at AsyncProperty.run (D:\OpenSource\SnippetBox\frontend\node_modules\fast-check\lib\cjs\fast-check.js:1208:19)
          at asyncRunIt (D:\OpenSource\SnippetBox\frontend\node_modules\fast-check\lib\cjs\fast-check.js:2503:15)
          at Object.<anonymous> (D:\OpenSource\SnippetBox\frontend\tests\property\SnippetProperty.test.ts:157:7)

    [0m [90m 407 |[39m           console[33m.[39mlog([32m`Generated vector for snippet: ${snippetId}`[39m)[33m;[39m
     [90m 408 |[39m         } [36mcatch[39m (error) {
    [31m[1m>[22m[39m[90m 409 |[39m           console[33m.[39merror([32m`Failed to generate vector for snippet ${snippetId}:`[3
9m[33m,[39m error)[33m;[39m
     [90m     |[39m                   [31m[1m^[22m[39m
     [90m 410 |[39m         }
     [90m 411 |[39m       }
     [90m 412 |[39m     } [36mfinally[39m {[0m

      at SnippetManager.processVectorGenerationQueue (src/main/services/SnippetManager.ts:409:19)

    console.error
      Failed to generate vector for snippet test-snippet-id: TypeError: dbManager.getDb is not a function
          at VectorStore.initialize (D:\OpenSource\SnippetBox\frontend\src\main\services\VectorStore.ts:21:26)
          at VectorStore.addVector (D:\OpenSource\SnippetBox\frontend\src\main\services\VectorStore.ts:27:10)
          at SnippetManager.processVectorGenerationQueue (D:\OpenSource\SnippetBox\frontend\src\main\services\SnippetManager.ts:406:34)
          at SnippetManager.generateVectorForSnippet (D:\OpenSource\SnippetBox\frontend\src\main\services\SnippetManager.ts:388:10)
          at SnippetManager.updateSnippet (D:\OpenSource\SnippetBox\frontend\src\main\services\SnippetManager.ts:223:12)
          at processTicksAndRejections (node:internal/process/task_queues:105:5)
          at D:\OpenSource\SnippetBox\frontend\tests\property\SnippetProperty.test.ts:211:36
          at AsyncProperty.run (D:\OpenSource\SnippetBox\frontend\node_modules\fast-check\lib\cjs\fast-check.js:1208:19)
          at asyncRunIt (D:\OpenSource\SnippetBox\frontend\node_modules\fast-check\lib\cjs\fast-check.js:2503:15)
          at Object.<anonymous> (D:\OpenSource\SnippetBox\frontend\tests\property\SnippetProperty.test.ts:157:7)

    [0m [90m 407 |[39m           console[33m.[39mlog([32m`Generated vector for snippet: ${snippetId}`[39m)[33m;[39m
     [90m 408 |[39m         } [36mcatch[39m (error) {
    [31m[1m>[22m[39m[90m 409 |[39m           console[33m.[39merror([32m`Failed to generate vector for snippet ${snippetId}:`[3
9m[33m,[39m error)[33m;[39m
     [90m     |[39m                   [31m[1m^[22m[39m
     [90m 410 |[39m         }
     [90m 411 |[39m       }
     [90m 412 |[39m     } [36mfinally[39m {[0m

      at SnippetManager.processVectorGenerationQueue (src/main/services/SnippetManager.ts:409:19)

    console.error
      Failed to generate vector for snippet test-snippet-id: TypeError: dbManager.getDb is not a function
          at VectorStore.initialize (D:\OpenSource\SnippetBox\frontend\src\main\services\VectorStore.ts:21:26)
          at VectorStore.addVector (D:\OpenSource\SnippetBox\frontend\src\main\services\VectorStore.ts:27:10)
          at SnippetManager.processVectorGenerationQueue (D:\OpenSource\SnippetBox\frontend\src\main\services\SnippetManager.ts:406:34)
          at SnippetManager.generateVectorForSnippet (D:\OpenSource\SnippetBox\frontend\src\main\services\SnippetManager.ts:388:10)
          at SnippetManager.createSnippet (D:\OpenSource\SnippetBox\frontend\src\main\services\SnippetManager.ts:72:12)
          at processTicksAndRejections (node:internal/process/task_queues:105:5)
          at D:\OpenSource\SnippetBox\frontend\tests\property\SnippetProperty.test.ts:208:36
          at AsyncProperty.run (D:\OpenSource\SnippetBox\frontend\node_modules\fast-check\lib\cjs\fast-check.js:1208:19)
          at asyncRunIt (D:\OpenSource\SnippetBox\frontend\node_modules\fast-check\lib\cjs\fast-check.js:2503:15)
          at Object.<anonymous> (D:\OpenSource\SnippetBox\frontend\tests\property\SnippetProperty.test.ts:157:7)

    [0m [90m 407 |[39m           console[33m.[39mlog([32m`Generated vector for snippet: ${snippetId}`[39m)[33m;[39m
     [90m 408 |[39m         } [36mcatch[39m (error) {
    [31m[1m>[22m[39m[90m 409 |[39m           console[33m.[39merror([32m`Failed to generate vector for snippet ${snippetId}:`[3
9m[33m,[39m error)[33m;[39m
     [90m     |[39m                   [31m[1m^[22m[39m
     [90m 410 |[39m         }
     [90m 411 |[39m       }
     [90m 412 |[39m     } [36mfinally[39m {[0m

      at SnippetManager.processVectorGenerationQueue (src/main/services/SnippetManager.ts:409:19)

    console.error
      Failed to generate vector for snippet test-snippet-id: TypeError: dbManager.getDb is not a function
          at VectorStore.initialize (D:\OpenSource\SnippetBox\frontend\src\main\services\VectorStore.ts:21:26)
          at VectorStore.addVector (D:\OpenSource\SnippetBox\frontend\src\main\services\VectorStore.ts:27:10)
          at SnippetManager.processVectorGenerationQueue (D:\OpenSource\SnippetBox\frontend\src\main\services\SnippetManager.ts:406:34)
          at SnippetManager.generateVectorForSnippet (D:\OpenSource\SnippetBox\frontend\src\main\services\SnippetManager.ts:388:10)
          at SnippetManager.updateSnippet (D:\OpenSource\SnippetBox\frontend\src\main\services\SnippetManager.ts:223:12)
          at processTicksAndRejections (node:internal/process/task_queues:105:5)
          at D:\OpenSource\SnippetBox\frontend\tests\property\SnippetProperty.test.ts:211:36
          at AsyncProperty.run (D:\OpenSource\SnippetBox\frontend\node_modules\fast-check\lib\cjs\fast-check.js:1208:19)
          at asyncRunIt (D:\OpenSource\SnippetBox\frontend\node_modules\fast-check\lib\cjs\fast-check.js:2503:15)
          at Object.<anonymous> (D:\OpenSource\SnippetBox\frontend\tests\property\SnippetProperty.test.ts:157:7)

    [0m [90m 407 |[39m           console[33m.[39mlog([32m`Generated vector for snippet: ${snippetId}`[39m)[33m;[39m
     [90m 408 |[39m         } [36mcatch[39m (error) {
    [31m[1m>[22m[39m[90m 409 |[39m           console[33m.[39merror([32m`Failed to generate vector for snippet ${snippetId}:`[3
9m[33m,[39m error)[33m;[39m
     [90m     |[39m                   [31m[1m^[22m[39m
     [90m 410 |[39m         }
     [90m 411 |[39m       }
     [90m 412 |[39m     } [36mfinally[39m {[0m

      at SnippetManager.processVectorGenerationQueue (src/main/services/SnippetManager.ts:409:19)

    console.error
      Failed to generate vector for snippet test-snippet-id: TypeError: dbManager.getDb is not a function
          at VectorStore.initialize (D:\OpenSource\SnippetBox\frontend\src\main\services\VectorStore.ts:21:26)
          at VectorStore.addVector (D:\OpenSource\SnippetBox\frontend\src\main\services\VectorStore.ts:27:10)
          at SnippetManager.processVectorGenerationQueue (D:\OpenSource\SnippetBox\frontend\src\main\services\SnippetManager.ts:406:34)
          at SnippetManager.generateVectorForSnippet (D:\OpenSource\SnippetBox\frontend\src\main\services\SnippetManager.ts:388:10)
          at SnippetManager.createSnippet (D:\OpenSource\SnippetBox\frontend\src\main\services\SnippetManager.ts:72:12)
          at processTicksAndRejections (node:internal/process/task_queues:105:5)
          at D:\OpenSource\SnippetBox\frontend\tests\property\SnippetProperty.test.ts:208:36
          at AsyncProperty.run (D:\OpenSource\SnippetBox\frontend\node_modules\fast-check\lib\cjs\fast-check.js:1208:19)
          at asyncRunIt (D:\OpenSource\SnippetBox\frontend\node_modules\fast-check\lib\cjs\fast-check.js:2503:15)
          at Object.<anonymous> (D:\OpenSource\SnippetBox\frontend\tests\property\SnippetProperty.test.ts:157:7)

    [0m [90m 407 |[39m           console[33m.[39mlog([32m`Generated vector for snippet: ${snippetId}`[39m)[33m;[39m
     [90m 408 |[39m         } [36mcatch[39m (error) {
    [31m[1m>[22m[39m[90m 409 |[39m           console[33m.[39merror([32m`Failed to generate vector for snippet ${snippetId}:`[3
9m[33m,[39m error)[33m;[39m
     [90m     |[39m                   [31m[1m^[22m[39m
     [90m 410 |[39m         }
     [90m 411 |[39m       }
     [90m 412 |[39m     } [36mfinally[39m {[0m

      at SnippetManager.processVectorGenerationQueue (src/main/services/SnippetManager.ts:409:19)

    console.error
      Failed to generate vector for snippet test-snippet-id: TypeError: dbManager.getDb is not a function
          at VectorStore.initialize (D:\OpenSource\SnippetBox\frontend\src\main\services\VectorStore.ts:21:26)
          at VectorStore.addVector (D:\OpenSource\SnippetBox\frontend\src\main\services\VectorStore.ts:27:10)
          at SnippetManager.processVectorGenerationQueue (D:\OpenSource\SnippetBox\frontend\src\main\services\SnippetManager.ts:406:34)
          at SnippetManager.generateVectorForSnippet (D:\OpenSource\SnippetBox\frontend\src\main\services\SnippetManager.ts:388:10)
          at SnippetManager.updateSnippet (D:\OpenSource\SnippetBox\frontend\src\main\services\SnippetManager.ts:223:12)
          at processTicksAndRejections (node:internal/process/task_queues:105:5)
          at D:\OpenSource\SnippetBox\frontend\tests\property\SnippetProperty.test.ts:211:36
          at AsyncProperty.run (D:\OpenSource\SnippetBox\frontend\node_modules\fast-check\lib\cjs\fast-check.js:1208:19)
          at asyncRunIt (D:\OpenSource\SnippetBox\frontend\node_modules\fast-check\lib\cjs\fast-check.js:2503:15)
          at Object.<anonymous> (D:\OpenSource\SnippetBox\frontend\tests\property\SnippetProperty.test.ts:157:7)

    [0m [90m 407 |[39m           console[33m.[39mlog([32m`Generated vector for snippet: ${snippetId}`[39m)[33m;[39m
     [90m 408 |[39m         } [36mcatch[39m (error) {
    [31m[1m>[22m[39m[90m 409 |[39m           console[33m.[39merror([32m`Failed to generate vector for snippet ${snippetId}:`[3
9m[33m,[39m error)[33m;[39m
     [90m     |[39m                   [31m[1m^[22m[39m
     [90m 410 |[39m         }
     [90m 411 |[39m       }
     [90m 412 |[39m     } [36mfinally[39m {[0m

      at SnippetManager.processVectorGenerationQueue (src/main/services/SnippetManager.ts:409:19)

    console.error
      Failed to generate vector for snippet test-snippet-id: TypeError: dbManager.getDb is not a function
          at VectorStore.initialize (D:\OpenSource\SnippetBox\frontend\src\main\services\VectorStore.ts:21:26)
          at VectorStore.addVector (D:\OpenSource\SnippetBox\frontend\src\main\services\VectorStore.ts:27:10)
          at SnippetManager.processVectorGenerationQueue (D:\OpenSource\SnippetBox\frontend\src\main\services\SnippetManager.ts:406:34)
          at SnippetManager.generateVectorForSnippet (D:\OpenSource\SnippetBox\frontend\src\main\services\SnippetManager.ts:388:10)
          at SnippetManager.createSnippet (D:\OpenSource\SnippetBox\frontend\src\main\services\SnippetManager.ts:72:12)
          at processTicksAndRejections (node:internal/process/task_queues:105:5)
          at D:\OpenSource\SnippetBox\frontend\tests\property\SnippetProperty.test.ts:208:36
          at AsyncProperty.run (D:\OpenSource\SnippetBox\frontend\node_modules\fast-check\lib\cjs\fast-check.js:1208:19)
          at asyncRunIt (D:\OpenSource\SnippetBox\frontend\node_modules\fast-check\lib\cjs\fast-check.js:2503:15)
          at Object.<anonymous> (D:\OpenSource\SnippetBox\frontend\tests\property\SnippetProperty.test.ts:157:7)

    [0m [90m 407 |[39m           console[33m.[39mlog([32m`Generated vector for snippet: ${snippetId}`[39m)[33m;[39m
     [90m 408 |[39m         } [36mcatch[39m (error) {
    [31m[1m>[22m[39m[90m 409 |[39m           console[33m.[39merror([32m`Failed to generate vector for snippet ${snippetId}:`[3
9m[33m,[39m error)[33m;[39m
     [90m     |[39m                   [31m[1m^[22m[39m
     [90m 410 |[39m         }
     [90m 411 |[39m       }
     [90m 412 |[39m     } [36mfinally[39m {[0m

      at SnippetManager.processVectorGenerationQueue (src/main/services/SnippetManager.ts:409:19)

    console.error
      Failed to generate vector for snippet test-snippet-id: TypeError: dbManager.getDb is not a function
          at VectorStore.initialize (D:\OpenSource\SnippetBox\frontend\src\main\services\VectorStore.ts:21:26)
          at VectorStore.addVector (D:\OpenSource\SnippetBox\frontend\src\main\services\VectorStore.ts:27:10)
          at SnippetManager.processVectorGenerationQueue (D:\OpenSource\SnippetBox\frontend\src\main\services\SnippetManager.ts:406:34)
          at SnippetManager.generateVectorForSnippet (D:\OpenSource\SnippetBox\frontend\src\main\services\SnippetManager.ts:388:10)
          at SnippetManager.updateSnippet (D:\OpenSource\SnippetBox\frontend\src\main\services\SnippetManager.ts:223:12)
          at processTicksAndRejections (node:internal/process/task_queues:105:5)
          at D:\OpenSource\SnippetBox\frontend\tests\property\SnippetProperty.test.ts:211:36
          at AsyncProperty.run (D:\OpenSource\SnippetBox\frontend\node_modules\fast-check\lib\cjs\fast-check.js:1208:19)
          at asyncRunIt (D:\OpenSource\SnippetBox\frontend\node_modules\fast-check\lib\cjs\fast-check.js:2503:15)
          at Object.<anonymous> (D:\OpenSource\SnippetBox\frontend\tests\property\SnippetProperty.test.ts:157:7)

    [0m [90m 407 |[39m           console[33m.[39mlog([32m`Generated vector for snippet: ${snippetId}`[39m)[33m;[39m
     [90m 408 |[39m         } [36mcatch[39m (error) {
    [31m[1m>[22m[39m[90m 409 |[39m           console[33m.[39merror([32m`Failed to generate vector for snippet ${snippetId}:`[3
9m[33m,[39m error)[33m;[39m
     [90m     |[39m                   [31m[1m^[22m[39m
     [90m 410 |[39m         }
     [90m 411 |[39m       }
     [90m 412 |[39m     } [36mfinally[39m {[0m

      at SnippetManager.processVectorGenerationQueue (src/main/services/SnippetManager.ts:409:19)

    console.error
      Failed to generate vector for snippet test-snippet-id: TypeError: dbManager.getDb is not a function
          at VectorStore.initialize (D:\OpenSource\SnippetBox\frontend\src\main\services\VectorStore.ts:21:26)
          at VectorStore.addVector (D:\OpenSource\SnippetBox\frontend\src\main\services\VectorStore.ts:27:10)
          at SnippetManager.processVectorGenerationQueue (D:\OpenSource\SnippetBox\frontend\src\main\services\SnippetManager.ts:406:34)
          at SnippetManager.generateVectorForSnippet (D:\OpenSource\SnippetBox\frontend\src\main\services\SnippetManager.ts:388:10)
          at SnippetManager.createSnippet (D:\OpenSource\SnippetBox\frontend\src\main\services\SnippetManager.ts:72:12)
          at processTicksAndRejections (node:internal/process/task_queues:105:5)
          at D:\OpenSource\SnippetBox\frontend\tests\property\SnippetProperty.test.ts:208:36
          at AsyncProperty.run (D:\OpenSource\SnippetBox\frontend\node_modules\fast-check\lib\cjs\fast-check.js:1208:19)
          at asyncRunIt (D:\OpenSource\SnippetBox\frontend\node_modules\fast-check\lib\cjs\fast-check.js:2503:15)
          at Object.<anonymous> (D:\OpenSource\SnippetBox\frontend\tests\property\SnippetProperty.test.ts:157:7)

    [0m [90m 407 |[39m           console[33m.[39mlog([32m`Generated vector for snippet: ${snippetId}`[39m)[33m;[39m
     [90m 408 |[39m         } [36mcatch[39m (error) {
    [31m[1m>[22m[39m[90m 409 |[39m           console[33m.[39merror([32m`Failed to generate vector for snippet ${snippetId}:`[3
9m[33m,[39m error)[33m;[39m
     [90m     |[39m                   [31m[1m^[22m[39m
     [90m 410 |[39m         }
     [90m 411 |[39m       }
     [90m 412 |[39m     } [36mfinally[39m {[0m

      at SnippetManager.processVectorGenerationQueue (src/main/services/SnippetManager.ts:409:19)

    console.error
      Failed to generate vector for snippet test-snippet-id: TypeError: dbManager.getDb is not a function
          at VectorStore.initialize (D:\OpenSource\SnippetBox\frontend\src\main\services\VectorStore.ts:21:26)
          at VectorStore.addVector (D:\OpenSource\SnippetBox\frontend\src\main\services\VectorStore.ts:27:10)
          at SnippetManager.processVectorGenerationQueue (D:\OpenSource\SnippetBox\frontend\src\main\services\SnippetManager.ts:406:34)
          at SnippetManager.generateVectorForSnippet (D:\OpenSource\SnippetBox\frontend\src\main\services\SnippetManager.ts:388:10)
          at SnippetManager.updateSnippet (D:\OpenSource\SnippetBox\frontend\src\main\services\SnippetManager.ts:223:12)
          at processTicksAndRejections (node:internal/process/task_queues:105:5)
          at D:\OpenSource\SnippetBox\frontend\tests\property\SnippetProperty.test.ts:211:36
          at AsyncProperty.run (D:\OpenSource\SnippetBox\frontend\node_modules\fast-check\lib\cjs\fast-check.js:1208:19)
          at asyncRunIt (D:\OpenSource\SnippetBox\frontend\node_modules\fast-check\lib\cjs\fast-check.js:2503:15)
          at Object.<anonymous> (D:\OpenSource\SnippetBox\frontend\tests\property\SnippetProperty.test.ts:157:7)

    [0m [90m 407 |[39m           console[33m.[39mlog([32m`Generated vector for snippet: ${snippetId}`[39m)[33m;[39m
     [90m 408 |[39m         } [36mcatch[39m (error) {
    [31m[1m>[22m[39m[90m 409 |[39m           console[33m.[39merror([32m`Failed to generate vector for snippet ${snippetId}:`[3
9m[33m,[39m error)[33m;[39m
     [90m     |[39m                   [31m[1m^[22m[39m
     [90m 410 |[39m         }
     [90m 411 |[39m       }
     [90m 412 |[39m     } [36mfinally[39m {[0m

      at SnippetManager.processVectorGenerationQueue (src/main/services/SnippetManager.ts:409:19)

    console.error
      Failed to generate vector for snippet test-snippet-id: TypeError: dbManager.getDb is not a function
          at VectorStore.initialize (D:\OpenSource\SnippetBox\frontend\src\main\services\VectorStore.ts:21:26)
          at VectorStore.addVector (D:\OpenSource\SnippetBox\frontend\src\main\services\VectorStore.ts:27:10)
          at SnippetManager.processVectorGenerationQueue (D:\OpenSource\SnippetBox\frontend\src\main\services\SnippetManager.ts:406:34)
          at SnippetManager.generateVectorForSnippet (D:\OpenSource\SnippetBox\frontend\src\main\services\SnippetManager.ts:388:10)
          at SnippetManager.createSnippet (D:\OpenSource\SnippetBox\frontend\src\main\services\SnippetManager.ts:72:12)
          at processTicksAndRejections (node:internal/process/task_queues:105:5)
          at D:\OpenSource\SnippetBox\frontend\tests\property\SnippetProperty.test.ts:208:36
          at AsyncProperty.run (D:\OpenSource\SnippetBox\frontend\node_modules\fast-check\lib\cjs\fast-check.js:1208:19)
          at asyncRunIt (D:\OpenSource\SnippetBox\frontend\node_modules\fast-check\lib\cjs\fast-check.js:2503:15)
          at Object.<anonymous> (D:\OpenSource\SnippetBox\frontend\tests\property\SnippetProperty.test.ts:157:7)

    [0m [90m 407 |[39m           console[33m.[39mlog([32m`Generated vector for snippet: ${snippetId}`[39m)[33m;[39m
     [90m 408 |[39m         } [36mcatch[39m (error) {
    [31m[1m>[22m[39m[90m 409 |[39m           console[33m.[39merror([32m`Failed to generate vector for snippet ${snippetId}:`[3
9m[33m,[39m error)[33m;[39m
     [90m     |[39m                   [31m[1m^[22m[39m
     [90m 410 |[39m         }
     [90m 411 |[39m       }
     [90m 412 |[39m     } [36mfinally[39m {[0m

      at SnippetManager.processVectorGenerationQueue (src/main/services/SnippetManager.ts:409:19)

    console.error
      Failed to generate vector for snippet test-snippet-id: TypeError: dbManager.getDb is not a function
          at VectorStore.initialize (D:\OpenSource\SnippetBox\frontend\src\main\services\VectorStore.ts:21:26)
          at VectorStore.addVector (D:\OpenSource\SnippetBox\frontend\src\main\services\VectorStore.ts:27:10)
          at SnippetManager.processVectorGenerationQueue (D:\OpenSource\SnippetBox\frontend\src\main\services\SnippetManager.ts:406:34)
          at SnippetManager.generateVectorForSnippet (D:\OpenSource\SnippetBox\frontend\src\main\services\SnippetManager.ts:388:10)
          at SnippetManager.updateSnippet (D:\OpenSource\SnippetBox\frontend\src\main\services\SnippetManager.ts:223:12)
          at processTicksAndRejections (node:internal/process/task_queues:105:5)
          at D:\OpenSource\SnippetBox\frontend\tests\property\SnippetProperty.test.ts:211:36
          at AsyncProperty.run (D:\OpenSource\SnippetBox\frontend\node_modules\fast-check\lib\cjs\fast-check.js:1208:19)
          at asyncRunIt (D:\OpenSource\SnippetBox\frontend\node_modules\fast-check\lib\cjs\fast-check.js:2503:15)
          at Object.<anonymous> (D:\OpenSource\SnippetBox\frontend\tests\property\SnippetProperty.test.ts:157:7)

    [0m [90m 407 |[39m           console[33m.[39mlog([32m`Generated vector for snippet: ${snippetId}`[39m)[33m;[39m
     [90m 408 |[39m         } [36mcatch[39m (error) {
    [31m[1m>[22m[39m[90m 409 |[39m           console[33m.[39merror([32m`Failed to generate vector for snippet ${snippetId}:`[3
9m[33m,[39m error)[33m;[39m
     [90m     |[39m                   [31m[1m^[22m[39m
     [90m 410 |[39m         }
     [90m 411 |[39m       }
     [90m 412 |[39m     } [36mfinally[39m {[0m

      at SnippetManager.processVectorGenerationQueue (src/main/services/SnippetManager.ts:409:19)

    console.error
      Failed to generate vector for snippet test-snippet-id: TypeError: dbManager.getDb is not a function
          at VectorStore.initialize (D:\OpenSource\SnippetBox\frontend\src\main\services\VectorStore.ts:21:26)
          at VectorStore.addVector (D:\OpenSource\SnippetBox\frontend\src\main\services\VectorStore.ts:27:10)
          at SnippetManager.processVectorGenerationQueue (D:\OpenSource\SnippetBox\frontend\src\main\services\SnippetManager.ts:406:34)
          at SnippetManager.generateVectorForSnippet (D:\OpenSource\SnippetBox\frontend\src\main\services\SnippetManager.ts:388:10)
          at SnippetManager.createSnippet (D:\OpenSource\SnippetBox\frontend\src\main\services\SnippetManager.ts:72:12)
          at processTicksAndRejections (node:internal/process/task_queues:105:5)
          at D:\OpenSource\SnippetBox\frontend\tests\property\SnippetProperty.test.ts:208:36
          at AsyncProperty.run (D:\OpenSource\SnippetBox\frontend\node_modules\fast-check\lib\cjs\fast-check.js:1208:19)
          at asyncRunIt (D:\OpenSource\SnippetBox\frontend\node_modules\fast-check\lib\cjs\fast-check.js:2503:15)
          at Object.<anonymous> (D:\OpenSource\SnippetBox\frontend\tests\property\SnippetProperty.test.ts:157:7)

    [0m [90m 407 |[39m           console[33m.[39mlog([32m`Generated vector for snippet: ${snippetId}`[39m)[33m;[39m
     [90m 408 |[39m         } [36mcatch[39m (error) {
    [31m[1m>[22m[39m[90m 409 |[39m           console[33m.[39merror([32m`Failed to generate vector for snippet ${snippetId}:`[3
9m[33m,[39m error)[33m;[39m
     [90m     |[39m                   [31m[1m^[22m[39m
     [90m 410 |[39m         }
     [90m 411 |[39m       }
     [90m 412 |[39m     } [36mfinally[39m {[0m

      at SnippetManager.processVectorGenerationQueue (src/main/services/SnippetManager.ts:409:19)

    console.error
      Failed to generate vector for snippet test-snippet-id: TypeError: dbManager.getDb is not a function
          at VectorStore.initialize (D:\OpenSource\SnippetBox\frontend\src\main\services\VectorStore.ts:21:26)
          at VectorStore.addVector (D:\OpenSource\SnippetBox\frontend\src\main\services\VectorStore.ts:27:10)
          at SnippetManager.processVectorGenerationQueue (D:\OpenSource\SnippetBox\frontend\src\main\services\SnippetManager.ts:406:34)
          at SnippetManager.generateVectorForSnippet (D:\OpenSource\SnippetBox\frontend\src\main\services\SnippetManager.ts:388:10)
          at SnippetManager.updateSnippet (D:\OpenSource\SnippetBox\frontend\src\main\services\SnippetManager.ts:223:12)
          at processTicksAndRejections (node:internal/process/task_queues:105:5)
          at D:\OpenSource\SnippetBox\frontend\tests\property\SnippetProperty.test.ts:211:36
          at AsyncProperty.run (D:\OpenSource\SnippetBox\frontend\node_modules\fast-check\lib\cjs\fast-check.js:1208:19)
          at asyncRunIt (D:\OpenSource\SnippetBox\frontend\node_modules\fast-check\lib\cjs\fast-check.js:2503:15)
          at Object.<anonymous> (D:\OpenSource\SnippetBox\frontend\tests\property\SnippetProperty.test.ts:157:7)

    [0m [90m 407 |[39m           console[33m.[39mlog([32m`Generated vector for snippet: ${snippetId}`[39m)[33m;[39m
     [90m 408 |[39m         } [36mcatch[39m (error) {
    [31m[1m>[22m[39m[90m 409 |[39m           console[33m.[39merror([32m`Failed to generate vector for snippet ${snippetId}:`[3
9m[33m,[39m error)[33m;[39m
     [90m     |[39m                   [31m[1m^[22m[39m
     [90m 410 |[39m         }
     [90m 411 |[39m       }
     [90m 412 |[39m     } [36mfinally[39m {[0m

      at SnippetManager.processVectorGenerationQueue (src/main/services/SnippetManager.ts:409:19)

    console.error
      Failed to generate vector for snippet test-snippet-id: TypeError: dbManager.getDb is not a function
          at VectorStore.initialize (D:\OpenSource\SnippetBox\frontend\src\main\services\VectorStore.ts:21:26)
          at VectorStore.addVector (D:\OpenSource\SnippetBox\frontend\src\main\services\VectorStore.ts:27:10)
          at SnippetManager.processVectorGenerationQueue (D:\OpenSource\SnippetBox\frontend\src\main\services\SnippetManager.ts:406:34)
          at SnippetManager.generateVectorForSnippet (D:\OpenSource\SnippetBox\frontend\src\main\services\SnippetManager.ts:388:10)
          at SnippetManager.createSnippet (D:\OpenSource\SnippetBox\frontend\src\main\services\SnippetManager.ts:72:12)
          at processTicksAndRejections (node:internal/process/task_queues:105:5)
          at D:\OpenSource\SnippetBox\frontend\tests\property\SnippetProperty.test.ts:208:36
          at AsyncProperty.run (D:\OpenSource\SnippetBox\frontend\node_modules\fast-check\lib\cjs\fast-check.js:1208:19)
          at asyncRunIt (D:\OpenSource\SnippetBox\frontend\node_modules\fast-check\lib\cjs\fast-check.js:2503:15)
          at Object.<anonymous> (D:\OpenSource\SnippetBox\frontend\tests\property\SnippetProperty.test.ts:157:7)

    [0m [90m 407 |[39m           console[33m.[39mlog([32m`Generated vector for snippet: ${snippetId}`[39m)[33m;[39m
     [90m 408 |[39m         } [36mcatch[39m (error) {
    [31m[1m>[22m[39m[90m 409 |[39m           console[33m.[39merror([32m`Failed to generate vector for snippet ${snippetId}:`[3
9m[33m,[39m error)[33m;[39m
     [90m     |[39m                   [31m[1m^[22m[39m
     [90m 410 |[39m         }
     [90m 411 |[39m       }
     [90m 412 |[39m     } [36mfinally[39m {[0m

      at SnippetManager.processVectorGenerationQueue (src/main/services/SnippetManager.ts:409:19)

    console.error
      Failed to generate vector for snippet test-snippet-id: TypeError: dbManager.getDb is not a function
          at VectorStore.initialize (D:\OpenSource\SnippetBox\frontend\src\main\services\VectorStore.ts:21:26)
          at VectorStore.addVector (D:\OpenSource\SnippetBox\frontend\src\main\services\VectorStore.ts:27:10)
          at SnippetManager.processVectorGenerationQueue (D:\OpenSource\SnippetBox\frontend\src\main\services\SnippetManager.ts:406:34)
          at SnippetManager.generateVectorForSnippet (D:\OpenSource\SnippetBox\frontend\src\main\services\SnippetManager.ts:388:10)
          at SnippetManager.updateSnippet (D:\OpenSource\SnippetBox\frontend\src\main\services\SnippetManager.ts:223:12)
          at processTicksAndRejections (node:internal/process/task_queues:105:5)
          at D:\OpenSource\SnippetBox\frontend\tests\property\SnippetProperty.test.ts:211:36
          at AsyncProperty.run (D:\OpenSource\SnippetBox\frontend\node_modules\fast-check\lib\cjs\fast-check.js:1208:19)
          at asyncRunIt (D:\OpenSource\SnippetBox\frontend\node_modules\fast-check\lib\cjs\fast-check.js:2503:15)
          at Object.<anonymous> (D:\OpenSource\SnippetBox\frontend\tests\property\SnippetProperty.test.ts:157:7)

    [0m [90m 407 |[39m           console[33m.[39mlog([32m`Generated vector for snippet: ${snippetId}`[39m)[33m;[39m
     [90m 408 |[39m         } [36mcatch[39m (error) {
    [31m[1m>[22m[39m[90m 409 |[39m           console[33m.[39merror([32m`Failed to generate vector for snippet ${snippetId}:`[3
9m[33m,[39m error)[33m;[39m
     [90m     |[39m                   [31m[1m^[22m[39m
     [90m 410 |[39m         }
     [90m 411 |[39m       }
     [90m 412 |[39m     } [36mfinally[39m {[0m

      at SnippetManager.processVectorGenerationQueue (src/main/services/SnippetManager.ts:409:19)

    console.error
      Failed to generate vector for snippet test-snippet-id: TypeError: dbManager.getDb is not a function
          at VectorStore.initialize (D:\OpenSource\SnippetBox\frontend\src\main\services\VectorStore.ts:21:26)
          at VectorStore.addVector (D:\OpenSource\SnippetBox\frontend\src\main\services\VectorStore.ts:27:10)
          at SnippetManager.processVectorGenerationQueue (D:\OpenSource\SnippetBox\frontend\src\main\services\SnippetManager.ts:406:34)
          at SnippetManager.generateVectorForSnippet (D:\OpenSource\SnippetBox\frontend\src\main\services\SnippetManager.ts:388:10)
          at SnippetManager.createSnippet (D:\OpenSource\SnippetBox\frontend\src\main\services\SnippetManager.ts:72:12)
          at processTicksAndRejections (node:internal/process/task_queues:105:5)
          at D:\OpenSource\SnippetBox\frontend\tests\property\SnippetProperty.test.ts:208:36
          at AsyncProperty.run (D:\OpenSource\SnippetBox\frontend\node_modules\fast-check\lib\cjs\fast-check.js:1208:19)
          at asyncRunIt (D:\OpenSource\SnippetBox\frontend\node_modules\fast-check\lib\cjs\fast-check.js:2503:15)
          at Object.<anonymous> (D:\OpenSource\SnippetBox\frontend\tests\property\SnippetProperty.test.ts:157:7)

    [0m [90m 407 |[39m           console[33m.[39mlog([32m`Generated vector for snippet: ${snippetId}`[39m)[33m;[39m
     [90m 408 |[39m         } [36mcatch[39m (error) {
    [31m[1m>[22m[39m[90m 409 |[39m           console[33m.[39merror([32m`Failed to generate vector for snippet ${snippetId}:`[3
9m[33m,[39m error)[33m;[39m
     [90m     |[39m                   [31m[1m^[22m[39m
     [90m 410 |[39m         }
     [90m 411 |[39m       }
     [90m 412 |[39m     } [36mfinally[39m {[0m

      at SnippetManager.processVectorGenerationQueue (src/main/services/SnippetManager.ts:409:19)

    console.error
      Failed to generate vector for snippet test-snippet-id: TypeError: dbManager.getDb is not a function
          at VectorStore.initialize (D:\OpenSource\SnippetBox\frontend\src\main\services\VectorStore.ts:21:26)
          at VectorStore.addVector (D:\OpenSource\SnippetBox\frontend\src\main\services\VectorStore.ts:27:10)
          at SnippetManager.processVectorGenerationQueue (D:\OpenSource\SnippetBox\frontend\src\main\services\SnippetManager.ts:406:34)
          at SnippetManager.generateVectorForSnippet (D:\OpenSource\SnippetBox\frontend\src\main\services\SnippetManager.ts:388:10)
          at SnippetManager.updateSnippet (D:\OpenSource\SnippetBox\frontend\src\main\services\SnippetManager.ts:223:12)
          at processTicksAndRejections (node:internal/process/task_queues:105:5)
          at D:\OpenSource\SnippetBox\frontend\tests\property\SnippetProperty.test.ts:211:36
          at AsyncProperty.run (D:\OpenSource\SnippetBox\frontend\node_modules\fast-check\lib\cjs\fast-check.js:1208:19)
          at asyncRunIt (D:\OpenSource\SnippetBox\frontend\node_modules\fast-check\lib\cjs\fast-check.js:2503:15)
          at Object.<anonymous> (D:\OpenSource\SnippetBox\frontend\tests\property\SnippetProperty.test.ts:157:7)

    [0m [90m 407 |[39m           console[33m.[39mlog([32m`Generated vector for snippet: ${snippetId}`[39m)[33m;[39m
     [90m 408 |[39m         } [36mcatch[39m (error) {
    [31m[1m>[22m[39m[90m 409 |[39m           console[33m.[39merror([32m`Failed to generate vector for snippet ${snippetId}:`[3
9m[33m,[39m error)[33m;[39m
     [90m     |[39m                   [31m[1m^[22m[39m
     [90m 410 |[39m         }
     [90m 411 |[39m       }
     [90m 412 |[39m     } [36mfinally[39m {[0m

      at SnippetManager.processVectorGenerationQueue (src/main/services/SnippetManager.ts:409:19)

    console.error
      Failed to generate vector for snippet test-snippet-id: TypeError: dbManager.getDb is not a function
          at VectorStore.initialize (D:\OpenSource\SnippetBox\frontend\src\main\services\VectorStore.ts:21:26)
          at VectorStore.addVector (D:\OpenSource\SnippetBox\frontend\src\main\services\VectorStore.ts:27:10)
          at SnippetManager.processVectorGenerationQueue (D:\OpenSource\SnippetBox\frontend\src\main\services\SnippetManager.ts:406:34)
          at SnippetManager.generateVectorForSnippet (D:\OpenSource\SnippetBox\frontend\src\main\services\SnippetManager.ts:388:10)
          at SnippetManager.createSnippet (D:\OpenSource\SnippetBox\frontend\src\main\services\SnippetManager.ts:72:12)
          at processTicksAndRejections (node:internal/process/task_queues:105:5)
          at D:\OpenSource\SnippetBox\frontend\tests\property\SnippetProperty.test.ts:208:36
          at AsyncProperty.run (D:\OpenSource\SnippetBox\frontend\node_modules\fast-check\lib\cjs\fast-check.js:1208:19)
          at asyncRunIt (D:\OpenSource\SnippetBox\frontend\node_modules\fast-check\lib\cjs\fast-check.js:2503:15)
          at Object.<anonymous> (D:\OpenSource\SnippetBox\frontend\tests\property\SnippetProperty.test.ts:157:7)

    [0m [90m 407 |[39m           console[33m.[39mlog([32m`Generated vector for snippet: ${snippetId}`[39m)[33m;[39m
     [90m 408 |[39m         } [36mcatch[39m (error) {
    [31m[1m>[22m[39m[90m 409 |[39m           console[33m.[39merror([32m`Failed to generate vector for snippet ${snippetId}:`[3
9m[33m,[39m error)[33m;[39m
     [90m     |[39m                   [31m[1m^[22m[39m
     [90m 410 |[39m         }
     [90m 411 |[39m       }
     [90m 412 |[39m     } [36mfinally[39m {[0m

      at SnippetManager.processVectorGenerationQueue (src/main/services/SnippetManager.ts:409:19)

    console.error
      Failed to generate vector for snippet test-snippet-id: TypeError: dbManager.getDb is not a function
          at VectorStore.initialize (D:\OpenSource\SnippetBox\frontend\src\main\services\VectorStore.ts:21:26)
          at VectorStore.addVector (D:\OpenSource\SnippetBox\frontend\src\main\services\VectorStore.ts:27:10)
          at SnippetManager.processVectorGenerationQueue (D:\OpenSource\SnippetBox\frontend\src\main\services\SnippetManager.ts:406:34)
          at SnippetManager.generateVectorForSnippet (D:\OpenSource\SnippetBox\frontend\src\main\services\SnippetManager.ts:388:10)
          at SnippetManager.updateSnippet (D:\OpenSource\SnippetBox\frontend\src\main\services\SnippetManager.ts:223:12)
          at processTicksAndRejections (node:internal/process/task_queues:105:5)
          at D:\OpenSource\SnippetBox\frontend\tests\property\SnippetProperty.test.ts:211:36
          at AsyncProperty.run (D:\OpenSource\SnippetBox\frontend\node_modules\fast-check\lib\cjs\fast-check.js:1208:19)
          at asyncRunIt (D:\OpenSource\SnippetBox\frontend\node_modules\fast-check\lib\cjs\fast-check.js:2503:15)
          at Object.<anonymous> (D:\OpenSource\SnippetBox\frontend\tests\property\SnippetProperty.test.ts:157:7)

    [0m [90m 407 |[39m           console[33m.[39mlog([32m`Generated vector for snippet: ${snippetId}`[39m)[33m;[39m
     [90m 408 |[39m         } [36mcatch[39m (error) {
    [31m[1m>[22m[39m[90m 409 |[39m           console[33m.[39merror([32m`Failed to generate vector for snippet ${snippetId}:`[3
9m[33m,[39m error)[33m;[39m
     [90m     |[39m                   [31m[1m^[22m[39m
     [90m 410 |[39m         }
     [90m 411 |[39m       }
     [90m 412 |[39m     } [36mfinally[39m {[0m

      at SnippetManager.processVectorGenerationQueue (src/main/services/SnippetManager.ts:409:19)

    console.error
      Failed to generate vector for snippet test-snippet-id: TypeError: dbManager.getDb is not a function
          at VectorStore.initialize (D:\OpenSource\SnippetBox\frontend\src\main\services\VectorStore.ts:21:26)
          at VectorStore.addVector (D:\OpenSource\SnippetBox\frontend\src\main\services\VectorStore.ts:27:10)
          at SnippetManager.processVectorGenerationQueue (D:\OpenSource\SnippetBox\frontend\src\main\services\SnippetManager.ts:406:34)
          at SnippetManager.generateVectorForSnippet (D:\OpenSource\SnippetBox\frontend\src\main\services\SnippetManager.ts:388:10)
          at SnippetManager.createSnippet (D:\OpenSource\SnippetBox\frontend\src\main\services\SnippetManager.ts:72:12)
          at processTicksAndRejections (node:internal/process/task_queues:105:5)
          at D:\OpenSource\SnippetBox\frontend\tests\property\SnippetProperty.test.ts:208:36
          at AsyncProperty.run (D:\OpenSource\SnippetBox\frontend\node_modules\fast-check\lib\cjs\fast-check.js:1208:19)
          at asyncRunIt (D:\OpenSource\SnippetBox\frontend\node_modules\fast-check\lib\cjs\fast-check.js:2503:15)
          at Object.<anonymous> (D:\OpenSource\SnippetBox\frontend\tests\property\SnippetProperty.test.ts:157:7)

    [0m [90m 407 |[39m           console[33m.[39mlog([32m`Generated vector for snippet: ${snippetId}`[39m)[33m;[39m
     [90m 408 |[39m         } [36mcatch[39m (error) {
    [31m[1m>[22m[39m[90m 409 |[39m           console[33m.[39merror([32m`Failed to generate vector for snippet ${snippetId}:`[3
9m[33m,[39m error)[33m;[39m
     [90m     |[39m                   [31m[1m^[22m[39m
     [90m 410 |[39m         }
     [90m 411 |[39m       }
     [90m 412 |[39m     } [36mfinally[39m {[0m

      at SnippetManager.processVectorGenerationQueue (src/main/services/SnippetManager.ts:409:19)

    console.error
      Failed to generate vector for snippet test-snippet-id: TypeError: dbManager.getDb is not a function
          at VectorStore.initialize (D:\OpenSource\SnippetBox\frontend\src\main\services\VectorStore.ts:21:26)
          at VectorStore.addVector (D:\OpenSource\SnippetBox\frontend\src\main\services\VectorStore.ts:27:10)
          at SnippetManager.processVectorGenerationQueue (D:\OpenSource\SnippetBox\frontend\src\main\services\SnippetManager.ts:406:34)
          at SnippetManager.generateVectorForSnippet (D:\OpenSource\SnippetBox\frontend\src\main\services\SnippetManager.ts:388:10)
          at SnippetManager.updateSnippet (D:\OpenSource\SnippetBox\frontend\src\main\services\SnippetManager.ts:223:12)
          at processTicksAndRejections (node:internal/process/task_queues:105:5)
          at D:\OpenSource\SnippetBox\frontend\tests\property\SnippetProperty.test.ts:211:36
          at AsyncProperty.run (D:\OpenSource\SnippetBox\frontend\node_modules\fast-check\lib\cjs\fast-check.js:1208:19)
          at asyncRunIt (D:\OpenSource\SnippetBox\frontend\node_modules\fast-check\lib\cjs\fast-check.js:2503:15)
          at Object.<anonymous> (D:\OpenSource\SnippetBox\frontend\tests\property\SnippetProperty.test.ts:157:7)

    [0m [90m 407 |[39m           console[33m.[39mlog([32m`Generated vector for snippet: ${snippetId}`[39m)[33m;[39m
     [90m 408 |[39m         } [36mcatch[39m (error) {
    [31m[1m>[22m[39m[90m 409 |[39m           console[33m.[39merror([32m`Failed to generate vector for snippet ${snippetId}:`[3
9m[33m,[39m error)[33m;[39m
     [90m     |[39m                   [31m[1m^[22m[39m
     [90m 410 |[39m         }
     [90m 411 |[39m       }
     [90m 412 |[39m     } [36mfinally[39m {[0m

      at SnippetManager.processVectorGenerationQueue (src/main/services/SnippetManager.ts:409:19)

    console.error
      Failed to generate vector for snippet test-snippet-id: TypeError: dbManager.getDb is not a function
          at VectorStore.initialize (D:\OpenSource\SnippetBox\frontend\src\main\services\VectorStore.ts:21:26)
          at VectorStore.addVector (D:\OpenSource\SnippetBox\frontend\src\main\services\VectorStore.ts:27:10)
          at SnippetManager.processVectorGenerationQueue (D:\OpenSource\SnippetBox\frontend\src\main\services\SnippetManager.ts:406:34)
          at SnippetManager.generateVectorForSnippet (D:\OpenSource\SnippetBox\frontend\src\main\services\SnippetManager.ts:388:10)
          at SnippetManager.createSnippet (D:\OpenSource\SnippetBox\frontend\src\main\services\SnippetManager.ts:72:12)
          at processTicksAndRejections (node:internal/process/task_queues:105:5)
          at D:\OpenSource\SnippetBox\frontend\tests\property\SnippetProperty.test.ts:208:36
          at AsyncProperty.run (D:\OpenSource\SnippetBox\frontend\node_modules\fast-check\lib\cjs\fast-check.js:1208:19)
          at asyncRunIt (D:\OpenSource\SnippetBox\frontend\node_modules\fast-check\lib\cjs\fast-check.js:2503:15)
          at Object.<anonymous> (D:\OpenSource\SnippetBox\frontend\tests\property\SnippetProperty.test.ts:157:7)

    [0m [90m 407 |[39m           console[33m.[39mlog([32m`Generated vector for snippet: ${snippetId}`[39m)[33m;[39m
     [90m 408 |[39m         } [36mcatch[39m (error) {
    [31m[1m>[22m[39m[90m 409 |[39m           console[33m.[39merror([32m`Failed to generate vector for snippet ${snippetId}:`[3
9m[33m,[39m error)[33m;[39m
     [90m     |[39m                   [31m[1m^[22m[39m
     [90m 410 |[39m         }
     [90m 411 |[39m       }
     [90m 412 |[39m     } [36mfinally[39m {[0m

      at SnippetManager.processVectorGenerationQueue (src/main/services/SnippetManager.ts:409:19)

    console.error
      Failed to generate vector for snippet test-snippet-id: TypeError: dbManager.getDb is not a function
          at VectorStore.initialize (D:\OpenSource\SnippetBox\frontend\src\main\services\VectorStore.ts:21:26)
          at VectorStore.addVector (D:\OpenSource\SnippetBox\frontend\src\main\services\VectorStore.ts:27:10)
          at SnippetManager.processVectorGenerationQueue (D:\OpenSource\SnippetBox\frontend\src\main\services\SnippetManager.ts:406:34)
          at SnippetManager.generateVectorForSnippet (D:\OpenSource\SnippetBox\frontend\src\main\services\SnippetManager.ts:388:10)
          at SnippetManager.updateSnippet (D:\OpenSource\SnippetBox\frontend\src\main\services\SnippetManager.ts:223:12)
          at processTicksAndRejections (node:internal/process/task_queues:105:5)
          at D:\OpenSource\SnippetBox\frontend\tests\property\SnippetProperty.test.ts:211:36
          at AsyncProperty.run (D:\OpenSource\SnippetBox\frontend\node_modules\fast-check\lib\cjs\fast-check.js:1208:19)
          at asyncRunIt (D:\OpenSource\SnippetBox\frontend\node_modules\fast-check\lib\cjs\fast-check.js:2503:15)
          at Object.<anonymous> (D:\OpenSource\SnippetBox\frontend\tests\property\SnippetProperty.test.ts:157:7)

    [0m [90m 407 |[39m           console[33m.[39mlog([32m`Generated vector for snippet: ${snippetId}`[39m)[33m;[39m
     [90m 408 |[39m         } [36mcatch[39m (error) {
    [31m[1m>[22m[39m[90m 409 |[39m           console[33m.[39merror([32m`Failed to generate vector for snippet ${snippetId}:`[3
9m[33m,[39m error)[33m;[39m
     [90m     |[39m                   [31m[1m^[22m[39m
     [90m 410 |[39m         }
     [90m 411 |[39m       }
     [90m 412 |[39m     } [36mfinally[39m {[0m

      at SnippetManager.processVectorGenerationQueue (src/main/services/SnippetManager.ts:409:19)

    console.error
      Failed to generate vector for snippet test-snippet-id: TypeError: dbManager.getDb is not a function
          at VectorStore.initialize (D:\OpenSource\SnippetBox\frontend\src\main\services\VectorStore.ts:21:26)
          at VectorStore.addVector (D:\OpenSource\SnippetBox\frontend\src\main\services\VectorStore.ts:27:10)
          at SnippetManager.processVectorGenerationQueue (D:\OpenSource\SnippetBox\frontend\src\main\services\SnippetManager.ts:406:34)
          at SnippetManager.generateVectorForSnippet (D:\OpenSource\SnippetBox\frontend\src\main\services\SnippetManager.ts:388:10)
          at SnippetManager.createSnippet (D:\OpenSource\SnippetBox\frontend\src\main\services\SnippetManager.ts:72:12)
          at processTicksAndRejections (node:internal/process/task_queues:105:5)
          at D:\OpenSource\SnippetBox\frontend\tests\property\SnippetProperty.test.ts:208:36
          at AsyncProperty.run (D:\OpenSource\SnippetBox\frontend\node_modules\fast-check\lib\cjs\fast-check.js:1208:19)
          at asyncRunIt (D:\OpenSource\SnippetBox\frontend\node_modules\fast-check\lib\cjs\fast-check.js:2503:15)
          at Object.<anonymous> (D:\OpenSource\SnippetBox\frontend\tests\property\SnippetProperty.test.ts:157:7)

    [0m [90m 407 |[39m           console[33m.[39mlog([32m`Generated vector for snippet: ${snippetId}`[39m)[33m;[39m
     [90m 408 |[39m         } [36mcatch[39m (error) {
    [31m[1m>[22m[39m[90m 409 |[39m           console[33m.[39merror([32m`Failed to generate vector for snippet ${snippetId}:`[3
9m[33m,[39m error)[33m;[39m
     [90m     |[39m                   [31m[1m^[22m[39m
     [90m 410 |[39m         }
     [90m 411 |[39m       }
     [90m 412 |[39m     } [36mfinally[39m {[0m

      at SnippetManager.processVectorGenerationQueue (src/main/services/SnippetManager.ts:409:19)

    console.error
      Failed to generate vector for snippet test-snippet-id: TypeError: dbManager.getDb is not a function
          at VectorStore.initialize (D:\OpenSource\SnippetBox\frontend\src\main\services\VectorStore.ts:21:26)
          at VectorStore.addVector (D:\OpenSource\SnippetBox\frontend\src\main\services\VectorStore.ts:27:10)
          at SnippetManager.processVectorGenerationQueue (D:\OpenSource\SnippetBox\frontend\src\main\services\SnippetManager.ts:406:34)
          at SnippetManager.generateVectorForSnippet (D:\OpenSource\SnippetBox\frontend\src\main\services\SnippetManager.ts:388:10)
          at SnippetManager.updateSnippet (D:\OpenSource\SnippetBox\frontend\src\main\services\SnippetManager.ts:223:12)
          at processTicksAndRejections (node:internal/process/task_queues:105:5)
          at D:\OpenSource\SnippetBox\frontend\tests\property\SnippetProperty.test.ts:211:36
          at AsyncProperty.run (D:\OpenSource\SnippetBox\frontend\node_modules\fast-check\lib\cjs\fast-check.js:1208:19)
          at asyncRunIt (D:\OpenSource\SnippetBox\frontend\node_modules\fast-check\lib\cjs\fast-check.js:2503:15)
          at Object.<anonymous> (D:\OpenSource\SnippetBox\frontend\tests\property\SnippetProperty.test.ts:157:7)

    [0m [90m 407 |[39m           console[33m.[39mlog([32m`Generated vector for snippet: ${snippetId}`[39m)[33m;[39m
     [90m 408 |[39m         } [36mcatch[39m (error) {
    [31m[1m>[22m[39m[90m 409 |[39m           console[33m.[39merror([32m`Failed to generate vector for snippet ${snippetId}:`[3
9m[33m,[39m error)[33m;[39m
     [90m     |[39m                   [31m[1m^[22m[39m
     [90m 410 |[39m         }
     [90m 411 |[39m       }
     [90m 412 |[39m     } [36mfinally[39m {[0m

      at SnippetManager.processVectorGenerationQueue (src/main/services/SnippetManager.ts:409:19)

    console.error
      Failed to generate vector for snippet test-snippet-id: TypeError: dbManager.getDb is not a function
          at VectorStore.initialize (D:\OpenSource\SnippetBox\frontend\src\main\services\VectorStore.ts:21:26)
          at VectorStore.addVector (D:\OpenSource\SnippetBox\frontend\src\main\services\VectorStore.ts:27:10)
          at SnippetManager.processVectorGenerationQueue (D:\OpenSource\SnippetBox\frontend\src\main\services\SnippetManager.ts:406:34)
          at SnippetManager.generateVectorForSnippet (D:\OpenSource\SnippetBox\frontend\src\main\services\SnippetManager.ts:388:10)
          at SnippetManager.createSnippet (D:\OpenSource\SnippetBox\frontend\src\main\services\SnippetManager.ts:72:12)
          at processTicksAndRejections (node:internal/process/task_queues:105:5)
          at D:\OpenSource\SnippetBox\frontend\tests\property\SnippetProperty.test.ts:208:36
          at AsyncProperty.run (D:\OpenSource\SnippetBox\frontend\node_modules\fast-check\lib\cjs\fast-check.js:1208:19)
          at asyncRunIt (D:\OpenSource\SnippetBox\frontend\node_modules\fast-check\lib\cjs\fast-check.js:2503:15)
          at Object.<anonymous> (D:\OpenSource\SnippetBox\frontend\tests\property\SnippetProperty.test.ts:157:7)

    [0m [90m 407 |[39m           console[33m.[39mlog([32m`Generated vector for snippet: ${snippetId}`[39m)[33m;[39m
     [90m 408 |[39m         } [36mcatch[39m (error) {
    [31m[1m>[22m[39m[90m 409 |[39m           console[33m.[39merror([32m`Failed to generate vector for snippet ${snippetId}:`[3
9m[33m,[39m error)[33m;[39m
     [90m     |[39m                   [31m[1m^[22m[39m
     [90m 410 |[39m         }
     [90m 411 |[39m       }
     [90m 412 |[39m     } [36mfinally[39m {[0m

      at SnippetManager.processVectorGenerationQueue (src/main/services/SnippetManager.ts:409:19)

    console.error
      Failed to generate vector for snippet test-snippet-id: TypeError: dbManager.getDb is not a function
          at VectorStore.initialize (D:\OpenSource\SnippetBox\frontend\src\main\services\VectorStore.ts:21:26)
          at VectorStore.addVector (D:\OpenSource\SnippetBox\frontend\src\main\services\VectorStore.ts:27:10)
          at SnippetManager.processVectorGenerationQueue (D:\OpenSource\SnippetBox\frontend\src\main\services\SnippetManager.ts:406:34)
          at SnippetManager.generateVectorForSnippet (D:\OpenSource\SnippetBox\frontend\src\main\services\SnippetManager.ts:388:10)
          at SnippetManager.updateSnippet (D:\OpenSource\SnippetBox\frontend\src\main\services\SnippetManager.ts:223:12)
          at processTicksAndRejections (node:internal/process/task_queues:105:5)
          at D:\OpenSource\SnippetBox\frontend\tests\property\SnippetProperty.test.ts:211:36
          at AsyncProperty.run (D:\OpenSource\SnippetBox\frontend\node_modules\fast-check\lib\cjs\fast-check.js:1208:19)
          at asyncRunIt (D:\OpenSource\SnippetBox\frontend\node_modules\fast-check\lib\cjs\fast-check.js:2503:15)
          at Object.<anonymous> (D:\OpenSource\SnippetBox\frontend\tests\property\SnippetProperty.test.ts:157:7)

    [0m [90m 407 |[39m           console[33m.[39mlog([32m`Generated vector for snippet: ${snippetId}`[39m)[33m;[39m
     [90m 408 |[39m         } [36mcatch[39m (error) {
    [31m[1m>[22m[39m[90m 409 |[39m           console[33m.[39merror([32m`Failed to generate vector for snippet ${snippetId}:`[3
9m[33m,[39m error)[33m;[39m
     [90m     |[39m                   [31m[1m^[22m[39m
     [90m 410 |[39m         }
     [90m 411 |[39m       }
     [90m 412 |[39m     } [36mfinally[39m {[0m

      at SnippetManager.processVectorGenerationQueue (src/main/services/SnippetManager.ts:409:19)

    console.error
      Failed to generate vector for snippet test-snippet-id: TypeError: dbManager.getDb is not a function
          at VectorStore.initialize (D:\OpenSource\SnippetBox\frontend\src\main\services\VectorStore.ts:21:26)
          at VectorStore.addVector (D:\OpenSource\SnippetBox\frontend\src\main\services\VectorStore.ts:27:10)
          at SnippetManager.processVectorGenerationQueue (D:\OpenSource\SnippetBox\frontend\src\main\services\SnippetManager.ts:406:34)
          at SnippetManager.generateVectorForSnippet (D:\OpenSource\SnippetBox\frontend\src\main\services\SnippetManager.ts:388:10)
          at SnippetManager.createSnippet (D:\OpenSource\SnippetBox\frontend\src\main\services\SnippetManager.ts:72:12)
          at processTicksAndRejections (node:internal/process/task_queues:105:5)
          at D:\OpenSource\SnippetBox\frontend\tests\property\SnippetProperty.test.ts:208:36
          at AsyncProperty.run (D:\OpenSource\SnippetBox\frontend\node_modules\fast-check\lib\cjs\fast-check.js:1208:19)
          at asyncRunIt (D:\OpenSource\SnippetBox\frontend\node_modules\fast-check\lib\cjs\fast-check.js:2503:15)
          at Object.<anonymous> (D:\OpenSource\SnippetBox\frontend\tests\property\SnippetProperty.test.ts:157:7)

    [0m [90m 407 |[39m           console[33m.[39mlog([32m`Generated vector for snippet: ${snippetId}`[39m)[33m;[39m
     [90m 408 |[39m         } [36mcatch[39m (error) {
    [31m[1m>[22m[39m[90m 409 |[39m           console[33m.[39merror([32m`Failed to generate vector for snippet ${snippetId}:`[3
9m[33m,[39m error)[33m;[39m
     [90m     |[39m                   [31m[1m^[22m[39m
     [90m 410 |[39m         }
     [90m 411 |[39m       }
     [90m 412 |[39m     } [36mfinally[39m {[0m

      at SnippetManager.processVectorGenerationQueue (src/main/services/SnippetManager.ts:409:19)

    console.error
      Failed to generate vector for snippet test-snippet-id: TypeError: dbManager.getDb is not a function
          at VectorStore.initialize (D:\OpenSource\SnippetBox\frontend\src\main\services\VectorStore.ts:21:26)
          at VectorStore.addVector (D:\OpenSource\SnippetBox\frontend\src\main\services\VectorStore.ts:27:10)
          at SnippetManager.processVectorGenerationQueue (D:\OpenSource\SnippetBox\frontend\src\main\services\SnippetManager.ts:406:34)
          at SnippetManager.generateVectorForSnippet (D:\OpenSource\SnippetBox\frontend\src\main\services\SnippetManager.ts:388:10)
          at SnippetManager.updateSnippet (D:\OpenSource\SnippetBox\frontend\src\main\services\SnippetManager.ts:223:12)
          at processTicksAndRejections (node:internal/process/task_queues:105:5)
          at D:\OpenSource\SnippetBox\frontend\tests\property\SnippetProperty.test.ts:211:36
          at AsyncProperty.run (D:\OpenSource\SnippetBox\frontend\node_modules\fast-check\lib\cjs\fast-check.js:1208:19)
          at asyncRunIt (D:\OpenSource\SnippetBox\frontend\node_modules\fast-check\lib\cjs\fast-check.js:2503:15)
          at Object.<anonymous> (D:\OpenSource\SnippetBox\frontend\tests\property\SnippetProperty.test.ts:157:7)

    [0m [90m 407 |[39m           console[33m.[39mlog([32m`Generated vector for snippet: ${snippetId}`[39m)[33m;[39m
     [90m 408 |[39m         } [36mcatch[39m (error) {
    [31m[1m>[22m[39m[90m 409 |[39m           console[33m.[39merror([32m`Failed to generate vector for snippet ${snippetId}:`[3
9m[33m,[39m error)[33m;[39m
     [90m     |[39m                   [31m[1m^[22m[39m
     [90m 410 |[39m         }
     [90m 411 |[39m       }
     [90m 412 |[39m     } [36mfinally[39m {[0m

      at SnippetManager.processVectorGenerationQueue (src/main/services/SnippetManager.ts:409:19)

PASS tests/integration/CategoryTagIntegration.test.ts (11.154 s)
  ● Console

    console.log
      Generated vector for snippet: b6bf5505-dc5d-46f2-8c42-223a2198cd26

      at SnippetManager.processVectorGenerationQueue (src/main/services/SnippetManager.ts:407:19)

    console.log
      Generated vector for snippet: 16c5e297-c2ef-451f-8dd6-f7e5caae5ac2

      at SnippetManager.processVectorGenerationQueue (src/main/services/SnippetManager.ts:407:19)

    console.log
      Generated vector for snippet: be6750e0-9c63-4e7a-a4ec-59882be04f7f

      at SnippetManager.processVectorGenerationQueue (src/main/services/SnippetManager.ts:407:19)

    console.log
      Generated vector for snippet: 43405996-3377-48de-ab42-47a9d1920b39

      at SnippetManager.processVectorGenerationQueue (src/main/services/SnippetManager.ts:407:19)

    console.log
      Generated vector for snippet: 30bcb024-5022-41bb-9552-600b9254f1a6

      at SnippetManager.processVectorGenerationQueue (src/main/services/SnippetManager.ts:407:19)

    console.log
      Generated vector for snippet: ffdd75eb-2675-40f2-9b0d-d92a6330da5e

      at SnippetManager.processVectorGenerationQueue (src/main/services/SnippetManager.ts:407:19)

    console.log
      Generated vector for snippet: ffdd75eb-2675-40f2-9b0d-d92a6330da5e

      at SnippetManager.processVectorGenerationQueue (src/main/services/SnippetManager.ts:407:19)

    console.log
      Generated vector for snippet: e7171e72-68f8-4289-a055-9dc4e5412999

      at SnippetManager.processVectorGenerationQueue (src/main/services/SnippetManager.ts:407:19)

    console.log
      Generated vector for snippet: 1d991281-9ba2-49ae-aa82-a4fc2931dbaf

      at SnippetManager.processVectorGenerationQueue (src/main/services/SnippetManager.ts:407:19)

    console.log
      Generated vector for snippet: 8bdfa741-9593-4b00-bdb5-ed28f2254198

      at SnippetManager.processVectorGenerationQueue (src/main/services/SnippetManager.ts:407:19)

    console.log
      Generated vector for snippet: ad6926ce-4b4c-4645-ab54-8267042aba51

      at SnippetManager.processVectorGenerationQueue (src/main/services/SnippetManager.ts:407:19)

    console.log
      Generated vector for snippet: 6b0c3773-ae11-4c9b-a095-53ac372ff815

      at SnippetManager.processVectorGenerationQueue (src/main/services/SnippetManager.ts:407:19)

    console.log
      Generated vector for snippet: ecbf5160-882b-49dc-b2eb-865eb1f66fc7

      at SnippetManager.processVectorGenerationQueue (src/main/services/SnippetManager.ts:407:19)

PASS tests/unit/WelcomeWizard.test.tsx (7.348 s)
PASS tests/unit/CategoryManager.test.ts (12.579 s)
PASS tests/unit/TagManager.test.ts (12.582 s)
PASS tests/unit/SearchEngine.test.ts (14.745 s)
  ● Console

    console.log
      Generated vector for snippet: 7a83abbe-ddc8-42e0-a79c-a05b86317bc4

      at SnippetManager.processVectorGenerationQueue (src/main/services/SnippetManager.ts:407:19)

    console.log
      Generated vector for snippet: 1c0ea94c-c7b7-45b0-8785-0ce7601592fa

      at SnippetManager.processVectorGenerationQueue (src/main/services/SnippetManager.ts:407:19)

    console.log
      Generated vector for snippet: c3c0d5b5-0520-4e9c-aeff-e6e1eed20094

      at SnippetManager.processVectorGenerationQueue (src/main/services/SnippetManager.ts:407:19)

    console.log
      Generated vector for snippet: 350751bb-2607-42e5-80f9-31e93047e502

      at SnippetManager.processVectorGenerationQueue (src/main/services/SnippetManager.ts:407:19)

    console.log
      Generated vector for snippet: 86fcfe3b-eedc-486b-b702-d6c5516e2819

      at SnippetManager.processVectorGenerationQueue (src/main/services/SnippetManager.ts:407:19)

    console.log
      Generated vector for snippet: b32b9c1c-c8a4-4408-bce4-b886e8ded9a7

      at SnippetManager.processVectorGenerationQueue (src/main/services/SnippetManager.ts:407:19)

    console.log
      Generated vector for snippet: a7e00e2f-29b1-4777-88df-cc5d8af322f8

      at SnippetManager.processVectorGenerationQueue (src/main/services/SnippetManager.ts:407:19)

    console.log
      Generated vector for snippet: a59f1a66-43cd-4751-81d1-5e3e6fd97b98

      at SnippetManager.processVectorGenerationQueue (src/main/services/SnippetManager.ts:407:19)

    console.log
      Generated vector for snippet: eeed1d11-dfc7-401b-9c6c-f3c3a7df2add

      at SnippetManager.processVectorGenerationQueue (src/main/services/SnippetManager.ts:407:19)

    console.log
      Generated vector for snippet: 3c204101-b603-4f8d-a726-6867d935d766

      at SnippetManager.processVectorGenerationQueue (src/main/services/SnippetManager.ts:407:19)

    console.log
      Generated vector for snippet: 02ec433c-2e54-416b-bf5d-c00659c5f6e4

      at SnippetManager.processVectorGenerationQueue (src/main/services/SnippetManager.ts:407:19)

    console.log
      Generated vector for snippet: 2616776a-1bf4-4994-a125-85affbbfb6a7

      at SnippetManager.processVectorGenerationQueue (src/main/services/SnippetManager.ts:407:19)

    console.log
      Generated vector for snippet: 508d69c1-6a15-48d9-81f0-b3ae057e8b23

      at SnippetManager.processVectorGenerationQueue (src/main/services/SnippetManager.ts:407:19)

    console.log
      Generated vector for snippet: 9b1e1ade-57b9-4a78-a30a-0ff2ab878c98

      at SnippetManager.processVectorGenerationQueue (src/main/services/SnippetManager.ts:407:19)

    console.log
      Generated vector for snippet: f08ce3d2-9002-435a-b635-48fffb6a00f2

      at SnippetManager.processVectorGenerationQueue (src/main/services/SnippetManager.ts:407:19)

    console.log
      Generated vector for snippet: 8d3eb52c-354f-4d92-90d2-b526277b1d26

      at SnippetManager.processVectorGenerationQueue (src/main/services/SnippetManager.ts:407:19)

    console.log
      Generated vector for snippet: 1f8c255f-fe1e-4f3c-a919-11000dd491c8

      at SnippetManager.processVectorGenerationQueue (src/main/services/SnippetManager.ts:407:19)

    console.log
      Generated vector for snippet: 4d80aa1e-656f-42fe-8e8d-b40042bceb83

      at SnippetManager.processVectorGenerationQueue (src/main/services/SnippetManager.ts:407:19)

    console.log
      Generated vector for snippet: 35aec8c2-3c34-4acd-b78b-25a2228f640b

      at SnippetManager.processVectorGenerationQueue (src/main/services/SnippetManager.ts:407:19)

    console.log
      Generated vector for snippet: 8e520458-d4f8-4034-9f58-d83d96e54030

      at SnippetManager.processVectorGenerationQueue (src/main/services/SnippetManager.ts:407:19)

    console.log
      Generated vector for snippet: c9338723-8bb8-4194-9dfb-3835ff7f2a3a

      at SnippetManager.processVectorGenerationQueue (src/main/services/SnippetManager.ts:407:19)

    console.log
      Generated vector for snippet: 7da20df9-3483-414e-9d07-b67ae944715e

      at SnippetManager.processVectorGenerationQueue (src/main/services/SnippetManager.ts:407:19)

    console.log
      Generated vector for snippet: 21aeba50-85ba-4738-b4a4-80c2b978602f

      at SnippetManager.processVectorGenerationQueue (src/main/services/SnippetManager.ts:407:19)

    console.log
      Generated vector for snippet: 344598f4-0ff2-483c-9e7c-86281e578c47

      at SnippetManager.processVectorGenerationQueue (src/main/services/SnippetManager.ts:407:19)

    console.log
      Generated vector for snippet: 39e9735f-241f-424b-848c-714541112c8a

      at SnippetManager.processVectorGenerationQueue (src/main/services/SnippetManager.ts:407:19)

    console.log
      Generated vector for snippet: 6908dfc4-297a-4804-987e-2eab783aa311

      at SnippetManager.processVectorGenerationQueue (src/main/services/SnippetManager.ts:407:19)

    console.log
      Generated vector for snippet: d3adb9f3-0cc0-41d4-bd1e-79f3264efd04

      at SnippetManager.processVectorGenerationQueue (src/main/services/SnippetManager.ts:407:19)

    console.log
      Generated vector for snippet: 86a23511-b356-4d3e-9503-3359b253e5b7

      at SnippetManager.processVectorGenerationQueue (src/main/services/SnippetManager.ts:407:19)

    console.log
      Generated vector for snippet: 3d24eb9f-3acb-4092-9898-d7050c6bc243

      at SnippetManager.processVectorGenerationQueue (src/main/services/SnippetManager.ts:407:19)

    console.log
      Generated vector for snippet: da3d1401-8299-403f-ad24-49e4b908124a

      at SnippetManager.processVectorGenerationQueue (src/main/services/SnippetManager.ts:407:19)

    console.log
      Generated vector for snippet: e7e5696e-b637-4d5b-88f8-60bf4e1ae275

      at SnippetManager.processVectorGenerationQueue (src/main/services/SnippetManager.ts:407:19)

    console.log
      Generated vector for snippet: 0b7fb630-9344-4048-9e75-fc4974adc082

      at SnippetManager.processVectorGenerationQueue (src/main/services/SnippetManager.ts:407:19)

    console.log
      Generated vector for snippet: a1567f68-1afc-43d1-a604-1d6a5f13b432

      at SnippetManager.processVectorGenerationQueue (src/main/services/SnippetManager.ts:407:19)

    console.log
      Generated vector for snippet: 60ff8375-fb08-457e-ae24-1bfc37d2f484

      at SnippetManager.processVectorGenerationQueue (src/main/services/SnippetManager.ts:407:19)

    console.log
      Generated vector for snippet: 2787384c-626b-43bb-b223-957b956e2cdc

      at SnippetManager.processVectorGenerationQueue (src/main/services/SnippetManager.ts:407:19)

    console.log
      Generated vector for snippet: 74dc0eba-56eb-4548-a6ef-9b791047987c

      at SnippetManager.processVectorGenerationQueue (src/main/services/SnippetManager.ts:407:19)

    console.log
      Generated vector for snippet: 580c8076-01de-43d2-be5e-b73bbd7aed46

      at SnippetManager.processVectorGenerationQueue (src/main/services/SnippetManager.ts:407:19)

    console.log
      Generated vector for snippet: 7b2fca87-de42-4c66-be33-4116b66861af

      at SnippetManager.processVectorGenerationQueue (src/main/services/SnippetManager.ts:407:19)

    console.log
      Generated vector for snippet: bf37ef15-b046-4f51-8d81-4b2ce05b5423

      at SnippetManager.processVectorGenerationQueue (src/main/services/SnippetManager.ts:407:19)

    console.log
      Generated vector for snippet: cba0c565-76e8-4355-9213-2aadce6e50a2

      at SnippetManager.processVectorGenerationQueue (src/main/services/SnippetManager.ts:407:19)

    console.log
      Generated vector for snippet: 9f6aea15-3948-4950-a471-bfa760566643

      at SnippetManager.processVectorGenerationQueue (src/main/services/SnippetManager.ts:407:19)

    console.log
      Generated vector for snippet: 02e54198-ab4e-4fd1-9978-745486dd2dc4

      at SnippetManager.processVectorGenerationQueue (src/main/services/SnippetManager.ts:407:19)

    console.log
      Generated vector for snippet: 03e8168e-26a7-43bb-8c5d-169051a54155

      at SnippetManager.processVectorGenerationQueue (src/main/services/SnippetManager.ts:407:19)

    console.log
      Generated vector for snippet: 8cc61d2a-4672-4420-9808-09bb6129ed80

      at SnippetManager.processVectorGenerationQueue (src/main/services/SnippetManager.ts:407:19)

    console.log
      Generated vector for snippet: 457b22a8-facb-4ca8-975d-76208e38af9b

      at SnippetManager.processVectorGenerationQueue (src/main/services/SnippetManager.ts:407:19)

    console.log
      Generated vector for snippet: 2fa89db7-ad5a-4623-a33e-7a6a1c3e3a8a

      at SnippetManager.processVectorGenerationQueue (src/main/services/SnippetManager.ts:407:19)

    console.log
      Generated vector for snippet: 6e90cb43-3d9e-46fb-bf0f-606efa693cff

      at SnippetManager.processVectorGenerationQueue (src/main/services/SnippetManager.ts:407:19)

    console.log
      Generated vector for snippet: dacb7b64-0047-4bbb-b44a-e6503d96c4b0

      at SnippetManager.processVectorGenerationQueue (src/main/services/SnippetManager.ts:407:19)

    console.log
      Generated vector for snippet: f80ae756-fe4d-46c6-a1ba-cdd5d7268579

      at SnippetManager.processVectorGenerationQueue (src/main/services/SnippetManager.ts:407:19)

    console.log
      Generated vector for snippet: 9bb825c6-0aac-47b2-b55c-70250a853005

      at SnippetManager.processVectorGenerationQueue (src/main/services/SnippetManager.ts:407:19)

    console.log
      Generated vector for snippet: 737d64f8-cbec-4eec-886d-f62265c281da

      at SnippetManager.processVectorGenerationQueue (src/main/services/SnippetManager.ts:407:19)

PASS tests/integration/SearchIntegration.test.ts (16.947 s)
  ● Console

    console.log
      Generated vector for snippet: 993da85e-0d94-44c7-8478-1cb3e18f65bb

      at SnippetManager.processVectorGenerationQueue (src/main/services/SnippetManager.ts:407:19)

    console.log
      Generated vector for snippet: aa3b22e6-a014-4592-8bad-3917ac4403ed

      at SnippetManager.processVectorGenerationQueue (src/main/services/SnippetManager.ts:407:19)

    console.log
      Generated vector for snippet: 5df32cf0-9ce7-44ce-8be3-a8cadf8f819e

      at SnippetManager.processVectorGenerationQueue (src/main/services/SnippetManager.ts:407:19)

    console.log
      Generated vector for snippet: 4dc3cc9f-f416-4100-aa1a-2a64c9e487cc

      at SnippetManager.processVectorGenerationQueue (src/main/services/SnippetManager.ts:407:19)

    console.log
      Generated vector for snippet: ee82129d-6646-495c-b318-245bc61b1418

      at SnippetManager.processVectorGenerationQueue (src/main/services/SnippetManager.ts:407:19)

    console.log
      Generated vector for snippet: 9b868cf2-629a-4379-88fc-07028c15ba8f

      at SnippetManager.processVectorGenerationQueue (src/main/services/SnippetManager.ts:407:19)

    console.log
      Generated vector for snippet: 8acc042f-a1e0-4bef-b7a1-9f3e91fd4b5d

      at SnippetManager.processVectorGenerationQueue (src/main/services/SnippetManager.ts:407:19)

    console.log
      Generated vector for snippet: 26caed57-d8fa-4be5-8b6a-30ecf74ac7d4

      at SnippetManager.processVectorGenerationQueue (src/main/services/SnippetManager.ts:407:19)

    console.log
      Generated vector for snippet: 0cede91a-36a9-4d1e-b123-c85db5db2dd5

      at SnippetManager.processVectorGenerationQueue (src/main/services/SnippetManager.ts:407:19)

    console.log
      Generated vector for snippet: 0bfb850c-55e1-4135-881f-9f2846f55675

      at SnippetManager.processVectorGenerationQueue (src/main/services/SnippetManager.ts:407:19)

    console.log
      Generated vector for snippet: df6f903a-e9a5-4789-af87-5b9f638cd826

      at SnippetManager.processVectorGenerationQueue (src/main/services/SnippetManager.ts:407:19)

    console.log
      Generated vector for snippet: 2385bb99-49fa-47ab-9bb0-2a6a7e226fec

      at SnippetManager.processVectorGenerationQueue (src/main/services/SnippetManager.ts:407:19)

    console.log
      Generated vector for snippet: e45ae176-d643-4a27-9210-e97334e1addd

      at SnippetManager.processVectorGenerationQueue (src/main/services/SnippetManager.ts:407:19)

    console.log
      Generated vector for snippet: 4f43cf50-46fa-42c9-9130-b9ad8e814ea0

      at SnippetManager.processVectorGenerationQueue (src/main/services/SnippetManager.ts:407:19)

    console.log
      Generated vector for snippet: 8de3d17f-e681-44a0-b591-55c894590ff4

      at SnippetManager.processVectorGenerationQueue (src/main/services/SnippetManager.ts:407:19)

    console.log
      Generated vector for snippet: 6b218ef9-6d6e-44ea-b1ec-523a0de5cef6

      at SnippetManager.processVectorGenerationQueue (src/main/services/SnippetManager.ts:407:19)

    console.log
      Generated vector for snippet: b43dfcc6-bb01-457a-ab6c-b7f4fc627ee3

      at SnippetManager.processVectorGenerationQueue (src/main/services/SnippetManager.ts:407:19)

    console.log
      Generated vector for snippet: 197390df-7eb1-4a3d-b681-0cc70f8dfc17

      at SnippetManager.processVectorGenerationQueue (src/main/services/SnippetManager.ts:407:19)

    console.log
      Generated vector for snippet: d7f1c7dd-f545-4f99-accc-1804b745fa2e

      at SnippetManager.processVectorGenerationQueue (src/main/services/SnippetManager.ts:407:19)

    console.log
      Generated vector for snippet: 31dc6ae6-f9ee-4f61-9293-e86737a48e14

      at SnippetManager.processVectorGenerationQueue (src/main/services/SnippetManager.ts:407:19)

    console.log
      Generated vector for snippet: 0cd66333-318c-450c-b1bd-c96f01eee7cb

      at SnippetManager.processVectorGenerationQueue (src/main/services/SnippetManager.ts:407:19)

    console.log
      Generated vector for snippet: 79ba8896-8e6d-4b9c-9bae-f0d877d00fb3

      at SnippetManager.processVectorGenerationQueue (src/main/services/SnippetManager.ts:407:19)

    console.log
      Generated vector for snippet: 7a15b345-d3d3-40db-9169-7808f521c6bc

      at SnippetManager.processVectorGenerationQueue (src/main/services/SnippetManager.ts:407:19)

    console.log
      Generated vector for snippet: e3de4274-464d-4edd-aac3-cd9f26f036fe

      at SnippetManager.processVectorGenerationQueue (src/main/services/SnippetManager.ts:407:19)

    console.log
      Generated vector for snippet: 9bd1bbe9-9332-4ac0-bd7c-eb1c2392968e

      at SnippetManager.processVectorGenerationQueue (src/main/services/SnippetManager.ts:407:19)

    console.log
      Generated vector for snippet: c28ac8de-246b-4013-a5b7-cfe7ac3b27ba

      at SnippetManager.processVectorGenerationQueue (src/main/services/SnippetManager.ts:407:19)

    console.log
      Generated vector for snippet: 0ca7146d-054e-461e-8483-571033b94749

      at SnippetManager.processVectorGenerationQueue (src/main/services/SnippetManager.ts:407:19)

    console.log
      Generated vector for snippet: e46f249e-868a-48ed-a9ee-8008f7f68a1d

      at SnippetManager.processVectorGenerationQueue (src/main/services/SnippetManager.ts:407:19)

    console.log
      Generated vector for snippet: 2eeb941c-4228-4948-a6f9-e0f6e66e5e02

      at SnippetManager.processVectorGenerationQueue (src/main/services/SnippetManager.ts:407:19)

    console.log
      Generated vector for snippet: f52659ab-eb24-4c57-a036-a357b1f0260d

      at SnippetManager.processVectorGenerationQueue (src/main/services/SnippetManager.ts:407:19)

    console.log
      Generated vector for snippet: 5fc3f1e8-d366-4345-8429-aea6139e6431

      at SnippetManager.processVectorGenerationQueue (src/main/services/SnippetManager.ts:407:19)

    console.log
      Generated vector for snippet: 0d500f32-056e-4ed1-b143-eef98d871e0d

      at SnippetManager.processVectorGenerationQueue (src/main/services/SnippetManager.ts:407:19)

    console.log
      Generated vector for snippet: f4099079-cafb-4fd3-9fe0-c2b672a32fec

      at SnippetManager.processVectorGenerationQueue (src/main/services/SnippetManager.ts:407:19)

    console.log
      Generated vector for snippet: 7fe3b236-6670-422c-8b9f-405ee2db148c

      at SnippetManager.processVectorGenerationQueue (src/main/services/SnippetManager.ts:407:19)

    console.log
      Generated vector for snippet: 71633f26-4c98-4898-a68e-93c9054b31ae

      at SnippetManager.processVectorGenerationQueue (src/main/services/SnippetManager.ts:407:19)

    console.log
      Generated vector for snippet: 1a16e93d-6bbd-45a9-95e5-97ba76224548

      at SnippetManager.processVectorGenerationQueue (src/main/services/SnippetManager.ts:407:19)

    console.log
      Generated vector for snippet: edc11ac0-5ec0-4728-a3a3-5b7fcbc90061

      at SnippetManager.processVectorGenerationQueue (src/main/services/SnippetManager.ts:407:19)

    console.log
      Generated vector for snippet: 43f865e0-077e-42cc-812d-689202ac3315

      at SnippetManager.processVectorGenerationQueue (src/main/services/SnippetManager.ts:407:19)

    console.log
      Generated vector for snippet: 6a400a8c-97e7-4092-ae90-017ac4374a6a

      at SnippetManager.processVectorGenerationQueue (src/main/services/SnippetManager.ts:407:19)

    console.log
      Generated vector for snippet: a1217d80-c899-4dae-8a34-198e9de6feea

      at SnippetManager.processVectorGenerationQueue (src/main/services/SnippetManager.ts:407:19)

    console.log
      Generated vector for snippet: 2b6f0486-07e0-431a-b8c6-a30821a5079d

      at SnippetManager.processVectorGenerationQueue (src/main/services/SnippetManager.ts:407:19)

    console.log
      Generated vector for snippet: b809b15e-b58a-4bd0-8e58-25e70a348e57

      at SnippetManager.processVectorGenerationQueue (src/main/services/SnippetManager.ts:407:19)

    console.log
      Generated vector for snippet: d3c753da-4ae6-4330-8f90-6c54e9b39852

      at SnippetManager.processVectorGenerationQueue (src/main/services/SnippetManager.ts:407:19)

    console.log
      Generated vector for snippet: d46cdba6-5979-4bdd-b8d2-d479e478720f

      at SnippetManager.processVectorGenerationQueue (src/main/services/SnippetManager.ts:407:19)

    console.log
      Generated vector for snippet: 82c1f26a-5fc3-4545-bf3a-5acd582d9cd8

      at SnippetManager.processVectorGenerationQueue (src/main/services/SnippetManager.ts:407:19)

    console.log
      Generated vector for snippet: 3fc60d29-5170-4425-b3a2-0a25fc6fb683

      at SnippetManager.processVectorGenerationQueue (src/main/services/SnippetManager.ts:407:19)

    console.log
      Generated vector for snippet: 3a4d5cf2-92b3-4a42-ad4b-1359736c7ca2

      at SnippetManager.processVectorGenerationQueue (src/main/services/SnippetManager.ts:407:19)

    console.log
      Generated vector for snippet: 3eb6d688-5e59-491a-bec9-7fac0205e0f4

      at SnippetManager.processVectorGenerationQueue (src/main/services/SnippetManager.ts:407:19)

    console.log
      Generated vector for snippet: 7b0a718b-0f88-4fa0-9e95-7f28ebdbefa8

      at SnippetManager.processVectorGenerationQueue (src/main/services/SnippetManager.ts:407:19)

    console.log
      Generated vector for snippet: dcf1fb64-04fa-4d98-974e-3ae60c583012

      at SnippetManager.processVectorGenerationQueue (src/main/services/SnippetManager.ts:407:19)

    console.log
      Generated vector for snippet: 9a20f4e3-f45e-46fb-9a32-9358f9918dbb

      at SnippetManager.processVectorGenerationQueue (src/main/services/SnippetManager.ts:407:19)

    console.log
      Generated vector for snippet: 41e07251-073a-478b-ad8e-ae7c925734de

      at SnippetManager.processVectorGenerationQueue (src/main/services/SnippetManager.ts:407:19)

    console.log
      Generated vector for snippet: f363870a-3ba1-4576-9a38-852a98603afd

      at SnippetManager.processVectorGenerationQueue (src/main/services/SnippetManager.ts:407:19)

    console.log
      Generated vector for snippet: 54776181-5ef5-422e-a9bb-9a1268cfebc0

      at SnippetManager.processVectorGenerationQueue (src/main/services/SnippetManager.ts:407:19)

    console.log
      Generated vector for snippet: 1bfed87d-ffa7-4036-af95-a14a5828d111

      at SnippetManager.processVectorGenerationQueue (src/main/services/SnippetManager.ts:407:19)

    console.log
      Generated vector for snippet: 2f600e8c-2a09-49ad-9deb-4adf362ed2fd

      at SnippetManager.processVectorGenerationQueue (src/main/services/SnippetManager.ts:407:19)

    console.log
      Generated vector for snippet: 1eb82408-0184-4fbd-8832-6fce9d385d5a

      at SnippetManager.processVectorGenerationQueue (src/main/services/SnippetManager.ts:407:19)

    console.log
      Generated vector for snippet: f88b4ee0-8c44-4f39-b56b-5d274a977086

      at SnippetManager.processVectorGenerationQueue (src/main/services/SnippetManager.ts:407:19)

    console.log
      Generated vector for snippet: 5164f403-4884-45af-bbdc-692a0748bb8c

      at SnippetManager.processVectorGenerationQueue (src/main/services/SnippetManager.ts:407:19)

    console.log
      Generated vector for snippet: e754c8ef-f7c1-48a8-827c-c120446af425

      at SnippetManager.processVectorGenerationQueue (src/main/services/SnippetManager.ts:407:19)

    console.log
      Generated vector for snippet: 0c600a58-9ffa-41f0-a7eb-1aa9c1a8d380

      at SnippetManager.processVectorGenerationQueue (src/main/services/SnippetManager.ts:407:19)

    console.log
      Generated vector for snippet: 97238cc5-074e-4c9f-984d-d0298b0159aa

      at SnippetManager.processVectorGenerationQueue (src/main/services/SnippetManager.ts:407:19)

    console.log
      Generated vector for snippet: f81f304c-3c2e-4265-ac67-cb54eba136f0

      at SnippetManager.processVectorGenerationQueue (src/main/services/SnippetManager.ts:407:19)

    console.log
      Generated vector for snippet: 7e84ea51-859a-44c3-b5f4-a8fd759b4d28

      at SnippetManager.processVectorGenerationQueue (src/main/services/SnippetManager.ts:407:19)

    console.log
      Generated vector for snippet: 2c55cd89-5624-4812-8683-d9f7002c1ed8

      at SnippetManager.processVectorGenerationQueue (src/main/services/SnippetManager.ts:407:19)

    console.log
      Generated vector for snippet: be45a828-8f2d-468a-8b7a-eda9758895bd

      at SnippetManager.processVectorGenerationQueue (src/main/services/SnippetManager.ts:407:19)

    console.log
      Generated vector for snippet: 75ddd9df-c786-45e1-beae-77aaa64bb09c

      at SnippetManager.processVectorGenerationQueue (src/main/services/SnippetManager.ts:407:19)

    console.log
      Generated vector for snippet: 78d92f9e-dfd8-48dd-81b2-03409c270a9d

      at SnippetManager.processVectorGenerationQueue (src/main/services/SnippetManager.ts:407:19)

    console.log
      Generated vector for snippet: 8fccb80d-7a01-4fd6-8dbf-45b9625903e4

      at SnippetManager.processVectorGenerationQueue (src/main/services/SnippetManager.ts:407:19)

    console.log
      Generated vector for snippet: fc214b9f-462b-465e-900c-4829f6eae7c1

      at SnippetManager.processVectorGenerationQueue (src/main/services/SnippetManager.ts:407:19)

    console.log
      Generated vector for snippet: 1ce4d38b-c7d3-4f41-a736-4181d5c0b7b9

      at SnippetManager.processVectorGenerationQueue (src/main/services/SnippetManager.ts:407:19)

    console.log
      Generated vector for snippet: cabf1f11-ee68-484b-ae3b-e2255a920e80

      at SnippetManager.processVectorGenerationQueue (src/main/services/SnippetManager.ts:407:19)

    console.log
      Generated vector for snippet: a96640d0-9eed-4a2a-b4c7-c4cc3348fc34

      at SnippetManager.processVectorGenerationQueue (src/main/services/SnippetManager.ts:407:19)

    console.log
      Generated vector for snippet: a90e3f88-3eca-486e-89c4-e4f594d95146

      at SnippetManager.processVectorGenerationQueue (src/main/services/SnippetManager.ts:407:19)

    console.log
      Generated vector for snippet: 1e09c70b-16c3-486e-9d83-33c8912f74ba

      at SnippetManager.processVectorGenerationQueue (src/main/services/SnippetManager.ts:407:19)

    console.log
      Generated vector for snippet: 39f8a601-179d-4ab6-994e-cbfe62a57365

      at SnippetManager.processVectorGenerationQueue (src/main/services/SnippetManager.ts:407:19)

    console.log
      Generated vector for snippet: d2e9fdef-d9f0-47ce-8953-c0139908e7c6

      at SnippetManager.processVectorGenerationQueue (src/main/services/SnippetManager.ts:407:19)

    console.log
      Generated vector for snippet: 7aa4c187-6e38-45d1-a8ba-8dc01fcc4354

      at SnippetManager.processVectorGenerationQueue (src/main/services/SnippetManager.ts:407:19)

    console.log
      Generated vector for snippet: 62b9df49-97fe-47de-8608-f1c68382edb4

      at SnippetManager.processVectorGenerationQueue (src/main/services/SnippetManager.ts:407:19)

    console.log
      Generated vector for snippet: 06d2b3db-3d50-421a-ba54-0cdddda970e4

      at SnippetManager.processVectorGenerationQueue (src/main/services/SnippetManager.ts:407:19)

    console.log
      Generated vector for snippet: 7272e3ba-af4b-4f82-be93-a200c1c47ac7

      at SnippetManager.processVectorGenerationQueue (src/main/services/SnippetManager.ts:407:19)

    console.log
      Generated vector for snippet: be8ad7c1-f434-4f6c-b8e1-98b04621f625

      at SnippetManager.processVectorGenerationQueue (src/main/services/SnippetManager.ts:407:19)

    console.log
      Generated vector for snippet: 99036d1e-d4bb-4ec7-927b-a95c9a99c374

      at SnippetManager.processVectorGenerationQueue (src/main/services/SnippetManager.ts:407:19)

    console.log
      Generated vector for snippet: fc776ddc-c40e-4fbb-8b3d-6202c7495919

      at SnippetManager.processVectorGenerationQueue (src/main/services/SnippetManager.ts:407:19)

    console.log
      Generated vector for snippet: 94ea337e-5be5-45cc-b9b5-df5135477fb2

      at SnippetManager.processVectorGenerationQueue (src/main/services/SnippetManager.ts:407:19)

    console.log
      Generated vector for snippet: 620755d4-97aa-4236-a4e1-2bc4cebf97bc

      at SnippetManager.processVectorGenerationQueue (src/main/services/SnippetManager.ts:407:19)

    console.log
      Generated vector for snippet: 7f27e06b-d3c9-49bf-bad8-be8820ebe0d8

      at SnippetManager.processVectorGenerationQueue (src/main/services/SnippetManager.ts:407:19)

    console.log
      Generated vector for snippet: aa85143f-c8dc-4861-9ee7-14ef405cb4b6

      at SnippetManager.processVectorGenerationQueue (src/main/services/SnippetManager.ts:407:19)

    console.log
      Generated vector for snippet: eecadd52-4de8-42d7-b32c-2f2e230374ec

      at SnippetManager.processVectorGenerationQueue (src/main/services/SnippetManager.ts:407:19)

    console.log
      Generated vector for snippet: 65967e8e-ae36-4365-a94c-1f7f6794f249

      at SnippetManager.processVectorGenerationQueue (src/main/services/SnippetManager.ts:407:19)

    console.log
      Generated vector for snippet: b0952fcd-4cbd-4cd8-80b8-3c002bbbeb88

      at SnippetManager.processVectorGenerationQueue (src/main/services/SnippetManager.ts:407:19)

    console.log
      Generated vector for snippet: 93383460-f631-4340-8ebb-b7fbb4082430

      at SnippetManager.processVectorGenerationQueue (src/main/services/SnippetManager.ts:407:19)

    console.log
      Generated vector for snippet: 39a6b9b1-68c8-4c02-9b53-23f3f10d213b

      at SnippetManager.processVectorGenerationQueue (src/main/services/SnippetManager.ts:407:19)

    console.log
      Generated vector for snippet: 5a5418fe-068f-4c9d-bd31-7ab24eee40d9

      at SnippetManager.processVectorGenerationQueue (src/main/services/SnippetManager.ts:407:19)

    console.log
      Generated vector for snippet: 7d781e84-f6c8-4821-975d-54972d753b12

      at SnippetManager.processVectorGenerationQueue (src/main/services/SnippetManager.ts:407:19)

    console.log
      Generated vector for snippet: d4c7300c-60ba-46df-b3b7-bbac7e8f03f9

      at SnippetManager.processVectorGenerationQueue (src/main/services/SnippetManager.ts:407:19)

    console.log
      Generated vector for snippet: 25bbe464-f4bc-4f0a-be44-49451e872aab

      at SnippetManager.processVectorGenerationQueue (src/main/services/SnippetManager.ts:407:19)

    console.log
      Generated vector for snippet: 20348348-0830-4677-81bf-392146553f38

      at SnippetManager.processVectorGenerationQueue (src/main/services/SnippetManager.ts:407:19)

    console.log
      Generated vector for snippet: 9114242a-8670-4da5-968a-606a5c615c78

      at SnippetManager.processVectorGenerationQueue (src/main/services/SnippetManager.ts:407:19)

    console.log
      Generated vector for snippet: b65975f9-6b71-4e52-aa97-5173ce11ea9f

      at SnippetManager.processVectorGenerationQueue (src/main/services/SnippetManager.ts:407:19)

    console.log
      Generated vector for snippet: fbc5356a-d06e-45bf-8e5d-62df5ff9d231

      at SnippetManager.processVectorGenerationQueue (src/main/services/SnippetManager.ts:407:19)

    console.log
      Generated vector for snippet: a0c17575-6b4b-43d7-ad67-ba2e7a998210

      at SnippetManager.processVectorGenerationQueue (src/main/services/SnippetManager.ts:407:19)

    console.log
      Generated vector for snippet: 9128bed0-6856-4c3f-a86b-7ae17df7828b

      at SnippetManager.processVectorGenerationQueue (src/main/services/SnippetManager.ts:407:19)

    console.log
      Generated vector for snippet: 66372b4f-f9a1-4ca5-88d7-db4a418f671c

      at SnippetManager.processVectorGenerationQueue (src/main/services/SnippetManager.ts:407:19)

PASS tests/unit/CategoryTagProperty.test.ts (169.986 s)

Test Suites: 12 passed, 12 total
Tests:       151 passed, 151 total
Snapshots:   0 total
Time:        172.553 s
Ran all test suites.
