
> snippetbox@0.1.0 test
> jest --verbose

  console.error
    Failed to create snippet: TypeError: Cannot read properties of undefined (reading 'changes')
        at D:\OpenSource\SnippetBox\src\main\services\SnippetManager.ts:314:18
        at Array.forEach (<anonymous>)
        at SnippetManager.addTagsToSnippet (D:\OpenSource\SnippetBox\src\main\services\SnippetManager.ts:289:14)
        at D:\OpenSource\SnippetBox\src\main\services\SnippetManager.ts:55:16
        at SnippetManager.createSnippet (D:\OpenSource\SnippetBox\src\main\services\SnippetManager.ts:61:25)
        at D:\OpenSource\SnippetBox\tests\property\SnippetProperty.test.ts:78:57
        at AsyncProperty.predicate (D:\OpenSource\SnippetBox\node_modules\fast-check\lib\cjs\fast-check.js:1272:104)
        at AsyncProperty.run (D:\OpenSource\SnippetBox\node_modules\fast-check\lib\cjs\fast-check.js:1208:30)
        at asyncRunIt (D:\OpenSource\SnippetBox\node_modules\fast-check\lib\cjs\fast-check.js:2503:30)
        at processTicksAndRejections (node:internal/process/task_queues:105:5)
        at Object.<anonymous> (D:\OpenSource\SnippetBox\tests\property\SnippetProperty.test.ts:44:7)

    [0m [90m 68 |[39m       [36mreturn[39m snippet[33m;[39m
     [90m 69 |[39m     } [36mcatch[39m (error) {
    [31m[1m>[22m[39m[90m 70 |[39m       console[33m.[39merror([32m'Failed to create snippet:'[39m[33m,[39m error)[33m;[39m
     [90m    |[39m               [31m[1m^[22m[39m
     [90m 71 |[39m       [36mthrow[39m error[33m;[39m
     [90m 72 |[39m     }
     [90m 73 |[39m   }[0m

      at SnippetManager.createSnippet (src/main/services/SnippetManager.ts:70:15)
      at tests/property/SnippetProperty.test.ts:78:57
      at AsyncProperty.predicate (node_modules/fast-check/lib/cjs/fast-check.js:1272:104)
      at AsyncProperty.run (node_modules/fast-check/lib/cjs/fast-check.js:1208:30)
      at asyncRunIt (node_modules/fast-check/lib/cjs/fast-check.js:2503:30)
      at Object.<anonymous> (tests/property/SnippetProperty.test.ts:44:7)

  console.error
    Failed to create snippet: TypeError: Cannot read properties of undefined (reading 'changes')
        at D:\OpenSource\SnippetBox\src\main\services\SnippetManager.ts:314:18
        at Array.forEach (<anonymous>)
        at SnippetManager.addTagsToSnippet (D:\OpenSource\SnippetBox\src\main\services\SnippetManager.ts:289:14)
        at D:\OpenSource\SnippetBox\src\main\services\SnippetManager.ts:55:16
        at SnippetManager.createSnippet (D:\OpenSource\SnippetBox\src\main\services\SnippetManager.ts:61:25)
        at D:\OpenSource\SnippetBox\tests\property\SnippetProperty.test.ts:78:57
        at AsyncProperty.predicate (D:\OpenSource\SnippetBox\node_modules\fast-check\lib\cjs\fast-check.js:1272:104)
        at AsyncProperty.run (D:\OpenSource\SnippetBox\node_modules\fast-check\lib\cjs\fast-check.js:1208:30)
        at asyncRunIt (D:\OpenSource\SnippetBox\node_modules\fast-check\lib\cjs\fast-check.js:2503:30)
        at processTicksAndRejections (node:internal/process/task_queues:105:5)
        at Object.<anonymous> (D:\OpenSource\SnippetBox\tests\property\SnippetProperty.test.ts:44:7)

    [0m [90m 68 |[39m       [36mreturn[39m snippet[33m;[39m
     [90m 69 |[39m     } [36mcatch[39m (error) {
    [31m[1m>[22m[39m[90m 70 |[39m       console[33m.[39merror([32m'Failed to create snippet:'[39m[33m,[39m error)[33m;[39m
     [90m    |[39m               [31m[1m^[22m[39m
     [90m 71 |[39m       [36mthrow[39m error[33m;[39m
     [90m 72 |[39m     }
     [90m 73 |[39m   }[0m

      at SnippetManager.createSnippet (src/main/services/SnippetManager.ts:70:15)
      at tests/property/SnippetProperty.test.ts:78:57
      at AsyncProperty.predicate (node_modules/fast-check/lib/cjs/fast-check.js:1272:104)
      at AsyncProperty.run (node_modules/fast-check/lib/cjs/fast-check.js:1208:30)
      at asyncRunIt (node_modules/fast-check/lib/cjs/fast-check.js:2503:30)
      at Object.<anonymous> (tests/property/SnippetProperty.test.ts:44:7)

  console.error
    Failed to create snippet: TypeError: Cannot read properties of undefined (reading 'changes')
        at D:\OpenSource\SnippetBox\src\main\services\SnippetManager.ts:314:18
        at Array.forEach (<anonymous>)
        at SnippetManager.addTagsToSnippet (D:\OpenSource\SnippetBox\src\main\services\SnippetManager.ts:289:14)
        at D:\OpenSource\SnippetBox\src\main\services\SnippetManager.ts:55:16
        at SnippetManager.createSnippet (D:\OpenSource\SnippetBox\src\main\services\SnippetManager.ts:61:25)
        at D:\OpenSource\SnippetBox\tests\property\SnippetProperty.test.ts:78:57
        at AsyncProperty.predicate (D:\OpenSource\SnippetBox\node_modules\fast-check\lib\cjs\fast-check.js:1272:104)
        at AsyncProperty.run (D:\OpenSource\SnippetBox\node_modules\fast-check\lib\cjs\fast-check.js:1208:30)
        at asyncRunIt (D:\OpenSource\SnippetBox\node_modules\fast-check\lib\cjs\fast-check.js:2503:30)
        at processTicksAndRejections (node:internal/process/task_queues:105:5)
        at Object.<anonymous> (D:\OpenSource\SnippetBox\tests\property\SnippetProperty.test.ts:44:7)

    [0m [90m 68 |[39m       [36mreturn[39m snippet[33m;[39m
     [90m 69 |[39m     } [36mcatch[39m (error) {
    [31m[1m>[22m[39m[90m 70 |[39m       console[33m.[39merror([32m'Failed to create snippet:'[39m[33m,[39m error)[33m;[39m
     [90m    |[39m               [31m[1m^[22m[39m
     [90m 71 |[39m       [36mthrow[39m error[33m;[39m
     [90m 72 |[39m     }
     [90m 73 |[39m   }[0m

      at SnippetManager.createSnippet (src/main/services/SnippetManager.ts:70:15)
      at tests/property/SnippetProperty.test.ts:78:57
      at AsyncProperty.predicate (node_modules/fast-check/lib/cjs/fast-check.js:1272:104)
      at AsyncProperty.run (node_modules/fast-check/lib/cjs/fast-check.js:1208:30)
      at asyncRunIt (node_modules/fast-check/lib/cjs/fast-check.js:2503:30)
      at Object.<anonymous> (tests/property/SnippetProperty.test.ts:44:7)

  console.error
    Failed to create snippet: TypeError: Cannot read properties of undefined (reading 'changes')
        at D:\OpenSource\SnippetBox\src\main\services\SnippetManager.ts:314:18
        at Array.forEach (<anonymous>)
        at SnippetManager.addTagsToSnippet (D:\OpenSource\SnippetBox\src\main\services\SnippetManager.ts:289:14)
        at D:\OpenSource\SnippetBox\src\main\services\SnippetManager.ts:55:16
        at SnippetManager.createSnippet (D:\OpenSource\SnippetBox\src\main\services\SnippetManager.ts:61:25)
        at D:\OpenSource\SnippetBox\tests\property\SnippetProperty.test.ts:78:57
        at AsyncProperty.predicate (D:\OpenSource\SnippetBox\node_modules\fast-check\lib\cjs\fast-check.js:1272:104)
        at AsyncProperty.run (D:\OpenSource\SnippetBox\node_modules\fast-check\lib\cjs\fast-check.js:1208:30)
        at asyncRunIt (D:\OpenSource\SnippetBox\node_modules\fast-check\lib\cjs\fast-check.js:2503:30)
        at processTicksAndRejections (node:internal/process/task_queues:105:5)
        at Object.<anonymous> (D:\OpenSource\SnippetBox\tests\property\SnippetProperty.test.ts:44:7)

    [0m [90m 68 |[39m       [36mreturn[39m snippet[33m;[39m
     [90m 69 |[39m     } [36mcatch[39m (error) {
    [31m[1m>[22m[39m[90m 70 |[39m       console[33m.[39merror([32m'Failed to create snippet:'[39m[33m,[39m error)[33m;[39m
     [90m    |[39m               [31m[1m^[22m[39m
     [90m 71 |[39m       [36mthrow[39m error[33m;[39m
     [90m 72 |[39m     }
     [90m 73 |[39m   }[0m

      at SnippetManager.createSnippet (src/main/services/SnippetManager.ts:70:15)
      at tests/property/SnippetProperty.test.ts:78:57
      at AsyncProperty.predicate (node_modules/fast-check/lib/cjs/fast-check.js:1272:104)
      at AsyncProperty.run (node_modules/fast-check/lib/cjs/fast-check.js:1208:30)
      at asyncRunIt (node_modules/fast-check/lib/cjs/fast-check.js:2503:30)
      at Object.<anonymous> (tests/property/SnippetProperty.test.ts:44:7)

  console.error
    Failed to create snippet: TypeError: Cannot read properties of undefined (reading 'changes')
        at D:\OpenSource\SnippetBox\src\main\services\SnippetManager.ts:314:18
        at Array.forEach (<anonymous>)
        at SnippetManager.addTagsToSnippet (D:\OpenSource\SnippetBox\src\main\services\SnippetManager.ts:289:14)
        at D:\OpenSource\SnippetBox\src\main\services\SnippetManager.ts:55:16
        at SnippetManager.createSnippet (D:\OpenSource\SnippetBox\src\main\services\SnippetManager.ts:61:25)
        at D:\OpenSource\SnippetBox\tests\property\SnippetProperty.test.ts:78:57
        at AsyncProperty.predicate (D:\OpenSource\SnippetBox\node_modules\fast-check\lib\cjs\fast-check.js:1272:104)
        at AsyncProperty.run (D:\OpenSource\SnippetBox\node_modules\fast-check\lib\cjs\fast-check.js:1208:30)
        at asyncRunIt (D:\OpenSource\SnippetBox\node_modules\fast-check\lib\cjs\fast-check.js:2503:30)
        at processTicksAndRejections (node:internal/process/task_queues:105:5)
        at Object.<anonymous> (D:\OpenSource\SnippetBox\tests\property\SnippetProperty.test.ts:44:7)

    [0m [90m 68 |[39m       [36mreturn[39m snippet[33m;[39m
     [90m 69 |[39m     } [36mcatch[39m (error) {
    [31m[1m>[22m[39m[90m 70 |[39m       console[33m.[39merror([32m'Failed to create snippet:'[39m[33m,[39m error)[33m;[39m
     [90m    |[39m               [31m[1m^[22m[39m
     [90m 71 |[39m       [36mthrow[39m error[33m;[39m
     [90m 72 |[39m     }
     [90m 73 |[39m   }[0m

      at SnippetManager.createSnippet (src/main/services/SnippetManager.ts:70:15)
      at tests/property/SnippetProperty.test.ts:78:57
      at AsyncProperty.predicate (node_modules/fast-check/lib/cjs/fast-check.js:1272:104)
      at AsyncProperty.run (node_modules/fast-check/lib/cjs/fast-check.js:1208:30)
      at asyncRunIt (node_modules/fast-check/lib/cjs/fast-check.js:2503:30)
      at Object.<anonymous> (tests/property/SnippetProperty.test.ts:44:7)

  console.error
    Failed to create snippet: TypeError: Cannot read properties of undefined (reading 'changes')
        at D:\OpenSource\SnippetBox\src\main\services\SnippetManager.ts:314:18
        at Array.forEach (<anonymous>)
        at SnippetManager.addTagsToSnippet (D:\OpenSource\SnippetBox\src\main\services\SnippetManager.ts:289:14)
        at D:\OpenSource\SnippetBox\src\main\services\SnippetManager.ts:55:16
        at SnippetManager.createSnippet (D:\OpenSource\SnippetBox\src\main\services\SnippetManager.ts:61:25)
        at D:\OpenSource\SnippetBox\tests\property\SnippetProperty.test.ts:78:57
        at AsyncProperty.predicate (D:\OpenSource\SnippetBox\node_modules\fast-check\lib\cjs\fast-check.js:1272:104)
        at AsyncProperty.run (D:\OpenSource\SnippetBox\node_modules\fast-check\lib\cjs\fast-check.js:1208:30)
        at asyncRunIt (D:\OpenSource\SnippetBox\node_modules\fast-check\lib\cjs\fast-check.js:2503:30)
        at processTicksAndRejections (node:internal/process/task_queues:105:5)
        at Object.<anonymous> (D:\OpenSource\SnippetBox\tests\property\SnippetProperty.test.ts:44:7)

    [0m [90m 68 |[39m       [36mreturn[39m snippet[33m;[39m
     [90m 69 |[39m     } [36mcatch[39m (error) {
    [31m[1m>[22m[39m[90m 70 |[39m       console[33m.[39merror([32m'Failed to create snippet:'[39m[33m,[39m error)[33m;[39m
     [90m    |[39m               [31m[1m^[22m[39m
     [90m 71 |[39m       [36mthrow[39m error[33m;[39m
     [90m 72 |[39m     }
     [90m 73 |[39m   }[0m

      at SnippetManager.createSnippet (src/main/services/SnippetManager.ts:70:15)
      at tests/property/SnippetProperty.test.ts:78:57
      at AsyncProperty.predicate (node_modules/fast-check/lib/cjs/fast-check.js:1272:104)
      at AsyncProperty.run (node_modules/fast-check/lib/cjs/fast-check.js:1208:30)
      at asyncRunIt (node_modules/fast-check/lib/cjs/fast-check.js:2503:30)
      at Object.<anonymous> (tests/property/SnippetProperty.test.ts:44:7)

  console.error
    Failed to create snippet: TypeError: Cannot read properties of undefined (reading 'changes')
        at D:\OpenSource\SnippetBox\src\main\services\SnippetManager.ts:314:18
        at Array.forEach (<anonymous>)
        at SnippetManager.addTagsToSnippet (D:\OpenSource\SnippetBox\src\main\services\SnippetManager.ts:289:14)
        at D:\OpenSource\SnippetBox\src\main\services\SnippetManager.ts:55:16
        at SnippetManager.createSnippet (D:\OpenSource\SnippetBox\src\main\services\SnippetManager.ts:61:25)
        at D:\OpenSource\SnippetBox\tests\property\SnippetProperty.test.ts:78:57
        at AsyncProperty.predicate (D:\OpenSource\SnippetBox\node_modules\fast-check\lib\cjs\fast-check.js:1272:104)
        at AsyncProperty.run (D:\OpenSource\SnippetBox\node_modules\fast-check\lib\cjs\fast-check.js:1208:30)
        at asyncRunIt (D:\OpenSource\SnippetBox\node_modules\fast-check\lib\cjs\fast-check.js:2503:30)
        at processTicksAndRejections (node:internal/process/task_queues:105:5)
        at Object.<anonymous> (D:\OpenSource\SnippetBox\tests\property\SnippetProperty.test.ts:44:7)

    [0m [90m 68 |[39m       [36mreturn[39m snippet[33m;[39m
     [90m 69 |[39m     } [36mcatch[39m (error) {
    [31m[1m>[22m[39m[90m 70 |[39m       console[33m.[39merror([32m'Failed to create snippet:'[39m[33m,[39m error)[33m;[39m
     [90m    |[39m               [31m[1m^[22m[39m
     [90m 71 |[39m       [36mthrow[39m error[33m;[39m
     [90m 72 |[39m     }
     [90m 73 |[39m   }[0m

      at SnippetManager.createSnippet (src/main/services/SnippetManager.ts:70:15)
      at tests/property/SnippetProperty.test.ts:78:57
      at AsyncProperty.predicate (node_modules/fast-check/lib/cjs/fast-check.js:1272:104)
      at AsyncProperty.run (node_modules/fast-check/lib/cjs/fast-check.js:1208:30)
      at asyncRunIt (node_modules/fast-check/lib/cjs/fast-check.js:2503:30)
      at Object.<anonymous> (tests/property/SnippetProperty.test.ts:44:7)

  console.error
    Failed to create snippet: TypeError: Cannot read properties of undefined (reading 'changes')
        at D:\OpenSource\SnippetBox\src\main\services\SnippetManager.ts:314:18
        at Array.forEach (<anonymous>)
        at SnippetManager.addTagsToSnippet (D:\OpenSource\SnippetBox\src\main\services\SnippetManager.ts:289:14)
        at D:\OpenSource\SnippetBox\src\main\services\SnippetManager.ts:55:16
        at SnippetManager.createSnippet (D:\OpenSource\SnippetBox\src\main\services\SnippetManager.ts:61:25)
        at D:\OpenSource\SnippetBox\tests\property\SnippetProperty.test.ts:78:57
        at AsyncProperty.predicate (D:\OpenSource\SnippetBox\node_modules\fast-check\lib\cjs\fast-check.js:1272:104)
        at AsyncProperty.run (D:\OpenSource\SnippetBox\node_modules\fast-check\lib\cjs\fast-check.js:1208:30)
        at asyncRunIt (D:\OpenSource\SnippetBox\node_modules\fast-check\lib\cjs\fast-check.js:2503:30)
        at processTicksAndRejections (node:internal/process/task_queues:105:5)
        at Object.<anonymous> (D:\OpenSource\SnippetBox\tests\property\SnippetProperty.test.ts:44:7)

    [0m [90m 68 |[39m       [36mreturn[39m snippet[33m;[39m
     [90m 69 |[39m     } [36mcatch[39m (error) {
    [31m[1m>[22m[39m[90m 70 |[39m       console[33m.[39merror([32m'Failed to create snippet:'[39m[33m,[39m error)[33m;[39m
     [90m    |[39m               [31m[1m^[22m[39m
     [90m 71 |[39m       [36mthrow[39m error[33m;[39m
     [90m 72 |[39m     }
     [90m 73 |[39m   }[0m

      at SnippetManager.createSnippet (src/main/services/SnippetManager.ts:70:15)
      at tests/property/SnippetProperty.test.ts:78:57
      at AsyncProperty.predicate (node_modules/fast-check/lib/cjs/fast-check.js:1272:104)
      at AsyncProperty.run (node_modules/fast-check/lib/cjs/fast-check.js:1208:30)
      at asyncRunIt (node_modules/fast-check/lib/cjs/fast-check.js:2503:30)
      at Object.<anonymous> (tests/property/SnippetProperty.test.ts:44:7)

  console.error
    Failed to create snippet: TypeError: Cannot read properties of undefined (reading 'changes')
        at D:\OpenSource\SnippetBox\src\main\services\SnippetManager.ts:314:18
        at Array.forEach (<anonymous>)
        at SnippetManager.addTagsToSnippet (D:\OpenSource\SnippetBox\src\main\services\SnippetManager.ts:289:14)
        at D:\OpenSource\SnippetBox\src\main\services\SnippetManager.ts:55:16
        at SnippetManager.createSnippet (D:\OpenSource\SnippetBox\src\main\services\SnippetManager.ts:61:25)
        at D:\OpenSource\SnippetBox\tests\property\SnippetProperty.test.ts:78:57
        at AsyncProperty.predicate (D:\OpenSource\SnippetBox\node_modules\fast-check\lib\cjs\fast-check.js:1272:104)
        at AsyncProperty.run (D:\OpenSource\SnippetBox\node_modules\fast-check\lib\cjs\fast-check.js:1208:30)
        at asyncRunIt (D:\OpenSource\SnippetBox\node_modules\fast-check\lib\cjs\fast-check.js:2503:30)
        at processTicksAndRejections (node:internal/process/task_queues:105:5)
        at Object.<anonymous> (D:\OpenSource\SnippetBox\tests\property\SnippetProperty.test.ts:44:7)

    [0m [90m 68 |[39m       [36mreturn[39m snippet[33m;[39m
     [90m 69 |[39m     } [36mcatch[39m (error) {
    [31m[1m>[22m[39m[90m 70 |[39m       console[33m.[39merror([32m'Failed to create snippet:'[39m[33m,[39m error)[33m;[39m
     [90m    |[39m               [31m[1m^[22m[39m
     [90m 71 |[39m       [36mthrow[39m error[33m;[39m
     [90m 72 |[39m     }
     [90m 73 |[39m   }[0m

      at SnippetManager.createSnippet (src/main/services/SnippetManager.ts:70:15)
      at tests/property/SnippetProperty.test.ts:78:57
      at AsyncProperty.predicate (node_modules/fast-check/lib/cjs/fast-check.js:1272:104)
      at AsyncProperty.run (node_modules/fast-check/lib/cjs/fast-check.js:1208:30)
      at asyncRunIt (node_modules/fast-check/lib/cjs/fast-check.js:2503:30)
      at Object.<anonymous> (tests/property/SnippetProperty.test.ts:44:7)

  console.error
    Failed to create snippet: TypeError: Cannot read properties of undefined (reading 'changes')
        at D:\OpenSource\SnippetBox\src\main\services\SnippetManager.ts:314:18
        at Array.forEach (<anonymous>)
        at SnippetManager.addTagsToSnippet (D:\OpenSource\SnippetBox\src\main\services\SnippetManager.ts:289:14)
        at D:\OpenSource\SnippetBox\src\main\services\SnippetManager.ts:55:16
        at SnippetManager.createSnippet (D:\OpenSource\SnippetBox\src\main\services\SnippetManager.ts:61:25)
        at D:\OpenSource\SnippetBox\tests\property\SnippetProperty.test.ts:78:57
        at AsyncProperty.predicate (D:\OpenSource\SnippetBox\node_modules\fast-check\lib\cjs\fast-check.js:1272:104)
        at AsyncProperty.run (D:\OpenSource\SnippetBox\node_modules\fast-check\lib\cjs\fast-check.js:1208:30)
        at asyncRunIt (D:\OpenSource\SnippetBox\node_modules\fast-check\lib\cjs\fast-check.js:2503:30)
        at processTicksAndRejections (node:internal/process/task_queues:105:5)
        at Object.<anonymous> (D:\OpenSource\SnippetBox\tests\property\SnippetProperty.test.ts:44:7)

    [0m [90m 68 |[39m       [36mreturn[39m snippet[33m;[39m
     [90m 69 |[39m     } [36mcatch[39m (error) {
    [31m[1m>[22m[39m[90m 70 |[39m       console[33m.[39merror([32m'Failed to create snippet:'[39m[33m,[39m error)[33m;[39m
     [90m    |[39m               [31m[1m^[22m[39m
     [90m 71 |[39m       [36mthrow[39m error[33m;[39m
     [90m 72 |[39m     }
     [90m 73 |[39m   }[0m

      at SnippetManager.createSnippet (src/main/services/SnippetManager.ts:70:15)
      at tests/property/SnippetProperty.test.ts:78:57
      at AsyncProperty.predicate (node_modules/fast-check/lib/cjs/fast-check.js:1272:104)
      at AsyncProperty.run (node_modules/fast-check/lib/cjs/fast-check.js:1208:30)
      at asyncRunIt (node_modules/fast-check/lib/cjs/fast-check.js:2503:30)
      at Object.<anonymous> (tests/property/SnippetProperty.test.ts:44:7)

  console.error
    Failed to create snippet: TypeError: Cannot read properties of undefined (reading 'changes')
        at D:\OpenSource\SnippetBox\src\main\services\SnippetManager.ts:314:18
        at Array.forEach (<anonymous>)
        at SnippetManager.addTagsToSnippet (D:\OpenSource\SnippetBox\src\main\services\SnippetManager.ts:289:14)
        at D:\OpenSource\SnippetBox\src\main\services\SnippetManager.ts:55:16
        at SnippetManager.createSnippet (D:\OpenSource\SnippetBox\src\main\services\SnippetManager.ts:61:25)
        at D:\OpenSource\SnippetBox\tests\property\SnippetProperty.test.ts:78:57
        at AsyncProperty.predicate (D:\OpenSource\SnippetBox\node_modules\fast-check\lib\cjs\fast-check.js:1272:104)
        at AsyncProperty.run (D:\OpenSource\SnippetBox\node_modules\fast-check\lib\cjs\fast-check.js:1208:30)
        at asyncRunIt (D:\OpenSource\SnippetBox\node_modules\fast-check\lib\cjs\fast-check.js:2503:30)
        at processTicksAndRejections (node:internal/process/task_queues:105:5)
        at Object.<anonymous> (D:\OpenSource\SnippetBox\tests\property\SnippetProperty.test.ts:44:7)

    [0m [90m 68 |[39m       [36mreturn[39m snippet[33m;[39m
     [90m 69 |[39m     } [36mcatch[39m (error) {
    [31m[1m>[22m[39m[90m 70 |[39m       console[33m.[39merror([32m'Failed to create snippet:'[39m[33m,[39m error)[33m;[39m
     [90m    |[39m               [31m[1m^[22m[39m
     [90m 71 |[39m       [36mthrow[39m error[33m;[39m
     [90m 72 |[39m     }
     [90m 73 |[39m   }[0m

      at SnippetManager.createSnippet (src/main/services/SnippetManager.ts:70:15)
      at tests/property/SnippetProperty.test.ts:78:57
      at AsyncProperty.predicate (node_modules/fast-check/lib/cjs/fast-check.js:1272:104)
      at AsyncProperty.run (node_modules/fast-check/lib/cjs/fast-check.js:1208:30)
      at asyncRunIt (node_modules/fast-check/lib/cjs/fast-check.js:2503:30)
      at Object.<anonymous> (tests/property/SnippetProperty.test.ts:44:7)

  console.error
    Failed to create snippet: TypeError: Cannot read properties of undefined (reading 'changes')
        at D:\OpenSource\SnippetBox\src\main\services\SnippetManager.ts:314:18
        at Array.forEach (<anonymous>)
        at SnippetManager.addTagsToSnippet (D:\OpenSource\SnippetBox\src\main\services\SnippetManager.ts:289:14)
        at D:\OpenSource\SnippetBox\src\main\services\SnippetManager.ts:55:16
        at SnippetManager.createSnippet (D:\OpenSource\SnippetBox\src\main\services\SnippetManager.ts:61:25)
        at D:\OpenSource\SnippetBox\tests\property\SnippetProperty.test.ts:78:57
        at AsyncProperty.predicate (D:\OpenSource\SnippetBox\node_modules\fast-check\lib\cjs\fast-check.js:1272:104)
        at AsyncProperty.run (D:\OpenSource\SnippetBox\node_modules\fast-check\lib\cjs\fast-check.js:1208:30)
        at asyncRunIt (D:\OpenSource\SnippetBox\node_modules\fast-check\lib\cjs\fast-check.js:2503:30)
        at processTicksAndRejections (node:internal/process/task_queues:105:5)
        at Object.<anonymous> (D:\OpenSource\SnippetBox\tests\property\SnippetProperty.test.ts:44:7)

    [0m [90m 68 |[39m       [36mreturn[39m snippet[33m;[39m
     [90m 69 |[39m     } [36mcatch[39m (error) {
    [31m[1m>[22m[39m[90m 70 |[39m       console[33m.[39merror([32m'Failed to create snippet:'[39m[33m,[39m error)[33m;[39m
     [90m    |[39m               [31m[1m^[22m[39m
     [90m 71 |[39m       [36mthrow[39m error[33m;[39m
     [90m 72 |[39m     }
     [90m 73 |[39m   }[0m

      at SnippetManager.createSnippet (src/main/services/SnippetManager.ts:70:15)
      at tests/property/SnippetProperty.test.ts:78:57
      at AsyncProperty.predicate (node_modules/fast-check/lib/cjs/fast-check.js:1272:104)
      at AsyncProperty.run (node_modules/fast-check/lib/cjs/fast-check.js:1208:30)
      at asyncRunIt (node_modules/fast-check/lib/cjs/fast-check.js:2503:30)
      at Object.<anonymous> (tests/property/SnippetProperty.test.ts:44:7)

  console.error
    Failed to create snippet: TypeError: Cannot read properties of undefined (reading 'changes')
        at D:\OpenSource\SnippetBox\src\main\services\SnippetManager.ts:314:18
        at Array.forEach (<anonymous>)
        at SnippetManager.addTagsToSnippet (D:\OpenSource\SnippetBox\src\main\services\SnippetManager.ts:289:14)
        at D:\OpenSource\SnippetBox\src\main\services\SnippetManager.ts:55:16
        at SnippetManager.createSnippet (D:\OpenSource\SnippetBox\src\main\services\SnippetManager.ts:61:25)
        at D:\OpenSource\SnippetBox\tests\property\SnippetProperty.test.ts:78:57
        at AsyncProperty.predicate (D:\OpenSource\SnippetBox\node_modules\fast-check\lib\cjs\fast-check.js:1272:104)
        at AsyncProperty.run (D:\OpenSource\SnippetBox\node_modules\fast-check\lib\cjs\fast-check.js:1208:30)
        at asyncRunIt (D:\OpenSource\SnippetBox\node_modules\fast-check\lib\cjs\fast-check.js:2503:30)
        at processTicksAndRejections (node:internal/process/task_queues:105:5)
        at Object.<anonymous> (D:\OpenSource\SnippetBox\tests\property\SnippetProperty.test.ts:44:7)

    [0m [90m 68 |[39m       [36mreturn[39m snippet[33m;[39m
     [90m 69 |[39m     } [36mcatch[39m (error) {
    [31m[1m>[22m[39m[90m 70 |[39m       console[33m.[39merror([32m'Failed to create snippet:'[39m[33m,[39m error)[33m;[39m
     [90m    |[39m               [31m[1m^[22m[39m
     [90m 71 |[39m       [36mthrow[39m error[33m;[39m
     [90m 72 |[39m     }
     [90m 73 |[39m   }[0m

      at SnippetManager.createSnippet (src/main/services/SnippetManager.ts:70:15)
      at tests/property/SnippetProperty.test.ts:78:57
      at AsyncProperty.predicate (node_modules/fast-check/lib/cjs/fast-check.js:1272:104)
      at AsyncProperty.run (node_modules/fast-check/lib/cjs/fast-check.js:1208:30)
      at asyncRunIt (node_modules/fast-check/lib/cjs/fast-check.js:2503:30)
      at Object.<anonymous> (tests/property/SnippetProperty.test.ts:44:7)

  console.error
    Failed to create snippet: TypeError: Cannot read properties of undefined (reading 'changes')
        at D:\OpenSource\SnippetBox\src\main\services\SnippetManager.ts:314:18
        at Array.forEach (<anonymous>)
        at SnippetManager.addTagsToSnippet (D:\OpenSource\SnippetBox\src\main\services\SnippetManager.ts:289:14)
        at D:\OpenSource\SnippetBox\src\main\services\SnippetManager.ts:55:16
        at SnippetManager.createSnippet (D:\OpenSource\SnippetBox\src\main\services\SnippetManager.ts:61:25)
        at D:\OpenSource\SnippetBox\tests\property\SnippetProperty.test.ts:78:57
        at AsyncProperty.predicate (D:\OpenSource\SnippetBox\node_modules\fast-check\lib\cjs\fast-check.js:1272:104)
        at AsyncProperty.run (D:\OpenSource\SnippetBox\node_modules\fast-check\lib\cjs\fast-check.js:1208:30)
        at asyncRunIt (D:\OpenSource\SnippetBox\node_modules\fast-check\lib\cjs\fast-check.js:2503:30)
        at processTicksAndRejections (node:internal/process/task_queues:105:5)
        at Object.<anonymous> (D:\OpenSource\SnippetBox\tests\property\SnippetProperty.test.ts:44:7)

    [0m [90m 68 |[39m       [36mreturn[39m snippet[33m;[39m
     [90m 69 |[39m     } [36mcatch[39m (error) {
    [31m[1m>[22m[39m[90m 70 |[39m       console[33m.[39merror([32m'Failed to create snippet:'[39m[33m,[39m error)[33m;[39m
     [90m    |[39m               [31m[1m^[22m[39m
     [90m 71 |[39m       [36mthrow[39m error[33m;[39m
     [90m 72 |[39m     }
     [90m 73 |[39m   }[0m

      at SnippetManager.createSnippet (src/main/services/SnippetManager.ts:70:15)
      at tests/property/SnippetProperty.test.ts:78:57
      at AsyncProperty.predicate (node_modules/fast-check/lib/cjs/fast-check.js:1272:104)
      at AsyncProperty.run (node_modules/fast-check/lib/cjs/fast-check.js:1208:30)
      at asyncRunIt (node_modules/fast-check/lib/cjs/fast-check.js:2503:30)
      at Object.<anonymous> (tests/property/SnippetProperty.test.ts:44:7)

  console.error
    Failed to create snippet: TypeError: Cannot read properties of undefined (reading 'changes')
        at D:\OpenSource\SnippetBox\src\main\services\SnippetManager.ts:314:18
        at Array.forEach (<anonymous>)
        at SnippetManager.addTagsToSnippet (D:\OpenSource\SnippetBox\src\main\services\SnippetManager.ts:289:14)
        at D:\OpenSource\SnippetBox\src\main\services\SnippetManager.ts:55:16
        at SnippetManager.createSnippet (D:\OpenSource\SnippetBox\src\main\services\SnippetManager.ts:61:25)
        at D:\OpenSource\SnippetBox\tests\property\SnippetProperty.test.ts:78:57
        at AsyncProperty.predicate (D:\OpenSource\SnippetBox\node_modules\fast-check\lib\cjs\fast-check.js:1272:104)
        at AsyncProperty.run (D:\OpenSource\SnippetBox\node_modules\fast-check\lib\cjs\fast-check.js:1208:30)
        at asyncRunIt (D:\OpenSource\SnippetBox\node_modules\fast-check\lib\cjs\fast-check.js:2503:30)
        at processTicksAndRejections (node:internal/process/task_queues:105:5)
        at Object.<anonymous> (D:\OpenSource\SnippetBox\tests\property\SnippetProperty.test.ts:44:7)

    [0m [90m 68 |[39m       [36mreturn[39m snippet[33m;[39m
     [90m 69 |[39m     } [36mcatch[39m (error) {
    [31m[1m>[22m[39m[90m 70 |[39m       console[33m.[39merror([32m'Failed to create snippet:'[39m[33m,[39m error)[33m;[39m
     [90m    |[39m               [31m[1m^[22m[39m
     [90m 71 |[39m       [36mthrow[39m error[33m;[39m
     [90m 72 |[39m     }
     [90m 73 |[39m   }[0m

      at SnippetManager.createSnippet (src/main/services/SnippetManager.ts:70:15)
      at tests/property/SnippetProperty.test.ts:78:57
      at AsyncProperty.predicate (node_modules/fast-check/lib/cjs/fast-check.js:1272:104)
      at AsyncProperty.run (node_modules/fast-check/lib/cjs/fast-check.js:1208:30)
      at asyncRunIt (node_modules/fast-check/lib/cjs/fast-check.js:2503:30)
      at Object.<anonymous> (tests/property/SnippetProperty.test.ts:44:7)

  console.error
    Failed to create snippet: TypeError: Cannot read properties of undefined (reading 'changes')
        at D:\OpenSource\SnippetBox\src\main\services\SnippetManager.ts:314:18
        at Array.forEach (<anonymous>)
        at SnippetManager.addTagsToSnippet (D:\OpenSource\SnippetBox\src\main\services\SnippetManager.ts:289:14)
        at D:\OpenSource\SnippetBox\src\main\services\SnippetManager.ts:55:16
        at SnippetManager.createSnippet (D:\OpenSource\SnippetBox\src\main\services\SnippetManager.ts:61:25)
        at D:\OpenSource\SnippetBox\tests\property\SnippetProperty.test.ts:78:57
        at AsyncProperty.predicate (D:\OpenSource\SnippetBox\node_modules\fast-check\lib\cjs\fast-check.js:1272:104)
        at AsyncProperty.run (D:\OpenSource\SnippetBox\node_modules\fast-check\lib\cjs\fast-check.js:1208:30)
        at asyncRunIt (D:\OpenSource\SnippetBox\node_modules\fast-check\lib\cjs\fast-check.js:2503:30)
        at processTicksAndRejections (node:internal/process/task_queues:105:5)
        at Object.<anonymous> (D:\OpenSource\SnippetBox\tests\property\SnippetProperty.test.ts:44:7)

    [0m [90m 68 |[39m       [36mreturn[39m snippet[33m;[39m
     [90m 69 |[39m     } [36mcatch[39m (error) {
    [31m[1m>[22m[39m[90m 70 |[39m       console[33m.[39merror([32m'Failed to create snippet:'[39m[33m,[39m error)[33m;[39m
     [90m    |[39m               [31m[1m^[22m[39m
     [90m 71 |[39m       [36mthrow[39m error[33m;[39m
     [90m 72 |[39m     }
     [90m 73 |[39m   }[0m

      at SnippetManager.createSnippet (src/main/services/SnippetManager.ts:70:15)
      at tests/property/SnippetProperty.test.ts:78:57
      at AsyncProperty.predicate (node_modules/fast-check/lib/cjs/fast-check.js:1272:104)
      at AsyncProperty.run (node_modules/fast-check/lib/cjs/fast-check.js:1208:30)
      at asyncRunIt (node_modules/fast-check/lib/cjs/fast-check.js:2503:30)
      at Object.<anonymous> (tests/property/SnippetProperty.test.ts:44:7)

  console.error
    Failed to create snippet: TypeError: Cannot read properties of undefined (reading 'changes')
        at D:\OpenSource\SnippetBox\src\main\services\SnippetManager.ts:314:18
        at Array.forEach (<anonymous>)
        at SnippetManager.addTagsToSnippet (D:\OpenSource\SnippetBox\src\main\services\SnippetManager.ts:289:14)
        at D:\OpenSource\SnippetBox\src\main\services\SnippetManager.ts:55:16
        at SnippetManager.createSnippet (D:\OpenSource\SnippetBox\src\main\services\SnippetManager.ts:61:25)
        at D:\OpenSource\SnippetBox\tests\property\SnippetProperty.test.ts:78:57
        at AsyncProperty.predicate (D:\OpenSource\SnippetBox\node_modules\fast-check\lib\cjs\fast-check.js:1272:104)
        at AsyncProperty.run (D:\OpenSource\SnippetBox\node_modules\fast-check\lib\cjs\fast-check.js:1208:30)
        at asyncRunIt (D:\OpenSource\SnippetBox\node_modules\fast-check\lib\cjs\fast-check.js:2503:30)
        at processTicksAndRejections (node:internal/process/task_queues:105:5)
        at Object.<anonymous> (D:\OpenSource\SnippetBox\tests\property\SnippetProperty.test.ts:44:7)

    [0m [90m 68 |[39m       [36mreturn[39m snippet[33m;[39m
     [90m 69 |[39m     } [36mcatch[39m (error) {
    [31m[1m>[22m[39m[90m 70 |[39m       console[33m.[39merror([32m'Failed to create snippet:'[39m[33m,[39m error)[33m;[39m
     [90m    |[39m               [31m[1m^[22m[39m
     [90m 71 |[39m       [36mthrow[39m error[33m;[39m
     [90m 72 |[39m     }
     [90m 73 |[39m   }[0m

      at SnippetManager.createSnippet (src/main/services/SnippetManager.ts:70:15)
      at tests/property/SnippetProperty.test.ts:78:57
      at AsyncProperty.predicate (node_modules/fast-check/lib/cjs/fast-check.js:1272:104)
      at AsyncProperty.run (node_modules/fast-check/lib/cjs/fast-check.js:1208:30)
      at asyncRunIt (node_modules/fast-check/lib/cjs/fast-check.js:2503:30)
      at Object.<anonymous> (tests/property/SnippetProperty.test.ts:44:7)

  console.error
    Failed to create snippet: TypeError: Cannot read properties of undefined (reading 'changes')
        at D:\OpenSource\SnippetBox\src\main\services\SnippetManager.ts:314:18
        at Array.forEach (<anonymous>)
        at SnippetManager.addTagsToSnippet (D:\OpenSource\SnippetBox\src\main\services\SnippetManager.ts:289:14)
        at D:\OpenSource\SnippetBox\src\main\services\SnippetManager.ts:55:16
        at SnippetManager.createSnippet (D:\OpenSource\SnippetBox\src\main\services\SnippetManager.ts:61:25)
        at D:\OpenSource\SnippetBox\tests\property\SnippetProperty.test.ts:78:57
        at AsyncProperty.predicate (D:\OpenSource\SnippetBox\node_modules\fast-check\lib\cjs\fast-check.js:1272:104)
        at AsyncProperty.run (D:\OpenSource\SnippetBox\node_modules\fast-check\lib\cjs\fast-check.js:1208:30)
        at asyncRunIt (D:\OpenSource\SnippetBox\node_modules\fast-check\lib\cjs\fast-check.js:2503:30)
        at processTicksAndRejections (node:internal/process/task_queues:105:5)
        at Object.<anonymous> (D:\OpenSource\SnippetBox\tests\property\SnippetProperty.test.ts:44:7)

    [0m [90m 68 |[39m       [36mreturn[39m snippet[33m;[39m
     [90m 69 |[39m     } [36mcatch[39m (error) {
    [31m[1m>[22m[39m[90m 70 |[39m       console[33m.[39merror([32m'Failed to create snippet:'[39m[33m,[39m error)[33m;[39m
     [90m    |[39m               [31m[1m^[22m[39m
     [90m 71 |[39m       [36mthrow[39m error[33m;[39m
     [90m 72 |[39m     }
     [90m 73 |[39m   }[0m

      at SnippetManager.createSnippet (src/main/services/SnippetManager.ts:70:15)
      at tests/property/SnippetProperty.test.ts:78:57
      at AsyncProperty.predicate (node_modules/fast-check/lib/cjs/fast-check.js:1272:104)
      at AsyncProperty.run (node_modules/fast-check/lib/cjs/fast-check.js:1208:30)
      at asyncRunIt (node_modules/fast-check/lib/cjs/fast-check.js:2503:30)
      at Object.<anonymous> (tests/property/SnippetProperty.test.ts:44:7)

  console.error
    Failed to create snippet: TypeError: Cannot read properties of undefined (reading 'changes')
        at D:\OpenSource\SnippetBox\src\main\services\SnippetManager.ts:314:18
        at Array.forEach (<anonymous>)
        at SnippetManager.addTagsToSnippet (D:\OpenSource\SnippetBox\src\main\services\SnippetManager.ts:289:14)
        at D:\OpenSource\SnippetBox\src\main\services\SnippetManager.ts:55:16
        at SnippetManager.createSnippet (D:\OpenSource\SnippetBox\src\main\services\SnippetManager.ts:61:25)
        at D:\OpenSource\SnippetBox\tests\property\SnippetProperty.test.ts:78:57
        at AsyncProperty.predicate (D:\OpenSource\SnippetBox\node_modules\fast-check\lib\cjs\fast-check.js:1272:104)
        at AsyncProperty.run (D:\OpenSource\SnippetBox\node_modules\fast-check\lib\cjs\fast-check.js:1208:30)
        at asyncRunIt (D:\OpenSource\SnippetBox\node_modules\fast-check\lib\cjs\fast-check.js:2503:30)
        at processTicksAndRejections (node:internal/process/task_queues:105:5)
        at Object.<anonymous> (D:\OpenSource\SnippetBox\tests\property\SnippetProperty.test.ts:44:7)

    [0m [90m 68 |[39m       [36mreturn[39m snippet[33m;[39m
     [90m 69 |[39m     } [36mcatch[39m (error) {
    [31m[1m>[22m[39m[90m 70 |[39m       console[33m.[39merror([32m'Failed to create snippet:'[39m[33m,[39m error)[33m;[39m
     [90m    |[39m               [31m[1m^[22m[39m
     [90m 71 |[39m       [36mthrow[39m error[33m;[39m
     [90m 72 |[39m     }
     [90m 73 |[39m   }[0m

      at SnippetManager.createSnippet (src/main/services/SnippetManager.ts:70:15)
      at tests/property/SnippetProperty.test.ts:78:57
      at AsyncProperty.predicate (node_modules/fast-check/lib/cjs/fast-check.js:1272:104)
      at AsyncProperty.run (node_modules/fast-check/lib/cjs/fast-check.js:1208:30)
      at asyncRunIt (node_modules/fast-check/lib/cjs/fast-check.js:2503:30)
      at Object.<anonymous> (tests/property/SnippetProperty.test.ts:44:7)

  console.error
    Failed to create snippet: TypeError: Cannot read properties of undefined (reading 'changes')
        at D:\OpenSource\SnippetBox\src\main\services\SnippetManager.ts:314:18
        at Array.forEach (<anonymous>)
        at SnippetManager.addTagsToSnippet (D:\OpenSource\SnippetBox\src\main\services\SnippetManager.ts:289:14)
        at D:\OpenSource\SnippetBox\src\main\services\SnippetManager.ts:55:16
        at SnippetManager.createSnippet (D:\OpenSource\SnippetBox\src\main\services\SnippetManager.ts:61:25)
        at D:\OpenSource\SnippetBox\tests\property\SnippetProperty.test.ts:78:57
        at AsyncProperty.predicate (D:\OpenSource\SnippetBox\node_modules\fast-check\lib\cjs\fast-check.js:1272:104)
        at AsyncProperty.run (D:\OpenSource\SnippetBox\node_modules\fast-check\lib\cjs\fast-check.js:1208:30)
        at asyncRunIt (D:\OpenSource\SnippetBox\node_modules\fast-check\lib\cjs\fast-check.js:2503:30)
        at processTicksAndRejections (node:internal/process/task_queues:105:5)
        at Object.<anonymous> (D:\OpenSource\SnippetBox\tests\property\SnippetProperty.test.ts:44:7)

    [0m [90m 68 |[39m       [36mreturn[39m snippet[33m;[39m
     [90m 69 |[39m     } [36mcatch[39m (error) {
    [31m[1m>[22m[39m[90m 70 |[39m       console[33m.[39merror([32m'Failed to create snippet:'[39m[33m,[39m error)[33m;[39m
     [90m    |[39m               [31m[1m^[22m[39m
     [90m 71 |[39m       [36mthrow[39m error[33m;[39m
     [90m 72 |[39m     }
     [90m 73 |[39m   }[0m

      at SnippetManager.createSnippet (src/main/services/SnippetManager.ts:70:15)
      at tests/property/SnippetProperty.test.ts:78:57
      at AsyncProperty.predicate (node_modules/fast-check/lib/cjs/fast-check.js:1272:104)
      at AsyncProperty.run (node_modules/fast-check/lib/cjs/fast-check.js:1208:30)
      at asyncRunIt (node_modules/fast-check/lib/cjs/fast-check.js:2503:30)
      at Object.<anonymous> (tests/property/SnippetProperty.test.ts:44:7)

  console.error
    Failed to create snippet: TypeError: Cannot read properties of undefined (reading 'changes')
        at D:\OpenSource\SnippetBox\src\main\services\SnippetManager.ts:314:18
        at Array.forEach (<anonymous>)
        at SnippetManager.addTagsToSnippet (D:\OpenSource\SnippetBox\src\main\services\SnippetManager.ts:289:14)
        at D:\OpenSource\SnippetBox\src\main\services\SnippetManager.ts:55:16
        at SnippetManager.createSnippet (D:\OpenSource\SnippetBox\src\main\services\SnippetManager.ts:61:25)
        at D:\OpenSource\SnippetBox\tests\property\SnippetProperty.test.ts:78:57
        at AsyncProperty.predicate (D:\OpenSource\SnippetBox\node_modules\fast-check\lib\cjs\fast-check.js:1272:104)
        at AsyncProperty.run (D:\OpenSource\SnippetBox\node_modules\fast-check\lib\cjs\fast-check.js:1208:30)
        at asyncRunIt (D:\OpenSource\SnippetBox\node_modules\fast-check\lib\cjs\fast-check.js:2503:30)
        at processTicksAndRejections (node:internal/process/task_queues:105:5)
        at Object.<anonymous> (D:\OpenSource\SnippetBox\tests\property\SnippetProperty.test.ts:44:7)

    [0m [90m 68 |[39m       [36mreturn[39m snippet[33m;[39m
     [90m 69 |[39m     } [36mcatch[39m (error) {
    [31m[1m>[22m[39m[90m 70 |[39m       console[33m.[39merror([32m'Failed to create snippet:'[39m[33m,[39m error)[33m;[39m
     [90m    |[39m               [31m[1m^[22m[39m
     [90m 71 |[39m       [36mthrow[39m error[33m;[39m
     [90m 72 |[39m     }
     [90m 73 |[39m   }[0m

      at SnippetManager.createSnippet (src/main/services/SnippetManager.ts:70:15)
      at tests/property/SnippetProperty.test.ts:78:57
      at AsyncProperty.predicate (node_modules/fast-check/lib/cjs/fast-check.js:1272:104)
      at AsyncProperty.run (node_modules/fast-check/lib/cjs/fast-check.js:1208:30)
      at asyncRunIt (node_modules/fast-check/lib/cjs/fast-check.js:2503:30)
      at Object.<anonymous> (tests/property/SnippetProperty.test.ts:44:7)

  console.error
    Failed to create snippet: TypeError: Cannot read properties of undefined (reading 'changes')
        at D:\OpenSource\SnippetBox\src\main\services\SnippetManager.ts:314:18
        at Array.forEach (<anonymous>)
        at SnippetManager.addTagsToSnippet (D:\OpenSource\SnippetBox\src\main\services\SnippetManager.ts:289:14)
        at D:\OpenSource\SnippetBox\src\main\services\SnippetManager.ts:55:16
        at SnippetManager.createSnippet (D:\OpenSource\SnippetBox\src\main\services\SnippetManager.ts:61:25)
        at D:\OpenSource\SnippetBox\tests\property\SnippetProperty.test.ts:78:57
        at AsyncProperty.predicate (D:\OpenSource\SnippetBox\node_modules\fast-check\lib\cjs\fast-check.js:1272:104)
        at AsyncProperty.run (D:\OpenSource\SnippetBox\node_modules\fast-check\lib\cjs\fast-check.js:1208:30)
        at asyncRunIt (D:\OpenSource\SnippetBox\node_modules\fast-check\lib\cjs\fast-check.js:2503:30)
        at processTicksAndRejections (node:internal/process/task_queues:105:5)
        at Object.<anonymous> (D:\OpenSource\SnippetBox\tests\property\SnippetProperty.test.ts:44:7)

    [0m [90m 68 |[39m       [36mreturn[39m snippet[33m;[39m
     [90m 69 |[39m     } [36mcatch[39m (error) {
    [31m[1m>[22m[39m[90m 70 |[39m       console[33m.[39merror([32m'Failed to create snippet:'[39m[33m,[39m error)[33m;[39m
     [90m    |[39m               [31m[1m^[22m[39m
     [90m 71 |[39m       [36mthrow[39m error[33m;[39m
     [90m 72 |[39m     }
     [90m 73 |[39m   }[0m

      at SnippetManager.createSnippet (src/main/services/SnippetManager.ts:70:15)
      at tests/property/SnippetProperty.test.ts:78:57
      at AsyncProperty.predicate (node_modules/fast-check/lib/cjs/fast-check.js:1272:104)
      at AsyncProperty.run (node_modules/fast-check/lib/cjs/fast-check.js:1208:30)
      at asyncRunIt (node_modules/fast-check/lib/cjs/fast-check.js:2503:30)
      at Object.<anonymous> (tests/property/SnippetProperty.test.ts:44:7)

  console.error
    Failed to create snippet: TypeError: Cannot read properties of undefined (reading 'changes')
        at D:\OpenSource\SnippetBox\src\main\services\SnippetManager.ts:314:18
        at Array.forEach (<anonymous>)
        at SnippetManager.addTagsToSnippet (D:\OpenSource\SnippetBox\src\main\services\SnippetManager.ts:289:14)
        at D:\OpenSource\SnippetBox\src\main\services\SnippetManager.ts:55:16
        at SnippetManager.createSnippet (D:\OpenSource\SnippetBox\src\main\services\SnippetManager.ts:61:25)
        at D:\OpenSource\SnippetBox\tests\property\SnippetProperty.test.ts:78:57
        at AsyncProperty.predicate (D:\OpenSource\SnippetBox\node_modules\fast-check\lib\cjs\fast-check.js:1272:104)
        at AsyncProperty.run (D:\OpenSource\SnippetBox\node_modules\fast-check\lib\cjs\fast-check.js:1208:30)
        at asyncRunIt (D:\OpenSource\SnippetBox\node_modules\fast-check\lib\cjs\fast-check.js:2503:30)
        at processTicksAndRejections (node:internal/process/task_queues:105:5)
        at Object.<anonymous> (D:\OpenSource\SnippetBox\tests\property\SnippetProperty.test.ts:44:7)

    [0m [90m 68 |[39m       [36mreturn[39m snippet[33m;[39m
     [90m 69 |[39m     } [36mcatch[39m (error) {
    [31m[1m>[22m[39m[90m 70 |[39m       console[33m.[39merror([32m'Failed to create snippet:'[39m[33m,[39m error)[33m;[39m
     [90m    |[39m               [31m[1m^[22m[39m
     [90m 71 |[39m       [36mthrow[39m error[33m;[39m
     [90m 72 |[39m     }
     [90m 73 |[39m   }[0m

      at SnippetManager.createSnippet (src/main/services/SnippetManager.ts:70:15)
      at tests/property/SnippetProperty.test.ts:78:57
      at AsyncProperty.predicate (node_modules/fast-check/lib/cjs/fast-check.js:1272:104)
      at AsyncProperty.run (node_modules/fast-check/lib/cjs/fast-check.js:1208:30)
      at asyncRunIt (node_modules/fast-check/lib/cjs/fast-check.js:2503:30)
      at Object.<anonymous> (tests/property/SnippetProperty.test.ts:44:7)

  console.error
    Failed to create snippet: TypeError: Cannot read properties of undefined (reading 'changes')
        at D:\OpenSource\SnippetBox\src\main\services\SnippetManager.ts:314:18
        at Array.forEach (<anonymous>)
        at SnippetManager.addTagsToSnippet (D:\OpenSource\SnippetBox\src\main\services\SnippetManager.ts:289:14)
        at D:\OpenSource\SnippetBox\src\main\services\SnippetManager.ts:55:16
        at SnippetManager.createSnippet (D:\OpenSource\SnippetBox\src\main\services\SnippetManager.ts:61:25)
        at D:\OpenSource\SnippetBox\tests\property\SnippetProperty.test.ts:78:57
        at AsyncProperty.predicate (D:\OpenSource\SnippetBox\node_modules\fast-check\lib\cjs\fast-check.js:1272:104)
        at AsyncProperty.run (D:\OpenSource\SnippetBox\node_modules\fast-check\lib\cjs\fast-check.js:1208:30)
        at asyncRunIt (D:\OpenSource\SnippetBox\node_modules\fast-check\lib\cjs\fast-check.js:2503:30)
        at processTicksAndRejections (node:internal/process/task_queues:105:5)
        at Object.<anonymous> (D:\OpenSource\SnippetBox\tests\property\SnippetProperty.test.ts:44:7)

    [0m [90m 68 |[39m       [36mreturn[39m snippet[33m;[39m
     [90m 69 |[39m     } [36mcatch[39m (error) {
    [31m[1m>[22m[39m[90m 70 |[39m       console[33m.[39merror([32m'Failed to create snippet:'[39m[33m,[39m error)[33m;[39m
     [90m    |[39m               [31m[1m^[22m[39m
     [90m 71 |[39m       [36mthrow[39m error[33m;[39m
     [90m 72 |[39m     }
     [90m 73 |[39m   }[0m

      at SnippetManager.createSnippet (src/main/services/SnippetManager.ts:70:15)
      at tests/property/SnippetProperty.test.ts:78:57
      at AsyncProperty.predicate (node_modules/fast-check/lib/cjs/fast-check.js:1272:104)
      at AsyncProperty.run (node_modules/fast-check/lib/cjs/fast-check.js:1208:30)
      at asyncRunIt (node_modules/fast-check/lib/cjs/fast-check.js:2503:30)
      at Object.<anonymous> (tests/property/SnippetProperty.test.ts:44:7)

  console.error
    Failed to create snippet: TypeError: Cannot read properties of undefined (reading 'changes')
        at D:\OpenSource\SnippetBox\src\main\services\SnippetManager.ts:314:18
        at Array.forEach (<anonymous>)
        at SnippetManager.addTagsToSnippet (D:\OpenSource\SnippetBox\src\main\services\SnippetManager.ts:289:14)
        at D:\OpenSource\SnippetBox\src\main\services\SnippetManager.ts:55:16
        at SnippetManager.createSnippet (D:\OpenSource\SnippetBox\src\main\services\SnippetManager.ts:61:25)
        at D:\OpenSource\SnippetBox\tests\property\SnippetProperty.test.ts:78:57
        at AsyncProperty.predicate (D:\OpenSource\SnippetBox\node_modules\fast-check\lib\cjs\fast-check.js:1272:104)
        at AsyncProperty.run (D:\OpenSource\SnippetBox\node_modules\fast-check\lib\cjs\fast-check.js:1208:30)
        at asyncRunIt (D:\OpenSource\SnippetBox\node_modules\fast-check\lib\cjs\fast-check.js:2503:30)
        at processTicksAndRejections (node:internal/process/task_queues:105:5)
        at Object.<anonymous> (D:\OpenSource\SnippetBox\tests\property\SnippetProperty.test.ts:44:7)

    [0m [90m 68 |[39m       [36mreturn[39m snippet[33m;[39m
     [90m 69 |[39m     } [36mcatch[39m (error) {
    [31m[1m>[22m[39m[90m 70 |[39m       console[33m.[39merror([32m'Failed to create snippet:'[39m[33m,[39m error)[33m;[39m
     [90m    |[39m               [31m[1m^[22m[39m
     [90m 71 |[39m       [36mthrow[39m error[33m;[39m
     [90m 72 |[39m     }
     [90m 73 |[39m   }[0m

      at SnippetManager.createSnippet (src/main/services/SnippetManager.ts:70:15)
      at tests/property/SnippetProperty.test.ts:78:57
      at AsyncProperty.predicate (node_modules/fast-check/lib/cjs/fast-check.js:1272:104)
      at AsyncProperty.run (node_modules/fast-check/lib/cjs/fast-check.js:1208:30)
      at asyncRunIt (node_modules/fast-check/lib/cjs/fast-check.js:2503:30)
      at Object.<anonymous> (tests/property/SnippetProperty.test.ts:44:7)

node.exe : FAIL tests/property/SnippetProperty.test.ts (5.19 s)
At line:1 char:1
+ & "D:\node/node.exe" "D:\node/node_modules/npm/bin/npm-cli.js" test - ...
+ ~~~~~~~~~~~~~~~~~~~~~~~~~~~~~~~~~~~~~~~~~~~~~~~~~~~~~~~~~~~~~~~~~~~~~
    + CategoryInfo          : NotSpecified: (FAIL tests/prop...est.ts (5.19 s):String) [], RemoteExc 
   eption
    + FullyQualifiedErrorId : NativeCommandError
 
  Snippet Property Tests
    Property 1: Snippet CRUD Data Consistency
      × should maintain data consistency during CRUD operations (286 ms)
    Property 2: Snippet ID Uniqueness
      √ should generate unique IDs for different snippets (193 ms)
    Property 3: Timestamp Invariance and Monotonicity
      √ should maintain created_at invariance and updated_at monotonicity (46 ms)

  ● Snippet Property Tests › Property 1: Snippet CRUD Data Consistency › should maintain data consist
ency during CRUD operations

    Property failed after 2 tests
    { seed: -887640744, path: "1:0:0:0:0:0:0:0:0:0:0:0:0:0:0:0:0:0:0:0:0:0:2:1:1", endOnFailure: true
 }
    Counterexample: [{"title":"!","code":"! ","language":"!","category":undefined,"tags":["!"]}]
    Shrunk 24 time(s)

    Hint: Enable verbose mode in order to have the list of all failing values encountered during the 
run

      at buildError (node_modules/fast-check/lib/cjs/fast-check.js:2449:16)
      at asyncThrowIfFailed (node_modules/fast-check/lib/cjs/fast-check.js:2461:8)

    Cause:
    TypeError: Cannot read properties of undefined (reading 'changes')

    [0m [90m 312 |[39m
     [90m 313 |[39m       [90m// 如果成功插入了新关联，更新 usage_count[39m
    [31m[1m>[22m[39m[90m 314 |[39m       [36mif[39m (result[33m.[39mchanges [33m>[39m [3
5m0[39m) {
     [90m     |[39m                  [31m[1m^[22m[39m
     [90m 315 |[39m         [36mthis[39m[33m.[39mdb
     [90m 316 |[39m           [33m.[39mprepare([32m'UPDATE tags SET usage_count = usage_count + 
1 WHERE id = ?'[39m)
     [90m 317 |[39m           [33m.[39mrun(tag[33m.[39mid)[33m;[39m[0m

      at src/main/services/SnippetManager.ts:314:18
          at Array.forEach (<anonymous>)
      at SnippetManager.addTagsToSnippet (src/main/services/SnippetManager.ts:289:14)
      at src/main/services/SnippetManager.ts:55:16
      at SnippetManager.createSnippet (src/main/services/SnippetManager.ts:61:25)
      at tests/property/SnippetProperty.test.ts:78:57
      at AsyncProperty.predicate (node_modules/fast-check/lib/cjs/fast-check.js:1272:104)
      at AsyncProperty.run (node_modules/fast-check/lib/cjs/fast-check.js:1208:30)
      at asyncRunIt (node_modules/fast-check/lib/cjs/fast-check.js:2503:30)
      at Object.<anonymous> (tests/property/SnippetProperty.test.ts:44:7)

PASS tests/integration/CategoryTagIntegration.test.ts (9.738 s)
  Category and Tag Integration
    Category and Tag Management Integration
      √ should create category and tags successfully (271 ms)
      √ should create snippet with category and tags (634 ms)
      √ should filter snippets by category (600 ms)
      √ should filter snippets by tags (650 ms)
      √ should update snippet category and tags (672 ms)
      √ should delete category and set snippets category to null (611 ms)
      √ should delete tag and remove from snippets (610 ms)
    Category Statistics
      √ should get categories with snippet count (711 ms)
    Tag Usage
      √ should track tag usage count (536 ms)

FAIL tests/unit/CategoryManager.test.ts (11.971 s)
  CategoryManager
    createCategory
      √ should create a new category (334 ms)
      √ should throw error if category name is empty (549 ms)
      √ should throw error if category already exists (495 ms)
      √ should use default values if color or icon not provided (509 ms)
    getCategories
      √ should return all categories with count (504 ms)
    getCategoryById
      √ should return category by id (498 ms)
      √ should return undefined if category not found (485 ms)
    updateCategory
      √ should update category (536 ms)
      √ should throw error if category not found (588 ms)
      √ should throw error if new name already exists (520 ms)
    deleteCategory
      × should delete category (409 ms)
      √ should throw error if category not found (360 ms)
    setCategoryColor
      √ should set category color (411 ms)
      √ should throw error if category not found (388 ms)
    setCategoryIcon
      √ should set category icon (418 ms)
      √ should throw error if category not found (395 ms)

  ● CategoryManager › deleteCategory › should delete category

    EBUSY: resource busy or locked, unlink 'D:\OpenSource\SnippetBox\tests\test-1775573395852.db'

    [0m [90m 41 |[39m   db[33m.[39mclose()[33m;[39m
     [90m 42 |[39m   [36mif[39m (fs[33m.[39mexistsSync(dbPath)) {
    [31m[1m>[22m[39m[90m 43 |[39m     fs[33m.[39munlinkSync(dbPath)[33m;[39m
     [90m    |[39m        [31m[1m^[22m[39m
     [90m 44 |[39m   }
     [90m 45 |[39m }
     [90m 46 |[39m[0m

      at cleanupTestDatabase (tests/setup.ts:43:8)
      at Object.<anonymous> (tests/unit/CategoryManager.test.ts:15:24)

PASS tests/unit/TagManager.test.ts (12.397 s)
  TagManager
    createTag
      √ should create a new tag (565 ms)
      √ should throw error if tag name is empty (484 ms)
      √ should throw error if tag already exists (518 ms)
      √ should be case-insensitive (505 ms)
    getTags
      √ should return all tags (516 ms)
    getTagById
      √ should return tag by id (526 ms)
      √ should return undefined if tag not found (486 ms)
    getTagByName
      √ should return tag by name (603 ms)
      √ should be case-insensitive (517 ms)
      √ should return undefined if tag not found (389 ms)
    deleteTag
      √ should delete tag (347 ms)
      √ should throw error if tag not found (412 ms)
    renameTag
      √ should rename tag (404 ms)
      √ should throw error if tag not found (376 ms)
      √ should throw error if new name already exists (417 ms)
    getOrCreateTag
      √ should return existing tag (362 ms)
      √ should create new tag if not exists (306 ms)

PASS tests/unit/SearchEngine.test.ts (13.885 s)
  SearchEngine
    search
      √ should search by title (797 ms)
      √ should search by code (669 ms)
      √ should return empty array for empty query (660 ms)
      √ should return empty array for no matches (696 ms)
      √ should limit results (686 ms)
    searchMultipleKeywords
      √ should search with multiple keywords (794 ms)
      √ should return empty array for empty keywords (643 ms)
    sorting
      √ should sort by relevance (481 ms)
      √ should sort by date (569 ms)
      √ should sort by title (550 ms)
    highlightMatches
      √ should highlight matches (561 ms)
      √ should return original text for empty query (491 ms)
    getSearchSuggestions
      √ should return search suggestions (344 ms)
      √ should return empty array for empty query (314 ms)
      √ should limit suggestions (305 ms)
    searchWithFilters
      √ should filter by language (297 ms)
      √ should filter by category (317 ms)

PASS tests/integration/SearchIntegration.test.ts (16.071 s)
  Search Integration
    Basic Search
      √ should search by title (872 ms)
      √ should search by code content (783 ms)
      √ should search across multiple fields (775 ms)
      √ should return results sorted by relevance (758 ms)
    Search with Filters
      √ should filter by language (790 ms)
      √ should filter by category (924 ms)
      √ should filter by multiple languages (698 ms)
    Search Suggestions
      √ should provide search suggestions (660 ms)
      √ should limit suggestions (608 ms)
    Search with Multiple Keywords
      √ should search with multiple keywords (590 ms)
      √ should return results matching any keyword (436 ms)
    Search Result Highlighting
      √ should highlight search matches (359 ms)
      √ should handle case-insensitive highlighting (338 ms)
    Search Integration with Categories and Tags
      √ should include category in search results (347 ms)
      √ should include tags in search results (340 ms)
      √ should search by tag (282 ms)
    Search Performance
      √ should handle large result sets (828 ms)
      √ should handle empty search results (243 ms)
    Search Sorting
      √ should sort results by relevance (243 ms)
      √ should sort results by date (250 ms)
      √ should sort results by title (261 ms)

FAIL tests/unit/CategoryTagProperty.test.ts (184.874 s)
  Category and Tag Property-Based Tests
    Category Properties
      √ creating a category with valid data should always succeed (177495 ms)
      √ category name should be unique (261 ms)
      √ getting a category by id should return the same category (152 ms)
      √ deleting a category should make it unavailable (159 ms)
    Tag Properties
      √ creating a tag with valid name should always succeed (239 ms)
      √ tag name should be unique (case-insensitive) (259 ms)
      √ getting a tag by name should be case-insensitive (387 ms)
      √ deleting a tag should make it unavailable (173 ms)
      √ renaming a tag should preserve its id (169 ms)
      × merging tags should combine their usage (247 ms)
    Category and Tag Interaction Properties
      √ categories and tags should be independent (188 ms)
      √ deleting a category should not affect tags (177 ms)
      √ deleting a tag should not affect categories (186 ms)

  ● Category and Tag Property-Based Tests › Tag Properties › merging tags should combine their usage

    Property failed after 1 tests
    { seed: 686350804, path: "0:0:0:0:0:0:0:0:0:0:0:0:0:0", endOnFailure: true }
    Counterexample: ["!","\""]
    Shrunk 13 time(s)

    Hint: Enable verbose mode in order to have the list of all failing values encountered during the 
run

      at buildError (node_modules/fast-check/lib/cjs/fast-check.js:2449:16)
      at asyncThrowIfFailed (node_modules/fast-check/lib/cjs/fast-check.js:2461:8)

    Cause:
    Tag with name "!" already exists

    [0m [90m 31 |[39m
     [90m 32 |[39m     [36mif[39m (existingTag) {
    [31m[1m>[22m[39m[90m 33 |[39m       [36mthrow[39m [36mnew[39m [33mError[39m([32m`Tag
 with name "${dto.name}" already exists`[39m)[33m;[39m
     [90m    |[39m             [31m[1m^[22m[39m
     [90m 34 |[39m     }
     [90m 35 |[39m
     [90m 36 |[39m     [36mconst[39m id [33m=[39m crypto[33m.[39mrandomUUID()[33m;[39m[0m

      at TagManager.createTag (src/main/services/TagManager.ts:33:13)
      at tests/unit/CategoryTagProperty.test.ts:167:48
      at AsyncProperty.predicate (node_modules/fast-check/lib/cjs/fast-check.js:1272:104)
      at AsyncProperty.run (node_modules/fast-check/lib/cjs/fast-check.js:1208:30)
      at asyncRunIt (node_modules/fast-check/lib/cjs/fast-check.js:2503:30)
      at Object.<anonymous> (tests/unit/CategoryTagProperty.test.ts:158:7)

Test Suites: 3 failed, 4 passed, 7 total
Tests:       3 failed, 93 passed, 96 total
Snapshots:   0 total
Time:        187.431 s
Ran all test suites.
